Using preferred Godot binary at C:\Users\grant\Documents\github\hex\scripts/../.godot-cli/4.6-stable-win/Godot_v4.6-stable_win64_console.exe
Godot Engine v4.6.stable.official.89cea1439 - https://godotengine.org

[LocaleService] Applying settings for: en

   At: res://Autoloads/locale_service.gd:24:apply_locale_settings()

JournalManager: _ready() called.

   At: res://Autoloads/journal_manager.gd:29:_ready()

[LocaleService] Applying settings for: en

   At: res://Autoloads/locale_service.gd:24:apply_locale_settings()

[LocaleService] Applying settings for: en

   At: res://Autoloads/locale_service.gd:24:apply_locale_settings()

SaveManager: Saved state for undo. History size: 1 Current index: 0

   At: res://Autoloads/save_manager.gd:296:save_current_state_for_undo()

--------------------------------------------------------------------------------------------------

GdUnit4 Comandline Tool

--------------------------------------------------------------------------------------------------

Headless mode is ignored by option '--ignoreHeadlessMode'"

Please note that tests that use UI interaction do not work correctly in headless mode.

Godot 'InputEvents' are not transported by the Godot engine in headless mode and therefore

have no effect in the test!

Scanning for test suites in: res://tests

Installing GdUnit4 session system hooks.

Session hook 'GdUnitHtmlTestReporter' installed.

Session hook 'GdUnitXMLTestReporter' installed.

Run Test Suite: res://tests/reproduce_equip_bug.gd

  res://tests/reproduce_equip_bug.gd > test_roster_equipment_persistence STARTED

  res://tests/reproduce_equip_bug.gd > test_roster_equipment_persistence FAILED 95ms

  Report:

	line 1: WARNING:

	 Detected <4> orphan nodes during test setup! Check before_test() and after_test()!

  Report:

	line 52: Godot Runtime Error !

		'at: test_roster_equipment_persistence (res://tests/reproduce_equip_bug.gd:52)'

	Error: 'Invalid call. Nonexistent function 'instantiate' in base 'Nil'.'

  Report:

	line 6: WARNING:

	 Detected <4> orphan nodes during test execution!

reproduce_equip_bug:finalze

  Report:

	line 1: WARNING:

	 Detected <4> orphan nodes during test suite setup stage! Check before() and after()!

Run Test Suite: res://tests/test_achievement_manager.gd

  res://tests/test_achievement_manager.gd > test_unlock_achievement_sets_unlocked_true STARTED

AchievementManager: Unlocked achievement: Test Achievement

Run Test Suite: res://tests/test_action_availability_service.gd

  res://tests/test_action_availability_service.gd > test_is_unit_not_stuck_when_location_at_tentative_position STARTED

  Report:

	line 1: WARNING:

	 Detected <1> orphan nodes during test setup! Check before_test() and after_test()!

  Report:

	line 38: WARNING:

	 Detected <1> orphan nodes during test execution!

test_action_availability_service:finalze

  Report:

	line 1: WARNING:

	 Detected <1> orphan nodes during test suite setup stage! Check before() and after()!

Run Test Suite: res://tests/test_action_label_formatter.gd

  res://tests/test_action_label_formatter.gd > test_format_no_counts_returns_base STARTED

  res://tests/test_action_label_formatter.gd > test_format_near_only STARTED

  res://tests/test_action_label_formatter.gd > test_format_reachable_only STARTED

  res://tests/test_action_label_formatter.gd > test_format_both_counts STARTED

  res://tests/test_action_label_formatter.gd > test_format_near_one STARTED

  res://tests/test_action_label_formatter.gd > test_format_empty_base_no_counts STARTED

  res://tests/test_action_label_formatter.gd > test_format_empty_base_with_counts STARTED

  res://tests/test_action_label_formatter.gd > test_format_zero_near_is_not_shown STARTED

  res://tests/test_action_label_formatter.gd > test_format_zero_reachable_is_not_shown STARTED

  res://tests/test_action_label_formatter.gd > test_format_large_counts STARTED

Run Test Suite: res://tests/test_action_points_component_extended.gd

  res://tests/test_action_points_component_extended.gd > test_consume_reaction_decrements_available STARTED

  res://tests/test_action_points_component_extended.gd > test_consume_reaction_does_not_go_below_zero STARTED

  res://tests/test_action_points_component_extended.gd > test_consume_reaction_from_one_to_zero STARTED

  res://tests/test_action_points_component_extended.gd > test_consume_reaction_twice_from_two STARTED

  res://tests/test_action_points_component_extended.gd > test_refresh_restores_reactions_after_consume STARTED

  res://tests/test_action_points_component_extended.gd > test_get_reactions_available_matches_remaining STARTED

  res://tests/test_action_points_component_extended.gd > test_get_max_reactions_unaffected_by_consume STARTED

  res://tests/test_action_points_component_extended.gd > test_set_max_reactions STARTED

Run Test Suite: res://tests/test_aim_cursor.gd

  res://tests/test_aim_cursor.gd > test_set_initial_position STARTED

  res://tests/test_aim_cursor.gd > test_get_effective_cursor_position_fallback STARTED

  res://tests/test_aim_cursor.gd > test_get_effective_cursor_position_virtual STARTED

  res://tests/test_aim_cursor.gd > test_is_virtual_active STARTED

  res://tests/test_aim_cursor.gd > test_joy_aim_activation STARTED

  res://tests/test_aim_cursor.gd > test_joy_aim_inactivity_timeout STARTED

Run Test Suite: res://tests/test_ai_attack_evaluator.gd

  res://tests/test_ai_attack_evaluator.gd > test_evaluate_returns_empty_for_neutral_units STARTED

  Report:

	line 1: WARNING:

	 Detected <3> orphan nodes during test setup! Check before_test() and after_test()!

  Report:

	line 14: WARNING:

	 Detected <3> orphan nodes during test execution!

  res://tests/test_ai_attack_evaluator.gd > test_evaluate_returns_attack_for_near_enemy STARTED

  Report:

	line 1: WARNING:

	 Detected <7> orphan nodes during test setup! Check before_test() and after_test()!

  Report:

	line 23: WARNING:

	 Detected <7> orphan nodes during test execution!

  res://tests/test_ai_attack_evaluator.gd > test_evaluate_returns_move_to_enemy_for_distant_enemy STARTED

  Report:

	line 1: WARNING:

	 Detected <7> orphan nodes during test setup! Check before_test() and after_test()!

  Report:

	line 45: WARNING:

	 Detected <7> orphan nodes during test execution!

test_ai_attack_evaluator:finalze

  Report:

	line 1: WARNING:

	 Detected <17> orphan nodes during test suite setup stage! Check before() and after()!

Run Test Suite: res://tests/test_ai_loot_evaluator.gd

  res://tests/test_ai_loot_evaluator.gd > test_evaluate_returns_loot_action_if_loot_at_start_coord STARTED

  Report:

	line 1: WARNING:

	 Detected <5> orphan nodes during test setup! Check before_test() and after_test()!

  Report:

	line 11: WARNING:

	 Detected <5> orphan nodes during test execution!

  res://tests/test_ai_loot_evaluator.gd > test_evaluate_returns_move_to_loot_action_for_reachable_loot STARTED

  Report:

	line 1: WARNING:

	 Detected <5> orphan nodes during test setup! Check before_test() and after_test()!

  Report:

	line 29: WARNING:

	 Detected <5> orphan nodes during test execution!

  res://tests/test_ai_loot_evaluator.gd > test_evaluate_returns_empty_when_missing_context STARTED

  Report:

	line 1: WARNING:

	 Detected <3> orphan nodes during test setup! Check before_test() and after_test()!

  Report:

	line 50: WARNING:

	 Detected <3> orphan nodes during test execution!

test_ai_loot_evaluator:finalze

  Report:

	line 1: WARNING:

	 Detected <13> orphan nodes during test suite setup stage! Check before() and after()!

Run Test Suite: res://tests/test_ai_task_evaluator.gd

  res://tests/test_ai_task_evaluator.gd > test_evaluate_returns_work_on_task_if_at_location STARTED

  Report:

	line 1: WARNING:

	 Detected <5> orphan nodes during test setup! Check before_test() and after_test()!

  Report:

	line 20: WARNING:

	 Detected <5> orphan nodes during test execution!

  res://tests/test_ai_task_evaluator.gd > test_evaluate_returns_move_to_task_for_distant_task STARTED

  Report:

	line 1: WARNING:

	 Detected <5> orphan nodes during test setup! Check before_test() and after_test()!

  Report:

	line 54: WARNING:

	 Detected <5> orphan nodes during test execution!

test_ai_task_evaluator:finalze

  Report:

	line 1: WARNING:

	 Detected <10> orphan nodes during test suite setup stage! Check before() and after()!

Run Test Suite: res://tests/test_animation_request_service.gd

  res://tests/test_animation_request_service.gd > test_unit_move_request_emits_target_position STARTED

  res://tests/test_animation_request_service.gd > test_unit_move_request_emits_target_position FAILED 46ms

  Report:

	line 1: WARNING:

	 Detected <1> orphan nodes during test setup! Check before_test() and after_test()!

  Report:

	line 80: Godot Runtime Error !

		'at: AnimationRequestService.request_unit_move (res://Gameplay/animation_request_service.gd:80)'

	Error: 'Invalid type in function '_connect_completion' in base 'Node (AnimationRequestService)'. The Object-derived class of argument 1 (RefCounted (RecordingTween)) is not a subclass of the expected argument class.'

  Report:

	line 77: WARNING:

	 Detected <1> orphan nodes during test execution!

  res://tests/test_animation_request_service.gd > test_warning_flash_uses_style_metadata STARTED

  res://tests/test_animation_request_service.gd > test_warning_flash_uses_style_metadata FAILED 66ms

  Report:

	line 131: Godot Runtime Error !

		'at: AnimationRequestService.request_warning_flash (res://Gameplay/animation_request_service.gd:131)'

	Error: 'Invalid type in function '_connect_completion' in base 'Node (AnimationRequestService)'. The Object-derived class of argument 1 (RefCounted (RecordingTween)) is not a subclass of the expected argument class.'

  res://tests/test_animation_request_service.gd > test_feedback_float_uses_offset_and_fade STARTED

  res://tests/test_animation_request_service.gd > test_feedback_float_uses_offset_and_fade FAILED 50ms

  Report:

	line 109: Godot Runtime Error !

		'at: AnimationRequestService.request_feedback_float (res://Gameplay/animation_request_service.gd:109)'

	Error: 'Invalid type in function '_connect_completion' in base 'Node (AnimationRequestService)'. The Object-derived class of argument 1 (RefCounted (RecordingTween)) is not a subclass of the expected argument class.'

  res://tests/test_animation_request_service.gd > test_property_animation_invokes_callback STARTED

  res://tests/test_animation_request_service.gd > test_property_animation_invokes_callback FAILED 45ms

  Report:

	line 1: WARNING:

	 Detected <1> orphan nodes during test setup! Check before_test() and after_test()!

  Report:

	line 149: Godot Runtime Error !

		'at: AnimationRequestService.request_property_animation (res://Gameplay/animation_request_service.gd:149)'

	Error: 'Invalid type in function '_connect_completion' in base 'Node (AnimationRequestService)'. The Object-derived class of argument 1 (RefCounted (RecordingTween)) is not a subclass of the expected argument class.'

  Report:

	line 135: WARNING:

	 Detected <1> orphan nodes during test execution!

test_animation_request_service:finalze

  Report:

	line 1: WARNING:

	 Detected <2> orphan nodes during test suite setup stage! Check before() and after()!

Run Test Suite: res://tests/test_animation_request_service_extended.gd

  res://tests/test_animation_request_service_extended.gd > test_on_unit_moved_emits_animation_requested STARTED

Run Test Suite: res://tests/test_animation_style_set_and_hover_states.gd

  res://tests/test_animation_style_set_and_hover_states.gd > test_get_style_finds_matching_style STARTED

Run Test Suite: res://tests/test_autoloads_presence_and_signals.gd

  res://tests/test_autoloads_presence_and_signals.gd > test_autoload_singletons_present STARTED

  res://tests/test_autoloads_presence_and_signals.gd > test_game_config_emits_config_changed STARTED

Run Test Suite: res://tests/test_autoload_functions.gd

  res://tests/test_autoload_functions.gd > test_audio_bus_controller_set_and_get_volume_db STARTED

  res://tests/test_autoload_functions.gd > test_audio_bus_controller_mute_bus_reflects_state STARTED

  res://tests/test_autoload_functions.gd > test_audio_bus_controller_play_music_assigns_stream_and_bus STARTED

  res://tests/test_autoload_functions.gd > test_audio_bus_controller_stop_music_halts_playback STARTED

  res://tests/test_autoload_functions.gd > test_event_bus_show_feedback_message_emits_correctly STARTED

  res://tests/test_autoload_functions.gd > test_game_config_set_value_emits_signal STARTED

  res://tests/test_autoload_functions.gd > test_game_config_save_and_load_round_trip STARTED

  res://tests/test_autoload_functions.gd > test_input_mapper_map_action_registers_keys_and_buttons STARTED

  res://tests/test_autoload_functions.gd > test_input_mapper_apply_configs_uses_fallback_when_empty STARTED

Run Test Suite: res://tests/test_auto_battle_diagnostics.gd

  res://tests/test_auto_battle_diagnostics.gd > test_report_unsupported_actions_records_history STARTED

AutoBattleDiagnostics: Auto battle cannot run 'gather' for Scout (Supported: ["move", "wait", "attack", "open_attack_menu", "aid", "loot", "skill", "talk", "move_and_interact", "explore", "visit", "trapped", "convince", "move_to_task", "move_to_enemy", "move_to_loot", "move_to_talk", "move_to_convince", "move_to_center"])

   At: res://Gameplay/turn/auto_battle_diagnostics.gd:63:report_unsupported_actions()

  Report:

	line 1: WARNING:

	 Detected <1> orphan nodes during test setup! Check before_test() and after_test()!

  Report:

	line 10: WARNING:

	 Detected <1> orphan nodes during test execution!

test_auto_battle_diagnostics:finalze

  Report:

	line 1: WARNING:

	 Detected <1> orphan nodes during test suite setup stage! Check before() and after()!

Run Test Suite: res://tests/test_auto_battle_service_extended.gd

  res://tests/test_auto_battle_service_extended.gd > test_auto_battle_force_disable STARTED

AutoBattleService: auto battle set ->true

   At: res://Gameplay/turn/auto_battle_service.gd:64:set_enabled()

AutoBattleService: maybe_run_turn requested for unit=null

   At: res://Gameplay/turn/auto_battle_service.gd:82:maybe_run_turn()

AutoBattleService: no current player unit to auto-activate

   At: res://Gameplay/turn/auto_battle_service.gd:96:maybe_run_turn()

AutoBattleService: force disabling ->Test reason

   At: res://Gameplay/turn/auto_battle_service.gd:77:force_disable()

AutoBattleService: auto battle set ->false

   At: res://Gameplay/turn/auto_battle_service.gd:64:set_enabled()

  res://tests/test_auto_battle_service_extended.gd > test_auto_battle_maybe_run_turn_aborts_if_disabled STARTED

AutoBattleService: auto battle unchanged ->false

   At: res://Gameplay/turn/auto_battle_service.gd:30:set_enabled()

AutoBattleService: maybe_run_turn requested for unit=null

   At: res://Gameplay/turn/auto_battle_service.gd:82:maybe_run_turn()

AutoBattleService: disabled; skipping auto run request

   At: res://Gameplay/turn/auto_battle_service.gd:84:maybe_run_turn()

Run Test Suite: res://tests/test_camera_controller.gd

  res://tests/test_camera_controller.gd > test_toggle_free_cam STARTED

Run Test Suite: res://tests/test_camera_handler.gd

  res://tests/test_camera_handler.gd > test_get_camera_rotation STARTED

  res://tests/test_camera_handler.gd > test_rotate_camera STARTED

  res://tests/test_camera_handler.gd > test_zoom_method STARTED

  res://tests/test_camera_handler.gd > test_zoom_clamping STARTED

  res://tests/test_camera_handler.gd > test_set_initial_rotation STARTED

  res://tests/test_camera_handler.gd > test_set_free_cam STARTED

  res://tests/test_camera_handler.gd > test_center_on_position STARTED

  res://tests/test_camera_handler.gd > test_center_on_position_is_ignored_in_free_cam STARTED

  res://tests/test_camera_handler.gd > test_init_camera_snap STARTED

  res://tests/test_camera_handler.gd > test_handle_camera_input_callable STARTED

  res://tests/test_camera_handler.gd > test_rotation_snapping_and_wrapping STARTED

Run Test Suite: res://tests/test_checkpoint_manager_extended.gd

  res://tests/test_checkpoint_manager_extended.gd > test_checkpoint_manager_on_undo_redo_requested STARTED

Applying weather: Temperate | Effects: Focus +1

Applying weather: Temperate | Effects: Focus +1

  Report:

	line 1: WARNING:

	 Detected <2> orphan nodes during test setup! Check before_test() and after_test()!

  Report:

	line 34: WARNING:

	 Detected <2> orphan nodes during test execution!

test_checkpoint_manager_extended:finalze

  Report:

	line 1: WARNING:

	 Detected <2> orphan nodes during test suite setup stage! Check before() and after()!

Run Test Suite: res://tests/test_click_to_move.gd

  res://tests/test_click_to_move.gd > test_click_to_move_single_hex STARTED

[RosterLoader] Loaded saved player roster with 6 units.

[Task] setup() called with state=valid

   At: res://Gameplay/narrative/task/task_controller.gd:32:setup()

DialogueActionService: setup() called.

   At: res://Gameplay/narrative/dialogue/dialogue_action_service.gd:42:setup()

JournalManager: setup() called.

   At: res://Autoloads/journal_manager.gd:12:setup()

JournalManager: TaskManager setup complete.

   At: res://Autoloads/journal_manager.gd:26:setup()

InputController: command router initialized; commands=true

   At: res://Gameplay/inputs/input_controller.gd:53:setup()

GameSessionBuilder: input controller wired; HUD and systems initialized

   At: res://Gameplay/game_session_builder.gd:129:_setup_input_and_hud()

[GameSession] _attach_services calling for 16 nodes

   At: res://Gameplay/game_session.gd:32:_attach_services()

[GameSession] Adding node to tree: <CanvasLayer#3090044422227>

   At: res://Gameplay/game_session.gd:37:_attach_services()

[GameSession] Adding node to tree: <Node2D#3090027645017>

   At: res://Gameplay/game_session.gd:37:_attach_services()

[GameSession] Adding node to tree: <Node2D#3090061199447>

   At: res://Gameplay/game_session.gd:37:_attach_services()

[GameSession] Adding node to tree: <Node#3090094753878>

   At: res://Gameplay/game_session.gd:37:_attach_services()

[GameSession] Adding node to tree: <Node#3090161862732>

   At: res://Gameplay/game_session.gd:37:_attach_services()

[GameSession] Adding node to tree: <Node#3089994090594>

   At: res://Gameplay/game_session.gd:37:_attach_services()

[GameSession] Adding node to tree: <Node#3090296080448>

   At: res://Gameplay/game_session.gd:37:_attach_services()

[GameSession] Adding node to tree: <Node#3090329634878>

   At: res://Gameplay/game_session.gd:37:_attach_services()

[GameSession] Adding node to tree: <Node#3089943758947>

   At: res://Gameplay/game_session.gd:37:_attach_services()

[GameSession] Adding node to tree: <Node#3089960536158>

   At: res://Gameplay/game_session.gd:37:_attach_services()

[GameSession] Adding node to tree: <Node#3089977313377>

   At: res://Gameplay/game_session.gd:37:_attach_services()

[GameSession] Adding node to tree: <Node#3090077976664>

   At: res://Gameplay/game_session.gd:37:_attach_services()

[GameSession] Adding node to tree: <Node#3090195417157>

   At: res://Gameplay/game_session.gd:37:_attach_services()

[GameSession] Adding node to tree: <Node#3090212194372>

   At: res://Gameplay/game_session.gd:37:_attach_services()

[GameSession] Adding node to tree: <Node#3090228971579>

   At: res://Gameplay/game_session.gd:37:_attach_services()

[GameSession] Adding node to tree: <Node#3090279303233>

   At: res://Gameplay/game_session.gd:37:_attach_services()

[LevelManager] set_dialogue_service called. Service valid: true

   At: res://level/level_manager_gameplay.gd:49:set_dialogue_service()

[RosterLoader] Using provided player roster with 6 units.

[Orchestrator] No level resource provided. Skipping initialization.

   At: res://level/level_initialization_orchestrator.gd:7:run_initialization_pipeline()

[Orchestrator] --- STARTING LEVEL INITIALIZATION PIPELINE ---

   At: res://level/level_initialization_orchestrator.gd:17:run_initialization_pipeline()

[Orchestrator] Phase 1: Preparing level data...

   At: res://level/level_initialization_orchestrator.gd:21:run_initialization_pipeline()

[RosterLoader] Using provided player roster with 6 units.

DialogueActionService: prepare_for_level() called.

   At: res://Gameplay/narrative/dialogue/dialogue_action_service.gd:85:prepare_for_level()

JournalManager: set_level() called for level ID:

   At: res://Autoloads/journal_manager.gd:32:set_level()

JournalManager: _initialize_default_content() called.

   At: res://Autoloads/journal_manager.gd:54:_initialize_default_content()

[Orchestrator] Phase 2: Clearing world state...

   At: res://level/level_initialization_orchestrator.gd:26:run_initialization_pipeline()

[Orchestrator] Phase 3: Building environment (Terrain & Grid)...

   At: res://level/level_initialization_orchestrator.gd:31:run_initialization_pipeline()

[Orchestrator] Phase 4: Bootstrapping narrative context...

   At: res://level/level_initialization_orchestrator.gd:37:run_initialization_pipeline()

[Orchestrator] Phase 5: Spawning global level content...

   At: res://level/level_initialization_orchestrator.gd:42:run_initialization_pipeline()

[HUDController] Selecting unit: Assassin (Player)

   At: res://GUI/HUD/hud_controller.gd:260:_on_unit_manager_selection_changed()

DialogueActionService: register_triggers() called.

   At: res://Gameplay/narrative/dialogue/dialogue_action_service.gd:92:register_triggers()

[Orchestrator] Phase 6: Activating initial narrative stage...

   At: res://level/level_initialization_orchestrator.gd:48:run_initialization_pipeline()

[Orchestrator] Phase 7: Finalizing technical setup...

   At: res://level/level_initialization_orchestrator.gd:53:run_initialization_pipeline()

SaveManager: Saved state for undo. History size: 2 Current index: 1

   At: res://Autoloads/save_manager.gd:296:save_current_state_for_undo()

[HUDController] Selecting unit: Assassin (Player)

   At: res://GUI/HUD/hud_controller.gd:260:_on_unit_manager_selection_changed()

AutoBattleService: maybe_run_turn requested for unit=Assassin

   At: res://Gameplay/turn/auto_battle_service.gd:82:maybe_run_turn()

AutoBattleService: disabled; skipping auto run request

   At: res://Gameplay/turn/auto_battle_service.gd:84:maybe_run_turn()

[Orchestrator] --- INITIALIZATION PIPELINE COMPLETE ---

   At: res://level/level_initialization_orchestrator.gd:56:run_initialization_pipeline()

SaveManager: Saved state for undo. History size: 3 Current index: 2

   At: res://Autoloads/save_manager.gd:296:save_current_state_for_undo()

[HUDController] Selecting unit: Assassin (Player)

   At: res://GUI/HUD/hud_controller.gd:260:_on_unit_manager_selection_changed()

AutoBattleService: maybe_run_turn requested for unit=Assassin

   At: res://Gameplay/turn/auto_battle_service.gd:82:maybe_run_turn()

AutoBattleService: disabled; skipping auto run request

   At: res://Gameplay/turn/auto_battle_service.gd:84:maybe_run_turn()

SaveManager: Saved state for undo. History size: 4 Current index: 3

   At: res://Autoloads/save_manager.gd:296:save_current_state_for_undo()

[HUDController] Selecting unit: Assassin (Player)

   At: res://GUI/HUD/hud_controller.gd:260:_on_unit_manager_selection_changed()

AutoBattleService: maybe_run_turn requested for unit=Assassin

   At: res://Gameplay/turn/auto_battle_service.gd:82:maybe_run_turn()

AutoBattleService: disabled; skipping auto run request

   At: res://Gameplay/turn/auto_battle_service.gd:84:maybe_run_turn()

DBG _on_primary_action_at screen=(128.0, 96.0) global=(-432.0, -416.0)

   At: res://Gameplay/inputs/input_controller.gd:158:_on_primary_action_at()

InputController: cmd=primary_action sel=0 player_unit=true player_turn=true

   At: res://Gameplay/inputs/input_controller.gd:206:_execute_command()

InputController: checkpoint requested for primary_action

   At: res://Gameplay/inputs/input_controller.gd:220:_execute_command()

SaveManager: Saved state for undo. History size: 5 Current index: 4

   At: res://Autoloads/save_manager.gd:296:save_current_state_for_undo()

InputController: executing player command 'primary_action'

   At: res://Gameplay/inputs/input_controller.gd:226:_execute_command()

Command 'primary_action' executing with payload=(-432.0, -416.0)

   At: res://Gameplay/commands/input_command_router.gd:33:execute()

DBG PrimaryActionCommand: payload_global=(-432.0, -416.0) converted_cell=(-10, -7)

   At: res://Gameplay/commands/primary_action_command.gd:36:execute()

DBG PrimaryActionCommand: No unit at cell (-10, -7). Requesting move to coord.

   At: res://Gameplay/commands/primary_action_command.gd:49:execute()

DBG request_move_to_coord start, target=(-10, -7)

   At: res://Gameplay/map/move_controller.gd:76:request_move_to_coord()

DBG request_move_to_coord: target out of bounds

   At: res://Gameplay/map/move_controller.gd:291:_execute_coordinate_move()

Command 'primary_action' succeeded: SUCCESS

   At: res://Gameplay/commands/input_command_router.gd:43:execute()

[HUDController] Selecting unit: Assassin (Player)

   At: res://GUI/HUD/hud_controller.gd:260:_on_unit_manager_selection_changed()

  res://tests/test_click_to_move.gd > test_click_to_move_single_hex FAILED 350ms

  Report:

	line 1: WARNING:

	 Detected <56> orphan nodes during test setup! Check before_test() and after_test()!

  Report:

	line 11: WARNING:

	 Detected <56> orphan nodes during test execution!

  Report:

	line 44: Expecting:


	 '(2, 1)'


	 but was


	 '(1, 1)'

  res://tests/test_click_to_move.gd > test_click_to_move_multi_hex_path STARTED

[RosterLoader] Loaded saved player roster with 6 units.

[Task] setup() called with state=valid

   At: res://Gameplay/narrative/task/task_controller.gd:32:setup()

DialogueActionService: setup() called.

   At: res://Gameplay/narrative/dialogue/dialogue_action_service.gd:42:setup()

JournalManager: setup() called.

   At: res://Autoloads/journal_manager.gd:12:setup()

JournalManager: TaskManager setup complete.

   At: res://Autoloads/journal_manager.gd:26:setup()

InputController: command router initialized; commands=true

   At: res://Gameplay/inputs/input_controller.gd:53:setup()

GameSessionBuilder: input controller wired; HUD and systems initialized

   At: res://Gameplay/game_session_builder.gd:129:_setup_input_and_hud()

[GameSession] _attach_services calling for 16 nodes

   At: res://Gameplay/game_session.gd:32:_attach_services()

[GameSession] Adding node to tree: <CanvasLayer#3121971467192>

   At: res://Gameplay/game_session.gd:37:_attach_services()

[GameSession] Adding node to tree: <Node2D#3121954689584>

   At: res://Gameplay/game_session.gd:37:_attach_services()

[GameSession] Adding node to tree: <Node2D#3121988244287>

   At: res://Gameplay/game_session.gd:37:_attach_services()

[GameSession] Adding node to tree: <Node#3122021798811>

   At: res://Gameplay/game_session.gd:37:_attach_services()

[GameSession] Adding node to tree: <Node#3122088907721>

   At: res://Gameplay/game_session.gd:37:_attach_services()

[GameSession] Adding node to tree: <Node#3121921135566>

   At: res://Gameplay/game_session.gd:37:_attach_services()

[GameSession] Adding node to tree: <Node#3122223125293>

   At: res://Gameplay/game_session.gd:37:_attach_services()

[GameSession] Adding node to tree: <Node#3122256679838>

   At: res://Gameplay/game_session.gd:37:_attach_services()

[GameSession] Adding node to tree: <Node#3121870803868>

   At: res://Gameplay/game_session.gd:37:_attach_services()

[GameSession] Adding node to tree: <Node#3121887581122>

   At: res://Gameplay/game_session.gd:37:_attach_services()

[GameSession] Adding node to tree: <Node#3121904358343>

   At: res://Gameplay/game_session.gd:37:_attach_services()

[GameSession] Adding node to tree: <Node#3122005021526>

   At: res://Gameplay/game_session.gd:37:_attach_services()

[GameSession] Adding node to tree: <Node#3122122461836>

   At: res://Gameplay/game_session.gd:37:_attach_services()

[GameSession] Adding node to tree: <Node#3122139239271>

   At: res://Gameplay/game_session.gd:37:_attach_services()

[GameSession] Adding node to tree: <Node#3122156016305>

   At: res://Gameplay/game_session.gd:37:_attach_services()

[GameSession] Adding node to tree: <Node#3122206348098>

   At: res://Gameplay/game_session.gd:37:_attach_services()

[LevelManager] set_dialogue_service called. Service valid: true

   At: res://level/level_manager_gameplay.gd:49:set_dialogue_service()

[RosterLoader] Using provided player roster with 6 units.

[Orchestrator] No level resource provided. Skipping initialization.

   At: res://level/level_initialization_orchestrator.gd:7:run_initialization_pipeline()

[Orchestrator] --- STARTING LEVEL INITIALIZATION PIPELINE ---

   At: res://level/level_initialization_orchestrator.gd:17:run_initialization_pipeline()

[Orchestrator] Phase 1: Preparing level data...

   At: res://level/level_initialization_orchestrator.gd:21:run_initialization_pipeline()

[RosterLoader] Using provided player roster with 6 units.

DialogueActionService: prepare_for_level() called.

   At: res://Gameplay/narrative/dialogue/dialogue_action_service.gd:85:prepare_for_level()

JournalManager: set_level() called for level ID:

   At: res://Autoloads/journal_manager.gd:32:set_level()

JournalManager: _initialize_default_content() called.

   At: res://Autoloads/journal_manager.gd:54:_initialize_default_content()

[Orchestrator] Phase 2: Clearing world state...

   At: res://level/level_initialization_orchestrator.gd:26:run_initialization_pipeline()

[Orchestrator] Phase 3: Building environment (Terrain & Grid)...

   At: res://level/level_initialization_orchestrator.gd:31:run_initialization_pipeline()

[Orchestrator] Phase 4: Bootstrapping narrative context...

   At: res://level/level_initialization_orchestrator.gd:37:run_initialization_pipeline()

[Orchestrator] Phase 5: Spawning global level content...

   At: res://level/level_initialization_orchestrator.gd:42:run_initialization_pipeline()

[HUDController] Selecting unit: Assassin (Player)

   At: res://GUI/HUD/hud_controller.gd:260:_on_unit_manager_selection_changed()

DialogueActionService: register_triggers() called.

   At: res://Gameplay/narrative/dialogue/dialogue_action_service.gd:92:register_triggers()

[Orchestrator] Phase 6: Activating initial narrative stage...

   At: res://level/level_initialization_orchestrator.gd:48:run_initialization_pipeline()

[Orchestrator] Phase 7: Finalizing technical setup...

   At: res://level/level_initialization_orchestrator.gd:53:run_initialization_pipeline()

SaveManager: Saved state for undo. History size: 6 Current index: 5

   At: res://Autoloads/save_manager.gd:296:save_current_state_for_undo()

[HUDController] Selecting unit: Assassin (Player)

   At: res://GUI/HUD/hud_controller.gd:260:_on_unit_manager_selection_changed()

AutoBattleService: maybe_run_turn requested for unit=Assassin

   At: res://Gameplay/turn/auto_battle_service.gd:82:maybe_run_turn()

AutoBattleService: disabled; skipping auto run request

   At: res://Gameplay/turn/auto_battle_service.gd:84:maybe_run_turn()

[Orchestrator] --- INITIALIZATION PIPELINE COMPLETE ---

   At: res://level/level_initialization_orchestrator.gd:56:run_initialization_pipeline()

SaveManager: Saved state for undo. History size: 7 Current index: 6

   At: res://Autoloads/save_manager.gd:296:save_current_state_for_undo()

[HUDController] Selecting unit: Assassin (Player)

   At: res://GUI/HUD/hud_controller.gd:260:_on_unit_manager_selection_changed()

AutoBattleService: maybe_run_turn requested for unit=Assassin

   At: res://Gameplay/turn/auto_battle_service.gd:82:maybe_run_turn()

AutoBattleService: disabled; skipping auto run request

   At: res://Gameplay/turn/auto_battle_service.gd:84:maybe_run_turn()

SaveManager: Saved state for undo. History size: 8 Current index: 7

   At: res://Autoloads/save_manager.gd:296:save_current_state_for_undo()

[HUDController] Selecting unit: Assassin (Player)

   At: res://GUI/HUD/hud_controller.gd:260:_on_unit_manager_selection_changed()

AutoBattleService: maybe_run_turn requested for unit=Assassin

   At: res://Gameplay/turn/auto_battle_service.gd:82:maybe_run_turn()

AutoBattleService: disabled; skipping auto run request

   At: res://Gameplay/turn/auto_battle_service.gd:84:maybe_run_turn()

DBG _on_primary_action_at screen=(176.0, 128.0) global=(-384.0, -384.0)

   At: res://Gameplay/inputs/input_controller.gd:158:_on_primary_action_at()

InputController: cmd=primary_action sel=0 player_unit=true player_turn=true

   At: res://Gameplay/inputs/input_controller.gd:206:_execute_command()

InputController: checkpoint requested for primary_action

   At: res://Gameplay/inputs/input_controller.gd:220:_execute_command()

SaveManager: Saved state for undo. History size: 9 Current index: 8

   At: res://Autoloads/save_manager.gd:296:save_current_state_for_undo()

InputController: executing player command 'primary_action'

   At: res://Gameplay/inputs/input_controller.gd:226:_execute_command()

Command 'primary_action' executing with payload=(-384.0, -384.0)

   At: res://Gameplay/commands/input_command_router.gd:33:execute()

DBG PrimaryActionCommand: payload_global=(-384.0, -384.0) converted_cell=(-9, -7)

   At: res://Gameplay/commands/primary_action_command.gd:36:execute()

DBG PrimaryActionCommand: No unit at cell (-9, -7). Requesting move to coord.

   At: res://Gameplay/commands/primary_action_command.gd:49:execute()

DBG request_move_to_coord start, target=(-9, -7)

   At: res://Gameplay/map/move_controller.gd:76:request_move_to_coord()

DBG request_move_to_coord: target out of bounds

   At: res://Gameplay/map/move_controller.gd:291:_execute_coordinate_move()

Command 'primary_action' succeeded: SUCCESS

   At: res://Gameplay/commands/input_command_router.gd:43:execute()

[HUDController] Selecting unit: Assassin (Player)

   At: res://GUI/HUD/hud_controller.gd:260:_on_unit_manager_selection_changed()

  res://tests/test_click_to_move.gd > test_click_to_move_multi_hex_path FAILED 302ms

  Report:

	line 1: WARNING:

	 Detected <56> orphan nodes during test setup! Check before_test() and after_test()!

  Report:

	line 46: WARNING:

	 Detected <56> orphan nodes during test execution!

  Report:

	line 80: Expecting:

	 '(1, 1)'

	 not equal to

	 '(1, 1)'

  res://tests/test_click_to_move.gd > test_click_to_move_cannot_move_out_of_range STARTED

[RosterLoader] Loaded saved player roster with 6 units.

[Task] setup() called with state=valid

   At: res://Gameplay/narrative/task/task_controller.gd:32:setup()

DialogueActionService: setup() called.

   At: res://Gameplay/narrative/dialogue/dialogue_action_service.gd:42:setup()

JournalManager: setup() called.

   At: res://Autoloads/journal_manager.gd:12:setup()

JournalManager: TaskManager setup complete.

   At: res://Autoloads/journal_manager.gd:26:setup()

InputController: command router initialized; commands=true

   At: res://Gameplay/inputs/input_controller.gd:53:setup()

GameSessionBuilder: input controller wired; HUD and systems initialized

   At: res://Gameplay/game_session_builder.gd:129:_setup_input_and_hud()

[GameSession] _attach_services calling for 16 nodes

   At: res://Gameplay/game_session.gd:32:_attach_services()

[GameSession] Adding node to tree: <CanvasLayer#3151566476227>

   At: res://Gameplay/game_session.gd:37:_attach_services()

[GameSession] Adding node to tree: <Node2D#3151549699123>

   At: res://Gameplay/game_session.gd:37:_attach_services()

[GameSession] Adding node to tree: <Node2D#3151583253558>

   At: res://Gameplay/game_session.gd:37:_attach_services()

[GameSession] Adding node to tree: <Node#3151616807996>

   At: res://Gameplay/game_session.gd:37:_attach_services()

[GameSession] Adding node to tree: <Node#3151683916254>

   At: res://Gameplay/game_session.gd:37:_attach_services()

[GameSession] Adding node to tree: <Node#3151516144708>

   At: res://Gameplay/game_session.gd:37:_attach_services()

[GameSession] Adding node to tree: <Node#3151818134532>

   At: res://Gameplay/game_session.gd:37:_attach_services()

[GameSession] Adding node to tree: <Node#3151851688986>

   At: res://Gameplay/game_session.gd:37:_attach_services()

[GameSession] Adding node to tree: <Node#3151465812965>

   At: res://Gameplay/game_session.gd:37:_attach_services()

[GameSession] Adding node to tree: <Node#3151482590253>

   At: res://Gameplay/game_session.gd:37:_attach_services()

[GameSession] Adding node to tree: <Node#3151499367309>

   At: res://Gameplay/game_session.gd:37:_attach_services()

[GameSession] Adding node to tree: <Node#3151600030712>

   At: res://Gameplay/game_session.gd:37:_attach_services()

[GameSession] Adding node to tree: <Node#3151717471269>

   At: res://Gameplay/game_session.gd:37:_attach_services()

[GameSession] Adding node to tree: <Node#3151734248443>

   At: res://Gameplay/game_session.gd:37:_attach_services()

[GameSession] Adding node to tree: <Node#3151751025679>

   At: res://Gameplay/game_session.gd:37:_attach_services()

[GameSession] Adding node to tree: <Node#3151801357314>

   At: res://Gameplay/game_session.gd:37:_attach_services()

[LevelManager] set_dialogue_service called. Service valid: true

   At: res://level/level_manager_gameplay.gd:49:set_dialogue_service()

[RosterLoader] Using provided player roster with 6 units.

[Orchestrator] No level resource provided. Skipping initialization.

   At: res://level/level_initialization_orchestrator.gd:7:run_initialization_pipeline()

[Orchestrator] --- STARTING LEVEL INITIALIZATION PIPELINE ---

   At: res://level/level_initialization_orchestrator.gd:17:run_initialization_pipeline()

[Orchestrator] Phase 1: Preparing level data...

   At: res://level/level_initialization_orchestrator.gd:21:run_initialization_pipeline()

[RosterLoader] Using provided player roster with 6 units.

DialogueActionService: prepare_for_level() called.

   At: res://Gameplay/narrative/dialogue/dialogue_action_service.gd:85:prepare_for_level()

JournalManager: set_level() called for level ID:

   At: res://Autoloads/journal_manager.gd:32:set_level()

JournalManager: _initialize_default_content() called.

   At: res://Autoloads/journal_manager.gd:54:_initialize_default_content()

[Orchestrator] Phase 2: Clearing world state...

   At: res://level/level_initialization_orchestrator.gd:26:run_initialization_pipeline()

[Orchestrator] Phase 3: Building environment (Terrain & Grid)...

   At: res://level/level_initialization_orchestrator.gd:31:run_initialization_pipeline()

[Orchestrator] Phase 4: Bootstrapping narrative context...

   At: res://level/level_initialization_orchestrator.gd:37:run_initialization_pipeline()

[Orchestrator] Phase 5: Spawning global level content...

   At: res://level/level_initialization_orchestrator.gd:42:run_initialization_pipeline()

[HUDController] Selecting unit: Assassin (Player)

   At: res://GUI/HUD/hud_controller.gd:260:_on_unit_manager_selection_changed()

DialogueActionService: register_triggers() called.

   At: res://Gameplay/narrative/dialogue/dialogue_action_service.gd:92:register_triggers()

[Orchestrator] Phase 6: Activating initial narrative stage...

   At: res://level/level_initialization_orchestrator.gd:48:run_initialization_pipeline()

[Orchestrator] Phase 7: Finalizing technical setup...

   At: res://level/level_initialization_orchestrator.gd:53:run_initialization_pipeline()

SaveManager: Saved state for undo. History size: 10 Current index: 9

   At: res://Autoloads/save_manager.gd:296:save_current_state_for_undo()

[HUDController] Selecting unit: Assassin (Player)

   At: res://GUI/HUD/hud_controller.gd:260:_on_unit_manager_selection_changed()

AutoBattleService: maybe_run_turn requested for unit=Assassin

   At: res://Gameplay/turn/auto_battle_service.gd:82:maybe_run_turn()

AutoBattleService: disabled; skipping auto run request

   At: res://Gameplay/turn/auto_battle_service.gd:84:maybe_run_turn()

[Orchestrator] --- INITIALIZATION PIPELINE COMPLETE ---

   At: res://level/level_initialization_orchestrator.gd:56:run_initialization_pipeline()

DBG _on_primary_action_at screen=(224.0, 288.0) global=(-336.0, -224.0)

   At: res://Gameplay/inputs/input_controller.gd:158:_on_primary_action_at()

InputController: cmd=primary_action sel=0 player_unit=true player_turn=true

   At: res://Gameplay/inputs/input_controller.gd:206:_execute_command()

InputController: checkpoint requested for primary_action

   At: res://Gameplay/inputs/input_controller.gd:220:_execute_command()

SaveManager: Saved state for undo. History size: 11 Current index: 10

   At: res://Autoloads/save_manager.gd:296:save_current_state_for_undo()

InputController: executing player command 'primary_action'

   At: res://Gameplay/inputs/input_controller.gd:226:_execute_command()

Command 'primary_action' executing with payload=(-336.0, -224.0)

   At: res://Gameplay/commands/input_command_router.gd:33:execute()

DBG PrimaryActionCommand: payload_global=(-336.0, -224.0) converted_cell=(-8, -4)

   At: res://Gameplay/commands/primary_action_command.gd:36:execute()

DBG PrimaryActionCommand: No unit at cell (-8, -4). Requesting move to coord.

   At: res://Gameplay/commands/primary_action_command.gd:49:execute()

DBG request_move_to_coord start, target=(-8, -4)

   At: res://Gameplay/map/move_controller.gd:76:request_move_to_coord()

DBG request_move_to_coord: target out of bounds

   At: res://Gameplay/map/move_controller.gd:291:_execute_coordinate_move()

Command 'primary_action' succeeded: SUCCESS

   At: res://Gameplay/commands/input_command_router.gd:43:execute()

[HUDController] Selecting unit: Assassin (Player)

   At: res://GUI/HUD/hud_controller.gd:260:_on_unit_manager_selection_changed()

  Report:

	line 1: WARNING:

	 Detected <54> orphan nodes during test setup! Check before_test() and after_test()!

  Report:

	line 82: WARNING:

	 Detected <54> orphan nodes during test execution!

  res://tests/test_click_to_move.gd > test_move_controller_request_move_to_coord_moves_unit STARTED

[RosterLoader] Loaded saved player roster with 6 units.

[Task] setup() called with state=valid

   At: res://Gameplay/narrative/task/task_controller.gd:32:setup()

DialogueActionService: setup() called.

   At: res://Gameplay/narrative/dialogue/dialogue_action_service.gd:42:setup()

JournalManager: setup() called.

   At: res://Autoloads/journal_manager.gd:12:setup()

JournalManager: TaskManager setup complete.

   At: res://Autoloads/journal_manager.gd:26:setup()

InputController: command router initialized; commands=true

   At: res://Gameplay/inputs/input_controller.gd:53:setup()

GameSessionBuilder: input controller wired; HUD and systems initialized

   At: res://Gameplay/game_session_builder.gd:129:_setup_input_and_hud()

[GameSession] _attach_services calling for 16 nodes

   At: res://Gameplay/game_session.gd:32:_attach_services()

[GameSession] Adding node to tree: <CanvasLayer#3178561016907>

   At: res://Gameplay/game_session.gd:37:_attach_services()

[GameSession] Adding node to tree: <Node2D#3178544239977>

   At: res://Gameplay/game_session.gd:37:_attach_services()

[GameSession] Adding node to tree: <Node2D#3178577794407>

   At: res://Gameplay/game_session.gd:37:_attach_services()

[GameSession] Adding node to tree: <Node#3178611348838>

   At: res://Gameplay/game_session.gd:37:_attach_services()

[GameSession] Adding node to tree: <Node#3178678457519>

   At: res://Gameplay/game_session.gd:37:_attach_services()

[GameSession] Adding node to tree: <Node#3178510685372>

   At: res://Gameplay/game_session.gd:37:_attach_services()

[GameSession] Adding node to tree: <Node#3178812675230>

   At: res://Gameplay/game_session.gd:37:_attach_services()

[GameSession] Adding node to tree: <Node#3178846229067>

   At: res://Gameplay/game_session.gd:37:_attach_services()

[GameSession] Adding node to tree: <Node#3178460353725>

   At: res://Gameplay/game_session.gd:37:_attach_services()

[GameSession] Adding node to tree: <Node#3178477130932>

   At: res://Gameplay/game_session.gd:37:_attach_services()

[GameSession] Adding node to tree: <Node#3178493908155>

   At: res://Gameplay/game_session.gd:37:_attach_services()

[GameSession] Adding node to tree: <Node#3178594571624>

   At: res://Gameplay/game_session.gd:37:_attach_services()

[GameSession] Adding node to tree: <Node#3178712011949>

   At: res://Gameplay/game_session.gd:37:_attach_services()

[GameSession] Adding node to tree: <Node#3178728788775>

   At: res://Gameplay/game_session.gd:37:_attach_services()

[GameSession] Adding node to tree: <Node#3178745566186>

   At: res://Gameplay/game_session.gd:37:_attach_services()

[GameSession] Adding node to tree: <Node#3178795897888>

   At: res://Gameplay/game_session.gd:37:_attach_services()

[LevelManager] set_dialogue_service called. Service valid: true

   At: res://level/level_manager_gameplay.gd:49:set_dialogue_service()

[RosterLoader] Using provided player roster with 6 units.

[Orchestrator] No level resource provided. Skipping initialization.

   At: res://level/level_initialization_orchestrator.gd:7:run_initialization_pipeline()

[Orchestrator] --- STARTING LEVEL INITIALIZATION PIPELINE ---

   At: res://level/level_initialization_orchestrator.gd:17:run_initialization_pipeline()

[Orchestrator] Phase 1: Preparing level data...

   At: res://level/level_initialization_orchestrator.gd:21:run_initialization_pipeline()

[RosterLoader] Using provided player roster with 6 units.

DialogueActionService: prepare_for_level() called.

   At: res://Gameplay/narrative/dialogue/dialogue_action_service.gd:85:prepare_for_level()

JournalManager: set_level() called for level ID:

   At: res://Autoloads/journal_manager.gd:32:set_level()

JournalManager: _initialize_default_content() called.

   At: res://Autoloads/journal_manager.gd:54:_initialize_default_content()

[Orchestrator] Phase 2: Clearing world state...

   At: res://level/level_initialization_orchestrator.gd:26:run_initialization_pipeline()

[Orchestrator] Phase 3: Building environment (Terrain & Grid)...

   At: res://level/level_initialization_orchestrator.gd:31:run_initialization_pipeline()

[Orchestrator] Phase 4: Bootstrapping narrative context...

   At: res://level/level_initialization_orchestrator.gd:37:run_initialization_pipeline()

[Orchestrator] Phase 5: Spawning global level content...

   At: res://level/level_initialization_orchestrator.gd:42:run_initialization_pipeline()

[HUDController] Selecting unit: Assassin (Player)

   At: res://GUI/HUD/hud_controller.gd:260:_on_unit_manager_selection_changed()

DialogueActionService: register_triggers() called.

   At: res://Gameplay/narrative/dialogue/dialogue_action_service.gd:92:register_triggers()

[Orchestrator] Phase 6: Activating initial narrative stage...

   At: res://level/level_initialization_orchestrator.gd:48:run_initialization_pipeline()

[Orchestrator] Phase 7: Finalizing technical setup...

   At: res://level/level_initialization_orchestrator.gd:53:run_initialization_pipeline()

SaveManager: Saved state for undo. History size: 12 Current index: 11

   At: res://Autoloads/save_manager.gd:296:save_current_state_for_undo()

[HUDController] Selecting unit: Assassin (Player)

   At: res://GUI/HUD/hud_controller.gd:260:_on_unit_manager_selection_changed()

AutoBattleService: maybe_run_turn requested for unit=Assassin

   At: res://Gameplay/turn/auto_battle_service.gd:82:maybe_run_turn()

AutoBattleService: disabled; skipping auto run request

   At: res://Gameplay/turn/auto_battle_service.gd:84:maybe_run_turn()

[Orchestrator] --- INITIALIZATION PIPELINE COMPLETE ---

   At: res://level/level_initialization_orchestrator.gd:56:run_initialization_pipeline()

DBG request_move_to_coord start, target=(2, 1)

   At: res://Gameplay/map/move_controller.gd:76:request_move_to_coord()

DBG request_move_to_coord: success, tentative destination set to (2, 1) (cost: 1)

   At: res://Gameplay/map/move_controller.gd:306:_execute_coordinate_move()

[HUDController] Selecting unit: Assassin (Player)

   At: res://GUI/HUD/hud_controller.gd:260:_on_unit_manager_selection_changed()

  Report:

	line 1: WARNING:

	 Detected <54> orphan nodes during test setup! Check before_test() and after_test()!

  Report:

	line 116: WARNING:

	 Detected <54> orphan nodes during test execution!

  res://tests/test_click_to_move.gd > test_confirm_move_consumes_incremental_cost STARTED

[RosterLoader] Loaded saved player roster with 6 units.

[Task] setup() called with state=valid

   At: res://Gameplay/narrative/task/task_controller.gd:32:setup()

DialogueActionService: setup() called.

   At: res://Gameplay/narrative/dialogue/dialogue_action_service.gd:42:setup()

JournalManager: setup() called.

   At: res://Autoloads/journal_manager.gd:12:setup()

JournalManager: TaskManager setup complete.

   At: res://Autoloads/journal_manager.gd:26:setup()

InputController: command router initialized; commands=true

   At: res://Gameplay/inputs/input_controller.gd:53:setup()

GameSessionBuilder: input controller wired; HUD and systems initialized

   At: res://Gameplay/game_session_builder.gd:129:_setup_input_and_hud()

[GameSession] _attach_services calling for 16 nodes

   At: res://Gameplay/game_session.gd:32:_attach_services()

[GameSession] Adding node to tree: <CanvasLayer#3210286732517>

   At: res://Gameplay/game_session.gd:37:_attach_services()

[GameSession] Adding node to tree: <Node2D#3210269955504>

   At: res://Gameplay/game_session.gd:37:_attach_services()

[GameSession] Adding node to tree: <Node2D#3210303509934>

   At: res://Gameplay/game_session.gd:37:_attach_services()

[GameSession] Adding node to tree: <Node#3210337064396>

   At: res://Gameplay/game_session.gd:37:_attach_services()

[GameSession] Adding node to tree: <Node#3210404173010>

   At: res://Gameplay/game_session.gd:37:_attach_services()

[GameSession] Adding node to tree: <Node#3210236400880>

   At: res://Gameplay/game_session.gd:37:_attach_services()

[GameSession] Adding node to tree: <Node#3210538390749>

   At: res://Gameplay/game_session.gd:37:_attach_services()

[GameSession] Adding node to tree: <Node#3210571945177>

   At: res://Gameplay/game_session.gd:37:_attach_services()

[GameSession] Adding node to tree: <Node#3210186069223>

   At: res://Gameplay/game_session.gd:37:_attach_services()

[GameSession] Adding node to tree: <Node#3210202846434>

   At: res://Gameplay/game_session.gd:37:_attach_services()

[GameSession] Adding node to tree: <Node#3210219623663>

   At: res://Gameplay/game_session.gd:37:_attach_services()

[GameSession] Adding node to tree: <Node#3210320287151>

   At: res://Gameplay/game_session.gd:37:_attach_services()

[GameSession] Adding node to tree: <Node#3210437727454>

   At: res://Gameplay/game_session.gd:37:_attach_services()

[GameSession] Adding node to tree: <Node#3210454504655>

   At: res://Gameplay/game_session.gd:37:_attach_services()

[GameSession] Adding node to tree: <Node#3210471281835>

   At: res://Gameplay/game_session.gd:37:_attach_services()

[GameSession] Adding node to tree: <Node#3210521613516>

   At: res://Gameplay/game_session.gd:37:_attach_services()

[LevelManager] set_dialogue_service called. Service valid: true

   At: res://level/level_manager_gameplay.gd:49:set_dialogue_service()

[RosterLoader] Using provided player roster with 6 units.

[Orchestrator] No level resource provided. Skipping initialization.

   At: res://level/level_initialization_orchestrator.gd:7:run_initialization_pipeline()

[Orchestrator] --- STARTING LEVEL INITIALIZATION PIPELINE ---

   At: res://level/level_initialization_orchestrator.gd:17:run_initialization_pipeline()

[Orchestrator] Phase 1: Preparing level data...

   At: res://level/level_initialization_orchestrator.gd:21:run_initialization_pipeline()

[RosterLoader] Using provided player roster with 6 units.

DialogueActionService: prepare_for_level() called.

   At: res://Gameplay/narrative/dialogue/dialogue_action_service.gd:85:prepare_for_level()

JournalManager: set_level() called for level ID:

   At: res://Autoloads/journal_manager.gd:32:set_level()

JournalManager: _initialize_default_content() called.

   At: res://Autoloads/journal_manager.gd:54:_initialize_default_content()

[Orchestrator] Phase 2: Clearing world state...

   At: res://level/level_initialization_orchestrator.gd:26:run_initialization_pipeline()

[Orchestrator] Phase 3: Building environment (Terrain & Grid)...

   At: res://level/level_initialization_orchestrator.gd:31:run_initialization_pipeline()

[Orchestrator] Phase 4: Bootstrapping narrative context...

   At: res://level/level_initialization_orchestrator.gd:37:run_initialization_pipeline()

[Orchestrator] Phase 5: Spawning global level content...

   At: res://level/level_initialization_orchestrator.gd:42:run_initialization_pipeline()

[HUDController] Selecting unit: Assassin (Player)

   At: res://GUI/HUD/hud_controller.gd:260:_on_unit_manager_selection_changed()

DialogueActionService: register_triggers() called.

   At: res://Gameplay/narrative/dialogue/dialogue_action_service.gd:92:register_triggers()

[Orchestrator] Phase 6: Activating initial narrative stage...

   At: res://level/level_initialization_orchestrator.gd:48:run_initialization_pipeline()

[Orchestrator] Phase 7: Finalizing technical setup...

   At: res://level/level_initialization_orchestrator.gd:53:run_initialization_pipeline()

SaveManager: Saved state for undo. History size: 13 Current index: 12

   At: res://Autoloads/save_manager.gd:296:save_current_state_for_undo()

[HUDController] Selecting unit: Assassin (Player)

   At: res://GUI/HUD/hud_controller.gd:260:_on_unit_manager_selection_changed()

AutoBattleService: maybe_run_turn requested for unit=Assassin

   At: res://Gameplay/turn/auto_battle_service.gd:82:maybe_run_turn()

AutoBattleService: disabled; skipping auto run request

   At: res://Gameplay/turn/auto_battle_service.gd:84:maybe_run_turn()

[Orchestrator] --- INITIALIZATION PIPELINE COMPLETE ---

   At: res://level/level_initialization_orchestrator.gd:56:run_initialization_pipeline()

DBG request_move_to_coord start, target=(2, 1)

   At: res://Gameplay/map/move_controller.gd:76:request_move_to_coord()

DBG request_move_to_coord: success, tentative destination set to (2, 1) (cost: 1)

   At: res://Gameplay/map/move_controller.gd:306:_execute_coordinate_move()

DBG confirm_move

   At: res://Gameplay/map/move_controller.gd:87:confirm_move()

[AoO] Processing path: [(2, 1)] from start: (1, 1)

   At: res://Gameplay/targets/components/unit_movement_behavior.gd:154:process_path_for_opportunity_attacks()

DBG POST_MOVE player_coord=(2, 1)

   At: res://Gameplay/map/move_controller.gd:179:_check_post_move_actions()

DBG request_move_to_coord start, target=(3, 1)

   At: res://Gameplay/map/move_controller.gd:76:request_move_to_coord()

DBG request_move_to_coord: success, tentative destination set to (3, 1) (cost: 1)

   At: res://Gameplay/map/move_controller.gd:306:_execute_coordinate_move()

DBG confirm_move

   At: res://Gameplay/map/move_controller.gd:87:confirm_move()

[AoO] Processing path: [(3, 1)] from start: (2, 1)

   At: res://Gameplay/targets/components/unit_movement_behavior.gd:154:process_path_for_opportunity_attacks()

DBG POST_MOVE player_coord=(3, 1)

   At: res://Gameplay/map/move_controller.gd:179:_check_post_move_actions()

[HUDController] Selecting unit: Assassin (Player)

   At: res://GUI/HUD/hud_controller.gd:260:_on_unit_manager_selection_changed()

  Report:

	line 1: WARNING:

	 Detected <57> orphan nodes during test setup! Check before_test() and after_test()!

  Report:

	line 139: WARNING:

	 Detected <57> orphan nodes during test execution!

  res://tests/test_click_to_move.gd > test_confirm_move_requires_warning_when_leaving_threatened_hex STARTED

[RosterLoader] Loaded saved player roster with 6 units.

[Task] setup() called with state=valid

   At: res://Gameplay/narrative/task/task_controller.gd:32:setup()

DialogueActionService: setup() called.

   At: res://Gameplay/narrative/dialogue/dialogue_action_service.gd:42:setup()

JournalManager: setup() called.

   At: res://Autoloads/journal_manager.gd:12:setup()

JournalManager: TaskManager setup complete.

   At: res://Autoloads/journal_manager.gd:26:setup()

InputController: command router initialized; commands=true

   At: res://Gameplay/inputs/input_controller.gd:53:setup()

GameSessionBuilder: input controller wired; HUD and systems initialized

   At: res://Gameplay/game_session_builder.gd:129:_setup_input_and_hud()

[GameSession] _attach_services calling for 16 nodes

   At: res://Gameplay/game_session.gd:32:_attach_services()

[GameSession] Adding node to tree: <CanvasLayer#3263336289545>

   At: res://Gameplay/game_session.gd:37:_attach_services()

[GameSession] Adding node to tree: <Node2D#3263319509059>

   At: res://Gameplay/game_session.gd:37:_attach_services()

[GameSession] Adding node to tree: <Node2D#3263353063483>

   At: res://Gameplay/game_session.gd:37:_attach_services()

[GameSession] Adding node to tree: <Node#3263386621539>

   At: res://Gameplay/game_session.gd:37:_attach_services()

[GameSession] Adding node to tree: <Node#3263453730054>

   At: res://Gameplay/game_session.gd:37:_attach_services()

[GameSession] Adding node to tree: <Node#3263285957998>

   At: res://Gameplay/game_session.gd:37:_attach_services()

[GameSession] Adding node to tree: <Node#3263587947773>

   At: res://Gameplay/game_session.gd:37:_attach_services()

[GameSession] Adding node to tree: <Node#3263621501986>

   At: res://Gameplay/game_session.gd:37:_attach_services()

[GameSession] Adding node to tree: <Node#3263235626647>

   At: res://Gameplay/game_session.gd:37:_attach_services()

[GameSession] Adding node to tree: <Node#3263252403470>

   At: res://Gameplay/game_session.gd:37:_attach_services()

[GameSession] Adding node to tree: <Node#3263269177433>

   At: res://Gameplay/game_session.gd:37:_attach_services()

[GameSession] Adding node to tree: <Node#3263369840640>

   At: res://Gameplay/game_session.gd:37:_attach_services()

[GameSession] Adding node to tree: <Node#3263487284873>

   At: res://Gameplay/game_session.gd:37:_attach_services()

[GameSession] Adding node to tree: <Node#3263504061689>

   At: res://Gameplay/game_session.gd:37:_attach_services()

[GameSession] Adding node to tree: <Node#3263520839404>

   At: res://Gameplay/game_session.gd:37:_attach_services()

[GameSession] Adding node to tree: <Node#3263571170538>

   At: res://Gameplay/game_session.gd:37:_attach_services()

[LevelManager] set_dialogue_service called. Service valid: true

   At: res://level/level_manager_gameplay.gd:49:set_dialogue_service()

[RosterLoader] Using provided player roster with 6 units.

[Orchestrator] No level resource provided. Skipping initialization.

   At: res://level/level_initialization_orchestrator.gd:7:run_initialization_pipeline()

[Orchestrator] --- STARTING LEVEL INITIALIZATION PIPELINE ---

   At: res://level/level_initialization_orchestrator.gd:17:run_initialization_pipeline()

[Orchestrator] Phase 1: Preparing level data...

   At: res://level/level_initialization_orchestrator.gd:21:run_initialization_pipeline()

[RosterLoader] Using provided player roster with 6 units.

DialogueActionService: prepare_for_level() called.

   At: res://Gameplay/narrative/dialogue/dialogue_action_service.gd:85:prepare_for_level()

JournalManager: set_level() called for level ID:

   At: res://Autoloads/journal_manager.gd:32:set_level()

JournalManager: _initialize_default_content() called.

   At: res://Autoloads/journal_manager.gd:54:_initialize_default_content()

[Orchestrator] Phase 2: Clearing world state...

   At: res://level/level_initialization_orchestrator.gd:26:run_initialization_pipeline()

[Orchestrator] Phase 3: Building environment (Terrain & Grid)...

   At: res://level/level_initialization_orchestrator.gd:31:run_initialization_pipeline()

[Orchestrator] Phase 4: Bootstrapping narrative context...

   At: res://level/level_initialization_orchestrator.gd:37:run_initialization_pipeline()

[Orchestrator] Phase 5: Spawning global level content...

   At: res://level/level_initialization_orchestrator.gd:42:run_initialization_pipeline()

[HUDController] Selecting unit: Assassin (Player)

   At: res://GUI/HUD/hud_controller.gd:260:_on_unit_manager_selection_changed()

[LevelContentSpawner] Spawned global enemy unit at (1, 2)

   At: res://level/level_content_spawner.gd:92:_spawn_enemy_units()

DialogueActionService: register_triggers() called.

   At: res://Gameplay/narrative/dialogue/dialogue_action_service.gd:92:register_triggers()

[Orchestrator] Phase 6: Activating initial narrative stage...

   At: res://level/level_initialization_orchestrator.gd:48:run_initialization_pipeline()

[Orchestrator] Phase 7: Finalizing technical setup...

   At: res://level/level_initialization_orchestrator.gd:53:run_initialization_pipeline()

SaveManager: Saved state for undo. History size: 14 Current index: 13

   At: res://Autoloads/save_manager.gd:296:save_current_state_for_undo()

[HUDController] Selecting unit: Assassin (Player)

   At: res://GUI/HUD/hud_controller.gd:260:_on_unit_manager_selection_changed()

AutoBattleService: maybe_run_turn requested for unit=Assassin

   At: res://Gameplay/turn/auto_battle_service.gd:82:maybe_run_turn()

AutoBattleService: disabled; skipping auto run request

   At: res://Gameplay/turn/auto_battle_service.gd:84:maybe_run_turn()

[Orchestrator] --- INITIALIZATION PIPELINE COMPLETE ---

   At: res://level/level_initialization_orchestrator.gd:56:run_initialization_pipeline()

DBG request_move_to_coord start, target=(2, 1)

   At: res://Gameplay/map/move_controller.gd:76:request_move_to_coord()

MoveController: Threat warning generated for path. Message: Leaving a threatened hex may provoke an attack of opportunity. Press confirm again to accept. coord: (1, 1)

   At: res://Gameplay/map/move_controller.gd:297:_execute_coordinate_move()

DBG request_move_to_coord: success, tentative destination set to (2, 1) (cost: 1)

   At: res://Gameplay/map/move_controller.gd:306:_execute_coordinate_move()

DBG confirm_move

   At: res://Gameplay/map/move_controller.gd:87:confirm_move()

DBG confirm_move

   At: res://Gameplay/map/move_controller.gd:87:confirm_move()

[AoO] Processing path: [(2, 1)] from start: (1, 1)

   At: res://Gameplay/targets/components/unit_movement_behavior.gd:154:process_path_for_opportunity_attacks()

[AoO] Unit leaving threatened hex: (1, 1)

   At: res://Gameplay/targets/components/unit_movement_behavior.gd:159:process_path_for_opportunity_attacks()

[AoO] Triggering attack from Enemy on Assassin

   At: res://Gameplay/targets/components/unit_movement_behavior.gd:168:process_path_for_opportunity_attacks()

[Combat] execute_attack_of_opportunity: Enemy -> Assassin

   At: res://Gameplay/turn/combat_system.gd:18:execute_attack_of_opportunity()

DBG POST_MOVE player_coord=(2, 1)

   At: res://Gameplay/map/move_controller.gd:179:_check_post_move_actions()

[HUDController] Selecting unit: Assassin (Player)

   At: res://GUI/HUD/hud_controller.gd:260:_on_unit_manager_selection_changed()

  Report:

	line 1: WARNING:

	 Detected <55> orphan nodes during test setup! Check before_test() and after_test()!

  Report:

	line 173: WARNING:

	 Detected <55> orphan nodes during test execution!

test_click_to_move:finalze

  Report:

	line 1: WARNING:

	 Detected <332> orphan nodes during test suite setup stage! Check before() and after()!

Run Test Suite: res://tests/test_click_to_move_paths.gd

  res://tests/test_click_to_move_paths.gd > test_click_to_move_path_exists STARTED

  res://tests/test_click_to_move_paths.gd > test_move_controller_exists STARTED

  res://tests/test_click_to_move_paths.gd > test_hex_navigator_has_pathfind STARTED

  res://tests/test_click_to_move_paths.gd > test_game_config_has_movement_constants STARTED

Run Test Suite: res://tests/test_combat_and_turn_extended.gd

  res://tests/test_combat_and_turn_extended.gd > test_combat_system_get_combat_forecast STARTED

  res://tests/test_combat_and_turn_extended.gd > test_combat_system_get_attack_of_opportunity_forecast STARTED

  res://tests/test_combat_and_turn_extended.gd > test_turn_controller_on_turn_changed_checkpoints STARTED

Run Test Suite: res://tests/test_combat_priority_profile.gd

  res://tests/test_combat_priority_profile.gd > test_get_weight_attack_returns_10 STARTED

  res://tests/test_combat_priority_profile.gd > test_get_weight_finish_low_hp_returns_6 STARTED

  res://tests/test_combat_priority_profile.gd > test_get_weight_protect_ally_returns_5 STARTED

  res://tests/test_combat_priority_profile.gd > test_get_weight_objective_returns_5 STARTED

  res://tests/test_combat_priority_profile.gd > test_get_weight_avoid_risk_returns_4 STARTED

  res://tests/test_combat_priority_profile.gd > test_get_weight_flank_returns_3 STARTED

  res://tests/test_combat_priority_profile.gd > test_get_weight_retreat_returns_2 STARTED

  res://tests/test_combat_priority_profile.gd > test_get_weight_fallback_uses_priority_order STARTED

  res://tests/test_combat_priority_profile.gd > test_get_weight_unknown_key_returns_zero STARTED

  res://tests/test_combat_priority_profile.gd > test_get_weight_custom_weight_table_overrides STARTED

  res://tests/test_combat_priority_profile.gd > test_get_weight_earlier_priority_has_higher_fallback STARTED

Run Test Suite: res://tests/test_combat_stats.gd

  res://tests/test_combat_stats.gd > test_set_attribute_grit STARTED

  res://tests/test_combat_stats.gd > test_set_attribute_flow STARTED

  res://tests/test_combat_stats.gd > test_set_attribute_gusto STARTED

  res://tests/test_combat_stats.gd > test_set_attribute_focus STARTED

  res://tests/test_combat_stats.gd > test_set_attribute_shine STARTED

  res://tests/test_combat_stats.gd > test_set_attribute_shade STARTED

  res://tests/test_combat_stats.gd > test_set_attribute_willpower STARTED

  res://tests/test_combat_stats.gd > test_set_attribute_case_insensitive STARTED

  res://tests/test_combat_stats.gd > test_set_attribute_unknown_name_is_noop STARTED

  res://tests/test_combat_stats.gd > test_set_attribute_zero STARTED

  res://tests/test_combat_stats.gd > test_set_attribute_negative STARTED

  res://tests/test_combat_stats.gd > test_init_with_custom_values STARTED

  res://tests/test_combat_stats.gd > test_get_attribute_unknown_returns_zero STARTED

Run Test Suite: res://tests/test_combat_system.gd

  res://tests/test_combat_system.gd > test_execute_combat_null_attacker STARTED

[CombatSystem] _execute_attack validation failed: Invalid attacker or defender.

   At: res://Gameplay/turn/combat_system.gd:24:_execute_attack()

  res://tests/test_combat_system.gd > test_execute_combat_null_defender STARTED

[CombatSystem] _execute_attack validation failed: Invalid attacker or defender.

   At: res://Gameplay/turn/combat_system.gd:24:_execute_attack()

  res://tests/test_combat_system.gd > test_execute_combat_both_null STARTED

[CombatSystem] _execute_attack validation failed: Invalid attacker or defender.

   At: res://Gameplay/turn/combat_system.gd:24:_execute_attack()

  res://tests/test_combat_system.gd > test_execute_combat_returns_dictionary STARTED

[CombatSystem] _execute_attack validation failed: Missing attributes on attacker or defender.

   At: res://Gameplay/turn/combat_system.gd:24:_execute_attack()

  res://tests/test_combat_system.gd > test_execute_combat_with_valid_units STARTED

[CombatSystem] _execute_attack validation failed: Missing attributes on attacker or defender.

   At: res://Gameplay/turn/combat_system.gd:24:_execute_attack()

Run Test Suite: res://tests/test_command_coverage.gd

  res://tests/test_command_coverage.gd > test_command_result_is_success_returns_true_for_success STARTED

  res://tests/test_command_coverage.gd > test_command_result_is_success_returns_false_for_failure STARTED

  res://tests/test_command_coverage.gd > test_command_result_is_failure_returns_true_for_failure STARTED

  res://tests/test_command_coverage.gd > test_command_result_is_failure_returns_false_for_success STARTED

  res://tests/test_command_coverage.gd > test_command_result_get_description_returns_description STARTED

  res://tests/test_command_coverage.gd > test_command_result_get_description_returns_empty_for_success STARTED

  res://tests/test_command_coverage.gd > test_game_command_context_get_field_returns_unit_manager STARTED

  Report:

	line 1: WARNING:

	 Detected <1> orphan nodes during test setup! Check before_test() and after_test()!

  Report:

	line 46: WARNING:

	 Detected <1> orphan nodes during test execution!

  res://tests/test_command_coverage.gd > test_game_command_context_get_field_returns_hex_navigator STARTED

  Report:

	line 1: WARNING:

	 Detected <1> orphan nodes during test setup! Check before_test() and after_test()!

  Report:

	line 60: WARNING:

	 Detected <1> orphan nodes during test execution!

  res://tests/test_command_coverage.gd > test_game_command_context_get_field_returns_camera_controller STARTED

  Report:

	line 1: WARNING:

	 Detected <1> orphan nodes during test setup! Check before_test() and after_test()!

  Report:

	line 74: WARNING:

	 Detected <1> orphan nodes during test execution!

  res://tests/test_command_coverage.gd > test_game_command_context_get_field_returns_move_controller STARTED

  Report:

	line 1: WARNING:

	 Detected <1> orphan nodes during test setup! Check before_test() and after_test()!

  Report:

	line 88: WARNING:

	 Detected <1> orphan nodes during test execution!

  res://tests/test_command_coverage.gd > test_game_command_context_get_field_returns_dialogue_service STARTED

  Report:

	line 1: WARNING:

	 Detected <1> orphan nodes during test setup! Check before_test() and after_test()!

  Report:

	line 101: WARNING:

	 Detected <1> orphan nodes during test execution!

  res://tests/test_command_coverage.gd > test_game_command_context_get_field_returns_turn_controller STARTED

  Report:

	line 1: WARNING:

	 Detected <1> orphan nodes during test setup! Check before_test() and after_test()!

  Report:

	line 118: WARNING:

	 Detected <1> orphan nodes during test execution!

  res://tests/test_command_coverage.gd > test_game_command_context_get_field_returns_location_controller STARTED

  res://tests/test_command_coverage.gd > test_game_command_context_get_field_returns_tilemap STARTED

  res://tests/test_command_coverage.gd > test_game_command_context_get_field_returns_tilemap FAILED 42ms

  Report:

	line 152: Expecting:


	 <TileMapLayer>


	 but was


	 '<null>'

  res://tests/test_command_coverage.gd > test_game_command_context_get_field_returns_null_for_invalid STARTED

  Report:

	line 1: WARNING:

	 Detected <1> orphan nodes during test setup! Check before_test() and after_test()!

  Report:

	line 155: WARNING:

	 Detected <1> orphan nodes during test execution!

  res://tests/test_command_coverage.gd > test_game_command_context_get_grid_dimensions_returns_vector2i STARTED

  Report:

	line 1: WARNING:

	 Detected <1> orphan nodes during test setup! Check before_test() and after_test()!

  Report:

	line 168: WARNING:

	 Detected <1> orphan nodes during test execution!

  res://tests/test_command_coverage.gd > test_game_command_context_get_selected_unit_index_returns_int STARTED

  res://tests/test_command_coverage.gd > test_game_command_context_get_selected_unit_index_returns_int FAILED 48ms

  Report:

	line 1: WARNING:

	 Detected <1> orphan nodes during test setup! Check before_test() and after_test()!

  Report:

	line 185: WARNING:

	 Detected <1> orphan nodes during test execution!

  Report:

	line 199: Expecting to be greater than:

	 '-1' but was '-1'

  res://tests/test_command_coverage.gd > test_game_command_get_required_context_fields_returns_packed_string_array STARTED

  res://tests/test_command_coverage.gd > test_game_command_validate_context_succeeds_with_valid_context STARTED

  Report:

	line 1: WARNING:

	 Detected <1> orphan nodes during test setup! Check before_test() and after_test()!

  Report:

	line 212: WARNING:

	 Detected <1> orphan nodes during test execution!

  res://tests/test_command_coverage.gd > test_aid_ally_command_get_required_context_fields_returns_array STARTED

  res://tests/test_command_coverage.gd > test_attack_unit_command_get_required_context_fields_returns_array STARTED

  res://tests/test_command_coverage.gd > test_joy_move_command_get_required_context_fields_returns_array STARTED

  res://tests/test_command_coverage.gd > test_loot_command_get_required_context_fields_returns_array STARTED

  res://tests/test_command_coverage.gd > test_move_action_command_get_required_context_fields_returns_array STARTED

  res://tests/test_command_coverage.gd > test_primary_action_command_get_required_context_fields_returns_array STARTED

  res://tests/test_command_coverage.gd > test_selection_cycle_command_get_required_context_fields_returns_array STARTED

  res://tests/test_command_coverage.gd > test_select_index_command_get_required_context_fields_returns_array STARTED

  res://tests/test_command_coverage.gd > test_toggle_free_cam_command_get_required_context_fields_returns_array STARTED

  res://tests/test_command_coverage.gd > test_wait_command_get_required_context_fields_returns_array STARTED

  res://tests/test_command_coverage.gd > test_explore_command_get_required_context_fields_returns_array STARTED

  res://tests/test_command_coverage.gd > test_zoom_camera_command_get_required_context_fields_returns_array STARTED

test_command_coverage:finalze

  Report:

	line 1: WARNING:

	 Detected <10> orphan nodes during test suite setup stage! Check before() and after()!

Run Test Suite: res://tests/test_command_result.gd

  res://tests/test_command_result.gd > test_success STARTED

  res://tests/test_command_result.gd > test_failed STARTED

  res://tests/test_command_result.gd > test_invalid_context STARTED

  res://tests/test_command_result.gd > test_invalid_payload STARTED

  res://tests/test_command_result.gd > test_precondition_failed STARTED

  res://tests/test_command_result.gd > test_default_values STARTED

Run Test Suite: res://tests/test_connectivity_validation.gd

  res://tests/test_connectivity_validation.gd > test_connectivity_failure_with_ring STARTED

[LevelRowValidator] Validating level: test_level

   At: res://level/level_log.gd:11:debug()

[LevelRowValidator] Validation failed for test_level with 1 errors.

   At: res://level/level_log.gd:11:debug()

  - [Connectivity] Primary player start at (1, 1) is on impassable terrain for test_level

   At: res://level/level_log.gd:11:debug()

  res://tests/test_connectivity_validation.gd > test_connectivity_failure_with_ring FAILED 61ms

  Report:

	line 1: WARNING:

	 Detected <1> orphan nodes during test setup! Check before_test() and after_test()!

  Report:

	line 9: WARNING:

	 Detected <1> orphan nodes during test execution!

  Report:

	line 35: Expecting: 'true' but is 'false'

  res://tests/test_connectivity_validation.gd > test_connectivity_success_no_ring STARTED

[LevelRowValidator] Validating level: test_level

   At: res://level/level_log.gd:11:debug()

   At: res://level/level_log.gd:11:debug()

  Report:

	line 1: WARNING:

	 Detected <25> orphan nodes during test setup! Check before_test() and after_test()!

  Report:

	line 37: WARNING:

	 Detected <25> orphan nodes during test execution!

  res://tests/test_connectivity_validation.gd > test_connectivity_failure_start_impassable STARTED

[LevelRowValidator] Validating level: test_level

   At: res://level/level_log.gd:11:debug()

[LevelRowValidator] Validation failed for test_level with 1 errors.

   At: res://level/level_log.gd:11:debug()

  - [Connectivity] Primary player start at (0, 0) is on impassable terrain for test_level

   At: res://level/level_log.gd:11:debug()

  Report:

	line 1: WARNING:

	 Detected <1> orphan nodes during test setup! Check before_test() and after_test()!

  Report:

	line 63: WARNING:

	 Detected <1> orphan nodes during test execution!

test_connectivity_validation:finalze

  Report:

	line 1: WARNING:

	 Detected <27> orphan nodes during test suite setup stage! Check before() and after()!

Run Test Suite: res://tests/test_controls_menu.gd

  res://tests/test_controls_menu.gd > test_back_button_emits_signal STARTED

  res://tests/test_controls_menu.gd > test_reset_button_triggers_reset STARTED

Run Test Suite: res://tests/test_controls_reset.gd

  res://tests/test_controls_reset.gd > test_reset_inputs_to_defaults_restores_settings STARTED

Run Test Suite: res://tests/test_controls_settings.gd

  res://tests/test_controls_settings.gd > test_custom_move_action_registers_key_binding STARTED

[RosterLoader] Loaded saved player roster with 6 units.

[Task] setup() called with state=valid

   At: res://Gameplay/narrative/task/task_controller.gd:32:setup()

DialogueActionService: setup() called.

   At: res://Gameplay/narrative/dialogue/dialogue_action_service.gd:42:setup()

JournalManager: setup() called.

   At: res://Autoloads/journal_manager.gd:12:setup()

JournalManager: TaskManager setup complete.

   At: res://Autoloads/journal_manager.gd:26:setup()

InputController: command router initialized; commands=true

   At: res://Gameplay/inputs/input_controller.gd:53:setup()

GameSessionBuilder: input controller wired; HUD and systems initialized

   At: res://Gameplay/game_session_builder.gd:129:_setup_input_and_hud()

[GameSession] _attach_services calling for 16 nodes

   At: res://Gameplay/game_session.gd:32:_attach_services()

[GameSession] Adding node to tree: <CanvasLayer#3569537259188>

   At: res://Gameplay/game_session.gd:37:_attach_services()

[GameSession] Adding node to tree: <Node2D#3569520481978>

   At: res://Gameplay/game_session.gd:37:_attach_services()

[GameSession] Adding node to tree: <Node2D#3569554036406>

   At: res://Gameplay/game_session.gd:37:_attach_services()

[GameSession] Adding node to tree: <Node#3569587590837>

   At: res://Gameplay/game_session.gd:37:_attach_services()

[GameSession] Adding node to tree: <Node#3569654699688>

   At: res://Gameplay/game_session.gd:37:_attach_services()

[GameSession] Adding node to tree: <Node#3569486926384>

   At: res://Gameplay/game_session.gd:37:_attach_services()

[GameSession] Adding node to tree: <Node#3569788916992>

   At: res://Gameplay/game_session.gd:37:_attach_services()

[GameSession] Adding node to tree: <Node#3569822472108>

   At: res://Gameplay/game_session.gd:37:_attach_services()

[GameSession] Adding node to tree: <Node#3569436595636>

   At: res://Gameplay/game_session.gd:37:_attach_services()

[GameSession] Adding node to tree: <Node#3569453372081>

   At: res://Gameplay/game_session.gd:37:_attach_services()

[GameSession] Adding node to tree: <Node#3569470149442>

   At: res://Gameplay/game_session.gd:37:_attach_services()

[GameSession] Adding node to tree: <Node#3569570813625>

   At: res://Gameplay/game_session.gd:37:_attach_services()

[GameSession] Adding node to tree: <Node#3569688254127>

   At: res://Gameplay/game_session.gd:37:_attach_services()

[GameSession] Adding node to tree: <Node#3569705031342>

   At: res://Gameplay/game_session.gd:37:_attach_services()

[GameSession] Adding node to tree: <Node#3569721807909>

   At: res://Gameplay/game_session.gd:37:_attach_services()

[GameSession] Adding node to tree: <Node#3569772139777>

   At: res://Gameplay/game_session.gd:37:_attach_services()

[LevelManager] set_dialogue_service called. Service valid: true

   At: res://level/level_manager_gameplay.gd:49:set_dialogue_service()

[RosterLoader] Using provided player roster with 6 units.

[Orchestrator] No level resource provided. Skipping initialization.

   At: res://level/level_initialization_orchestrator.gd:7:run_initialization_pipeline()

  Report:

	line 1: WARNING:

	 Detected <2> orphan nodes during test setup! Check before_test() and after_test()!

  Report:

	line 27: WARNING:

	 Detected <2> orphan nodes during test execution!

  res://tests/test_controls_settings.gd > test_interaction_actions_register_mouse_buttons STARTED

[RosterLoader] Loaded saved player roster with 6 units.

[Task] setup() called with state=valid

   At: res://Gameplay/narrative/task/task_controller.gd:32:setup()

DialogueActionService: setup() called.

   At: res://Gameplay/narrative/dialogue/dialogue_action_service.gd:42:setup()

JournalManager: setup() called.

   At: res://Autoloads/journal_manager.gd:12:setup()

JournalManager: TaskManager setup complete.

   At: res://Autoloads/journal_manager.gd:26:setup()

InputController: command router initialized; commands=true

   At: res://Gameplay/inputs/input_controller.gd:53:setup()

GameSessionBuilder: input controller wired; HUD and systems initialized

   At: res://Gameplay/game_session_builder.gd:129:_setup_input_and_hud()

[GameSession] _attach_services calling for 16 nodes

   At: res://Gameplay/game_session.gd:32:_attach_services()

[GameSession] Adding node to tree: <CanvasLayer#3584150214714>

   At: res://Gameplay/game_session.gd:37:_attach_services()

[GameSession] Adding node to tree: <Node2D#3584133437396>

   At: res://Gameplay/game_session.gd:37:_attach_services()

[GameSession] Adding node to tree: <Node2D#3584166991215>

   At: res://Gameplay/game_session.gd:37:_attach_services()

[GameSession] Adding node to tree: <Node#3584200546381>

   At: res://Gameplay/game_session.gd:37:_attach_services()

[GameSession] Adding node to tree: <Node#3584267654970>

   At: res://Gameplay/game_session.gd:37:_attach_services()

[GameSession] Adding node to tree: <Node#3584099883421>

   At: res://Gameplay/game_session.gd:37:_attach_services()

[GameSession] Adding node to tree: <Node#3584401872067>

   At: res://Gameplay/game_session.gd:37:_attach_services()

[GameSession] Adding node to tree: <Node#3584435426974>

   At: res://Gameplay/game_session.gd:37:_attach_services()

[GameSession] Adding node to tree: <Node#3584049551598>

   At: res://Gameplay/game_session.gd:37:_attach_services()

[GameSession] Adding node to tree: <Node#3584066327920>

   At: res://Gameplay/game_session.gd:37:_attach_services()

[GameSession] Adding node to tree: <Node#3584083105937>

   At: res://Gameplay/game_session.gd:37:_attach_services()

[GameSession] Adding node to tree: <Node#3584183769154>

   At: res://Gameplay/game_session.gd:37:_attach_services()

[GameSession] Adding node to tree: <Node#3584301209924>

   At: res://Gameplay/game_session.gd:37:_attach_services()

[GameSession] Adding node to tree: <Node#3584317987150>

   At: res://Gameplay/game_session.gd:37:_attach_services()

[GameSession] Adding node to tree: <Node#3584334764128>

   At: res://Gameplay/game_session.gd:37:_attach_services()

[GameSession] Adding node to tree: <Node#3584385096020>

   At: res://Gameplay/game_session.gd:37:_attach_services()

[LevelManager] set_dialogue_service called. Service valid: true

   At: res://level/level_manager_gameplay.gd:49:set_dialogue_service()

[RosterLoader] Using provided player roster with 6 units.

[Orchestrator] No level resource provided. Skipping initialization.

   At: res://level/level_initialization_orchestrator.gd:7:run_initialization_pipeline()

  Report:

	line 1: WARNING:

	 Detected <2> orphan nodes during test setup! Check before_test() and after_test()!

  Report:

	line 46: WARNING:

	 Detected <2> orphan nodes during test execution!

test_controls_settings:finalze

  Report:

	line 1: WARNING:

	 Detected <4> orphan nodes during test suite setup stage! Check before() and after()!

Run Test Suite: res://tests/test_dialogue_action_service.gd

  res://tests/test_dialogue_action_service.gd > test_append_dialogue_actions_adds_talk_entry STARTED

  res://tests/test_dialogue_action_service.gd > test_append_dialogue_actions_adds_talk_entry FAILED 55ms

  Report:

	line 1: WARNING:

	 Detected <1> orphan nodes during test setup! Check before_test() and after_test()!

  Report:

	line 46: Godot Runtime Error !

		'at: _prepare_service (res://tests/test_dialogue_action_service.gd:46)'

	Error: 'Trying to assign a non-object value to a variable of type 'game_state.gd'.'

  Report:

	line 52: Godot Runtime Error !

		'at: test_append_dialogue_actions_adds_talk_entry (res://tests/test_dialogue_action_service.gd:52)'

	Error: 'Invalid access to property or key '_unit_manager' on a base object of type 'Nil'.'

  Report:

	line 50: WARNING:

	 Detected <1> orphan nodes during test execution!

  res://tests/test_dialogue_action_service.gd > test_start_dialogue_consumes_action_and_sets_flag STARTED

  res://tests/test_dialogue_action_service.gd > test_start_dialogue_consumes_action_and_sets_flag FAILED 75ms

  Report:

	line 1: WARNING:

	 Detected <1> orphan nodes during test setup! Check before_test() and after_test()!

  Report:

	line 46: Godot Runtime Error !

		'at: _prepare_service (res://tests/test_dialogue_action_service.gd:46)'

	Error: 'Trying to assign a non-object value to a variable of type 'game_state.gd'.'

  Report:

	line 78: Godot Runtime Error !

		'at: test_start_dialogue_consumes_action_and_sets_flag (res://tests/test_dialogue_action_service.gd:78)'

	Error: 'Invalid access to property or key '_unit_manager' on a base object of type 'Nil'.'

  Report:

	line 73: WARNING:

	 Detected <1> orphan nodes during test execution!

  res://tests/test_dialogue_action_service.gd > test_trigger_group_marks_all_seen STARTED

  res://tests/test_dialogue_action_service.gd > test_trigger_group_marks_all_seen FAILED 83ms

  Report:

	line 1: WARNING:

	 Detected <1> orphan nodes during test setup! Check before_test() and after_test()!

  Report:

	line 46: Godot Runtime Error !

		'at: _prepare_service (res://tests/test_dialogue_action_service.gd:46)'

	Error: 'Trying to assign a non-object value to a variable of type 'game_state.gd'.'

  Report:

	line 105: Godot Runtime Error !

		'at: test_trigger_group_marks_all_seen (res://tests/test_dialogue_action_service.gd:105)'

	Error: 'Invalid access to property or key '_unit_manager' on a base object of type 'Nil'.'

  Report:

	line 103: WARNING:

	 Detected <1> orphan nodes during test execution!

  res://tests/test_dialogue_action_service.gd > test_leader_placeholder_matches_active_leader STARTED

  res://tests/test_dialogue_action_service.gd > test_leader_placeholder_matches_active_leader FAILED 83ms

  Report:

	line 1: WARNING:

	 Detected <1> orphan nodes during test setup! Check before_test() and after_test()!

  Report:

	line 46: Godot Runtime Error !

		'at: _prepare_service (res://tests/test_dialogue_action_service.gd:46)'

	Error: 'Trying to assign a non-object value to a variable of type 'game_state.gd'.'

  Report:

	line 137: Godot Runtime Error !

		'at: test_leader_placeholder_matches_active_leader (res://tests/test_dialogue_action_service.gd:137)'

	Error: 'Invalid access to property or key '_unit_manager' on a base object of type 'Nil'.'

  Report:

	line 135: WARNING:

	 Detected <1> orphan nodes during test execution!

  res://tests/test_dialogue_action_service.gd > test_partner_initiation_allows_reverse_start STARTED

  res://tests/test_dialogue_action_service.gd > test_partner_initiation_allows_reverse_start FAILED 90ms

  Report:

	line 1: WARNING:

	 Detected <1> orphan nodes during test setup! Check before_test() and after_test()!

  Report:

	line 46: Godot Runtime Error !

		'at: _prepare_service (res://tests/test_dialogue_action_service.gd:46)'

	Error: 'Trying to assign a non-object value to a variable of type 'game_state.gd'.'

  Report:

	line 158: Godot Runtime Error !

		'at: test_partner_initiation_allows_reverse_start (res://tests/test_dialogue_action_service.gd:158)'

	Error: 'Invalid access to property or key '_unit_manager' on a base object of type 'Nil'.'

  Report:

	line 156: WARNING:

	 Detected <1> orphan nodes during test execution!

test_dialogue_action_service:finalze

  Report:

	line 1: WARNING:

	 Detected <5> orphan nodes during test suite setup stage! Check before() and after()!

Run Test Suite: res://tests/test_dialogue_action_service_extended.gd

  res://tests/test_dialogue_action_service_extended.gd > test_prepare_for_level_replaces_active_triggers STARTED

Run Test Suite: res://tests/test_dialogue_extended_2.gd

  res://tests/test_dialogue_extended_2.gd > test_dialogue_action_trigger_at_coord STARTED

  res://tests/test_dialogue_extended_2.gd > test_dialogue_action_trigger_at_coord FAILED 48ms

  Report:

	line 1: WARNING:

	 Detected <1> orphan nodes during test setup! Check before_test() and after_test()!

  Report:

	line 38: Godot Runtime Error !

		'at: test_dialogue_action_trigger_at_coord (res://tests/test_dialogue_extended_2.gd:38)'

	Error: 'Invalid assignment of property or key 'dialogue_id' with value of type 'String' on a base object of type 'Node2D (DialogueTrigger)'.'

  Report:

	line 22: WARNING:

	 Detected <1> orphan nodes during test execution!

  res://tests/test_dialogue_extended_2.gd > test_dialogue_action_handle_dialogue_request STARTED

test_dialogue_extended_2:finalze

  Report:

	line 1: WARNING:

	 Detected <1> orphan nodes during test suite setup stage! Check before() and after()!

Run Test Suite: res://tests/test_dialogue_trigger.gd

  res://tests/test_dialogue_trigger.gd > test_get_action_label_uses_entry_action_label_when_set STARTED

Run Test Suite: res://tests/test_dialogue_trigger_evaluator.gd

  res://tests/test_dialogue_trigger_evaluator.gd > test_is_trigger_available STARTED

  res://tests/test_dialogue_trigger_evaluator.gd > test_is_trigger_available FAILED 55ms

  Report:

	line 11: Godot Runtime Error !

		'at: test_is_trigger_available (res://tests/test_dialogue_trigger_evaluator.gd:11)'

	Error: 'Invalid assignment of property or key 'dialogue_file' with value of type 'String' on a base object of type 'Node2D (DialogueTrigger)'.'

  res://tests/test_dialogue_trigger_evaluator.gd > test_collect_partner_and_initiator_indices STARTED

  res://tests/test_dialogue_trigger_evaluator.gd > test_collect_partner_and_initiator_indices FAILED 73ms

  Report:

	line 1: WARNING:

	 Detected <1> orphan nodes during test setup! Check before_test() and after_test()!

  Report:

	line 30: Godot Runtime Error !

		'at: test_collect_partner_and_initiator_indices (res://tests/test_dialogue_trigger_evaluator.gd:30)'

	Error: 'Invalid assignment of property or key 'dialogue_file' with value of type 'String' on a base object of type 'Node2D (DialogueTrigger)'.'

  Report:

	line 24: WARNING:

	 Detected <1> orphan nodes during test execution!

  res://tests/test_dialogue_trigger_evaluator.gd > test_build_dialogue_action STARTED

  res://tests/test_dialogue_trigger_evaluator.gd > test_build_dialogue_action FAILED 75ms

  Report:

	line 41: Godot Runtime Error !

		'at: test_build_dialogue_action (res://tests/test_dialogue_trigger_evaluator.gd:41)'

	Error: 'Invalid assignment of property or key 'dialogue_file' with value of type 'String' on a base object of type 'Node2D (DialogueTrigger)'.'

  res://tests/test_dialogue_trigger_evaluator.gd > test_set_grid_axis STARTED

test_dialogue_trigger_evaluator:finalze

  Report:

	line 1: WARNING:

	 Detected <1> orphan nodes during test suite setup stage! Check before() and after()!

Run Test Suite: res://tests/test_dialogue_trigger_group.gd

  res://tests/test_dialogue_trigger_group.gd > test_register_trigger_adds_member STARTED

  res://tests/test_dialogue_trigger_group.gd > test_register_trigger_null_is_ignored STARTED

  res://tests/test_dialogue_trigger_group.gd > test_register_trigger_duplicate_not_added_twice STARTED

  res://tests/test_dialogue_trigger_group.gd > test_register_trigger_when_group_already_seen_calls_mark_seen_immediately STARTED

  res://tests/test_dialogue_trigger_group.gd > test_mark_seen_sets_group_seen STARTED

  res://tests/test_dialogue_trigger_group.gd > test_mark_seen_propagates_to_all_members STARTED

  res://tests/test_dialogue_trigger_group.gd > test_mark_seen_idempotent STARTED

  res://tests/test_dialogue_trigger_group.gd > test_reset_clears_group_and_members STARTED

Run Test Suite: res://tests/test_difficulty_service.gd

  res://tests/test_difficulty_service.gd > test_get_ai_scaling_factor STARTED

Run Test Suite: res://tests/test_display_settings.gd

  res://tests/test_display_settings.gd > test_get_standard_resolutions_includes_landscape_options STARTED

  res://tests/test_display_settings.gd > test_set_orientation_switches_current_resolution_pool STARTED

  res://tests/test_display_settings.gd > test_set_resolution_index_clamps_to_available_range STARTED

  res://tests/test_display_settings.gd > test_display_orientation_string_conversions STARTED

Run Test Suite: res://tests/test_enemy_roster.gd

  res://tests/test_enemy_roster.gd > test_get_enemy_scene_valid_index STARTED

  res://tests/test_enemy_roster.gd > test_get_enemy_scene_invalid_index STARTED

  res://tests/test_enemy_roster.gd > test_get_enemy_scene_empty_roster STARTED

  res://tests/test_enemy_roster.gd > test_get_random_enemy_scene_empty STARTED

  res://tests/test_enemy_roster.gd > test_get_random_enemy_scene_single STARTED

  res://tests/test_enemy_roster.gd > test_get_random_enemy_scene_multiple STARTED

Run Test Suite: res://tests/test_file_paths_loader.gd

  res://tests/test_file_paths_loader.gd > test_get_path_single_level_key STARTED

  res://tests/test_file_paths_loader.gd > test_get_path_two_level_dot_notation STARTED

  res://tests/test_file_paths_loader.gd > test_get_path_three_level_dot_notation STARTED

  res://tests/test_file_paths_loader.gd > test_get_path_missing_key_returns_empty_and_logs_error STARTED

  res://tests/test_file_paths_loader.gd > test_get_path_value_not_string_returns_empty_and_logs_error STARTED

  res://tests/test_file_paths_loader.gd > test_get_category_returns_dict_for_known_category STARTED

  res://tests/test_file_paths_loader.gd > test_get_category_missing_category_returns_empty STARTED

  res://tests/test_file_paths_loader.gd > test_get_category_value_not_dict_returns_empty STARTED

  res://tests/test_file_paths_loader.gd > test_get_warnings_returns_warnings_from_meta STARTED

  res://tests/test_file_paths_loader.gd > test_get_warnings_empty_when_no_meta STARTED

  res://tests/test_file_paths_loader.gd > test_get_warnings_empty_when_meta_has_no_warnings_key STARTED

  res://tests/test_file_paths_loader.gd > test_get_dynamic_paths_returns_dynamic_section STARTED

  res://tests/test_file_paths_loader.gd > test_get_dynamic_paths_empty_when_missing STARTED

  res://tests/test_file_paths_loader.gd > test_print_summary_does_not_crash STARTED

=== LOADED CATEGORIES ===

  scenes: 1 paths

  autoloads: 1 paths

  res://tests/test_file_paths_loader.gd > test_validate_paths_detects_valid_resources STARTED

  res://tests/test_file_paths_loader.gd > test_validate_paths_detects_missing_resources STARTED

  res://tests/test_file_paths_loader.gd > test_validate_paths_checks_directory_paths STARTED

  res://tests/test_file_paths_loader.gd > test_validate_paths_checks_directory_paths FAILED 42ms

  Report:

	line 166: Expecting:


	 '1'


	 but was


	 '0'

  Report:

	line 167: Expecting:


	 '1'


	 but was


	 '2'

  Report:

	line 169: Expecting:


	 'res://some/missing/dir/'


	 but was


	 'res://somte/mistsing/dir/'

Run Test Suite: res://tests/test_gameplay_camera.gd

  res://tests/test_gameplay_camera.gd > test_camera_is_current_on_ready STARTED

[RosterLoader] Loaded saved player roster with 6 units.

[Task] setup() called with state=valid

   At: res://Gameplay/narrative/task/task_controller.gd:32:setup()

DialogueActionService: setup() called.

   At: res://Gameplay/narrative/dialogue/dialogue_action_service.gd:42:setup()

JournalManager: setup() called.

   At: res://Autoloads/journal_manager.gd:12:setup()

JournalManager: TaskManager setup complete.

   At: res://Autoloads/journal_manager.gd:26:setup()

InputController: command router initialized; commands=true

   At: res://Gameplay/inputs/input_controller.gd:53:setup()

GameSessionBuilder: input controller wired; HUD and systems initialized

   At: res://Gameplay/game_session_builder.gd:129:_setup_input_and_hud()

[GameSession] _attach_services calling for 16 nodes

   At: res://Gameplay/game_session.gd:32:_attach_services()

[GameSession] Adding node to tree: <CanvasLayer#3798865025229>

   At: res://Gameplay/game_session.gd:37:_attach_services()

[GameSession] Adding node to tree: <Node2D#3798848247015>

   At: res://Gameplay/game_session.gd:37:_attach_services()

[GameSession] Adding node to tree: <Node2D#3798881802493>

   At: res://Gameplay/game_session.gd:37:_attach_services()

[GameSession] Adding node to tree: <Node#3798915356414>

   At: res://Gameplay/game_session.gd:37:_attach_services()

[GameSession] Adding node to tree: <Node#3798982465275>

   At: res://Gameplay/game_session.gd:37:_attach_services()

[GameSession] Adding node to tree: <Node#3798814693763>

   At: res://Gameplay/game_session.gd:37:_attach_services()

[GameSession] Adding node to tree: <Node#3799116682487>

   At: res://Gameplay/game_session.gd:37:_attach_services()

[GameSession] Adding node to tree: <Node#3799150237667>

   At: res://Gameplay/game_session.gd:37:_attach_services()

[GameSession] Adding node to tree: <Node#3798764360926>

   At: res://Gameplay/game_session.gd:37:_attach_services()

[GameSession] Adding node to tree: <Node#3798781139350>

   At: res://Gameplay/game_session.gd:37:_attach_services()

[GameSession] Adding node to tree: <Node#3798797915375>

   At: res://Gameplay/game_session.gd:37:_attach_services()

[GameSession] Adding node to tree: <Node#3798898578649>

   At: res://Gameplay/game_session.gd:37:_attach_services()

[GameSession] Adding node to tree: <Node#3799016020065>

   At: res://Gameplay/game_session.gd:37:_attach_services()

[GameSession] Adding node to tree: <Node#3799032796690>

   At: res://Gameplay/game_session.gd:37:_attach_services()

[GameSession] Adding node to tree: <Node#3799049574372>

   At: res://Gameplay/game_session.gd:37:_attach_services()

[GameSession] Adding node to tree: <Node#3799099905190>

   At: res://Gameplay/game_session.gd:37:_attach_services()

[LevelManager] set_dialogue_service called. Service valid: true

   At: res://level/level_manager_gameplay.gd:49:set_dialogue_service()

[RosterLoader] Using provided player roster with 6 units.

[Orchestrator] No level resource provided. Skipping initialization.

   At: res://level/level_initialization_orchestrator.gd:7:run_initialization_pipeline()

  Report:

	line 1: WARNING:

	 Detected <2> orphan nodes during test setup! Check before_test() and after_test()!

  res://tests/test_gameplay_camera.gd > test_camera_rotate_and_zoom_do_not_affect_movement STARTED

[RosterLoader] Loaded saved player roster with 6 units.

[Task] setup() called with state=valid

   At: res://Gameplay/narrative/task/task_controller.gd:32:setup()

DialogueActionService: setup() called.

   At: res://Gameplay/narrative/dialogue/dialogue_action_service.gd:42:setup()

JournalManager: setup() called.

   At: res://Autoloads/journal_manager.gd:12:setup()

JournalManager: TaskManager setup complete.

   At: res://Autoloads/journal_manager.gd:26:setup()

InputController: command router initialized; commands=true

   At: res://Gameplay/inputs/input_controller.gd:53:setup()

GameSessionBuilder: input controller wired; HUD and systems initialized

   At: res://Gameplay/game_session_builder.gd:129:_setup_input_and_hud()

[GameSession] _attach_services calling for 16 nodes

   At: res://Gameplay/game_session.gd:32:_attach_services()

[GameSession] Adding node to tree: <CanvasLayer#3812941109776>

   At: res://Gameplay/game_session.gd:37:_attach_services()

[GameSession] Adding node to tree: <Node2D#3812924332552>

   At: res://Gameplay/game_session.gd:37:_attach_services()

[GameSession] Adding node to tree: <Node2D#3812957886985>

   At: res://Gameplay/game_session.gd:37:_attach_services()

[GameSession] Adding node to tree: <Node#3812991441399>

   At: res://Gameplay/game_session.gd:37:_attach_services()

[GameSession] Adding node to tree: <Node#3813058550296>

   At: res://Gameplay/game_session.gd:37:_attach_services()

[GameSession] Adding node to tree: <Node#3812890778110>

   At: res://Gameplay/game_session.gd:37:_attach_services()

[GameSession] Adding node to tree: <Node#3813192768022>

   At: res://Gameplay/game_session.gd:37:_attach_services()

[GameSession] Adding node to tree: <Node#3813226322473>

   At: res://Gameplay/game_session.gd:37:_attach_services()

[GameSession] Adding node to tree: <Node#3812840446451>

   At: res://Gameplay/game_session.gd:37:_attach_services()

[GameSession] Adding node to tree: <Node#3812857223659>

   At: res://Gameplay/game_session.gd:37:_attach_services()

[GameSession] Adding node to tree: <Node#3812874000895>

   At: res://Gameplay/game_session.gd:37:_attach_services()

[GameSession] Adding node to tree: <Node#3812974664202>

   At: res://Gameplay/game_session.gd:37:_attach_services()

[GameSession] Adding node to tree: <Node#3813092104737>

   At: res://Gameplay/game_session.gd:37:_attach_services()

[GameSession] Adding node to tree: <Node#3813108881934>

   At: res://Gameplay/game_session.gd:37:_attach_services()

[GameSession] Adding node to tree: <Node#3813125659179>

   At: res://Gameplay/game_session.gd:37:_attach_services()

[GameSession] Adding node to tree: <Node#3813175990801>

   At: res://Gameplay/game_session.gd:37:_attach_services()

[LevelManager] set_dialogue_service called. Service valid: true

   At: res://level/level_manager_gameplay.gd:49:set_dialogue_service()

[RosterLoader] Using provided player roster with 6 units.

[Orchestrator] No level resource provided. Skipping initialization.

   At: res://level/level_initialization_orchestrator.gd:7:run_initialization_pipeline()

[Orchestrator] --- STARTING LEVEL INITIALIZATION PIPELINE ---

   At: res://level/level_initialization_orchestrator.gd:17:run_initialization_pipeline()

[Orchestrator] Phase 1: Preparing level data...

   At: res://level/level_initialization_orchestrator.gd:21:run_initialization_pipeline()

[RosterLoader] Using provided player roster with 6 units.

DialogueActionService: prepare_for_level() called.

   At: res://Gameplay/narrative/dialogue/dialogue_action_service.gd:85:prepare_for_level()

JournalManager: set_level() called for level ID:

   At: res://Autoloads/journal_manager.gd:32:set_level()

JournalManager: _initialize_default_content() called.

   At: res://Autoloads/journal_manager.gd:54:_initialize_default_content()

[Orchestrator] Phase 2: Clearing world state...

   At: res://level/level_initialization_orchestrator.gd:26:run_initialization_pipeline()

[Orchestrator] Phase 3: Building environment (Terrain & Grid)...

   At: res://level/level_initialization_orchestrator.gd:31:run_initialization_pipeline()

[Orchestrator] Phase 4: Bootstrapping narrative context...

   At: res://level/level_initialization_orchestrator.gd:37:run_initialization_pipeline()

[Orchestrator] Phase 5: Spawning global level content...

   At: res://level/level_initialization_orchestrator.gd:42:run_initialization_pipeline()

[HUDController] Selecting unit: Assassin (Player)

   At: res://GUI/HUD/hud_controller.gd:260:_on_unit_manager_selection_changed()

DialogueActionService: register_triggers() called.

   At: res://Gameplay/narrative/dialogue/dialogue_action_service.gd:92:register_triggers()

[Orchestrator] Phase 6: Activating initial narrative stage...

   At: res://level/level_initialization_orchestrator.gd:48:run_initialization_pipeline()

[Orchestrator] Phase 7: Finalizing technical setup...

   At: res://level/level_initialization_orchestrator.gd:53:run_initialization_pipeline()

SaveManager: Saved state for undo. History size: 15 Current index: 14

   At: res://Autoloads/save_manager.gd:296:save_current_state_for_undo()

[HUDController] Selecting unit: Assassin (Player)

   At: res://GUI/HUD/hud_controller.gd:260:_on_unit_manager_selection_changed()

AutoBattleService: maybe_run_turn requested for unit=Assassin

   At: res://Gameplay/turn/auto_battle_service.gd:82:maybe_run_turn()

AutoBattleService: disabled; skipping auto run request

   At: res://Gameplay/turn/auto_battle_service.gd:84:maybe_run_turn()

[Orchestrator] --- INITIALIZATION PIPELINE COMPLETE ---

   At: res://level/level_initialization_orchestrator.gd:56:run_initialization_pipeline()

InputController: executing camera command 'zoom_camera' with payload=1

   At: res://Gameplay/inputs/input_controller.gd:191:_execute_command()

Command 'zoom_camera' executing with payload=1

   At: res://Gameplay/commands/input_command_router.gd:33:execute()

Command 'zoom_camera' succeeded: SUCCESS

   At: res://Gameplay/commands/input_command_router.gd:43:execute()

InputController: executing camera command 'zoom_camera' with payload=-1

   At: res://Gameplay/inputs/input_controller.gd:191:_execute_command()

Command 'zoom_camera' executing with payload=-1

   At: res://Gameplay/commands/input_command_router.gd:33:execute()

Command 'zoom_camera' succeeded: SUCCESS

   At: res://Gameplay/commands/input_command_router.gd:43:execute()

DBG _on_primary_action_at screen=(736.0, 704.0) global=(128.0, 96.0)

   At: res://Gameplay/inputs/input_controller.gd:158:_on_primary_action_at()

InputController: cmd=primary_action sel=0 player_unit=true player_turn=true

   At: res://Gameplay/inputs/input_controller.gd:206:_execute_command()

InputController: checkpoint requested for primary_action

   At: res://Gameplay/inputs/input_controller.gd:220:_execute_command()

SaveManager: Saved state for undo. History size: 16 Current index: 15

   At: res://Autoloads/save_manager.gd:296:save_current_state_for_undo()

InputController: executing player command 'primary_action'

   At: res://Gameplay/inputs/input_controller.gd:226:_execute_command()

Command 'primary_action' executing with payload=(128.0, 96.0)

   At: res://Gameplay/commands/input_command_router.gd:33:execute()

DBG PrimaryActionCommand: payload_global=(128.0, 96.0) converted_cell=(2, 1)

   At: res://Gameplay/commands/primary_action_command.gd:36:execute()

DBG PrimaryActionCommand: No unit at cell (2, 1). Requesting move to coord.

   At: res://Gameplay/commands/primary_action_command.gd:49:execute()

DBG request_move_to_coord start, target=(2, 1)

   At: res://Gameplay/map/move_controller.gd:76:request_move_to_coord()

DBG request_move_to_coord: success, tentative destination set to (2, 1) (cost: 1)

   At: res://Gameplay/map/move_controller.gd:306:_execute_coordinate_move()

Command 'primary_action' succeeded: SUCCESS

   At: res://Gameplay/commands/input_command_router.gd:43:execute()

  Report:

	line 1: WARNING:

	 Detected <2> orphan nodes during test setup! Check before_test() and after_test()!

  Report:

	line 62: WARNING:

	 Detected <60> orphan nodes during test execution!

test_gameplay_camera:finalze

  Report:

	line 1: WARNING:

	 Detected <64> orphan nodes during test suite setup stage! Check before() and after()!

Run Test Suite: res://tests/test_gameplay_freecam.gd

  res://tests/test_gameplay_freecam.gd > test_toggle_free_cam_action STARTED

[RosterLoader] Loaded saved player roster with 6 units.

[Task] setup() called with state=valid

   At: res://Gameplay/narrative/task/task_controller.gd:32:setup()

DialogueActionService: setup() called.

   At: res://Gameplay/narrative/dialogue/dialogue_action_service.gd:42:setup()

JournalManager: setup() called.

   At: res://Autoloads/journal_manager.gd:12:setup()

JournalManager: TaskManager setup complete.

   At: res://Autoloads/journal_manager.gd:26:setup()

InputController: command router initialized; commands=true

   At: res://Gameplay/inputs/input_controller.gd:53:setup()

GameSessionBuilder: input controller wired; HUD and systems initialized

   At: res://Gameplay/game_session_builder.gd:129:_setup_input_and_hud()

[GameSession] _attach_services calling for 16 nodes

   At: res://Gameplay/game_session.gd:32:_attach_services()

[GameSession] Adding node to tree: <CanvasLayer#3858642246095>

   At: res://Gameplay/game_session.gd:37:_attach_services()

[GameSession] Adding node to tree: <Node2D#3858625467552>

   At: res://Gameplay/game_session.gd:37:_attach_services()

[GameSession] Adding node to tree: <Node2D#3858659022644>

   At: res://Gameplay/game_session.gd:37:_attach_services()

[GameSession] Adding node to tree: <Node#3858692576938>

   At: res://Gameplay/game_session.gd:37:_attach_services()

[GameSession] Adding node to tree: <Node#3858759686120>

   At: res://Gameplay/game_session.gd:37:_attach_services()

[GameSession] Adding node to tree: <Node#3858591912963>

   At: res://Gameplay/game_session.gd:37:_attach_services()

[GameSession] Adding node to tree: <Node#3858893902884>

   At: res://Gameplay/game_session.gd:37:_attach_services()

[GameSession] Adding node to tree: <Node#3858927458229>

   At: res://Gameplay/game_session.gd:37:_attach_services()

[GameSession] Adding node to tree: <Node#3858541582578>

   At: res://Gameplay/game_session.gd:37:_attach_services()

[GameSession] Adding node to tree: <Node#3858558359847>

   At: res://Gameplay/game_session.gd:37:_attach_services()

[GameSession] Adding node to tree: <Node#3858575136149>

   At: res://Gameplay/game_session.gd:37:_attach_services()

[GameSession] Adding node to tree: <Node#3858675799862>

   At: res://Gameplay/game_session.gd:37:_attach_services()

[GameSession] Adding node to tree: <Node#3858793240561>

   At: res://Gameplay/game_session.gd:37:_attach_services()

[GameSession] Adding node to tree: <Node#3858810017998>

   At: res://Gameplay/game_session.gd:37:_attach_services()

[GameSession] Adding node to tree: <Node#3858826794153>

   At: res://Gameplay/game_session.gd:37:_attach_services()

[GameSession] Adding node to tree: <Node#3858877125753>

   At: res://Gameplay/game_session.gd:37:_attach_services()

[LevelManager] set_dialogue_service called. Service valid: true

   At: res://level/level_manager_gameplay.gd:49:set_dialogue_service()

[RosterLoader] Using provided player roster with 6 units.

[Orchestrator] No level resource provided. Skipping initialization.

   At: res://level/level_initialization_orchestrator.gd:7:run_initialization_pipeline()

InputController: executing camera command 'toggle_free_cam' with payload=<null>

   At: res://Gameplay/inputs/input_controller.gd:191:_execute_command()

Command 'toggle_free_cam' executing with payload=<null>

   At: res://Gameplay/commands/input_command_router.gd:33:execute()

Command 'toggle_free_cam' succeeded: SUCCESS

   At: res://Gameplay/commands/input_command_router.gd:43:execute()

InputController: executing camera command 'toggle_free_cam' with payload=<null>

   At: res://Gameplay/inputs/input_controller.gd:191:_execute_command()

Command 'toggle_free_cam' executing with payload=<null>

   At: res://Gameplay/commands/input_command_router.gd:33:execute()

Command 'toggle_free_cam' succeeded: SUCCESS

   At: res://Gameplay/commands/input_command_router.gd:43:execute()

  Report:

	line 1: WARNING:

	 Detected <2> orphan nodes during test setup! Check before_test() and after_test()!

  res://tests/test_gameplay_freecam.gd > test_free_cam_disables_centering_on_selection_cycle STARTED

[RosterLoader] Loaded saved player roster with 6 units.

[Task] setup() called with state=valid

   At: res://Gameplay/narrative/task/task_controller.gd:32:setup()

DialogueActionService: setup() called.

   At: res://Gameplay/narrative/dialogue/dialogue_action_service.gd:42:setup()

JournalManager: setup() called.

   At: res://Autoloads/journal_manager.gd:12:setup()

JournalManager: TaskManager setup complete.

   At: res://Autoloads/journal_manager.gd:26:setup()

InputController: command router initialized; commands=true

   At: res://Gameplay/inputs/input_controller.gd:53:setup()

GameSessionBuilder: input controller wired; HUD and systems initialized

   At: res://Gameplay/game_session_builder.gd:129:_setup_input_and_hud()

[GameSession] _attach_services calling for 16 nodes

   At: res://Gameplay/game_session.gd:32:_attach_services()

[GameSession] Adding node to tree: <CanvasLayer#3872969988681>

   At: res://Gameplay/game_session.gd:37:_attach_services()

[GameSession] Adding node to tree: <Node2D#3872953210879>

   At: res://Gameplay/game_session.gd:37:_attach_services()

[GameSession] Adding node to tree: <Node2D#3872986764743>

   At: res://Gameplay/game_session.gd:37:_attach_services()

[GameSession] Adding node to tree: <Node#3873020320078>

   At: res://Gameplay/game_session.gd:37:_attach_services()

[GameSession] Adding node to tree: <Node#3873087429100>

   At: res://Gameplay/game_session.gd:37:_attach_services()

[GameSession] Adding node to tree: <Node#3872919656443>

   At: res://Gameplay/game_session.gd:37:_attach_services()

[GameSession] Adding node to tree: <Node#3873221647135>

   At: res://Gameplay/game_session.gd:37:_attach_services()

[GameSession] Adding node to tree: <Node#3873255201570>

   At: res://Gameplay/game_session.gd:37:_attach_services()

[GameSession] Adding node to tree: <Node#3872869324845>

   At: res://Gameplay/game_session.gd:37:_attach_services()

[GameSession] Adding node to tree: <Node#3872886101249>

   At: res://Gameplay/game_session.gd:37:_attach_services()

[GameSession] Adding node to tree: <Node#3872902879336>

   At: res://Gameplay/game_session.gd:37:_attach_services()

[GameSession] Adding node to tree: <Node#3873003542611>

   At: res://Gameplay/game_session.gd:37:_attach_services()

[GameSession] Adding node to tree: <Node#3873120983849>

   At: res://Gameplay/game_session.gd:37:_attach_services()

[GameSession] Adding node to tree: <Node#3873137761050>

   At: res://Gameplay/game_session.gd:37:_attach_services()

[GameSession] Adding node to tree: <Node#3873154538277>

   At: res://Gameplay/game_session.gd:37:_attach_services()

[GameSession] Adding node to tree: <Node#3873204869920>

   At: res://Gameplay/game_session.gd:37:_attach_services()

[LevelManager] set_dialogue_service called. Service valid: true

   At: res://level/level_manager_gameplay.gd:49:set_dialogue_service()

[RosterLoader] Using provided player roster with 6 units.

[Orchestrator] No level resource provided. Skipping initialization.

   At: res://level/level_initialization_orchestrator.gd:7:run_initialization_pipeline()

[Orchestrator] --- STARTING LEVEL INITIALIZATION PIPELINE ---

   At: res://level/level_initialization_orchestrator.gd:17:run_initialization_pipeline()

[Orchestrator] Phase 1: Preparing level data...

   At: res://level/level_initialization_orchestrator.gd:21:run_initialization_pipeline()

[RosterLoader] Using provided player roster with 6 units.

DialogueActionService: prepare_for_level() called.

   At: res://Gameplay/narrative/dialogue/dialogue_action_service.gd:85:prepare_for_level()

JournalManager: set_level() called for level ID:

   At: res://Autoloads/journal_manager.gd:32:set_level()

JournalManager: _initialize_default_content() called.

   At: res://Autoloads/journal_manager.gd:54:_initialize_default_content()

[Orchestrator] Phase 2: Clearing world state...

   At: res://level/level_initialization_orchestrator.gd:26:run_initialization_pipeline()

[Orchestrator] Phase 3: Building environment (Terrain & Grid)...

   At: res://level/level_initialization_orchestrator.gd:31:run_initialization_pipeline()

[Orchestrator] Phase 4: Bootstrapping narrative context...

   At: res://level/level_initialization_orchestrator.gd:37:run_initialization_pipeline()

[Orchestrator] Phase 5: Spawning global level content...

   At: res://level/level_initialization_orchestrator.gd:42:run_initialization_pipeline()

[HUDController] Selecting unit: Assassin (Player)

   At: res://GUI/HUD/hud_controller.gd:260:_on_unit_manager_selection_changed()

DialogueActionService: register_triggers() called.

   At: res://Gameplay/narrative/dialogue/dialogue_action_service.gd:92:register_triggers()

[Orchestrator] Phase 6: Activating initial narrative stage...

   At: res://level/level_initialization_orchestrator.gd:48:run_initialization_pipeline()

[Orchestrator] Phase 7: Finalizing technical setup...

   At: res://level/level_initialization_orchestrator.gd:53:run_initialization_pipeline()

SaveManager: Saved state for undo. History size: 17 Current index: 16

   At: res://Autoloads/save_manager.gd:296:save_current_state_for_undo()

[HUDController] Selecting unit: Assassin (Player)

   At: res://GUI/HUD/hud_controller.gd:260:_on_unit_manager_selection_changed()

AutoBattleService: maybe_run_turn requested for unit=Assassin

   At: res://Gameplay/turn/auto_battle_service.gd:82:maybe_run_turn()

AutoBattleService: disabled; skipping auto run request

   At: res://Gameplay/turn/auto_battle_service.gd:84:maybe_run_turn()

[Orchestrator] --- INITIALIZATION PIPELINE COMPLETE ---

   At: res://level/level_initialization_orchestrator.gd:56:run_initialization_pipeline()

InputController: executing camera command 'toggle_free_cam' with payload=<null>

   At: res://Gameplay/inputs/input_controller.gd:191:_execute_command()

Command 'toggle_free_cam' executing with payload=<null>

   At: res://Gameplay/commands/input_command_router.gd:33:execute()

Command 'toggle_free_cam' succeeded: SUCCESS

   At: res://Gameplay/commands/input_command_router.gd:43:execute()

InputController: executing selection command 'selection_cycle'

   At: res://Gameplay/inputs/input_controller.gd:198:_execute_command()

Command 'selection_cycle' executing with payload=1

   At: res://Gameplay/commands/input_command_router.gd:33:execute()

[HUDController] Selecting unit: Berserker (Player)

   At: res://GUI/HUD/hud_controller.gd:260:_on_unit_manager_selection_changed()

Command 'selection_cycle' succeeded: SUCCESS

   At: res://Gameplay/commands/input_command_router.gd:43:execute()

  Report:

	line 1: WARNING:

	 Detected <2> orphan nodes during test setup! Check before_test() and after_test()!

  Report:

	line 76: WARNING:

	 Detected <56> orphan nodes during test execution!

test_gameplay_freecam:finalze

  Report:

	line 1: WARNING:

	 Detected <60> orphan nodes during test suite setup stage! Check before() and after()!

Run Test Suite: res://tests/test_gameplay_selection_mouse.gd

  res://tests/test_gameplay_selection_mouse.gd > test_camera_centers_on_selected_when_cycled STARTED

[RosterLoader] Loaded saved player roster with 6 units.

[Task] setup() called with state=valid

   At: res://Gameplay/narrative/task/task_controller.gd:32:setup()

DialogueActionService: setup() called.

   At: res://Gameplay/narrative/dialogue/dialogue_action_service.gd:42:setup()

JournalManager: setup() called.

   At: res://Autoloads/journal_manager.gd:12:setup()

JournalManager: TaskManager setup complete.

   At: res://Autoloads/journal_manager.gd:26:setup()

InputController: command router initialized; commands=true

   At: res://Gameplay/inputs/input_controller.gd:53:setup()

GameSessionBuilder: input controller wired; HUD and systems initialized

   At: res://Gameplay/game_session_builder.gd:129:_setup_input_and_hud()

[GameSession] _attach_services calling for 16 nodes

   At: res://Gameplay/game_session.gd:32:_attach_services()

[GameSession] Adding node to tree: <CanvasLayer#3913017202952>

   At: res://Gameplay/game_session.gd:37:_attach_services()

[GameSession] Adding node to tree: <Node2D#3913000426113>

   At: res://Gameplay/game_session.gd:37:_attach_services()

[GameSession] Adding node to tree: <Node2D#3913033980049>

   At: res://Gameplay/game_session.gd:37:_attach_services()

[GameSession] Adding node to tree: <Node#3913067534605>

   At: res://Gameplay/game_session.gd:37:_attach_services()

[GameSession] Adding node to tree: <Node#3913134642395>

   At: res://Gameplay/game_session.gd:37:_attach_services()

[GameSession] Adding node to tree: <Node#3912966871764>

   At: res://Gameplay/game_session.gd:37:_attach_services()

[GameSession] Adding node to tree: <Node#3913268860611>

   At: res://Gameplay/game_session.gd:37:_attach_services()

[GameSession] Adding node to tree: <Node#3913302414324>

   At: res://Gameplay/game_session.gd:37:_attach_services()

[GameSession] Adding node to tree: <Node#3912916539807>

   At: res://Gameplay/game_session.gd:37:_attach_services()

[GameSession] Adding node to tree: <Node#3912933317268>

   At: res://Gameplay/game_session.gd:37:_attach_services()

[GameSession] Adding node to tree: <Node#3912950094547>

   At: res://Gameplay/game_session.gd:37:_attach_services()

[GameSession] Adding node to tree: <Node#3913050756327>

   At: res://Gameplay/game_session.gd:37:_attach_services()

[GameSession] Adding node to tree: <Node#3913168197445>

   At: res://Gameplay/game_session.gd:37:_attach_services()

[GameSession] Adding node to tree: <Node#3913184974973>

   At: res://Gameplay/game_session.gd:37:_attach_services()

[GameSession] Adding node to tree: <Node#3913201751208>

   At: res://Gameplay/game_session.gd:37:_attach_services()

[GameSession] Adding node to tree: <Node#3913252083001>

   At: res://Gameplay/game_session.gd:37:_attach_services()

[LevelManager] set_dialogue_service called. Service valid: true

   At: res://level/level_manager_gameplay.gd:49:set_dialogue_service()

[RosterLoader] Using provided player roster with 6 units.

[Orchestrator] No level resource provided. Skipping initialization.

   At: res://level/level_initialization_orchestrator.gd:7:run_initialization_pipeline()

  Report:

	line 1: WARNING:

	 Detected <2> orphan nodes during test setup! Check before_test() and after_test()!

  res://tests/test_gameplay_selection_mouse.gd > test_primary_action_selects_unit STARTED

[RosterLoader] Loaded saved player roster with 6 units.

[Task] setup() called with state=valid

   At: res://Gameplay/narrative/task/task_controller.gd:32:setup()

DialogueActionService: setup() called.

   At: res://Gameplay/narrative/dialogue/dialogue_action_service.gd:42:setup()

JournalManager: setup() called.

   At: res://Autoloads/journal_manager.gd:12:setup()

JournalManager: TaskManager setup complete.

   At: res://Autoloads/journal_manager.gd:26:setup()

InputController: command router initialized; commands=true

   At: res://Gameplay/inputs/input_controller.gd:53:setup()

GameSessionBuilder: input controller wired; HUD and systems initialized

   At: res://Gameplay/game_session_builder.gd:129:_setup_input_and_hud()

[GameSession] _attach_services calling for 16 nodes

   At: res://Gameplay/game_session.gd:32:_attach_services()

[GameSession] Adding node to tree: <CanvasLayer#3926891960748>

   At: res://Gameplay/game_session.gd:37:_attach_services()

[GameSession] Adding node to tree: <Node2D#3926875183052>

   At: res://Gameplay/game_session.gd:37:_attach_services()

[GameSession] Adding node to tree: <Node2D#3926908737880>

   At: res://Gameplay/game_session.gd:37:_attach_services()

[GameSession] Adding node to tree: <Node#3926942290623>

   At: res://Gameplay/game_session.gd:37:_attach_services()

[GameSession] Adding node to tree: <Node#3927009401883>

   At: res://Gameplay/game_session.gd:37:_attach_services()

[GameSession] Adding node to tree: <Node#3926841628722>

   At: res://Gameplay/game_session.gd:37:_attach_services()

[GameSession] Adding node to tree: <Node#3927143619608>

   At: res://Gameplay/game_session.gd:37:_attach_services()

[GameSession] Adding node to tree: <Node#3927177173973>

   At: res://Gameplay/game_session.gd:37:_attach_services()

[GameSession] Adding node to tree: <Node#3926791297411>

   At: res://Gameplay/game_session.gd:37:_attach_services()

[GameSession] Adding node to tree: <Node#3926808074988>

   At: res://Gameplay/game_session.gd:37:_attach_services()

[GameSession] Adding node to tree: <Node#3926824852208>

   At: res://Gameplay/game_session.gd:37:_attach_services()

[GameSession] Adding node to tree: <Node#3926925514376>

   At: res://Gameplay/game_session.gd:37:_attach_services()

[GameSession] Adding node to tree: <Node#3927042956324>

   At: res://Gameplay/game_session.gd:37:_attach_services()

[GameSession] Adding node to tree: <Node#3927059733541>

   At: res://Gameplay/game_session.gd:37:_attach_services()

[GameSession] Adding node to tree: <Node#3927076510664>

   At: res://Gameplay/game_session.gd:37:_attach_services()

[GameSession] Adding node to tree: <Node#3927126842396>

   At: res://Gameplay/game_session.gd:37:_attach_services()

[LevelManager] set_dialogue_service called. Service valid: true

   At: res://level/level_manager_gameplay.gd:49:set_dialogue_service()

[RosterLoader] Using provided player roster with 6 units.

[Orchestrator] No level resource provided. Skipping initialization.

   At: res://level/level_initialization_orchestrator.gd:7:run_initialization_pipeline()

  Report:

	line 1: WARNING:

	 Detected <2> orphan nodes during test setup! Check before_test() and after_test()!

  res://tests/test_gameplay_selection_mouse.gd > test_primary_action_moves_unit STARTED

[RosterLoader] Loaded saved player roster with 6 units.

[Task] setup() called with state=valid

   At: res://Gameplay/narrative/task/task_controller.gd:32:setup()

DialogueActionService: setup() called.

   At: res://Gameplay/narrative/dialogue/dialogue_action_service.gd:42:setup()

JournalManager: setup() called.

   At: res://Autoloads/journal_manager.gd:12:setup()

JournalManager: TaskManager setup complete.

   At: res://Autoloads/journal_manager.gd:26:setup()

InputController: command router initialized; commands=true

   At: res://Gameplay/inputs/input_controller.gd:53:setup()

GameSessionBuilder: input controller wired; HUD and systems initialized

   At: res://Gameplay/game_session_builder.gd:129:_setup_input_and_hud()

[GameSession] _attach_services calling for 16 nodes

   At: res://Gameplay/game_session.gd:32:_attach_services()

[GameSession] Adding node to tree: <CanvasLayer#3940766718487>

   At: res://Gameplay/game_session.gd:37:_attach_services()

[GameSession] Adding node to tree: <Node2D#3940749941282>

   At: res://Gameplay/game_session.gd:37:_attach_services()

[GameSession] Adding node to tree: <Node2D#3940783495694>

   At: res://Gameplay/game_session.gd:37:_attach_services()

[GameSession] Adding node to tree: <Node#3940817050145>

   At: res://Gameplay/game_session.gd:37:_attach_services()

[GameSession] Adding node to tree: <Node#3940884159034>

   At: res://Gameplay/game_session.gd:37:_attach_services()

[GameSession] Adding node to tree: <Node#3940716386824>

   At: res://Gameplay/game_session.gd:37:_attach_services()

[GameSession] Adding node to tree: <Node#3941018376868>

   At: res://Gameplay/game_session.gd:37:_attach_services()

[GameSession] Adding node to tree: <Node#3941051931161>

   At: res://Gameplay/game_session.gd:37:_attach_services()

[GameSession] Adding node to tree: <Node#3940666055383>

   At: res://Gameplay/game_session.gd:37:_attach_services()

[GameSession] Adding node to tree: <Node#3940682832769>

   At: res://Gameplay/game_session.gd:37:_attach_services()

[GameSession] Adding node to tree: <Node#3940699609773>

   At: res://Gameplay/game_session.gd:37:_attach_services()

[GameSession] Adding node to tree: <Node#3940800272371>

   At: res://Gameplay/game_session.gd:37:_attach_services()

[GameSession] Adding node to tree: <Node#3940917713579>

   At: res://Gameplay/game_session.gd:37:_attach_services()

[GameSession] Adding node to tree: <Node#3940934490794>

   At: res://Gameplay/game_session.gd:37:_attach_services()

[GameSession] Adding node to tree: <Node#3940951268371>

   At: res://Gameplay/game_session.gd:37:_attach_services()

[GameSession] Adding node to tree: <Node#3941001599653>

   At: res://Gameplay/game_session.gd:37:_attach_services()

[LevelManager] set_dialogue_service called. Service valid: true

   At: res://level/level_manager_gameplay.gd:49:set_dialogue_service()

[RosterLoader] Using provided player roster with 6 units.

[Orchestrator] No level resource provided. Skipping initialization.

   At: res://level/level_initialization_orchestrator.gd:7:run_initialization_pipeline()

[Orchestrator] --- STARTING LEVEL INITIALIZATION PIPELINE ---

   At: res://level/level_initialization_orchestrator.gd:17:run_initialization_pipeline()

[Orchestrator] Phase 1: Preparing level data...

   At: res://level/level_initialization_orchestrator.gd:21:run_initialization_pipeline()

[RosterLoader] Using provided player roster with 6 units.

DialogueActionService: prepare_for_level() called.

   At: res://Gameplay/narrative/dialogue/dialogue_action_service.gd:85:prepare_for_level()

JournalManager: set_level() called for level ID:

   At: res://Autoloads/journal_manager.gd:32:set_level()

JournalManager: _initialize_default_content() called.

   At: res://Autoloads/journal_manager.gd:54:_initialize_default_content()

[Orchestrator] Phase 2: Clearing world state...

   At: res://level/level_initialization_orchestrator.gd:26:run_initialization_pipeline()

[Orchestrator] Phase 3: Building environment (Terrain & Grid)...

   At: res://level/level_initialization_orchestrator.gd:31:run_initialization_pipeline()

[Orchestrator] Phase 4: Bootstrapping narrative context...

   At: res://level/level_initialization_orchestrator.gd:37:run_initialization_pipeline()

[Orchestrator] Phase 5: Spawning global level content...

   At: res://level/level_initialization_orchestrator.gd:42:run_initialization_pipeline()

[HUDController] Selecting unit: Assassin (Player)

   At: res://GUI/HUD/hud_controller.gd:260:_on_unit_manager_selection_changed()

DialogueActionService: register_triggers() called.

   At: res://Gameplay/narrative/dialogue/dialogue_action_service.gd:92:register_triggers()

[Orchestrator] Phase 6: Activating initial narrative stage...

   At: res://level/level_initialization_orchestrator.gd:48:run_initialization_pipeline()

[Orchestrator] Phase 7: Finalizing technical setup...

   At: res://level/level_initialization_orchestrator.gd:53:run_initialization_pipeline()

SaveManager: Saved state for undo. History size: 18 Current index: 17

   At: res://Autoloads/save_manager.gd:296:save_current_state_for_undo()

[HUDController] Selecting unit: Assassin (Player)

   At: res://GUI/HUD/hud_controller.gd:260:_on_unit_manager_selection_changed()

AutoBattleService: maybe_run_turn requested for unit=Assassin

   At: res://Gameplay/turn/auto_battle_service.gd:82:maybe_run_turn()

AutoBattleService: disabled; skipping auto run request

   At: res://Gameplay/turn/auto_battle_service.gd:84:maybe_run_turn()

[Orchestrator] --- INITIALIZATION PIPELINE COMPLETE ---

   At: res://level/level_initialization_orchestrator.gd:56:run_initialization_pipeline()

  res://tests/test_gameplay_selection_mouse.gd > test_primary_action_moves_unit FAILED 232ms

  Report:

	line 1: WARNING:

	 Detected <2> orphan nodes during test setup! Check before_test() and after_test()!

  Report:

	line 63: Godot Runtime Error !

		'at: test_primary_action_moves_unit (res://tests/test_gameplay_selection_mouse.gd:63)'

	Error: 'Invalid access to property or key '_hex_navigator' on a base object of type 'Node2D (gameplay.gd)'.'

  Report:

	line 57: WARNING:

	 Detected <52> orphan nodes during test execution!

test_gameplay_selection_mouse:finalze

  Report:

	line 1: WARNING:

	 Detected <58> orphan nodes during test suite setup stage! Check before() and after()!

Run Test Suite: res://tests/test_gameplay_task.gd

  res://tests/test_gameplay_task.gd > test_gameplay_scene_builds_locations STARTED

[RosterLoader] Loaded saved player roster with 6 units.

[Task] setup() called with state=valid

   At: res://Gameplay/narrative/task/task_controller.gd:32:setup()

DialogueActionService: setup() called.

   At: res://Gameplay/narrative/dialogue/dialogue_action_service.gd:42:setup()

JournalManager: setup() called.

   At: res://Autoloads/journal_manager.gd:12:setup()

JournalManager: TaskManager setup complete.

   At: res://Autoloads/journal_manager.gd:26:setup()

InputController: command router initialized; commands=true

   At: res://Gameplay/inputs/input_controller.gd:53:setup()

GameSessionBuilder: input controller wired; HUD and systems initialized

   At: res://Gameplay/game_session_builder.gd:129:_setup_input_and_hud()

[GameSession] _attach_services calling for 16 nodes

   At: res://Gameplay/game_session.gd:32:_attach_services()

[GameSession] Adding node to tree: <CanvasLayer#3974488922868>

   At: res://Gameplay/game_session.gd:37:_attach_services()

[GameSession] Adding node to tree: <Node2D#3974472146022>

   At: res://Gameplay/game_session.gd:37:_attach_services()

[GameSession] Adding node to tree: <Node2D#3974505700456>

   At: res://Gameplay/game_session.gd:37:_attach_services()

[GameSession] Adding node to tree: <Node#3974539253502>

   At: res://Gameplay/game_session.gd:37:_attach_services()

[GameSession] Adding node to tree: <Node#3974606363088>

   At: res://Gameplay/game_session.gd:37:_attach_services()

[GameSession] Adding node to tree: <Node#3974438590236>

   At: res://Gameplay/game_session.gd:37:_attach_services()

[GameSession] Adding node to tree: <Node#3974740581111>

   At: res://Gameplay/game_session.gd:37:_attach_services()

[GameSession] Adding node to tree: <Node#3974774134990>

   At: res://Gameplay/game_session.gd:37:_attach_services()

[GameSession] Adding node to tree: <Node#3974388259448>

   At: res://Gameplay/game_session.gd:37:_attach_services()

[GameSession] Adding node to tree: <Node#3974405036284>

   At: res://Gameplay/game_session.gd:37:_attach_services()

[GameSession] Adding node to tree: <Node#3974421812346>

   At: res://Gameplay/game_session.gd:37:_attach_services()

[GameSession] Adding node to tree: <Node#3974522477671>

   At: res://Gameplay/game_session.gd:37:_attach_services()

[GameSession] Adding node to tree: <Node#3974639916350>

   At: res://Gameplay/game_session.gd:37:_attach_services()

[GameSession] Adding node to tree: <Node#3974656693369>

   At: res://Gameplay/game_session.gd:37:_attach_services()

[GameSession] Adding node to tree: <Node#3974673472367>

   At: res://Gameplay/game_session.gd:37:_attach_services()

[GameSession] Adding node to tree: <Node#3974723802932>

   At: res://Gameplay/game_session.gd:37:_attach_services()

[LevelManager] set_dialogue_service called. Service valid: true

   At: res://level/level_manager_gameplay.gd:49:set_dialogue_service()

[RosterLoader] Using provided player roster with 6 units.

[Orchestrator] No level resource provided. Skipping initialization.

   At: res://level/level_initialization_orchestrator.gd:7:run_initialization_pipeline()

  res://tests/test_gameplay_task.gd > test_gameplay_scene_builds_locations FAILED 213ms

  Report:

	line 1: WARNING:

	 Detected <4> orphan nodes during test setup! Check before_test() and after_test()!

  Report:

	line 61: Godot Runtime Error !

		'at: _make_level (res://tests/test_gameplay_task.gd:61)'

	Error: 'Invalid assignment of property or key 'active_tasks' with value of type 'Array' on a base object of type 'Resource (Stage)'.'

  Report:

	line 67: WARNING:

	 Detected <4> orphan nodes during test execution!

  Report:

	line 81: Expecting: not to be '<null>'

  Report:

	line 84: Expecting: not to be '<null>'

  res://tests/test_gameplay_task.gd > test_interact_location_triggers_task_manager STARTED

[RosterLoader] Loaded saved player roster with 6 units.

[Task] setup() called with state=valid

   At: res://Gameplay/narrative/task/task_controller.gd:32:setup()

DialogueActionService: setup() called.

   At: res://Gameplay/narrative/dialogue/dialogue_action_service.gd:42:setup()

JournalManager: setup() called.

   At: res://Autoloads/journal_manager.gd:12:setup()

JournalManager: TaskManager setup complete.

   At: res://Autoloads/journal_manager.gd:26:setup()

InputController: command router initialized; commands=true

   At: res://Gameplay/inputs/input_controller.gd:53:setup()

GameSessionBuilder: input controller wired; HUD and systems initialized

   At: res://Gameplay/game_session_builder.gd:129:_setup_input_and_hud()

[GameSession] _attach_services calling for 16 nodes

   At: res://Gameplay/game_session.gd:32:_attach_services()

[GameSession] Adding node to tree: <CanvasLayer#3989454199951>

   At: res://Gameplay/game_session.gd:37:_attach_services()

[GameSession] Adding node to tree: <Node2D#3989437422241>

   At: res://Gameplay/game_session.gd:37:_attach_services()

[GameSession] Adding node to tree: <Node2D#3989470976535>

   At: res://Gameplay/game_session.gd:37:_attach_services()

[GameSession] Adding node to tree: <Node#3989504531325>

   At: res://Gameplay/game_session.gd:37:_attach_services()

[GameSession] Adding node to tree: <Node#3989571640503>

   At: res://Gameplay/game_session.gd:37:_attach_services()

[GameSession] Adding node to tree: <Node#3989403867777>

   At: res://Gameplay/game_session.gd:37:_attach_services()

[GameSession] Adding node to tree: <Node#3989705858235>

   At: res://Gameplay/game_session.gd:37:_attach_services()

[GameSession] Adding node to tree: <Node#3989739412662>

   At: res://Gameplay/game_session.gd:37:_attach_services()

[GameSession] Adding node to tree: <Node#3989353536659>

   At: res://Gameplay/game_session.gd:37:_attach_services()

[GameSession] Adding node to tree: <Node#3989370313225>

   At: res://Gameplay/game_session.gd:37:_attach_services()

[GameSession] Adding node to tree: <Node#3989387090485>

   At: res://Gameplay/game_session.gd:37:_attach_services()

[GameSession] Adding node to tree: <Node#3989487754329>

   At: res://Gameplay/game_session.gd:37:_attach_services()

[GameSession] Adding node to tree: <Node#3989605194944>

   At: res://Gameplay/game_session.gd:37:_attach_services()

[GameSession] Adding node to tree: <Node#3989621972161>

   At: res://Gameplay/game_session.gd:37:_attach_services()

[GameSession] Adding node to tree: <Node#3989638747898>

   At: res://Gameplay/game_session.gd:37:_attach_services()

[GameSession] Adding node to tree: <Node#3989689081028>

   At: res://Gameplay/game_session.gd:37:_attach_services()

[LevelManager] set_dialogue_service called. Service valid: true

   At: res://level/level_manager_gameplay.gd:49:set_dialogue_service()

[RosterLoader] Using provided player roster with 6 units.

[Orchestrator] No level resource provided. Skipping initialization.

   At: res://level/level_initialization_orchestrator.gd:7:run_initialization_pipeline()

  res://tests/test_gameplay_task.gd > test_interact_location_triggers_task_manager FAILED 193ms

  Report:

	line 1: WARNING:

	 Detected <5> orphan nodes during test setup! Check before_test() and after_test()!

  Report:

	line 61: Godot Runtime Error !

		'at: _make_level (res://tests/test_gameplay_task.gd:61)'

	Error: 'Invalid assignment of property or key 'active_tasks' with value of type 'Array' on a base object of type 'Resource (Stage)'.'

  Report:

	line 101: Godot Runtime Error !

		'at: test_interact_location_triggers_task_manager (res://tests/test_gameplay_task.gd:101)'

	Error: 'Invalid assignment of property or key 'coord' with value of type 'Vector2i' on a base object of type 'Nil'.'

  Report:

	line 86: WARNING:

	 Detected <5> orphan nodes during test execution!

test_gameplay_task:finalze

  Report:

	line 1: WARNING:

	 Detected <9> orphan nodes during test suite setup stage! Check before() and after()!

Run Test Suite: res://tests/test_gameplay_turns.gd

  res://tests/test_gameplay_turns.gd > test_player_unit_cannot_move_twice_before_turn_resets STARTED

[RosterLoader] Loaded saved player roster with 6 units.

[Task] setup() called with state=valid

   At: res://Gameplay/narrative/task/task_controller.gd:32:setup()

DialogueActionService: setup() called.

   At: res://Gameplay/narrative/dialogue/dialogue_action_service.gd:42:setup()

JournalManager: setup() called.

   At: res://Autoloads/journal_manager.gd:12:setup()

JournalManager: TaskManager setup complete.

   At: res://Autoloads/journal_manager.gd:26:setup()

InputController: command router initialized; commands=true

   At: res://Gameplay/inputs/input_controller.gd:53:setup()

GameSessionBuilder: input controller wired; HUD and systems initialized

   At: res://Gameplay/game_session_builder.gd:129:_setup_input_and_hud()

[GameSession] _attach_services calling for 16 nodes

   At: res://Gameplay/game_session.gd:32:_attach_services()

[GameSession] Adding node to tree: <CanvasLayer#4009754631114>

   At: res://Gameplay/game_session.gd:37:_attach_services()

[GameSession] Adding node to tree: <Node2D#4009737853887>

   At: res://Gameplay/game_session.gd:37:_attach_services()

[GameSession] Adding node to tree: <Node2D#4009771407003>

   At: res://Gameplay/game_session.gd:37:_attach_services()

[GameSession] Adding node to tree: <Node#4009804960856>

   At: res://Gameplay/game_session.gd:37:_attach_services()

[GameSession] Adding node to tree: <Node#4009872071629>

   At: res://Gameplay/game_session.gd:37:_attach_services()

[GameSession] Adding node to tree: <Node#4009704299606>

   At: res://Gameplay/game_session.gd:37:_attach_services()

[GameSession] Adding node to tree: <Node#4010006288895>

   At: res://Gameplay/game_session.gd:37:_attach_services()

[GameSession] Adding node to tree: <Node#4010039842105>

   At: res://Gameplay/game_session.gd:37:_attach_services()

[GameSession] Adding node to tree: <Node#4009653967957>

   At: res://Gameplay/game_session.gd:37:_attach_services()

[GameSession] Adding node to tree: <Node#4009670744951>

   At: res://Gameplay/game_session.gd:37:_attach_services()

[GameSession] Adding node to tree: <Node#4009687522391>

   At: res://Gameplay/game_session.gd:37:_attach_services()

[GameSession] Adding node to tree: <Node#4009788184554>

   At: res://Gameplay/game_session.gd:37:_attach_services()

[GameSession] Adding node to tree: <Node#4009905626145>

   At: res://Gameplay/game_session.gd:37:_attach_services()

[GameSession] Adding node to tree: <Node#4009922403358>

   At: res://Gameplay/game_session.gd:37:_attach_services()

[GameSession] Adding node to tree: <Node#4009939180492>

   At: res://Gameplay/game_session.gd:37:_attach_services()

[GameSession] Adding node to tree: <Node#4009989511918>

   At: res://Gameplay/game_session.gd:37:_attach_services()

[LevelManager] set_dialogue_service called. Service valid: true

   At: res://level/level_manager_gameplay.gd:49:set_dialogue_service()

[RosterLoader] Using provided player roster with 6 units.

[Orchestrator] No level resource provided. Skipping initialization.

   At: res://level/level_initialization_orchestrator.gd:7:run_initialization_pipeline()

  Report:

	line 1: WARNING:

	 Detected <2> orphan nodes during test setup! Check before_test() and after_test()!

  res://tests/test_gameplay_turns.gd > test_enemy_units_are_consumed_between_player_moves STARTED

[RosterLoader] Loaded saved player roster with 6 units.

[Task] setup() called with state=valid

   At: res://Gameplay/narrative/task/task_controller.gd:32:setup()

DialogueActionService: setup() called.

   At: res://Gameplay/narrative/dialogue/dialogue_action_service.gd:42:setup()

JournalManager: setup() called.

   At: res://Autoloads/journal_manager.gd:12:setup()

JournalManager: TaskManager setup complete.

   At: res://Autoloads/journal_manager.gd:26:setup()

InputController: command router initialized; commands=true

   At: res://Gameplay/inputs/input_controller.gd:53:setup()

GameSessionBuilder: input controller wired; HUD and systems initialized

   At: res://Gameplay/game_session_builder.gd:129:_setup_input_and_hud()

[GameSession] _attach_services calling for 16 nodes

   At: res://Gameplay/game_session.gd:32:_attach_services()

[GameSession] Adding node to tree: <CanvasLayer#4023629388744>

   At: res://Gameplay/game_session.gd:37:_attach_services()

[GameSession] Adding node to tree: <Node2D#4023612611622>

   At: res://Gameplay/game_session.gd:37:_attach_services()

[GameSession] Adding node to tree: <Node2D#4023646165744>

   At: res://Gameplay/game_session.gd:37:_attach_services()

[GameSession] Adding node to tree: <Node#4023679720374>

   At: res://Gameplay/game_session.gd:37:_attach_services()

[GameSession] Adding node to tree: <Node#4023746829234>

   At: res://Gameplay/game_session.gd:37:_attach_services()

[GameSession] Adding node to tree: <Node#4023579056689>

   At: res://Gameplay/game_session.gd:37:_attach_services()

[GameSession] Adding node to tree: <Node#4023881047066>

   At: res://Gameplay/game_session.gd:37:_attach_services()

[GameSession] Adding node to tree: <Node#4023914601514>

   At: res://Gameplay/game_session.gd:37:_attach_services()

[GameSession] Adding node to tree: <Node#4023528725380>

   At: res://Gameplay/game_session.gd:37:_attach_services()

[GameSession] Adding node to tree: <Node#4023545502159>

   At: res://Gameplay/game_session.gd:37:_attach_services()

[GameSession] Adding node to tree: <Node#4023562279485>

   At: res://Gameplay/game_session.gd:37:_attach_services()

[GameSession] Adding node to tree: <Node#4023662941832>

   At: res://Gameplay/game_session.gd:37:_attach_services()

[GameSession] Adding node to tree: <Node#4023780382770>

   At: res://Gameplay/game_session.gd:37:_attach_services()

[GameSession] Adding node to tree: <Node#4023797160877>

   At: res://Gameplay/game_session.gd:37:_attach_services()

[GameSession] Adding node to tree: <Node#4023813938103>

   At: res://Gameplay/game_session.gd:37:_attach_services()

[GameSession] Adding node to tree: <Node#4023864269663>

   At: res://Gameplay/game_session.gd:37:_attach_services()

[LevelManager] set_dialogue_service called. Service valid: true

   At: res://level/level_manager_gameplay.gd:49:set_dialogue_service()

[RosterLoader] Using provided player roster with 6 units.

[Orchestrator] No level resource provided. Skipping initialization.

   At: res://level/level_initialization_orchestrator.gd:7:run_initialization_pipeline()

  Report:

	line 1: WARNING:

	 Detected <2> orphan nodes during test setup! Check before_test() and after_test()!

  res://tests/test_gameplay_turns.gd > test_wait_skips_to_next_available_unit STARTED

[RosterLoader] Loaded saved player roster with 6 units.

[Task] setup() called with state=valid

   At: res://Gameplay/narrative/task/task_controller.gd:32:setup()

DialogueActionService: setup() called.

   At: res://Gameplay/narrative/dialogue/dialogue_action_service.gd:42:setup()

JournalManager: setup() called.

   At: res://Autoloads/journal_manager.gd:12:setup()

JournalManager: TaskManager setup complete.

   At: res://Autoloads/journal_manager.gd:26:setup()

InputController: command router initialized; commands=true

   At: res://Gameplay/inputs/input_controller.gd:53:setup()

GameSessionBuilder: input controller wired; HUD and systems initialized

   At: res://Gameplay/game_session_builder.gd:129:_setup_input_and_hud()

[GameSession] _attach_services calling for 16 nodes

   At: res://Gameplay/game_session.gd:32:_attach_services()

[GameSession] Adding node to tree: <CanvasLayer#4037504146188>

   At: res://Gameplay/game_session.gd:37:_attach_services()

[GameSession] Adding node to tree: <Node2D#4037487367290>

   At: res://Gameplay/game_session.gd:37:_attach_services()

[GameSession] Adding node to tree: <Node2D#4037520921918>

   At: res://Gameplay/game_session.gd:37:_attach_services()

[GameSession] Adding node to tree: <Node#4037554477308>

   At: res://Gameplay/game_session.gd:37:_attach_services()

[GameSession] Adding node to tree: <Node#4037621586406>

   At: res://Gameplay/game_session.gd:37:_attach_services()

[GameSession] Adding node to tree: <Node#4037453815075>

   At: res://Gameplay/game_session.gd:37:_attach_services()

[GameSession] Adding node to tree: <Node#4037755804816>

   At: res://Gameplay/game_session.gd:37:_attach_services()

[GameSession] Adding node to tree: <Node#4037789358965>

   At: res://Gameplay/game_session.gd:37:_attach_services()

[GameSession] Adding node to tree: <Node#4037403483426>

   At: res://Gameplay/game_session.gd:37:_attach_services()

[GameSession] Adding node to tree: <Node#4037420259124>

   At: res://Gameplay/game_session.gd:37:_attach_services()

[GameSession] Adding node to tree: <Node#4037437037860>

   At: res://Gameplay/game_session.gd:37:_attach_services()

[GameSession] Adding node to tree: <Node#4037537698937>

   At: res://Gameplay/game_session.gd:37:_attach_services()

[GameSession] Adding node to tree: <Node#4037655141658>

   At: res://Gameplay/game_session.gd:37:_attach_services()

[GameSession] Adding node to tree: <Node#4037671918875>

   At: res://Gameplay/game_session.gd:37:_attach_services()

[GameSession] Adding node to tree: <Node#4037688696125>

   At: res://Gameplay/game_session.gd:37:_attach_services()

[GameSession] Adding node to tree: <Node#4037739026531>

   At: res://Gameplay/game_session.gd:37:_attach_services()

[LevelManager] set_dialogue_service called. Service valid: true

   At: res://level/level_manager_gameplay.gd:49:set_dialogue_service()

[RosterLoader] Using provided player roster with 6 units.

[Orchestrator] No level resource provided. Skipping initialization.

   At: res://level/level_initialization_orchestrator.gd:7:run_initialization_pipeline()

  Report:

	line 1: WARNING:

	 Detected <2> orphan nodes during test setup! Check before_test() and after_test()!

test_gameplay_turns:finalze

  Report:

	line 1: WARNING:

	 Detected <6> orphan nodes during test suite setup stage! Check before() and after()!

Run Test Suite: res://tests/test_gameplay_units.gd

  res://tests/test_gameplay_units.gd > test_unit_cannot_move_into_occupied_tile STARTED

[RosterLoader] Loaded saved player roster with 6 units.

[Task] setup() called with state=valid

   At: res://Gameplay/narrative/task/task_controller.gd:32:setup()

DialogueActionService: setup() called.

   At: res://Gameplay/narrative/dialogue/dialogue_action_service.gd:42:setup()

JournalManager: setup() called.

   At: res://Autoloads/journal_manager.gd:12:setup()

JournalManager: TaskManager setup complete.

   At: res://Autoloads/journal_manager.gd:26:setup()

InputController: command router initialized; commands=true

   At: res://Gameplay/inputs/input_controller.gd:53:setup()

GameSessionBuilder: input controller wired; HUD and systems initialized

   At: res://Gameplay/game_session_builder.gd:129:_setup_input_and_hud()

[GameSession] _attach_services calling for 16 nodes

   At: res://Gameplay/game_session.gd:32:_attach_services()

[GameSession] Adding node to tree: <CanvasLayer#4062535752234>

   At: res://Gameplay/game_session.gd:37:_attach_services()

[GameSession] Adding node to tree: <Node2D#4062518975565>

   At: res://Gameplay/game_session.gd:37:_attach_services()

[GameSession] Adding node to tree: <Node2D#4062552529422>

   At: res://Gameplay/game_session.gd:37:_attach_services()

[GameSession] Adding node to tree: <Node#4062586084519>

   At: res://Gameplay/game_session.gd:37:_attach_services()

[GameSession] Adding node to tree: <Node#4062653193385>

   At: res://Gameplay/game_session.gd:37:_attach_services()

[GameSession] Adding node to tree: <Node#4062485421254>

   At: res://Gameplay/game_session.gd:37:_attach_services()

[GameSession] Adding node to tree: <Node#4062787411135>

   At: res://Gameplay/game_session.gd:37:_attach_services()

[GameSession] Adding node to tree: <Node#4062820965538>

   At: res://Gameplay/game_session.gd:37:_attach_services()

[GameSession] Adding node to tree: <Node#4062435089025>

   At: res://Gameplay/game_session.gd:37:_attach_services()

[GameSession] Adding node to tree: <Node#4062451866121>

   At: res://Gameplay/game_session.gd:37:_attach_services()

[GameSession] Adding node to tree: <Node#4062468644023>

   At: res://Gameplay/game_session.gd:37:_attach_services()

[GameSession] Adding node to tree: <Node#4062569307212>

   At: res://Gameplay/game_session.gd:37:_attach_services()

[GameSession] Adding node to tree: <Node#4062686747306>

   At: res://Gameplay/game_session.gd:37:_attach_services()

[GameSession] Adding node to tree: <Node#4062703524523>

   At: res://Gameplay/game_session.gd:37:_attach_services()

[GameSession] Adding node to tree: <Node#4062720301977>

   At: res://Gameplay/game_session.gd:37:_attach_services()

[GameSession] Adding node to tree: <Node#4062770633918>

   At: res://Gameplay/game_session.gd:37:_attach_services()

[LevelManager] set_dialogue_service called. Service valid: true

   At: res://level/level_manager_gameplay.gd:49:set_dialogue_service()

[RosterLoader] Using provided player roster with 6 units.

[Orchestrator] No level resource provided. Skipping initialization.

   At: res://level/level_initialization_orchestrator.gd:7:run_initialization_pipeline()

  Report:

	line 1: WARNING:

	 Detected <2> orphan nodes during test setup! Check before_test() and after_test()!

  res://tests/test_gameplay_units.gd > test_cannot_select_enemy_unit_via_click STARTED

[RosterLoader] Loaded saved player roster with 6 units.

[Task] setup() called with state=valid

   At: res://Gameplay/narrative/task/task_controller.gd:32:setup()

DialogueActionService: setup() called.

   At: res://Gameplay/narrative/dialogue/dialogue_action_service.gd:42:setup()

JournalManager: setup() called.

   At: res://Autoloads/journal_manager.gd:12:setup()

JournalManager: TaskManager setup complete.

   At: res://Autoloads/journal_manager.gd:26:setup()

InputController: command router initialized; commands=true

   At: res://Gameplay/inputs/input_controller.gd:53:setup()

GameSessionBuilder: input controller wired; HUD and systems initialized

   At: res://Gameplay/game_session_builder.gd:129:_setup_input_and_hud()

[GameSession] _attach_services calling for 16 nodes

   At: res://Gameplay/game_session.gd:32:_attach_services()

[GameSession] Adding node to tree: <CanvasLayer#4076410510592>

   At: res://Gameplay/game_session.gd:37:_attach_services()

[GameSession] Adding node to tree: <Node2D#4076393731504>

   At: res://Gameplay/game_session.gd:37:_attach_services()

[GameSession] Adding node to tree: <Node2D#4076427285592>

   At: res://Gameplay/game_session.gd:37:_attach_services()

[GameSession] Adding node to tree: <Node#4076460840637>

   At: res://Gameplay/game_session.gd:37:_attach_services()

[GameSession] Adding node to tree: <Node#4076527951188>

   At: res://Gameplay/game_session.gd:37:_attach_services()

[GameSession] Adding node to tree: <Node#4076360178222>

   At: res://Gameplay/game_session.gd:37:_attach_services()

[GameSession] Adding node to tree: <Node#4076662168978>

   At: res://Gameplay/game_session.gd:37:_attach_services()

[GameSession] Adding node to tree: <Node#4076695723408>

   At: res://Gameplay/game_session.gd:37:_attach_services()

[GameSession] Adding node to tree: <Node#4076309847299>

   At: res://Gameplay/game_session.gd:37:_attach_services()

[GameSession] Adding node to tree: <Node#4076326623743>

   At: res://Gameplay/game_session.gd:37:_attach_services()

[GameSession] Adding node to tree: <Node#4076343401206>

   At: res://Gameplay/game_session.gd:37:_attach_services()

[GameSession] Adding node to tree: <Node#4076444064470>

   At: res://Gameplay/game_session.gd:37:_attach_services()

[GameSession] Adding node to tree: <Node#4076561505215>

   At: res://Gameplay/game_session.gd:37:_attach_services()

[GameSession] Adding node to tree: <Node#4076578282056>

   At: res://Gameplay/game_session.gd:37:_attach_services()

[GameSession] Adding node to tree: <Node#4076595060178>

   At: res://Gameplay/game_session.gd:37:_attach_services()

[GameSession] Adding node to tree: <Node#4076645391763>

   At: res://Gameplay/game_session.gd:37:_attach_services()

[LevelManager] set_dialogue_service called. Service valid: true

   At: res://level/level_manager_gameplay.gd:49:set_dialogue_service()

[RosterLoader] Using provided player roster with 6 units.

[Orchestrator] No level resource provided. Skipping initialization.

   At: res://level/level_initialization_orchestrator.gd:7:run_initialization_pipeline()

  Report:

	line 1: WARNING:

	 Detected <2> orphan nodes during test setup! Check before_test() and after_test()!

  res://tests/test_gameplay_units.gd > test_cycling_skips_enemy_units STARTED

[RosterLoader] Loaded saved player roster with 6 units.

[Task] setup() called with state=valid

   At: res://Gameplay/narrative/task/task_controller.gd:32:setup()

DialogueActionService: setup() called.

   At: res://Gameplay/narrative/dialogue/dialogue_action_service.gd:42:setup()

JournalManager: setup() called.

   At: res://Autoloads/journal_manager.gd:12:setup()

JournalManager: TaskManager setup complete.

   At: res://Autoloads/journal_manager.gd:26:setup()

InputController: command router initialized; commands=true

   At: res://Gameplay/inputs/input_controller.gd:53:setup()

GameSessionBuilder: input controller wired; HUD and systems initialized

   At: res://Gameplay/game_session_builder.gd:129:_setup_input_and_hud()

[GameSession] _attach_services calling for 16 nodes

   At: res://Gameplay/game_session.gd:32:_attach_services()

[GameSession] Adding node to tree: <CanvasLayer#4090285267886>

   At: res://Gameplay/game_session.gd:37:_attach_services()

[GameSession] Adding node to tree: <Node2D#4090268491132>

   At: res://Gameplay/game_session.gd:37:_attach_services()

[GameSession] Adding node to tree: <Node2D#4090302045542>

   At: res://Gameplay/game_session.gd:37:_attach_services()

[GameSession] Adding node to tree: <Node#4090335599973>

   At: res://Gameplay/game_session.gd:37:_attach_services()

[GameSession] Adding node to tree: <Node#4090402708320>

   At: res://Gameplay/game_session.gd:37:_attach_services()

[GameSession] Adding node to tree: <Node#4090234936246>

   At: res://Gameplay/game_session.gd:37:_attach_services()

[GameSession] Adding node to tree: <Node#4090536926568>

   At: res://Gameplay/game_session.gd:37:_attach_services()

[GameSession] Adding node to tree: <Node#4090570480996>

   At: res://Gameplay/game_session.gd:37:_attach_services()

[GameSession] Adding node to tree: <Node#4090184604592>

   At: res://Gameplay/game_session.gd:37:_attach_services()

[GameSession] Adding node to tree: <Node#4090201382265>

   At: res://Gameplay/game_session.gd:37:_attach_services()

[GameSession] Adding node to tree: <Node#4090218159469>

   At: res://Gameplay/game_session.gd:37:_attach_services()

[GameSession] Adding node to tree: <Node#4090318822427>

   At: res://Gameplay/game_session.gd:37:_attach_services()

[GameSession] Adding node to tree: <Node#4090436263317>

   At: res://Gameplay/game_session.gd:37:_attach_services()

[GameSession] Adding node to tree: <Node#4090453040532>

   At: res://Gameplay/game_session.gd:37:_attach_services()

[GameSession] Adding node to tree: <Node#4090469817461>

   At: res://Gameplay/game_session.gd:37:_attach_services()

[GameSession] Adding node to tree: <Node#4090520149353>

   At: res://Gameplay/game_session.gd:37:_attach_services()

[LevelManager] set_dialogue_service called. Service valid: true

   At: res://level/level_manager_gameplay.gd:49:set_dialogue_service()

[RosterLoader] Using provided player roster with 6 units.

[Orchestrator] No level resource provided. Skipping initialization.

   At: res://level/level_initialization_orchestrator.gd:7:run_initialization_pipeline()

  Report:

	line 1: WARNING:

	 Detected <2> orphan nodes during test setup! Check before_test() and after_test()!

  res://tests/test_gameplay_units.gd > test_dynamic_control_change STARTED

[RosterLoader] Loaded saved player roster with 6 units.

[Task] setup() called with state=valid

   At: res://Gameplay/narrative/task/task_controller.gd:32:setup()

DialogueActionService: setup() called.

   At: res://Gameplay/narrative/dialogue/dialogue_action_service.gd:42:setup()

JournalManager: setup() called.

   At: res://Autoloads/journal_manager.gd:12:setup()

JournalManager: TaskManager setup complete.

   At: res://Autoloads/journal_manager.gd:26:setup()

InputController: command router initialized; commands=true

   At: res://Gameplay/inputs/input_controller.gd:53:setup()

GameSessionBuilder: input controller wired; HUD and systems initialized

   At: res://Gameplay/game_session_builder.gd:129:_setup_input_and_hud()

[GameSession] _attach_services calling for 16 nodes

   At: res://Gameplay/game_session.gd:32:_attach_services()

[GameSession] Adding node to tree: <CanvasLayer#4104160025149>

   At: res://Gameplay/game_session.gd:37:_attach_services()

[GameSession] Adding node to tree: <Node2D#4104143248528>

   At: res://Gameplay/game_session.gd:37:_attach_services()

[GameSession] Adding node to tree: <Node2D#4104176802510>

   At: res://Gameplay/game_session.gd:37:_attach_services()

[GameSession] Adding node to tree: <Node#4104210357033>

   At: res://Gameplay/game_session.gd:37:_attach_services()

[GameSession] Adding node to tree: <Node#4104277466591>

   At: res://Gameplay/game_session.gd:37:_attach_services()

[GameSession] Adding node to tree: <Node#4104109693180>

   At: res://Gameplay/game_session.gd:37:_attach_services()

[GameSession] Adding node to tree: <Node#4104411683679>

   At: res://Gameplay/game_session.gd:37:_attach_services()

[GameSession] Adding node to tree: <Node#4104445238699>

   At: res://Gameplay/game_session.gd:37:_attach_services()

[GameSession] Adding node to tree: <Node#4104059361738>

   At: res://Gameplay/game_session.gd:37:_attach_services()

[GameSession] Adding node to tree: <Node#4104076139966>

   At: res://Gameplay/game_session.gd:37:_attach_services()

[GameSession] Adding node to tree: <Node#4104092917170>

   At: res://Gameplay/game_session.gd:37:_attach_services()

[GameSession] Adding node to tree: <Node#4104193580323>

   At: res://Gameplay/game_session.gd:37:_attach_services()

[GameSession] Adding node to tree: <Node#4104311021018>

   At: res://Gameplay/game_session.gd:37:_attach_services()

[GameSession] Adding node to tree: <Node#4104327798233>

   At: res://Gameplay/game_session.gd:37:_attach_services()

[GameSession] Adding node to tree: <Node#4104344575096>

   At: res://Gameplay/game_session.gd:37:_attach_services()

[GameSession] Adding node to tree: <Node#4104394906769>

   At: res://Gameplay/game_session.gd:37:_attach_services()

[LevelManager] set_dialogue_service called. Service valid: true

   At: res://level/level_manager_gameplay.gd:49:set_dialogue_service()

[RosterLoader] Using provided player roster with 6 units.

[Orchestrator] No level resource provided. Skipping initialization.

   At: res://level/level_initialization_orchestrator.gd:7:run_initialization_pipeline()

  Report:

	line 1: WARNING:

	 Detected <2> orphan nodes during test setup! Check before_test() and after_test()!

  res://tests/test_gameplay_units.gd > test_enemies_spawn_from_level_resource STARTED

[RosterLoader] Loaded saved player roster with 6 units.

[Task] setup() called with state=valid

   At: res://Gameplay/narrative/task/task_controller.gd:32:setup()

DialogueActionService: setup() called.

   At: res://Gameplay/narrative/dialogue/dialogue_action_service.gd:42:setup()

JournalManager: setup() called.

   At: res://Autoloads/journal_manager.gd:12:setup()

JournalManager: TaskManager setup complete.

   At: res://Autoloads/journal_manager.gd:26:setup()

InputController: command router initialized; commands=true

   At: res://Gameplay/inputs/input_controller.gd:53:setup()

GameSessionBuilder: input controller wired; HUD and systems initialized

   At: res://Gameplay/game_session_builder.gd:129:_setup_input_and_hud()

[GameSession] _attach_services calling for 16 nodes

   At: res://Gameplay/game_session.gd:32:_attach_services()

[GameSession] Adding node to tree: <CanvasLayer#4118034782989>

   At: res://Gameplay/game_session.gd:37:_attach_services()

[GameSession] Adding node to tree: <Node2D#4118018005568>

   At: res://Gameplay/game_session.gd:37:_attach_services()

[GameSession] Adding node to tree: <Node2D#4118051560397>

   At: res://Gameplay/game_session.gd:37:_attach_services()

[GameSession] Adding node to tree: <Node#4118085115135>

   At: res://Gameplay/game_session.gd:37:_attach_services()

[GameSession] Adding node to tree: <Node#4118152223927>

   At: res://Gameplay/game_session.gd:37:_attach_services()

[GameSession] Adding node to tree: <Node#4117984450243>

   At: res://Gameplay/game_session.gd:37:_attach_services()

[GameSession] Adding node to tree: <Node#4118286441635>

   At: res://Gameplay/game_session.gd:37:_attach_services()

[GameSession] Adding node to tree: <Node#4118319996102>

   At: res://Gameplay/game_session.gd:37:_attach_services()

[GameSession] Adding node to tree: <Node#4117934118891>

   At: res://Gameplay/game_session.gd:37:_attach_services()

[GameSession] Adding node to tree: <Node#4117950897486>

   At: res://Gameplay/game_session.gd:37:_attach_services()

[GameSession] Adding node to tree: <Node#4117967674896>

   At: res://Gameplay/game_session.gd:37:_attach_services()

[GameSession] Adding node to tree: <Node#4118068337391>

   At: res://Gameplay/game_session.gd:37:_attach_services()

[GameSession] Adding node to tree: <Node#4118185778338>

   At: res://Gameplay/game_session.gd:37:_attach_services()

[GameSession] Adding node to tree: <Node#4118202554796>

   At: res://Gameplay/game_session.gd:37:_attach_services()

[GameSession] Adding node to tree: <Node#4118219332772>

   At: res://Gameplay/game_session.gd:37:_attach_services()

[GameSession] Adding node to tree: <Node#4118269664540>

   At: res://Gameplay/game_session.gd:37:_attach_services()

[LevelManager] set_dialogue_service called. Service valid: true

   At: res://level/level_manager_gameplay.gd:49:set_dialogue_service()

[RosterLoader] Using provided player roster with 6 units.

[Orchestrator] No level resource provided. Skipping initialization.

   At: res://level/level_initialization_orchestrator.gd:7:run_initialization_pipeline()

[Orchestrator] --- STARTING LEVEL INITIALIZATION PIPELINE ---

   At: res://level/level_initialization_orchestrator.gd:17:run_initialization_pipeline()

[Orchestrator] Phase 1: Preparing level data...

   At: res://level/level_initialization_orchestrator.gd:21:run_initialization_pipeline()

[RosterLoader] Using provided player roster with 6 units.

DialogueActionService: prepare_for_level() called.

   At: res://Gameplay/narrative/dialogue/dialogue_action_service.gd:85:prepare_for_level()

JournalManager: set_level() called for level ID:

   At: res://Autoloads/journal_manager.gd:32:set_level()

JournalManager: _initialize_default_content() called.

   At: res://Autoloads/journal_manager.gd:54:_initialize_default_content()

[Orchestrator] Phase 2: Clearing world state...

   At: res://level/level_initialization_orchestrator.gd:26:run_initialization_pipeline()

[Orchestrator] Phase 3: Building environment (Terrain & Grid)...

   At: res://level/level_initialization_orchestrator.gd:31:run_initialization_pipeline()

[Orchestrator] Phase 4: Bootstrapping narrative context...

   At: res://level/level_initialization_orchestrator.gd:37:run_initialization_pipeline()

[Orchestrator] Phase 5: Spawning global level content...

   At: res://level/level_initialization_orchestrator.gd:42:run_initialization_pipeline()

[HUDController] Selecting unit: Assassin (Player)

   At: res://GUI/HUD/hud_controller.gd:260:_on_unit_manager_selection_changed()

[LevelContentSpawner] Spawned global enemy unit at (1, 2)

   At: res://level/level_content_spawner.gd:92:_spawn_enemy_units()

[LevelContentSpawner] Spawned global enemy unit at (2, 2)

   At: res://level/level_content_spawner.gd:92:_spawn_enemy_units()

DialogueActionService: register_triggers() called.

   At: res://Gameplay/narrative/dialogue/dialogue_action_service.gd:92:register_triggers()

[Orchestrator] Phase 6: Activating initial narrative stage...

   At: res://level/level_initialization_orchestrator.gd:48:run_initialization_pipeline()

[Orchestrator] Phase 7: Finalizing technical setup...

   At: res://level/level_initialization_orchestrator.gd:53:run_initialization_pipeline()

SaveManager: Saved state for undo. History size: 19 Current index: 18

   At: res://Autoloads/save_manager.gd:296:save_current_state_for_undo()

[HUDController] Selecting unit: Assassin (Player)

   At: res://GUI/HUD/hud_controller.gd:260:_on_unit_manager_selection_changed()

AutoBattleService: maybe_run_turn requested for unit=Assassin

   At: res://Gameplay/turn/auto_battle_service.gd:82:maybe_run_turn()

AutoBattleService: disabled; skipping auto run request

   At: res://Gameplay/turn/auto_battle_service.gd:84:maybe_run_turn()

[Orchestrator] --- INITIALIZATION PIPELINE COMPLETE ---

   At: res://level/level_initialization_orchestrator.gd:56:run_initialization_pipeline()

  Report:

	line 1: WARNING:

	 Detected <2> orphan nodes during test setup! Check before_test() and after_test()!

  Report:

	line 73: WARNING:

	 Detected <45> orphan nodes during test execution!

  res://tests/test_gameplay_units.gd > test_gameplay_set_unit_controlled_by_player_updates_unit_manager_and_roster STARTED

[RosterLoader] Loaded saved player roster with 6 units.

[Task] setup() called with state=valid

   At: res://Gameplay/narrative/task/task_controller.gd:32:setup()

DialogueActionService: setup() called.

   At: res://Gameplay/narrative/dialogue/dialogue_action_service.gd:42:setup()

JournalManager: setup() called.

   At: res://Autoloads/journal_manager.gd:12:setup()

JournalManager: TaskManager setup complete.

   At: res://Autoloads/journal_manager.gd:26:setup()

InputController: command router initialized; commands=true

   At: res://Gameplay/inputs/input_controller.gd:53:setup()

GameSessionBuilder: input controller wired; HUD and systems initialized

   At: res://Gameplay/game_session_builder.gd:129:_setup_input_and_hud()

[GameSession] _attach_services calling for 16 nodes

   At: res://Gameplay/game_session.gd:32:_attach_services()

[GameSession] Adding node to tree: <CanvasLayer#4151689878474>

   At: res://Gameplay/game_session.gd:37:_attach_services()

[GameSession] Adding node to tree: <Node2D#4151673101680>

   At: res://Gameplay/game_session.gd:37:_attach_services()

[GameSession] Adding node to tree: <Node2D#4151706656343>

   At: res://Gameplay/game_session.gd:37:_attach_services()

[GameSession] Adding node to tree: <Node#4151740209736>

   At: res://Gameplay/game_session.gd:37:_attach_services()

[GameSession] Adding node to tree: <Node#4151807318527>

   At: res://Gameplay/game_session.gd:37:_attach_services()

[GameSession] Adding node to tree: <Node#4151639547258>

   At: res://Gameplay/game_session.gd:37:_attach_services()

[GameSession] Adding node to tree: <Node#4151941537170>

   At: res://Gameplay/game_session.gd:37:_attach_services()

[GameSession] Adding node to tree: <Node#4151975090124>

   At: res://Gameplay/game_session.gd:37:_attach_services()

[GameSession] Adding node to tree: <Node#4151589215607>

   At: res://Gameplay/game_session.gd:37:_attach_services()

[GameSession] Adding node to tree: <Node#4151605992855>

   At: res://Gameplay/game_session.gd:37:_attach_services()

[GameSession] Adding node to tree: <Node#4151622770067>

   At: res://Gameplay/game_session.gd:37:_attach_services()

[GameSession] Adding node to tree: <Node#4151723433329>

   At: res://Gameplay/game_session.gd:37:_attach_services()

[GameSession] Adding node to tree: <Node#4151840874024>

   At: res://Gameplay/game_session.gd:37:_attach_services()

[GameSession] Adding node to tree: <Node#4151857651243>

   At: res://Gameplay/game_session.gd:37:_attach_services()

[GameSession] Adding node to tree: <Node#4151874427939>

   At: res://Gameplay/game_session.gd:37:_attach_services()

[GameSession] Adding node to tree: <Node#4151924760086>

   At: res://Gameplay/game_session.gd:37:_attach_services()

[LevelManager] set_dialogue_service called. Service valid: true

   At: res://level/level_manager_gameplay.gd:49:set_dialogue_service()

[RosterLoader] Using provided player roster with 6 units.

[Orchestrator] No level resource provided. Skipping initialization.

   At: res://level/level_initialization_orchestrator.gd:7:run_initialization_pipeline()

  res://tests/test_gameplay_units.gd > test_gameplay_set_unit_controlled_by_player_updates_unit_manager_and_roster FAILED 171ms

  Report:

	line 1: WARNING:

	 Detected <2> orphan nodes during test setup! Check before_test() and after_test()!

  Report:

	line 124: Godot Runtime Error !

		'at: test_gameplay_set_unit_controlled_by_player_updates_unit_manager_and_roster (res://tests/test_gameplay_units.gd:124)'

	Error: 'Invalid call. Nonexistent function 'set_unit_controlled_by_player' in base 'Node2D (gameplay.gd)'.'

test_gameplay_units:finalze

  Report:

	line 1: WARNING:

	 Detected <57> orphan nodes during test suite setup stage! Check before() and after()!

Run Test Suite: res://tests/test_game_objective_controller_extended.gd

  res://tests/test_game_objective_controller_extended.gd > test_get_target_task_delegates_to_task_manager STARTED

  Report:

	line 1: WARNING:

	 Detected <1> orphan nodes during test setup! Check before_test() and after_test()!

  Report:

	line 15: WARNING:

	 Detected <1> orphan nodes during test execution!

  res://tests/test_game_objective_controller_extended.gd > test_create_target_texture_returns_image_texture STARTED

  Report:

	line 1: WARNING:

	 Detected <1> orphan nodes during test setup! Check before_test() and after_test()!

  Report:

	line 27: WARNING:

	 Detected <1> orphan nodes during test execution!

test_game_objective_controller_extended:finalze

  Report:

	line 1: WARNING:

	 Detected <2> orphan nodes during test suite setup stage! Check before() and after()!

Run Test Suite: res://tests/test_game_session_builder.gd

  res://tests/test_game_session_builder.gd > test_builder_returns_context_with_dependencies STARTED

[Task] setup() called with state=valid

   At: res://Gameplay/narrative/task/task_controller.gd:32:setup()

DialogueActionService: setup() called.

   At: res://Gameplay/narrative/dialogue/dialogue_action_service.gd:42:setup()

JournalManager: setup() called.

   At: res://Autoloads/journal_manager.gd:12:setup()

JournalManager: TaskManager setup complete.

   At: res://Autoloads/journal_manager.gd:26:setup()

InputController: command router initialized; commands=true

   At: res://Gameplay/inputs/input_controller.gd:53:setup()

GameSessionBuilder: input controller wired; HUD and systems initialized

   At: res://Gameplay/game_session_builder.gd:129:_setup_input_and_hud()

  Report:

	line 1: WARNING:

	 Detected <107> orphan nodes during test setup! Check before_test() and after_test()!

  Report:

	line 18: WARNING:

	 Detected <107> orphan nodes during test execution!

  res://tests/test_game_session_builder.gd > test_builder_assigns_dialogue_service_to_command_context STARTED

[Task] setup() called with state=valid

   At: res://Gameplay/narrative/task/task_controller.gd:32:setup()

DialogueActionService: setup() called.

   At: res://Gameplay/narrative/dialogue/dialogue_action_service.gd:42:setup()

JournalManager: setup() called.

   At: res://Autoloads/journal_manager.gd:12:setup()

JournalManager: TaskManager setup complete.

   At: res://Autoloads/journal_manager.gd:26:setup()

InputController: command router initialized; commands=true

   At: res://Gameplay/inputs/input_controller.gd:53:setup()

GameSessionBuilder: input controller wired; HUD and systems initialized

   At: res://Gameplay/game_session_builder.gd:129:_setup_input_and_hud()

  Report:

	line 1: WARNING:

	 Detected <107> orphan nodes during test setup! Check before_test() and after_test()!

  Report:

	line 40: WARNING:

	 Detected <107> orphan nodes during test execution!

  res://tests/test_game_session_builder.gd > test_builder_uses_custom_service_factory STARTED

[Task] setup() called with state=valid

   At: res://Gameplay/narrative/task/task_controller.gd:32:setup()

DialogueActionService: setup() called.

   At: res://Gameplay/narrative/dialogue/dialogue_action_service.gd:42:setup()

JournalManager: setup() called.

   At: res://Autoloads/journal_manager.gd:12:setup()

JournalManager: TaskManager setup complete.

   At: res://Autoloads/journal_manager.gd:26:setup()

InputController: command router initialized; commands=true

   At: res://Gameplay/inputs/input_controller.gd:53:setup()

GameSessionBuilder: input controller wired; HUD and systems initialized

   At: res://Gameplay/game_session_builder.gd:129:_setup_input_and_hud()

  Report:

	line 1: WARNING:

	 Detected <109> orphan nodes during test setup! Check before_test() and after_test()!

  Report:

	line 53: WARNING:

	 Detected <109> orphan nodes during test execution!

  res://tests/test_game_session_builder.gd > test_builder_uses_assigned_roster_loader STARTED

test_game_session_builder:finalze

  Report:

	line 1: WARNING:

	 Detected <323> orphan nodes during test suite setup stage! Check before() and after()!

Run Test Suite: res://tests/test_game_session_extended.gd

  res://tests/test_game_session_extended.gd > test_game_session_handle_pause_state_changed STARTED

  res://tests/test_game_session_extended.gd > test_game_session_handle_pause_state_changed FAILED 50ms

  Report:

	line 1: WARNING:

	 Detected <1> orphan nodes during test setup! Check before_test() and after_test()!

  Report:

	line 50: Godot Runtime Error !

		'at: GameSessionBuilder.build (res://Gameplay/game_session_builder.gd:50)'

	Error: 'Assertion failed: GameSessionBuilder requires a grid reference.'

  Report:

	line 38: WARNING:

	 Detected <1> orphan nodes during test execution!

  res://tests/test_game_session_extended.gd > test_game_session_disable_gameplay STARTED

  res://tests/test_game_session_extended.gd > test_game_session_disable_gameplay FAILED 85ms

  Report:

	line 1: WARNING:

	 Detected <1> orphan nodes during test setup! Check before_test() and after_test()!

  Report:

	line 50: Godot Runtime Error !

		'at: GameSessionBuilder.build (res://Gameplay/game_session_builder.gd:50)'

	Error: 'Assertion failed: GameSessionBuilder requires a grid reference.'

  Report:

	line 63: WARNING:

	 Detected <1> orphan nodes during test execution!

  Report:

	line 77: Expecting: 'false' but is 'true'

  Report:

	line 78: Expecting: 'false' but is 'true'

test_game_session_extended:finalze

  Report:

	line 1: WARNING:

	 Detected <2> orphan nodes during test suite setup stage! Check before() and after()!

Run Test Suite: res://tests/test_grid_and_sprite_scale.gd

  res://tests/test_grid_and_sprite_scale.gd > test_grid_tile_size_is_96x96 STARTED

  res://tests/test_grid_and_sprite_scale.gd > test_grid_tile_size_is_96x96 FAILED 103ms

  Report:

	line 1: WARNING:

	 Detected <2> orphan nodes during test setup! Check before_test() and after_test()!

  Report:

	line 13: WARNING:

	 Detected <2> orphan nodes during test execution!

  Report:

	line 8: Tile size should be 96x96

  res://tests/test_grid_and_sprite_scale.gd > test_generic_unit_sprite_scale_is_0_5 STARTED

  res://tests/test_grid_and_sprite_scale.gd > test_generic_enemy_sprite_scale_is_0_5 STARTED

  res://tests/test_grid_and_sprite_scale.gd > test_location_sprite_scale_is_0_5 STARTED

test_grid_and_sprite_scale:finalze

  Report:

	line 1: WARNING:

	 Detected <2> orphan nodes during test suite setup stage! Check before() and after()!

Run Test Suite: res://tests/test_grid_extended.gd

  res://tests/test_grid_extended.gd > test_map_controller_on_loot_added STARTED

  res://tests/test_grid_extended.gd > test_grid_visuals_methods STARTED

  res://tests/test_grid_extended.gd > test_grid_visuals_methods FAILED 81ms

  Report:

	line 67: Godot Runtime Error !

		'at: test_grid_visuals_methods (res://tests/test_grid_extended.gd:67)'

	Error: 'Invalid type in function 'update_dialogue_indicators' in base 'Node2D (GridVisuals)'. The Object-derived class of argument 2 (Node (FakeUnitManager)) is not a subclass of the expected argument class.'

Run Test Suite: res://tests/test_grid_visuals_extended.gd

  res://tests/test_grid_visuals_extended.gd > test_update_hover_indicator STARTED

Run Test Suite: res://tests/test_gui_extended.gd

  res://tests/test_gui_extended.gd > test_action_panel_focus_first_button STARTED

  res://tests/test_gui_extended.gd > test_action_panel_focus_first_button FAILED 65ms

  Report:

	line 21: Godot Runtime Error !

		'at: test_action_panel_focus_first_button (res://tests/test_gui_extended.gd:21)'

	Error: 'Invalid call. Nonexistent function 'focus_first_button' in base 'PanelContainer (ActionsPanel)'.'

  res://tests/test_gui_extended.gd > test_action_panel_update_actions_missing_unit STARTED

  res://tests/test_gui_extended.gd > test_action_panel_update_actions_missing_unit FAILED 82ms

  Report:

	line 1: WARNING:

	 Detected <3> orphan nodes during test setup! Check before_test() and after_test()!

  Report:

	line 42: Godot Runtime Error !

		'at: test_action_panel_update_actions_missing_unit (res://tests/test_gui_extended.gd:42)'

	Error: 'Invalid assignment of property or key 'hint_label' with value of type 'Label' on a base object of type 'PanelContainer (ActionsPanel)'.'

  Report:

	line 32: WARNING:

	 Detected <3> orphan nodes during test execution!

  res://tests/test_gui_extended.gd > test_combat_preview_panel_show_forecast STARTED

  res://tests/test_gui_extended.gd > test_combat_preview_panel_show_forecast FAILED 84ms

  Report:

	line 7: Godot Runtime Error !

		'at: CombatPreviewPanel.@implicit_ready (res://GUI/combat_preview_panel.gd:7)'

	Error: 'Cannot call method 'get_node' on a null value.'

  Report:

	line 20: Godot Runtime Error !

		'at: CombatPreviewPanel._ready (res://GUI/combat_preview_panel.gd:20)'

	Error: 'Cannot call method 'add_theme_constant_override' on a null value.'

  res://tests/test_gui_extended.gd > test_feedback_display_show_feedback STARTED

  res://tests/test_gui_extended.gd > test_journal_ui_find_item STARTED

  res://tests/test_gui_extended.gd > test_journal_ui_find_item FAILED 100ms

  Report:

	line 28: Godot Runtime Error !

		'at: JournalUI._ready (res://GUI/journal_ui.gd:28)'

	Error: 'Invalid access to property or key 'item_selected' on a base object of type 'null instance'.'

  res://tests/test_gui_extended.gd > test_location_display_item STARTED

  res://tests/test_gui_extended.gd > test_task_display_item STARTED

  res://tests/test_gui_extended.gd > test_task_list_item STARTED

  res://tests/test_gui_extended.gd > test_task_list_item FAILED 85ms

  Report:

	line 1: WARNING:

	 Detected <1> orphan nodes during test setup! Check before_test() and after_test()!

  Report:

	line 34: Godot Runtime Error !

		'at: TaskListItem._setup_debug_button (res://GUI/task_list_item.gd:34)'

	Error: 'Cannot call method 'add_child' on a null value.'

  Report:

	line 52: Godot Runtime Error !

		'at: TaskListItem.update_task (res://GUI/task_list_item.gd:52)'

	Error: 'Invalid assignment of property or key 'text' with value of type 'String' on a base object of type 'null instance'.'

  Report:

	line 164: WARNING:

	 Detected <1> orphan nodes during test execution!

  Report:

	line 192: Expecting:


	 'Gather wood'


	 but was


	 'Gather wood'

  Report:

	line 193: GdUnitIntAssert inital error, unexpected type <float>

  Report:

	line 193: Expecting:


	 '2'


	 but was


	 '0.000000'

  Report:

	line 194: GdUnitIntAssert inital error, unexpected type <float>

  Report:

	line 194: Expecting:


	 '5'


	 but was


	 '100.000000'

  res://tests/test_gui_extended.gd > test_lists_panels_empty STARTED

  res://tests/test_gui_extended.gd > test_lists_panels_empty FAILED 105ms

  Report:

	line 18: Godot Runtime Error !

		'at: LocationsListPanel.update_locations (res://GUI/locations_list_panel.gd:18)'

	Error: 'Cannot call method 'get_children' on a null value.'

  res://tests/test_gui_extended.gd > test_morale_panel_update_morale_display STARTED

  res://tests/test_gui_extended.gd > test_morale_panel_update_morale_display FAILED 102ms

  Report:

	line 253: GdUnitIntAssert inital error, unexpected type <float>

  Report:

	line 253: Expecting:


	 '0'


	 but was


	 '0.000000'

  res://tests/test_gui_extended.gd > test_morale_panel_faction_label_to_id STARTED

test_gui_extended:finalze

  Report:

	line 1: WARNING:

	 Detected <4> orphan nodes during test suite setup stage! Check before() and after()!

Run Test Suite: res://tests/test_handlers_extended.gd

  res://tests/test_handlers_extended.gd > test_unit_death_handler_die STARTED

Run Test Suite: res://tests/test_hex_navigator.gd

  res://tests/test_hex_navigator.gd > test_get_neighbor_offsets_for_odd_column_includes_down_right STARTED

  res://tests/test_hex_navigator.gd > test_get_neighbor_offsets_for_even_column_excludes_down_right_diagonal STARTED

Run Test Suite: res://tests/test_hex_navigator_extended.gd

  res://tests/test_hex_navigator_extended.gd > test_cache_analog_vectors STARTED

  Report:

	line 1: WARNING:

	 Detected <1> orphan nodes during test setup! Check before_test() and after_test()!

  Report:

	line 18: WARNING:

	 Detected <1> orphan nodes during test execution!

  res://tests/test_hex_navigator_extended.gd > test_get_action_from_joy_axis STARTED

  Report:

	line 1: WARNING:

	 Detected <1> orphan nodes during test setup! Check before_test() and after_test()!

  Report:

	line 28: WARNING:

	 Detected <1> orphan nodes during test execution!

test_hex_navigator_extended:finalze

  Report:

	line 1: WARNING:

	 Detected <2> orphan nodes during test suite setup stage! Check before() and after()!

Run Test Suite: res://tests/test_hometown_pop_watch.gd

  res://tests/test_hometown_pop_watch.gd > test_pop_skit_returns_null_when_no_skits STARTED

SaveManager: Saved state for undo. History size: 1 Current index: 0

   At: res://Autoloads/save_manager.gd:296:save_current_state_for_undo()

  res://tests/test_hometown_pop_watch.gd > test_pop_skit_returns_null_when_all_locked STARTED

SaveManager: Saved state for undo. History size: 1 Current index: 0

   At: res://Autoloads/save_manager.gd:296:save_current_state_for_undo()

  res://tests/test_hometown_pop_watch.gd > test_pop_skit_returns_null_when_all_seen STARTED

SaveManager: Saved state for undo. History size: 1 Current index: 0

   At: res://Autoloads/save_manager.gd:296:save_current_state_for_undo()

  res://tests/test_hometown_pop_watch.gd > test_pop_skit_returns_first_unlocked_unseen_skit STARTED

SaveManager: Saved state for undo. History size: 1 Current index: 0

   At: res://Autoloads/save_manager.gd:296:save_current_state_for_undo()

  res://tests/test_hometown_pop_watch.gd > test_pop_skit_returns_earliest_by_level_order STARTED

SaveManager: Saved state for undo. History size: 1 Current index: 0

   At: res://Autoloads/save_manager.gd:296:save_current_state_for_undo()

  res://tests/test_hometown_pop_watch.gd > test_pop_skit_skips_locked_prefers_unlocked STARTED

SaveManager: Saved state for undo. History size: 1 Current index: 0

   At: res://Autoloads/save_manager.gd:296:save_current_state_for_undo()

  res://tests/test_hometown_pop_watch.gd > test_watch_skit_queues_dialogue_for_first_skit STARTED

SaveManager: Saved state for undo. History size: 1 Current index: 0

   At: res://Autoloads/save_manager.gd:296:save_current_state_for_undo()

  res://tests/test_hometown_pop_watch.gd > test_watch_skit_does_nothing_when_no_skit_available STARTED

SaveManager: Saved state for undo. History size: 1 Current index: 0

   At: res://Autoloads/save_manager.gd:296:save_current_state_for_undo()

  res://tests/test_hometown_pop_watch.gd > test_watch_skit_does_not_add_duplicate_if_called_twice STARTED

SaveManager: Saved state for undo. History size: 1 Current index: 0

   At: res://Autoloads/save_manager.gd:296:save_current_state_for_undo()

Run Test Suite: res://tests/test_hometown_progression_service.gd

  res://tests/test_hometown_progression_service.gd > test_get_all_level_ids_returns_ids_in_order STARTED

SaveManager: Saved state for undo. History size: 1 Current index: 0

   At: res://Autoloads/save_manager.gd:296:save_current_state_for_undo()

  res://tests/test_hometown_progression_service.gd > test_get_all_level_ids_empty_catalog STARTED

SaveManager: Saved state for undo. History size: 1 Current index: 0

   At: res://Autoloads/save_manager.gd:296:save_current_state_for_undo()

  res://tests/test_hometown_progression_service.gd > test_sort_skits_by_level_orders_by_catalog_index STARTED

SaveManager: Saved state for undo. History size: 1 Current index: 0

   At: res://Autoloads/save_manager.gd:296:save_current_state_for_undo()

  res://tests/test_hometown_progression_service.gd > test_sort_skits_does_not_mutate_original_array STARTED

SaveManager: Saved state for undo. History size: 1 Current index: 0

   At: res://Autoloads/save_manager.gd:296:save_current_state_for_undo()

  res://tests/test_hometown_progression_service.gd > test_sort_skits_does_not_mutate_original_array FAILED 46ms

  Report:

	line 89: Godot Runtime Error !

		'at: test_sort_skits_does_not_mutate_original_array (res://tests/test_hometown_progression_service.gd:89)'

	Error: 'Invalid type in function 'sort_skits_by_level' in base 'RefCounted (HometownProgressionService)'. The array of argument 1 (Array) does not have the same element type as the expected typed array argument.'

  res://tests/test_hometown_progression_service.gd > test_filter_skits_by_unseen_returns_only_unseen STARTED

SaveManager: Saved state for undo. History size: 1 Current index: 0

   At: res://Autoloads/save_manager.gd:296:save_current_state_for_undo()

  res://tests/test_hometown_progression_service.gd > test_filter_skits_by_unseen_empty_when_all_seen STARTED

SaveManager: Saved state for undo. History size: 1 Current index: 0

   At: res://Autoloads/save_manager.gd:296:save_current_state_for_undo()

  res://tests/test_hometown_progression_service.gd > test_filter_skits_by_unseen_returns_all_when_none_seen STARTED

SaveManager: Saved state for undo. History size: 1 Current index: 0

   At: res://Autoloads/save_manager.gd:296:save_current_state_for_undo()

  res://tests/test_hometown_progression_service.gd > test_filter_skits_by_unlocked_returns_only_unlocked STARTED

SaveManager: Saved state for undo. History size: 1 Current index: 0

   At: res://Autoloads/save_manager.gd:296:save_current_state_for_undo()

  res://tests/test_hometown_progression_service.gd > test_filter_skits_by_unlocked_empty_when_all_locked STARTED

SaveManager: Saved state for undo. History size: 1 Current index: 0

   At: res://Autoloads/save_manager.gd:296:save_current_state_for_undo()

  res://tests/test_hometown_progression_service.gd > test_queue_dialogue_adds_path_and_emits_signal STARTED

SaveManager: Saved state for undo. History size: 1 Current index: 0

   At: res://Autoloads/save_manager.gd:296:save_current_state_for_undo()

  res://tests/test_hometown_progression_service.gd > test_queue_dialogue_deduplicates_same_path STARTED

SaveManager: Saved state for undo. History size: 1 Current index: 0

   At: res://Autoloads/save_manager.gd:296:save_current_state_for_undo()

  res://tests/test_hometown_progression_service.gd > test_queue_dialogue_allows_different_paths STARTED

SaveManager: Saved state for undo. History size: 1 Current index: 0

   At: res://Autoloads/save_manager.gd:296:save_current_state_for_undo()

Run Test Suite: res://tests/test_hover_manager_extended.gd

  res://tests/test_hover_manager_extended.gd > test_hover_info_manager_get_occupants STARTED

  Report:

	line 1: WARNING:

	 Detected <4> orphan nodes during test setup! Check before_test() and after_test()!

  Report:

	line 23: WARNING:

	 Detected <4> orphan nodes during test execution!

test_hover_manager_extended:finalze

  Report:

	line 1: WARNING:

	 Detected <4> orphan nodes during test suite setup stage! Check before() and after()!

Run Test Suite: res://tests/test_hud_and_weather_extended.gd

  res://tests/test_hud_and_weather_extended.gd > test_weather_panel_update_compass STARTED

  res://tests/test_hud_and_weather_extended.gd > test_weather_panel_update_compass FAILED 89ms

  Report:

	line 60: Godot Runtime Error !

		'at: WeatherPanel._update_ui (res://GUI/weather_panel.gd:60)'

	Error: 'Invalid assignment of property or key 'text' with value of type 'String' on a base object of type 'null instance'.'

  Report:

	line 49: Godot Runtime Error !

		'at: WeatherPanel._update_ui (res://GUI/weather_panel.gd:49)'

	Error: 'Invalid assignment of property or key 'text' with value of type 'String' on a base object of type 'null instance'.'

  Report:

	line 22: Expecting:


	 'N'


	 but was


	 'N'

  Report:

	line 25: Expecting:


	 'NE'


	 but was


	 'NE'

  Report:

	line 99: Expecting emit signal: 'dialogue_queued()' but timed out after 2s 0ms

  res://tests/test_hud_and_weather_extended.gd > test_pause_handler_show_pause_menu STARTED

  res://tests/test_hud_and_weather_extended.gd > test_aim_cursor_connect_input_handler STARTED

  res://tests/test_hud_and_weather_extended.gd > test_hud_hover_service_process_hover STARTED

  res://tests/test_hud_and_weather_extended.gd > test_hud_hover_service_process_hover FAILED 100ms

  Report:

	line 1: WARNING:

	 Detected <1> orphan nodes during test setup! Check before_test() and after_test()!

  Report:

	line 31: Godot Runtime Error !

		'at: HUDHoverService.process_hover (res://GUI/HUD/hud_hover_service.gd:31)'

	Error: 'Invalid access to property or key '_grid' on a base object of type 'Node2D (FakeHUDController)'.'

  Report:

	line 58: WARNING:

	 Detected <1> orphan nodes during test execution!

  res://tests/test_hud_and_weather_extended.gd > test_hud_controller_handle_actions_updated STARTED

  res://tests/test_hud_and_weather_extended.gd > test_hud_controller_handle_actions_updated FAILED 106ms

  Report:

	line 78: Expecting: 'true' but is 'false'

  res://tests/test_hud_and_weather_extended.gd > test_hud_controller_refresh_after_state_restore STARTED

test_hud_and_weather_extended:finalze

  Report:

	line 1: WARNING:

	 Detected <1> orphan nodes during test suite setup stage! Check before() and after()!

Run Test Suite: res://tests/test_hud_command_refresh.gd

  res://tests/test_hud_command_refresh.gd > test_hud_on_command_executed_emits_refresh_on_success STARTED

  res://tests/test_hud_command_refresh.gd > test_hud_on_command_executed_emits_refresh_on_success FAILED 56ms

  Report:

	line 18: Expecting:


	 '1'


	 but was


	 '0'

  res://tests/test_hud_command_refresh.gd > test_hud_on_command_executed_skips_refresh_on_failure STARTED

Run Test Suite: res://tests/test_hud_controller_auto_battle.gd

  res://tests/test_hud_controller_auto_battle.gd > test_set_auto_battle_state_updates_button_and_panel STARTED

  res://tests/test_hud_controller_auto_battle.gd > test_set_auto_battle_state_updates_button_and_panel FAILED 91ms

  Report:

	line 28: Expecting: 'true' but is 'false'

  Report:

	line 140: Expecting emit signal: 'dialogue_queued()' but timed out after 2s 0ms

  res://tests/test_hud_controller_auto_battle.gd > test_auto_battle_button_emits_toggle_signal STARTED

  res://tests/test_hud_controller_auto_battle.gd > test_auto_battle_button_emits_toggle_signal FAILED 116ms

  Report:

	line 42: Godot Runtime Error !

		'at: test_auto_battle_button_emits_toggle_signal (res://tests/test_hud_controller_auto_battle.gd:42)'

	Error: 'Out of bounds get index '0' (on base: 'Array[bool]')'

  Report:

	line 41: Expecting size:

	 '1'

	 but was

	 '0'

Run Test Suite: res://tests/test_hud_controller_extended_2.gd

  res://tests/test_hud_controller_extended_2.gd > test_handle_dialogue_finished STARTED

  res://tests/test_hud_controller_extended_2.gd > test_hud_signal_connector_connect_all STARTED

  res://tests/test_hud_controller_extended_2.gd > test_hud_signal_connector_connect_all FAILED 92ms

  Report:

	line 23: Godot Runtime Error !

		'at: test_hud_signal_connector_connect_all (res://tests/test_hud_controller_extended_2.gd:23)'

	Error: 'Trying to assign a non-object value to a variable of type 'game_state.gd'.'

Run Test Suite: res://tests/test_hud_controller_nav.gd

  res://tests/test_hud_controller_nav.gd > test_set_ui_navigation_mode_delegates_to_actions_panel STARTED

  Report:

	line 1: WARNING:

	 Detected <1> orphan nodes during test setup! Check before_test() and after_test()!

  Report:

	line 17: WARNING:

	 Detected <1> orphan nodes during test execution!

  res://tests/test_hud_controller_nav.gd > test_safe_zone_mode_hides_combat_panels STARTED

  res://tests/test_hud_controller_nav.gd > test_safe_zone_mode_hides_combat_panels FAILED 100ms

  Report:

	line 1: WARNING:

	 Detected <2> orphan nodes during test setup! Check before_test() and after_test()!

  Report:

	line 32: Godot Runtime Error !

		'at: test_safe_zone_mode_hides_combat_panels (res://tests/test_hud_controller_nav.gd:32)'

	Error: 'Invalid assignment of property or key 'combat_preview' with value of type 'Control' on a base object of type 'RefCounted (Components)'.'

  Report:

	line 28: WARNING:

	 Detected <2> orphan nodes during test execution!

  res://tests/test_hud_controller_nav.gd > test_safe_zone_mode_restores_panels_when_disabled STARTED

  res://tests/test_hud_controller_nav.gd > test_safe_zone_mode_restores_panels_when_disabled FAILED 95ms

  Report:

	line 1: WARNING:

	 Detected <2> orphan nodes during test setup! Check before_test() and after_test()!

  Report:

	line 44: Godot Runtime Error !

		'at: test_safe_zone_mode_restores_panels_when_disabled (res://tests/test_hud_controller_nav.gd:44)'

	Error: 'Invalid assignment of property or key 'combat_preview' with value of type 'Control' on a base object of type 'RefCounted (Components)'.'

  Report:

	line 40: WARNING:

	 Detected <2> orphan nodes during test execution!

test_hud_controller_nav:finalze

  Report:

	line 1: WARNING:

	 Detected <5> orphan nodes during test suite setup stage! Check before() and after()!

Run Test Suite: res://tests/test_hud_controller_turn_counts.gd

  res://tests/test_hud_controller_turn_counts.gd > test_calculate_faction_turn_counts STARTED

  res://tests/test_hud_controller_turn_counts.gd > test_calculate_faction_turn_counts FAILED 132ms

  Report:

	line 1: WARNING:

	 Detected <8> orphan nodes during test setup! Check before_test() and after_test()!

  Report:

	line 38: Godot Runtime Error !

		'at: test_calculate_faction_turn_counts (res://tests/test_hud_controller_turn_counts.gd:38)'

	Error: 'Invalid assignment of property or key 'player_indices' with value of type 'Array' on a base object of type 'Node (TestUnitManager)'.'

  Report:

	line 14: WARNING:

	 Detected <8> orphan nodes during test execution!

test_hud_controller_turn_counts:finalze

  Report:

	line 1: WARNING:

	 Detected <8> orphan nodes during test suite setup stage! Check before() and after()!

Run Test Suite: res://tests/test_hud_helpers.gd

  res://tests/test_hud_helpers.gd > test_sync_selected_unit_tracks_manager STARTED

  res://tests/test_hud_helpers.gd > test_command_success_helper_detects_status STARTED

  res://tests/test_hud_helpers.gd > test_command_success_helper_detects_status FAILED 88ms

  Report:

	line 66: Godot Runtime Error !

		'at: test_command_success_helper_detects_status (res://tests/test_hud_helpers.gd:66)'

	Error: 'Invalid call. Nonexistent function '_command_success' in base 'CanvasLayer (Hud)'.'

  res://tests/test_hud_helpers.gd > test_run_input_command_returns_null_without_controller STARTED

  res://tests/test_hud_helpers.gd > test_run_input_command_returns_null_without_controller FAILED 86ms

  Report:

	line 71: Godot Runtime Error !

		'at: test_run_input_command_returns_null_without_controller (res://tests/test_hud_helpers.gd:71)'

	Error: 'Invalid call. Nonexistent function '_run_input_command' in base 'CanvasLayer (Hud)'.'

  res://tests/test_hud_helpers.gd > test_resolve_tentative_move_confirms_command STARTED

  res://tests/test_hud_helpers.gd > test_resolve_tentative_move_confirms_command FAILED 47ms

  Report:

	line 1: WARNING:

	 Detected <1> orphan nodes during test setup! Check before_test() and after_test()!

  Report:

	line 75: WARNING:

	 Detected <1> orphan nodes during test execution!

  Report:

	line 80: Expecting: 'true' but is 'false'

  res://tests/test_hud_helpers.gd > test_execute_attack_and_support_commands_route_payloads STARTED

  res://tests/test_hud_helpers.gd > test_execute_attack_and_support_commands_route_payloads FAILED 89ms

  Report:

	line 84: Godot Runtime Error !

		'at: test_execute_attack_and_support_commands_route_payloads (res://tests/test_hud_helpers.gd:84)'

	Error: 'Invalid call. Nonexistent function '_execute_attack_command' in base 'CanvasLayer (Hud)'.'

  res://tests/test_hud_helpers.gd > test_execute_loot_skill_and_talk_commands STARTED

  res://tests/test_hud_helpers.gd > test_execute_loot_skill_and_talk_commands FAILED 88ms

  Report:

	line 93: Godot Runtime Error !

		'at: test_execute_loot_skill_and_talk_commands (res://tests/test_hud_helpers.gd:93)'

	Error: 'Invalid call. Nonexistent function '_execute_loot_command' in base 'CanvasLayer (Hud)'.'

test_hud_helpers:finalze

  Report:

	line 1: WARNING:

	 Detected <8> orphan nodes during test suite setup stage! Check before() and after()!

Run Test Suite: res://tests/test_hud_hover_service.gd

  res://tests/test_hud_hover_service.gd > test_update_hover_info_clears_states_when_no_unit_manager STARTED

  res://tests/test_hud_hover_service.gd > test_update_hover_info_clears_states_when_no_grid STARTED

  res://tests/test_hud_hover_service.gd > test_update_hover_enters_state_when_can_enter_true STARTED

  res://tests/test_hud_hover_service.gd > test_update_hover_does_not_enter_state_when_can_enter_false STARTED

  res://tests/test_hud_hover_service.gd > test_update_hover_exits_state_that_no_longer_can_enter STARTED

  res://tests/test_hud_hover_service.gd > test_update_hover_calls_update_for_already_active_state STARTED

  res://tests/test_hud_hover_service.gd > test_update_hover_multiple_states_only_active_ones_entered STARTED

  res://tests/test_hud_hover_service.gd > test_force_hover_update_does_nothing_when_grid_invalid STARTED

Run Test Suite: res://tests/test_input_binding_service.gd

  res://tests/test_input_binding_service.gd > test_apply_bindings_with_null_mapper STARTED

  res://tests/test_input_binding_service.gd > test_apply_bindings_with_mapper STARTED

  Report:

	line 1: WARNING:

	 Detected <1> orphan nodes during test setup! Check before_test() and after_test()!

  Report:

	line 24: WARNING:

	 Detected <1> orphan nodes during test execution!

  res://tests/test_input_binding_service.gd > test_apply_bindings_with_empty_settings STARTED

  Report:

	line 1: WARNING:

	 Detected <1> orphan nodes during test setup! Check before_test() and after_test()!

  Report:

	line 38: WARNING:

	 Detected <1> orphan nodes during test execution!

  res://tests/test_input_binding_service.gd > test_apply_bindings_with_null_settings STARTED

  res://tests/test_input_binding_service.gd > test_dialogue_action_mirrors_primary_bindings STARTED

  res://tests/test_input_binding_service.gd > test_dialogue_action_mirrors_primary_bindings FAILED 47ms

  Report:

	line 57: Expecting:


	 '[mouse:1, joybtn:0]'


	 but was


	 '<empty>'

	Differences found:

	[table=3][cell][right]Index[/right]	[/cell][cell][right]Current[/right]	[/cell][cell][right]Expected[/right]	[/cell][cell][right]0[/right]	[/cell][cell][right]<N/A>[/right]	[/cell][cell][right]mouse:1[/right]	[/cell][cell][right]1[/right]	[/cell][cell][right]<N/A>[/right]	[/cell][cell][right]joybtn:0[/right]	[/cell][/table]

  res://tests/test_input_binding_service.gd > test_save_bindings_persists_to_file STARTED

  res://tests/test_input_binding_service.gd > test_restore_defaults_overwrites_with_empty_config STARTED

test_input_binding_service:finalze

  Report:

	line 1: WARNING:

	 Detected <2> orphan nodes during test suite setup stage! Check before() and after()!

Run Test Suite: res://tests/test_input_commands.gd

  res://tests/test_input_commands.gd > test_move_action_command_requests_mapped_direction_tentative STARTED

  res://tests/test_input_commands.gd > test_move_action_command_requests_mapped_direction_tentative FAILED 47ms

  Report:

	line 1: WARNING:

	 Detected <8> orphan nodes during test setup! Check before_test() and after_test()!

  Report:

	line 30: Godot Runtime Error !

		'at: MoveActionCommand.execute (res://Gameplay/commands/move_action_command.gd:30)'

	Error: 'Invalid call. Nonexistent function 'get_camera_rotation' in base 'Node (StubCameraController)'.'

  Report:

	line 154: WARNING:

	 Detected <8> orphan nodes during test execution!

  Report:

	line 160: Expecting contains exactly elements:

	 '<empty>'

	 do contains (in same order)

	 '["move_a_mapped"]'

	but could not find elements:

	 '["move_a_mapped"]'

  res://tests/test_input_commands.gd > test_selection_cycle_command_cycles_units_even_when_turn_locked STARTED

  res://tests/test_input_commands.gd > test_selection_cycle_command_cycles_units_even_when_turn_locked FAILED 50ms

  Report:

	line 1: WARNING:

	 Detected <8> orphan nodes during test setup! Check before_test() and after_test()!

  Report:

	line 162: WARNING:

	 Detected <8> orphan nodes during test execution!

  Report:

	line 167: Expecting: 'true' but is 'false'

  res://tests/test_input_commands.gd > test_select_index_command_allows_selection_when_turn_locked STARTED

  Report:

	line 1: WARNING:

	 Detected <8> orphan nodes during test setup! Check before_test() and after_test()!

  Report:

	line 170: WARNING:

	 Detected <8> orphan nodes during test execution!

  res://tests/test_input_commands.gd > test_wait_command_respects_location_and_turn_state STARTED

  res://tests/test_input_commands.gd > test_wait_command_respects_location_and_turn_state FAILED 70ms

  Report:

	line 1: WARNING:

	 Detected <8> orphan nodes during test setup! Check before_test() and after_test()!

  Report:

	line 38: Godot Runtime Error !

		'at: WaitCommand.execute (res://Gameplay/commands/wait_command.gd:38)'

	Error: 'Invalid call. Nonexistent function 'has_tentative_move' in base 'Nil'.'

  Report:

	line 38: Godot Runtime Error !

		'at: WaitCommand.execute (res://Gameplay/commands/wait_command.gd:38)'

	Error: 'Invalid call. Nonexistent function 'has_tentative_move' in base 'Nil'.'

  Report:

	line 178: WARNING:

	 Detected <8> orphan nodes during test execution!

  Report:

	line 187: Expecting contains exactly elements:

	 '<empty>'

	 do contains (in same order)

	 '[0]'

	but could not find elements:

	 '[0]'

  Report:

	line 191: Expecting contains exactly elements:

	 '<empty>'

	 do contains (in same order)

	 '[0]'

	but could not find elements:

	 '[0]'

  res://tests/test_input_commands.gd > test_input_command_router_set_commands_and_execute STARTED

Command 'custom' executing with payload=99

   At: res://Gameplay/commands/input_command_router.gd:33:execute()

Command 'custom' succeeded: SUCCESS

   At: res://Gameplay/commands/input_command_router.gd:43:execute()

  Report:

	line 1: WARNING:

	 Detected <7> orphan nodes during test setup! Check before_test() and after_test()!

  Report:

	line 193: WARNING:

	 Detected <7> orphan nodes during test execution!

  res://tests/test_input_commands.gd > test_input_command_router_register_command_overrides_entry STARTED

Command 'wait' executing with payload=<null>

   At: res://Gameplay/commands/input_command_router.gd:33:execute()

Command 'wait' succeeded: SUCCESS

   At: res://Gameplay/commands/input_command_router.gd:43:execute()

  Report:

	line 1: WARNING:

	 Detected <7> orphan nodes during test setup! Check before_test() and after_test()!

  Report:

	line 204: WARNING:

	 Detected <7> orphan nodes during test execution!

  res://tests/test_input_commands.gd > test_input_controller_apply_command_set_overrides_wait_command STARTED

InputController: command router initialized; commands=true

   At: res://Gameplay/inputs/input_controller.gd:53:setup()

InputController: cmd=wait sel=0 player_unit=true player_turn=true

   At: res://Gameplay/inputs/input_controller.gd:206:_execute_command()

InputController: checkpoint requested for wait

   At: res://Gameplay/inputs/input_controller.gd:220:_execute_command()

InputController: executing player command 'wait'

   At: res://Gameplay/inputs/input_controller.gd:226:_execute_command()

Command 'wait' executing with payload=<null>

   At: res://Gameplay/commands/input_command_router.gd:33:execute()

Command 'wait' succeeded: SUCCESS

   At: res://Gameplay/commands/input_command_router.gd:43:execute()

  Report:

	line 1: WARNING:

	 Detected <13> orphan nodes during test setup! Check before_test() and after_test()!

  Report:

	line 214: WARNING:

	 Detected <13> orphan nodes during test execution!

  res://tests/test_input_commands.gd > test_input_controller_default_command_set_includes_wait STARTED

  Report:

	line 1: WARNING:

	 Detected <1> orphan nodes during test setup! Check before_test() and after_test()!

  Report:

	line 222: WARNING:

	 Detected <1> orphan nodes during test execution!

  res://tests/test_input_commands.gd > test_input_controller_request_select_index_invokes_handler STARTED

  Report:

	line 1: WARNING:

	 Detected <1> orphan nodes during test setup! Check before_test() and after_test()!

  Report:

	line 227: WARNING:

	 Detected <1> orphan nodes during test execution!

  res://tests/test_input_commands.gd > test_input_controller_request_selection_cycle_invokes_handler STARTED

  Report:

	line 1: WARNING:

	 Detected <1> orphan nodes during test setup! Check before_test() and after_test()!

  Report:

	line 232: WARNING:

	 Detected <1> orphan nodes during test execution!

  res://tests/test_input_commands.gd > test_input_controller_request_wait_invokes_handler STARTED

  Report:

	line 1: WARNING:

	 Detected <1> orphan nodes during test setup! Check before_test() and after_test()!

  Report:

	line 237: WARNING:

	 Detected <1> orphan nodes during test execution!

  res://tests/test_input_commands.gd > test_input_controller_register_input_actions_invokes_internal_registration STARTED

  Report:

	line 1: WARNING:

	 Detected <1> orphan nodes during test setup! Check before_test() and after_test()!

  Report:

	line 242: WARNING:

	 Detected <1> orphan nodes during test execution!

  res://tests/test_input_commands.gd > test_input_controller_selection_cycle_bypasses_turn_lock STARTED

InputController: command router initialized; commands=true

   At: res://Gameplay/inputs/input_controller.gd:53:setup()

InputController: executing selection command 'selection_cycle'

   At: res://Gameplay/inputs/input_controller.gd:198:_execute_command()

Command 'selection_cycle' executing with payload=1

   At: res://Gameplay/commands/input_command_router.gd:33:execute()

Command 'selection_cycle' failed: PRECONDITION_FAILED: No valid unit to select

   At: res://Gameplay/commands/input_command_router.gd:39:execute()

  Report:

	line 1: WARNING:

	 Detected <13> orphan nodes during test setup! Check before_test() and after_test()!

  Report:

	line 247: WARNING:

	 Detected <13> orphan nodes during test execution!

  res://tests/test_input_commands.gd > test_input_controller_select_index_bypasses_turn_lock STARTED

InputController: command router initialized; commands=true

   At: res://Gameplay/inputs/input_controller.gd:53:setup()

InputController: executing selection command 'select_index'

   At: res://Gameplay/inputs/input_controller.gd:198:_execute_command()

Command 'select_index' executing with payload=1

   At: res://Gameplay/commands/input_command_router.gd:33:execute()

Command 'select_index' succeeded: SUCCESS

   At: res://Gameplay/commands/input_command_router.gd:43:execute()

  Report:

	line 1: WARNING:

	 Detected <13> orphan nodes during test setup! Check before_test() and after_test()!

  Report:

	line 254: WARNING:

	 Detected <13> orphan nodes during test execution!

  res://tests/test_input_commands.gd > test_wait_command_blocks_actions_and_updates_ui STARTED

  res://tests/test_input_commands.gd > test_wait_command_blocks_actions_and_updates_ui FAILED 97ms

  Report:

	line 1: WARNING:

	 Detected <9> orphan nodes during test setup! Check before_test() and after_test()!

  Report:

	line 38: Godot Runtime Error !

		'at: WaitCommand.execute (res://Gameplay/commands/wait_command.gd:38)'

	Error: 'Invalid call. Nonexistent function 'has_tentative_move' in base 'Nil'.'

  Report:

	line 384: Godot Runtime Error !

		'at: test_wait_command_blocks_actions_and_updates_ui (res://tests/test_input_commands.gd:384)'

	Error: 'Invalid call. Nonexistent function 'is_success' in base 'Nil'.'

  Report:

	line 372: WARNING:

	 Detected <9> orphan nodes during test execution!

  res://tests/test_input_commands.gd > test_set_ui_navigation_mode_updates_handler_and_hud STARTED

InputController: command router initialized; commands=true

   At: res://Gameplay/inputs/input_controller.gd:53:setup()

  Report:

	line 1: WARNING:

	 Detected <13> orphan nodes during test setup! Check before_test() and after_test()!

  Report:

	line 392: WARNING:

	 Detected <13> orphan nodes during test execution!

  res://tests/test_input_commands.gd > test_move_to_coord_command_executes_request STARTED

  Report:

	line 1: WARNING:

	 Detected <8> orphan nodes during test setup! Check before_test() and after_test()!

  Report:

	line 405: WARNING:

	 Detected <8> orphan nodes during test execution!

  res://tests/test_input_commands.gd > test_move_to_coord_command_rejects_missing_payload STARTED

  Report:

	line 1: WARNING:

	 Detected <8> orphan nodes during test setup! Check before_test() and after_test()!

  Report:

	line 414: WARNING:

	 Detected <8> orphan nodes during test execution!

  res://tests/test_input_commands.gd > test_execute_command_skips_lock_for_tentative_move STARTED

InputController: command router initialized; commands=true

   At: res://Gameplay/inputs/input_controller.gd:53:setup()

InputController: cmd=move_to_coord sel=0 player_unit=true player_turn=true

   At: res://Gameplay/inputs/input_controller.gd:206:_execute_command()

InputController: executing player command 'move_to_coord'

   At: res://Gameplay/inputs/input_controller.gd:226:_execute_command()

Command 'move_to_coord' executing with payload={ "coord": (2, 0) }

   At: res://Gameplay/commands/input_command_router.gd:33:execute()

Command 'move_to_coord' succeeded: SUCCESS

   At: res://Gameplay/commands/input_command_router.gd:43:execute()

  Report:

	line 1: WARNING:

	 Detected <13> orphan nodes during test setup! Check before_test() and after_test()!

  Report:

	line 422: WARNING:

	 Detected <13> orphan nodes during test execution!

  res://tests/test_input_commands.gd > test_execute_command_skips_lock_for_cancel_move STARTED

InputController: command router initialized; commands=true

   At: res://Gameplay/inputs/input_controller.gd:53:setup()

InputController: cmd=cancel_move sel=0 player_unit=true player_turn=true

   At: res://Gameplay/inputs/input_controller.gd:206:_execute_command()

InputController: checkpoint requested for cancel_move

   At: res://Gameplay/inputs/input_controller.gd:220:_execute_command()

InputController: executing player command 'cancel_move'

   At: res://Gameplay/inputs/input_controller.gd:226:_execute_command()

Command 'cancel_move' executing with payload=<null>

   At: res://Gameplay/commands/input_command_router.gd:33:execute()

  res://tests/test_input_commands.gd > test_execute_command_skips_lock_for_cancel_move FAILED 109ms

  Report:

	line 1: WARNING:

	 Detected <13> orphan nodes during test setup! Check before_test() and after_test()!

  Report:

	line 20: Godot Runtime Error !

		'at: CancelMoveCommand.execute (res://Gameplay/commands/cancel_move_command.gd:20)'

	Error: 'Invalid call. Nonexistent function 'has_tentative_move' in base 'Nil'.'

  Report:

	line 35: Godot Runtime Error !

		'at: InputCommandRouter.execute (res://Gameplay/commands/input_command_router.gd:35)'

	Error: 'Invalid call. Nonexistent function 'get_description' in base 'Nil'.'

  Report:

	line 429: WARNING:

	 Detected <13> orphan nodes during test execution!

  res://tests/test_input_commands.gd > test_execute_command_locks_after_confirm_move STARTED

InputController: command router initialized; commands=true

   At: res://Gameplay/inputs/input_controller.gd:53:setup()

InputController: cmd=confirm_move sel=0 player_unit=true player_turn=true

   At: res://Gameplay/inputs/input_controller.gd:206:_execute_command()

InputController: checkpoint requested for confirm_move

   At: res://Gameplay/inputs/input_controller.gd:220:_execute_command()

InputController: executing player command 'confirm_move'

   At: res://Gameplay/inputs/input_controller.gd:226:_execute_command()

Command 'confirm_move' executing with payload=<null>

   At: res://Gameplay/commands/input_command_router.gd:33:execute()

  res://tests/test_input_commands.gd > test_execute_command_locks_after_confirm_move FAILED 108ms

  Report:

	line 1: WARNING:

	 Detected <13> orphan nodes during test setup! Check before_test() and after_test()!

  Report:

	line 20: Godot Runtime Error !

		'at: ConfirmMoveCommand.execute (res://Gameplay/commands/confirm_move_command.gd:20)'

	Error: 'Invalid call. Nonexistent function 'has_tentative_move' in base 'Nil'.'

  Report:

	line 35: Godot Runtime Error !

		'at: InputCommandRouter.execute (res://Gameplay/commands/input_command_router.gd:35)'

	Error: 'Invalid call. Nonexistent function 'get_description' in base 'Nil'.'

  Report:

	line 439: WARNING:

	 Detected <13> orphan nodes during test execution!

  Report:

	line 447: Expecting contains exactly elements:

	 '<empty>'

	 do contains (in same order)

	 '[0]'

	but could not find elements:

	 '[0]'

test_input_commands:finalze

  Report:

	line 1: WARNING:

	 Detected <167> orphan nodes during test suite setup stage! Check before() and after()!

Run Test Suite: res://tests/test_input_controller_auto_battle.gd

  res://tests/test_input_controller_auto_battle.gd > test_undo_blocked_when_auto_battle_locked STARTED

  Report:

	line 1: WARNING:

	 Detected <1> orphan nodes during test setup! Check before_test() and after_test()!

  Report:

	line 15: WARNING:

	 Detected <1> orphan nodes during test execution!

  res://tests/test_input_controller_auto_battle.gd > test_undo_emits_when_auto_battle_unlocked STARTED

  res://tests/test_input_controller_auto_battle.gd > test_undo_emits_when_auto_battle_unlocked FAILED 63ms

  Report:

	line 1: WARNING:

	 Detected <1> orphan nodes during test setup! Check before_test() and after_test()!

  Report:

	line 30: WARNING:

	 Detected <1> orphan nodes during test execution!

  Report:

	line 42: Expecting:


	 '1'


	 but was


	 '0'

test_input_controller_auto_battle:finalze

  Report:

	line 1: WARNING:

	 Detected <2> orphan nodes during test suite setup stage! Check before() and after()!

Run Test Suite: res://tests/test_input_handler.gd

  res://tests/test_input_handler.gd > test_move_action_emits_move_requested STARTED

  res://tests/test_input_handler.gd > test_cycle_action_emits_selection_cycle_requested STARTED

  res://tests/test_input_handler.gd > test_primary_action_emits_primary_action_at STARTED

  res://tests/test_input_handler.gd > test_zoom_action_emits_zoom_requested STARTED

  res://tests/test_input_handler.gd > test_refresh_action_cache_picks_up_new_actions STARTED

  res://tests/test_input_handler.gd > test_reset_joy_state_clears_axis STARTED

  res://tests/test_input_handler.gd > test_toggle_enemy_range_requested_emitted STARTED

  res://tests/test_input_handler.gd > test_ui_nav_toggle_emits_signal STARTED

  res://tests/test_input_handler.gd > test_ui_nav_mode_blocks_move_requests STARTED

Run Test Suite: res://tests/test_input_registration.gd

  res://tests/test_input_registration.gd > test_input_actions_are_registered_in_inputmap STARTED

[RosterLoader] Loaded saved player roster with 6 units.

[Task] setup() called with state=valid

   At: res://Gameplay/narrative/task/task_controller.gd:32:setup()

DialogueActionService: setup() called.

   At: res://Gameplay/narrative/dialogue/dialogue_action_service.gd:42:setup()

JournalManager: setup() called.

   At: res://Autoloads/journal_manager.gd:12:setup()

JournalManager: TaskManager setup complete.

   At: res://Autoloads/journal_manager.gd:26:setup()

InputController: command router initialized; commands=true

   At: res://Gameplay/inputs/input_controller.gd:53:setup()

GameSessionBuilder: input controller wired; HUD and systems initialized

   At: res://Gameplay/game_session_builder.gd:129:_setup_input_and_hud()

[GameSession] _attach_services calling for 16 nodes

   At: res://Gameplay/game_session.gd:32:_attach_services()

[GameSession] Adding node to tree: <CanvasLayer#4687721930509>

   At: res://Gameplay/game_session.gd:37:_attach_services()

[GameSession] Adding node to tree: <Node2D#4687705153230>

   At: res://Gameplay/game_session.gd:37:_attach_services()

[GameSession] Adding node to tree: <Node2D#4687738707660>

   At: res://Gameplay/game_session.gd:37:_attach_services()

[GameSession] Adding node to tree: <Node#4687772262091>

   At: res://Gameplay/game_session.gd:37:_attach_services()

[GameSession] Adding node to tree: <Node#4687839370884>

   At: res://Gameplay/game_session.gd:37:_attach_services()

[GameSession] Adding node to tree: <Node#4687671598460>

   At: res://Gameplay/game_session.gd:37:_attach_services()

[GameSession] Adding node to tree: <Node#4687973588928>

   At: res://Gameplay/game_session.gd:37:_attach_services()

[GameSession] Adding node to tree: <Node#4688007143362>

   At: res://Gameplay/game_session.gd:37:_attach_services()

[GameSession] Adding node to tree: <Node#4687621267082>

   At: res://Gameplay/game_session.gd:37:_attach_services()

[GameSession] Adding node to tree: <Node#4687638044299>

   At: res://Gameplay/game_session.gd:37:_attach_services()

[GameSession] Adding node to tree: <Node#4687654821518>

   At: res://Gameplay/game_session.gd:37:_attach_services()

[GameSession] Adding node to tree: <Node#4687755484877>

   At: res://Gameplay/game_session.gd:37:_attach_services()

[GameSession] Adding node to tree: <Node#4687872925622>

   At: res://Gameplay/game_session.gd:37:_attach_services()

[GameSession] Adding node to tree: <Node#4687889702839>

   At: res://Gameplay/game_session.gd:37:_attach_services()

[GameSession] Adding node to tree: <Node#4687906480069>

   At: res://Gameplay/game_session.gd:37:_attach_services()

[GameSession] Adding node to tree: <Node#4687956811711>

   At: res://Gameplay/game_session.gd:37:_attach_services()

[LevelManager] set_dialogue_service called. Service valid: true

   At: res://level/level_manager_gameplay.gd:49:set_dialogue_service()

[RosterLoader] Using provided player roster with 6 units.

[Orchestrator] No level resource provided. Skipping initialization.

   At: res://level/level_initialization_orchestrator.gd:7:run_initialization_pipeline()

  Report:

	line 1: WARNING:

	 Detected <2> orphan nodes during test setup! Check before_test() and after_test()!

test_input_registration:finalze

  Report:

	line 1: WARNING:

	 Detected <2> orphan nodes during test suite setup stage! Check before() and after()!

Run Test Suite: res://tests/test_inventory_additions.gd

  res://tests/test_inventory_additions.gd > test_unit_inventory_add_item_to_inventory_success STARTED

  res://tests/test_inventory_additions.gd > test_unit_inventory_add_item_to_inventory_null_fails STARTED

  res://tests/test_inventory_additions.gd > test_unit_inventory_add_item_to_inventory_duplicate_fails STARTED

  res://tests/test_inventory_additions.gd > test_inventory_component_add_item_to_inventory_success STARTED

  res://tests/test_inventory_additions.gd > test_inventory_component_add_item_to_inventory_null_inventory_fails STARTED

Run Test Suite: res://tests/test_inventory_item.gd

  res://tests/test_inventory_item.gd > test_duplicate_instance_preserves_values_without_regenerating_uuid STARTED

  res://tests/test_inventory_item.gd > test_duplicate_instance_preserves_values_without_regenerating_uuid FAILED 28ms

  Report:

	line 14: Expecting:

	 <Resource>

	 not equal to

	 <Resource>

  res://tests/test_inventory_item.gd > test_duplicate_instance_regenerates_uuid_when_requested STARTED

  res://tests/test_inventory_item.gd > test_to_dict_contains_all_fields STARTED

  res://tests/test_inventory_item.gd > test_to_dict_defaults STARTED

  res://tests/test_inventory_item.gd > test_from_dict_restores_all_fields STARTED

  res://tests/test_inventory_item.gd > test_from_dict_with_empty_dict_uses_defaults STARTED

  res://tests/test_inventory_item.gd > test_to_dict_from_dict_uuid_preserved STARTED

Run Test Suite: res://tests/test_journal_data.gd

  res://tests/test_journal_data.gd > test_add_section_stores_section STARTED

  res://tests/test_journal_data.gd > test_add_section_duplicate_id_ignored STARTED

  res://tests/test_journal_data.gd > test_add_topic_stores_topic STARTED

  res://tests/test_journal_data.gd > test_add_topic_auto_creates_missing_section STARTED

  res://tests/test_journal_data.gd > test_add_topic_registers_in_section STARTED

  res://tests/test_journal_data.gd > test_add_topic_duplicate_ignored STARTED

  res://tests/test_journal_data.gd > test_add_entry_stores_entry STARTED

  res://tests/test_journal_data.gd > test_add_entry_auto_creates_topic_when_missing STARTED

  res://tests/test_journal_data.gd > test_add_entry_registers_in_topic STARTED

  res://tests/test_journal_data.gd > test_add_entry_duplicate_ignored STARTED

  res://tests/test_journal_data.gd > test_replace_entry_updates_existing STARTED

  res://tests/test_journal_data.gd > test_replace_entry_adds_when_not_yet_present STARTED

  res://tests/test_journal_data.gd > test_replace_entry_removes_from_old_topic STARTED

  res://tests/test_journal_data.gd > test_get_unlocked_topics_empty_when_no_entries_unlocked STARTED

  res://tests/test_journal_data.gd > test_get_unlocked_topics_returns_topic_with_unlocked_entry STARTED

  res://tests/test_journal_data.gd > test_get_unlocked_topics_empty_for_missing_section STARTED

  res://tests/test_journal_data.gd > test_get_unlocked_entries_returns_only_unlocked STARTED

  res://tests/test_journal_data.gd > test_get_unlocked_entries_empty_for_missing_topic STARTED

  res://tests/test_journal_data.gd > test_get_all_unlocked_entries_empty_when_none_unlocked STARTED

  res://tests/test_journal_data.gd > test_get_all_unlocked_entries_returns_all_unlocked_across_topics STARTED

Run Test Suite: res://tests/test_journal_manager_extended.gd

  res://tests/test_journal_manager_extended.gd > test_unlock_entry_succeeds STARTED

JournalManager: Unlocked entry: test_entry

  res://tests/test_journal_manager_extended.gd > test_unlock_entry_fails_on_missing STARTED

  res://tests/test_journal_manager_extended.gd > test_unlock_coupled_entry_creates_and_unlocks STARTED

JournalManager: unlock_coupled_entry() called for ID: coupled_1

   At: res://Autoloads/journal_manager.gd:121:unlock_coupled_entry()

JournalManager: Unlocked coupled entry: coupled_1

JournalManager: unlock_coupled_entry() called for ID: coupled_1

   At: res://Autoloads/journal_manager.gd:121:unlock_coupled_entry()

  res://tests/test_journal_manager_extended.gd > test_unlock_coupled_entry_creates_and_unlocks FAILED 38ms

  Report:

	line 49: Expecting:


	 'Coupled_1'


	 but was


	 'Coupled_ 1'

  Report:

	line 57: Expecting:


	 'Coupled_1'


	 but was


	 'Coupled_ 1'

  res://tests/test_journal_manager_extended.gd > test_clear_journal STARTED

JournalManager: clear_journal() called.

   At: res://Autoloads/journal_manager.gd:112:clear_journal()

JournalManager: _initialize_default_content() called.

   At: res://Autoloads/journal_manager.gd:54:_initialize_default_content()

Run Test Suite: res://tests/test_level_auto_fix_service.gd

  res://tests/test_level_auto_fix_service.gd > test_apply_moves_location_from_impassable_tile STARTED

  res://tests/test_level_auto_fix_service.gd > test_apply_moves_location_from_impassable_tile FAILED 90ms

  Report:

	line 1: WARNING:

	 Detected <2> orphan nodes during test setup! Check before_test() and after_test()!

  Report:

	line 25: WARNING:

	 Detected <2> orphan nodes during test execution!

  Report:

	line 37: Expecting:


	 '(1, 1)'


	 but was


	 '(1, 0)'

  res://tests/test_level_auto_fix_service.gd > test_apply_relocates_overlapping_player_start STARTED

  res://tests/test_level_auto_fix_service.gd > test_apply_relocates_overlapping_player_start FAILED 50ms

  Report:

	line 1: WARNING:

	 Detected <2> orphan nodes during test setup! Check before_test() and after_test()!

  Report:

	line 39: WARNING:

	 Detected <2> orphan nodes during test execution!

  Report:

	line 59: Expecting:


	 '(1, 1)'


	 but was


	 '(1, 0)'

  res://tests/test_level_auto_fix_service.gd > test_build_context_exposes_helpers STARTED

  res://tests/test_level_auto_fix_service.gd > test_build_context_exposes_helpers FAILED 93ms

  Report:

	line 67: Godot Runtime Error !

		'at: test_build_context_exposes_helpers (res://tests/test_level_auto_fix_service.gd:67)'

	Error: 'Invalid access to property or key 'is_in_bounds' on a base object of type 'Dictionary'.'

  res://tests/test_level_auto_fix_service.gd > test_repair_locations_updates_report STARTED

  res://tests/test_level_auto_fix_service.gd > test_repair_locations_updates_report FAILED 50ms

  Report:

	line 1: WARNING:

	 Detected <2> orphan nodes during test setup! Check before_test() and after_test()!

  Report:

	line 72: WARNING:

	 Detected <2> orphan nodes during test execution!

  Report:

	line 83: Expecting:


	 '1'


	 but was


	 '2'

  res://tests/test_level_auto_fix_service.gd > test_repair_player_starts_handles_overlap STARTED

  res://tests/test_level_auto_fix_service.gd > test_repair_player_starts_handles_overlap FAILED 49ms

  Report:

	line 1: WARNING:

	 Detected <2> orphan nodes during test setup! Check before_test() and after_test()!

  Report:

	line 85: WARNING:

	 Detected <2> orphan nodes during test execution!

  Report:

	line 104: Expecting:


	 '(1, 1)'


	 but was


	 '(1, 0)'

  res://tests/test_level_auto_fix_service.gd > test_repair_neutral_starts_updates_entries STARTED

  res://tests/test_level_auto_fix_service.gd > test_repair_neutral_starts_updates_entries FAILED 93ms

  Report:

	line 125: Godot Runtime Error !

		'at: test_repair_neutral_starts_updates_entries (res://tests/test_level_auto_fix_service.gd:125)'

	Error: 'Out of bounds get index '0' (on base: 'Array[LevelUnitSpawnEntry]')'

  res://tests/test_level_auto_fix_service.gd > test_apply_respects_enemy_spawns_from_start_rows STARTED

  res://tests/test_level_auto_fix_service.gd > test_apply_respects_enemy_spawns_from_start_rows FAILED 50ms

  Report:

	line 1: WARNING:

	 Detected <1> orphan nodes during test setup! Check before_test() and after_test()!

  Report:

	line 128: WARNING:

	 Detected <1> orphan nodes during test execution!

  Report:

	line 144: Expecting:


	 '1'


	 but was


	 '0'

  Report:

	line 145: Expecting:


	 '(1, 0)'


	 but was


	 '(0, 0)'

  res://tests/test_level_auto_fix_service.gd > test_repair_task_metadata_handles_missing_params STARTED

  res://tests/test_level_auto_fix_service.gd > test_repair_task_metadata_handles_missing_params FAILED 92ms

  Report:

	line 172: Godot Runtime Error !

		'at: test_repair_task_metadata_handles_missing_params (res://tests/test_level_auto_fix_service.gd:172)'

	Error: 'Invalid call. Nonexistent function 'is_at_least' in base 'RefCounted (GdUnitIntAssertImpl.gd)'.'

test_level_auto_fix_service:finalze

  Report:

	line 1: WARNING:

	 Detected <9> orphan nodes during test suite setup stage! Check before() and after()!

Run Test Suite: res://tests/test_level_builder.gd

  res://tests/test_level_builder.gd > test_spawn_player_units_exhausts_roster STARTED

  res://tests/test_level_builder.gd > test_spawn_player_units_exhausts_roster FAILED 134ms

  Report:

	line 1: WARNING:

	 Detected <7> orphan nodes during test setup! Check before_test() and after_test()!

  Report:

	line 25: Expecting emit signal: 'entry_unlocked()' but timed out after 2s 0ms

  Report:

	line 48: Godot Runtime Error !

		'at: test_spawn_player_units_exhausts_roster (res://tests/test_level_builder.gd:48)'

	Error: 'Invalid call. Nonexistent function '_spawn_player_units' in base 'RefCounted (RecordingLevelBuilder)'.'

  Report:

	line 42: WARNING:

	 Detected <7> orphan nodes during test execution!

  res://tests/test_level_builder.gd > test_spawn_unit_resets_player_willpower_to_max STARTED

  res://tests/test_level_builder.gd > test_spawn_unit_resets_player_willpower_to_max FAILED 92ms

  Report:

	line 1: WARNING:

	 Detected <7> orphan nodes during test setup! Check before_test() and after_test()!

  Report:

	line 56: Godot Runtime Error !

		'at: test_spawn_unit_resets_player_willpower_to_max (res://tests/test_level_builder.gd:56)'

	Error: 'Invalid call. Nonexistent function '_spawn_unit' in base 'RefCounted (LevelBuilder)'.'

  Report:

	line 52: WARNING:

	 Detected <7> orphan nodes during test execution!

  res://tests/test_level_builder.gd > test_spawn_unit_does_not_change_enemy_willpower STARTED

  res://tests/test_level_builder.gd > test_spawn_unit_does_not_change_enemy_willpower FAILED 92ms

  Report:

	line 1: WARNING:

	 Detected <7> orphan nodes during test setup! Check before_test() and after_test()!

  Report:

	line 67: Godot Runtime Error !

		'at: test_spawn_unit_does_not_change_enemy_willpower (res://tests/test_level_builder.gd:67)'

	Error: 'Invalid call. Nonexistent function '_spawn_unit' in base 'RefCounted (LevelBuilder)'.'

  Report:

	line 63: WARNING:

	 Detected <7> orphan nodes during test execution!

  res://tests/test_level_builder.gd > test_logs_when_location_on_impassable_tile STARTED

  res://tests/test_level_builder.gd > test_logs_when_location_on_impassable_tile FAILED 50ms

  Report:

	line 87: Expecting contains exactly elements:

	 '<empty>'

	 do contains (in same order)

	 '[(1, 1)]'

	but could not find elements:

	 '[(1, 1)]'

  res://tests/test_level_builder.gd > test_location_passable_when_tile_allows STARTED

  res://tests/test_level_builder.gd > test_build_resets_loot_manager_before_spawning STARTED

  res://tests/test_level_builder.gd > test_build_resets_loot_manager_before_spawning FAILED 91ms

  Report:

	line 1: WARNING:

	 Detected <9> orphan nodes during test setup! Check before_test() and after_test()!

  Report:

	line 109: Godot Runtime Error !

		'at: test_build_resets_loot_manager_before_spawning (res://tests/test_level_builder.gd:109)'

	Error: 'Invalid call. Nonexistent function 'build' in base 'RefCounted (LevelBuilder)'.'

  Report:

	line 96: WARNING:

	 Detected <9> orphan nodes during test execution!

  res://tests/test_level_builder.gd > test_hometown_neutral_roster_skips_by_unit_name STARTED

  res://tests/test_level_builder.gd > test_hometown_neutral_roster_skips_by_unit_name FAILED 91ms

  Report:

	line 1: WARNING:

	 Detected <7> orphan nodes during test setup! Check before_test() and after_test()!

  Report:

	line 119: Godot Runtime Error !

		'at: test_hometown_neutral_roster_skips_by_unit_name (res://tests/test_level_builder.gd:119)'

	Error: 'Invalid assignment of property or key 'level_path' with value of type 'String' on a base object of type 'RefCounted (LevelBuildContext)'.'

  Report:

	line 117: WARNING:

	 Detected <7> orphan nodes during test execution!

  res://tests/test_level_builder.gd > test_should_skip_neutral_spawn_by_hometown_coord STARTED

  res://tests/test_level_builder.gd > test_should_skip_neutral_spawn_by_hometown_coord FAILED 90ms

  Report:

	line 137: Godot Runtime Error !

		'at: test_should_skip_neutral_spawn_by_hometown_coord (res://tests/test_level_builder.gd:137)'

	Error: 'Invalid call. Nonexistent function '_should_skip_neutral_spawn' in base 'RefCounted (LevelBuilder)'.'

  res://tests/test_level_builder.gd > test_hometown_spawns_player_leader_unit STARTED

  res://tests/test_level_builder.gd > test_hometown_spawns_player_leader_unit FAILED 90ms

  Report:

	line 1: WARNING:

	 Detected <7> orphan nodes during test setup! Check before_test() and after_test()!

  Report:

	line 142: Godot Runtime Error !

		'at: test_hometown_spawns_player_leader_unit (res://tests/test_level_builder.gd:142)'

	Error: 'Invalid assignment of property or key 'level_path' with value of type 'String' on a base object of type 'RefCounted (LevelBuildContext)'.'

  Report:

	line 140: WARNING:

	 Detected <7> orphan nodes during test execution!

test_level_builder:finalze

  Report:

	line 1: WARNING:

	 Detected <44> orphan nodes during test suite setup stage! Check before() and after()!

Run Test Suite: res://tests/test_level_builder_extended.gd

  res://tests/test_level_builder_extended.gd > test_build_environment STARTED

  res://tests/test_level_builder_extended.gd > test_build_environment FAILED 145ms

  Report:

	line 1: WARNING:

	 Detected <10> orphan nodes during test setup! Check before_test() and after_test()!

  Report:

	line 25: Godot Runtime Error !

		'at: test_build_environment (res://tests/test_level_builder_extended.gd:25)'

	Error: 'Invalid assignment of property or key 'terrain_rows' with value of type 'Array' on a base object of type 'Resource (LevelTerrainData)'.'

  Report:

	line 7: WARNING:

	 Detected <10> orphan nodes during test execution!

  res://tests/test_level_builder_extended.gd > test_spawn_global_content STARTED

  Report:

	line 1: WARNING:

	 Detected <8> orphan nodes during test setup! Check before_test() and after_test()!

  Report:

	line 34: WARNING:

	 Detected <8> orphan nodes during test execution!

test_level_builder_extended:finalze

  Report:

	line 1: WARNING:

	 Detected <18> orphan nodes during test suite setup stage! Check before() and after()!

Run Test Suite: res://tests/test_level_catalog_extended.gd

  res://tests/test_level_catalog_extended.gd > test_get_level_by_id STARTED

  res://tests/test_level_catalog_extended.gd > test_find_level_by_path STARTED

Run Test Suite: res://tests/test_level_dialogue_entry.gd

  res://tests/test_level_dialogue_entry.gd > test_get_flag_id_uses_flag_name_when_set STARTED

  res://tests/test_level_dialogue_entry.gd > test_get_flag_id_falls_back_to_resource_path STARTED

  res://tests/test_level_dialogue_entry.gd > test_get_flag_id_falls_back_to_name_pair STARTED

  res://tests/test_level_dialogue_entry.gd > test_get_flag_id_returns_hash_when_all_empty STARTED

  res://tests/test_level_dialogue_entry.gd > test_get_flag_id_name_pair_requires_both_names STARTED

  res://tests/test_level_dialogue_entry.gd > test_get_flag_id_priority_flag_name_over_path STARTED

Run Test Suite: res://tests/test_level_flow_controller_extended.gd

  res://tests/test_level_flow_controller_extended.gd > test_start_level STARTED

  res://tests/test_level_flow_controller_extended.gd > test_start_first_level STARTED

  res://tests/test_level_flow_controller_extended.gd > test_handle_level_complete STARTED

  res://tests/test_level_flow_controller_extended.gd > test_handle_quit_to_title STARTED

Run Test Suite: res://tests/test_level_manager.gd

  res://tests/test_level_manager.gd > test_connects_signals_manually STARTED

Run Test Suite: res://tests/test_level_manager_gameplay.gd

  res://tests/test_level_manager_gameplay.gd > test_handle_selected_unit_move_emits_once_exit STARTED

  res://tests/test_level_manager_gameplay.gd > test_handle_selected_unit_move_emits_once_exit FAILED 54ms

  Report:

	line 1: WARNING:

	 Detected <1> orphan nodes during test setup! Check before_test() and after_test()!

  Report:

	line 86: Godot Runtime Error !

		'at: _make_manager (res://tests/test_level_manager_gameplay.gd:86)'

	Error: 'Invalid assignment of property or key '_level_resource' with value of type 'Resource' on a base object of type 'RefCounted (StubLevelManagerGameplay)'.'

  Report:

	line 42: Godot Runtime Error !

		'at: test_handle_selected_unit_move_emits_once_exit (res://tests/test_level_manager_gameplay.gd:42)'

	Error: 'Invalid assignment of property or key 'hometown' with value of type 'bool' on a base object of type 'Nil'.'

  Report:

	line 40: WARNING:

	 Detected <1> orphan nodes during test execution!

  res://tests/test_level_manager_gameplay.gd > test_handle_selected_unit_move_ignores_non_hometown_or_coord STARTED

  res://tests/test_level_manager_gameplay.gd > test_handle_selected_unit_move_ignores_non_hometown_or_coord FAILED 96ms

  Report:

	line 1: WARNING:

	 Detected <1> orphan nodes during test setup! Check before_test() and after_test()!

  Report:

	line 86: Godot Runtime Error !

		'at: _make_manager (res://tests/test_level_manager_gameplay.gd:86)'

	Error: 'Invalid assignment of property or key '_level_resource' with value of type 'Resource' on a base object of type 'RefCounted (StubLevelManagerGameplay)'.'

  Report:

	line 57: Godot Runtime Error !

		'at: test_handle_selected_unit_move_ignores_non_hometown_or_coord (res://tests/test_level_manager_gameplay.gd:57)'

	Error: 'Invalid access to property or key 'quit_to_level_select' on a base object of type 'Nil'.'

  Report:

	line 54: WARNING:

	 Detected <1> orphan nodes during test execution!

  res://tests/test_level_manager_gameplay.gd > test_apply_hometown_rules_toggle_free_roam_for_player_unit STARTED

  res://tests/test_level_manager_gameplay.gd > test_apply_hometown_rules_toggle_free_roam_for_player_unit FAILED 98ms

  Report:

	line 1: WARNING:

	 Detected <2> orphan nodes during test setup! Check before_test() and after_test()!

  Report:

	line 86: Godot Runtime Error !

		'at: _make_manager (res://tests/test_level_manager_gameplay.gd:86)'

	Error: 'Invalid assignment of property or key '_level_resource' with value of type 'Resource' on a base object of type 'RefCounted (StubLevelManagerGameplay)'.'

  Report:

	line 74: Godot Runtime Error !

		'at: test_apply_hometown_rules_toggle_free_roam_for_player_unit (res://tests/test_level_manager_gameplay.gd:74)'

	Error: 'Invalid assignment of property or key '_game_state' with value of type 'RefCounted (FakeGameState)' on a base object of type 'Nil'.'

  Report:

	line 68: WARNING:

	 Detected <2> orphan nodes during test execution!

test_level_manager_gameplay:finalze

  Report:

	line 1: WARNING:

	 Detected <4> orphan nodes during test suite setup stage! Check before() and after()!

Run Test Suite: res://tests/test_level_manager_gameplay_extended.gd

  res://tests/test_level_manager_gameplay_extended.gd > test_set_dialogue_service_connects_signal_and_prepares STARTED

[LevelManager] set_dialogue_service called. Service valid: true

   At: res://level/level_manager_gameplay.gd:49:set_dialogue_service()

Run Test Suite: res://tests/test_level_repairers.gd

  res://tests/test_level_repairers.gd > test_repairers STARTED

Run Test Suite: res://tests/test_level_row_loader.gd

  res://tests/test_level_row_loader.gd > test_apply_rows_populates_spawns_and_entries STARTED

[LevelRowLoader] Applying rows to level: demo

   At: res://level/level_log.gd:11:debug()

[LevelRowLoader] Found rows for demo: Roster=0, Loot=1, Locations=1, Start=3, Dialogue=1, Journal=1

   At: res://level/level_log.gd:11:debug()

[LevelRowLoader] Applied start rows: 1 Player (unified), 1 Neutral, 1 Enemy

   At: res://level/level_row_loader.gd:201:_apply_start_rows()

[LevelRowValidator] Validating level: demo

   At: res://level/level_log.gd:11:debug()

   At: res://level/level_log.gd:11:debug()

  res://tests/test_level_row_loader.gd > test_apply_rows_populates_spawns_and_entries FAILED 134ms

  Report:

	line 1: WARNING:

	 Detected <100> orphan nodes during test setup! Check before_test() and after_test()!

  Report:

	line 66: Godot Runtime Error !

		'at: _create_loot_entry (res://tests/test_level_row_loader.gd:66)'

	Error: 'Invalid assignment of property or key 'items' with value of type 'Array' on a base object of type 'Resource (LevelLootEntry)'.'

  Report:

	line 103: Godot Runtime Error !

		'at: _verify_level_entities (res://tests/test_level_row_loader.gd:103)'

	Error: 'Out of bounds get index '0' (on base: 'Array[LevelLootEntry]')'

  Report:

	line 39: WARNING:

	 Detected <100> orphan nodes during test execution!

  Report:

	line 102: Expecting:


	 '1'


	 but was


	 '0'

  res://tests/test_level_row_loader.gd > test_duplicate_roster_rows_reported STARTED

[LevelRowLoader] Applying rows to level: demo

   At: res://level/level_log.gd:11:debug()

[LevelRowLoader] Found rows for demo: Roster=2, Loot=0, Locations=0, Start=0, Dialogue=0, Journal=0

   At: res://level/level_log.gd:11:debug()

[LevelRowValidator] Validating level: demo

   At: res://level/level_log.gd:11:debug()

[LevelRowValidator] Validation failed for demo with 1 errors.

   At: res://level/level_log.gd:11:debug()

  - [LevelRows] Duplicate roster coordinate (1, 1) found at 1,1 (first defined in , then in ) for demo

   At: res://level/level_log.gd:11:debug()

  res://tests/test_level_row_loader.gd > test_out_of_bounds_location_reported STARTED

[LevelRowLoader] Applying rows to level: demo

   At: res://level/level_log.gd:11:debug()

[LevelRowLoader] Found rows for demo: Roster=0, Loot=0, Locations=1, Start=0, Dialogue=0, Journal=0

   At: res://level/level_log.gd:11:debug()

[LevelRowValidator] Validating level: demo

   At: res://level/level_log.gd:11:debug()

[LevelRowValidator] Validation failed for demo with 1 errors.

   At: res://level/level_log.gd:11:debug()

  - [LevelRows] location row  is out of bounds for demo

   At: res://level/level_log.gd:11:debug()

  res://tests/test_level_row_loader.gd > test_duplicate_start_coordinate_reported STARTED

[LevelRowLoader] Applying rows to level: demo

   At: res://level/level_log.gd:11:debug()

[LevelRowLoader] Found rows for demo: Roster=0, Loot=0, Locations=0, Start=2, Dialogue=0, Journal=0

   At: res://level/level_log.gd:11:debug()

[LevelRowLoader] Applied start rows: 2 Player (unified), 0 Neutral, 0 Enemy

   At: res://level/level_row_loader.gd:201:_apply_start_rows()

[LevelRowValidator] Validating level: demo

   At: res://level/level_log.gd:11:debug()

[LevelRowValidator] Validation failed for demo with 2 errors.

   At: res://level/level_log.gd:11:debug()

  - [LevelRows] Duplicate start slot player:0 found at (0, 0) (first defined in , then in ) for demo

   At: res://level/level_log.gd:11:debug()

  - [LevelRows] Duplicate start coordinate (0, 0) found at 0,0 (first defined in , then in ) for demo

   At: res://level/level_log.gd:11:debug()

  res://tests/test_level_row_loader.gd > test_dialogue_missing_timeline_reported STARTED

[LevelRowLoader] Applying rows to level: demo

   At: res://level/level_log.gd:11:debug()

[LevelRowLoader] Found rows for demo: Roster=0, Loot=0, Locations=0, Start=0, Dialogue=1, Journal=0

   At: res://level/level_log.gd:11:debug()

[LevelRowValidator] Validating level: demo

   At: res://level/level_log.gd:11:debug()

[LevelRowValidator] Validation failed for demo with 2 errors.

   At: res://level/level_log.gd:11:debug()

  - [LevelRows] Dialogue row  is missing dialogue resource for demo

   At: res://level/level_log.gd:11:debug()

  - [LevelRows] Dialogue entry_id missing missing related journal entry for demo

   At: res://level/level_log.gd:11:debug()

  res://tests/test_level_row_loader.gd > test_auto_fix_moves_location_from_impassable_tile STARTED

[LevelRowLoader] Applying rows to level: demo

   At: res://level/level_log.gd:11:debug()

[LevelRowLoader] Found rows for demo: Roster=0, Loot=0, Locations=1, Start=0, Dialogue=0, Journal=0

   At: res://level/level_log.gd:11:debug()

[LevelRowValidator] Validating level: demo

   At: res://level/level_log.gd:11:debug()

   At: res://level/level_log.gd:11:debug()

  Report:

	line 1: WARNING:

	 Detected <2> orphan nodes during test setup! Check before_test() and after_test()!

  Report:

	line 194: WARNING:

	 Detected <2> orphan nodes during test execution!

  res://tests/test_level_row_loader.gd > test_rows_for_level_returns_keyed_arrays STARTED

  res://tests/test_level_row_loader.gd > test_apply_rows_to_level_with_null_objective STARTED

[LevelRowLoader] Loading row data for level: null_obj_test

   At: res://level/level_log.gd:11:debug()

[LevelRowLoader] Load complete for null_obj_test.

   At: res://level/level_log.gd:11:debug()

[LevelRowLoader] Applying rows to level: null_obj_test

   At: res://level/level_log.gd:11:debug()

[LevelRowLoader] Found rows for null_obj_test: Roster=0, Loot=0, Locations=0, Start=0, Dialogue=0, Journal=0

   At: res://level/level_log.gd:11:debug()

[LevelRowValidator] Validating level: null_obj_test

   At: res://level/level_log.gd:11:debug()

   At: res://level/level_log.gd:11:debug()

test_level_row_loader:finalze

  Report:

	line 1: WARNING:

	 Detected <102> orphan nodes during test suite setup stage! Check before() and after()!

Run Test Suite: res://tests/test_level_row_loader_extended.gd

  res://tests/test_level_row_loader_extended.gd > test_level_row_loader_refresh_for_level_caches STARTED

[LevelRowLoader] Loading row data for level: missing_level

   At: res://level/level_log.gd:11:debug()

[LevelRowLoader] Load complete for missing_level.

   At: res://level/level_log.gd:11:debug()

Run Test Suite: res://tests/test_level_select_hometown.gd

  res://tests/test_level_select_hometown.gd > test_hometown_listed_first_and_repeatable STARTED

Run Test Suite: res://tests/test_level_state_controller_extended.gd

  res://tests/test_level_state_controller_extended.gd > test_get_task_reached_state STARTED

  res://tests/test_level_state_controller_extended.gd > test_set_task_reached_state STARTED

  res://tests/test_level_state_controller_extended.gd > test_update_safe_zone_ui STARTED

Run Test Suite: res://tests/test_locale_service.gd

  res://tests/test_locale_service.gd > test_apply_locale_settings STARTED

[LocaleService] Applying settings for: en

   At: res://Autoloads/locale_service.gd:24:apply_locale_settings()

[LocaleService] Applying settings for: en

   At: res://Autoloads/locale_service.gd:24:apply_locale_settings()

[LocaleService] Applying settings for: en

   At: res://Autoloads/locale_service.gd:24:apply_locale_settings()

Run Test Suite: res://tests/test_localization_strings.gd

  res://tests/test_localization_strings.gd > test_supported_languages_include_defaults STARTED

  res://tests/test_localization_strings.gd > test_get_text_returns_spanish_value STARTED

  res://tests/test_localization_strings.gd > test_get_text_returns_spanish_value FAILED 26ms

  Report:

	line 11: Expecting:


	 'Jugar'


	 but was


	 'JugPlary'

  res://tests/test_localization_strings.gd > test_get_text_handles_region_variants STARTED

  res://tests/test_localization_strings.gd > test_get_text_handles_region_variants FAILED 49ms

  Report:

	line 15: Expecting:


	 'Terminar turno'


	 but was


	 'TermiEnard tTurno'

  res://tests/test_localization_strings.gd > test_get_text_falls_back_to_default_language_when_missing_language STARTED

  res://tests/test_localization_strings.gd > test_get_text_returns_key_when_missing_entry STARTED

  res://tests/test_localization_strings.gd > test_round_label_template_formats_value STARTED

  res://tests/test_localization_strings.gd > test_enemy_fallback_translates STARTED

  res://tests/test_localization_strings.gd > test_enemy_fallback_translates FAILED 50ms

  Report:

	line 31: Expecting:


	 'Enemigo'


	 but was


	 'Enemigoy'

Run Test Suite: res://tests/test_location_action_provider_extended.gd

  res://tests/test_location_action_provider_extended.gd > test_location_action_provider_append_location_action STARTED

  res://tests/test_location_action_provider_extended.gd > test_location_action_provider_append_location_action FAILED 142ms

  Report:

	line 17: Godot Runtime Error !

		'at: test_location_action_provider_append_location_action (res://tests/test_location_action_provider_extended.gd:17)'

	Error: 'Invalid call to function 'append_location_action' in base 'RefCounted (LocationActionProvider)'. Expected 3 argument(s).'

Run Test Suite: res://tests/test_location_service_extended.gd

  res://tests/test_location_service_extended.gd > test_location_service_explore_location STARTED

  res://tests/test_location_service_extended.gd > test_location_service_explore_location FAILED 142ms

  Report:

	line 10: Godot Runtime Error !

		'at: test_location_service_explore_location (res://tests/test_location_service_extended.gd:10)'

	Error: 'Invalid call to function 'explore_location' in base 'RefCounted (LocationService)'. Expected 3 argument(s).'

  res://tests/test_location_service_extended.gd > test_location_service_visit_location STARTED

  res://tests/test_location_service_extended.gd > test_location_service_visit_location FAILED 107ms

  Report:

	line 18: Godot Runtime Error !

		'at: test_location_service_visit_location (res://tests/test_location_service_extended.gd:18)'

	Error: 'Invalid type in function 'visit_location' in base 'RefCounted (LocationService)'. The Object-derived class of argument 1 (Node2D (Unit)) is not a subclass of the expected argument class.'

Run Test Suite: res://tests/test_loot.gd

  res://tests/test_loot.gd > test_hover_info_empty_loot_shows_empty STARTED

Run Test Suite: res://tests/test_managers_extended.gd

  res://tests/test_managers_extended.gd > test_location_service_get_all_locations_data STARTED

  res://tests/test_managers_extended.gd > test_location_service_get_all_locations_data FAILED 148ms

  Report:

	line 1: WARNING:

	 Detected <1> orphan nodes during test setup! Check before_test() and after_test()!

  Report:

	line 14: Godot Runtime Error !

		'at: test_location_service_get_all_locations_data (res://tests/test_managers_extended.gd:14)'

	Error: 'Invalid assignment of property or key '_locations' with value of type 'Array' on a base object of type 'Node (TaskManager)'.'

  Report:

	line 6: WARNING:

	 Detected <1> orphan nodes during test execution!

  res://tests/test_managers_extended.gd > test_unit_controller_configure_dependencies STARTED

  res://tests/test_managers_extended.gd > test_checkpoint_manager_history_and_redo STARTED

  res://tests/test_managers_extended.gd > test_checkpoint_manager_history_and_redo FAILED 97ms

  Report:

	line 56: Godot Runtime Error !

		'at: test_checkpoint_manager_history_and_redo (res://tests/test_managers_extended.gd:56)'

	Error: 'Invalid assignment of property or key 'unit_manager' with value of type 'Node (MockUnitManager)' on a base object of type 'RefCounted (GameState)'.'

test_managers_extended:finalze

  Report:

	line 1: WARNING:

	 Detected <1> orphan nodes during test suite setup stage! Check before() and after()!

Run Test Suite: res://tests/test_map_controller_extended.gd

  res://tests/test_map_controller_extended.gd > test_map_controller_build_grid STARTED

  res://tests/test_map_controller_extended.gd > test_map_controller_build_grid FAILED 139ms

  Report:

	line 13: Godot Runtime Error !

		'at: test_map_controller_build_grid (res://tests/test_map_controller_extended.gd:13)'

	Error: 'Invalid assignment of property or key 'terrain_map' with value of type 'Node' on a base object of type 'Node (MapController)'.'

Run Test Suite: res://tests/test_menu_callbacks.gd

  res://tests/test_menu_callbacks.gd > test_credits_set_return_delay STARTED

  res://tests/test_menu_callbacks.gd > test_title_screen_set_quit_callback STARTED

Run Test Suite: res://tests/test_misc_coverage.gd

  res://tests/test_misc_coverage.gd > test_dialogue_state_methods STARTED

  res://tests/test_misc_coverage.gd > test_task_stage_spawner_methods STARTED

  res://tests/test_misc_coverage.gd > test_task_stage_spawner_methods FAILED 93ms

  Report:

	line 13: Godot Runtime Error !

		'at: TaskStageSpawner._init (res://Gameplay/narrative/task/task_stage_spawner.gd:13)'

	Error: 'Invalid access to property or key 'unit_manager' on a base object of type 'Nil'.'

  res://tests/test_misc_coverage.gd > test_inventory_ui_methods STARTED

Run Test Suite: res://tests/test_morale_system.gd

  res://tests/test_morale_system.gd > test_action_points_component_emits_willpower_changed_on_value_change STARTED

  res://tests/test_morale_system.gd > test_unit_emits_willpower_changed_on_action_points_willpower_change STARTED

  res://tests/test_morale_system.gd > test_morale_panel_initial_state STARTED

  res://tests/test_morale_system.gd > test_morale_panel_initial_state FAILED 100ms

  Report:

	line 1: WARNING:

	 Detected <4> orphan nodes during test setup! Check before_test() and after_test()!

  Report:

	line 224: Godot Runtime Error !

		'at: test_morale_panel_initial_state (res://tests/test_morale_system.gd:224)'

	Error: 'Invalid assignment of property or key 'unit_manager' with value of type 'Node (MockUnitManager)' on a base object of type 'RefCounted (GameState)'.'

  Report:

	line 201: WARNING:

	 Detected <4> orphan nodes during test execution!

  res://tests/test_morale_system.gd > test_morale_panel_updates_on_willpower_change STARTED

  res://tests/test_morale_system.gd > test_morale_panel_updates_on_willpower_change FAILED 98ms

  Report:

	line 1: WARNING:

	 Detected <3> orphan nodes during test setup! Check before_test() and after_test()!

  Report:

	line 249: Godot Runtime Error !

		'at: test_morale_panel_updates_on_willpower_change (res://tests/test_morale_system.gd:249)'

	Error: 'Invalid assignment of property or key 'unit_manager' with value of type 'Node (MockUnitManager)' on a base object of type 'RefCounted (GameState)'.'

  Report:

	line 241: WARNING:

	 Detected <3> orphan nodes during test execution!

  res://tests/test_morale_system.gd > test_morale_panel_player_retreat_trigger STARTED

  res://tests/test_morale_system.gd > test_morale_panel_player_retreat_trigger FAILED 99ms

  Report:

	line 1: WARNING:

	 Detected <3> orphan nodes during test setup! Check before_test() and after_test()!

  Report:

	line 273: Godot Runtime Error !

		'at: test_morale_panel_player_retreat_trigger (res://tests/test_morale_system.gd:273)'

	Error: 'Invalid assignment of property or key 'unit_manager' with value of type 'Node (MockUnitManager)' on a base object of type 'RefCounted (GameState)'.'

  Report:

	line 264: WARNING:

	 Detected <3> orphan nodes during test execution!

  res://tests/test_morale_system.gd > test_morale_panel_enemy_retreat_trigger STARTED

  res://tests/test_morale_system.gd > test_morale_panel_enemy_retreat_trigger FAILED 98ms

  Report:

	line 1: WARNING:

	 Detected <3> orphan nodes during test setup! Check before_test() and after_test()!

  Report:

	line 298: Godot Runtime Error !

		'at: test_morale_panel_enemy_retreat_trigger (res://tests/test_morale_system.gd:298)'

	Error: 'Invalid assignment of property or key 'unit_manager' with value of type 'Node (MockUnitManager)' on a base object of type 'RefCounted (GameState)'.'

  Report:

	line 289: WARNING:

	 Detected <3> orphan nodes during test execution!

  res://tests/test_morale_system.gd > test_morale_panel_neutral_ratio_and_signal STARTED

  res://tests/test_morale_system.gd > test_morale_panel_neutral_ratio_and_signal FAILED 100ms

  Report:

	line 1: WARNING:

	 Detected <3> orphan nodes during test setup! Check before_test() and after_test()!

  Report:

	line 323: Godot Runtime Error !

		'at: test_morale_panel_neutral_ratio_and_signal (res://tests/test_morale_system.gd:323)'

	Error: 'Invalid assignment of property or key 'unit_manager' with value of type 'Node (MockUnitManager)' on a base object of type 'RefCounted (GameState)'.'

  Report:

	line 314: WARNING:

	 Detected <3> orphan nodes during test execution!

  res://tests/test_morale_system.gd > test_level_manager_gameplay_handles_player_retreat STARTED

  res://tests/test_morale_system.gd > test_level_manager_gameplay_handles_player_retreat FAILED 82ms

  Report:

	line 1: WARNING:

	 Detected <12> orphan nodes during test setup! Check before_test() and after_test()!

  Report:

	line 101: Godot Runtime Error !

		'at: MockGameState._init (res://tests/test_morale_system.gd:101)'

	Error: 'Invalid assignment of property or key 'check_location_progress' with value of type 'Callable' on a base object of type 'Node'.'

  Report:

	line 343: Godot Runtime Error !

		'at: test_level_manager_gameplay_handles_player_retreat (res://tests/test_morale_system.gd:343)'

	Error: 'Invalid type in function 'new' in base 'GDScript'. The Object-derived class of argument 1 (Node (MockGameState)) is not a subclass of the expected argument class.'

  Report:

	line 335: WARNING:

	 Detected <12> orphan nodes during test execution!

  res://tests/test_morale_system.gd > test_level_manager_gameplay_handles_enemy_retreat STARTED

  res://tests/test_morale_system.gd > test_level_manager_gameplay_handles_enemy_retreat FAILED 82ms

  Report:

	line 1: WARNING:

	 Detected <14> orphan nodes during test setup! Check before_test() and after_test()!

  Report:

	line 101: Godot Runtime Error !

		'at: MockGameState._init (res://tests/test_morale_system.gd:101)'

	Error: 'Invalid assignment of property or key 'check_location_progress' with value of type 'Callable' on a base object of type 'Node'.'

  Report:

	line 385: Godot Runtime Error !

		'at: test_level_manager_gameplay_handles_enemy_retreat (res://tests/test_morale_system.gd:385)'

	Error: 'Invalid type in function 'new' in base 'GDScript'. The Object-derived class of argument 1 (Node (MockGameState)) is not a subclass of the expected argument class.'

  Report:

	line 374: WARNING:

	 Detected <14> orphan nodes during test execution!

  res://tests/test_morale_system.gd > test_level_manager_gameplay_handles_neutral_retreat STARTED

  res://tests/test_morale_system.gd > test_level_manager_gameplay_handles_neutral_retreat FAILED 96ms

  Report:

	line 1: WARNING:

	 Detected <14> orphan nodes during test setup! Check before_test() and after_test()!

  Report:

	line 101: Godot Runtime Error !

		'at: MockGameState._init (res://tests/test_morale_system.gd:101)'

	Error: 'Invalid assignment of property or key 'check_location_progress' with value of type 'Callable' on a base object of type 'Node'.'

  Report:

	line 420: Godot Runtime Error !

		'at: test_level_manager_gameplay_handles_neutral_retreat (res://tests/test_morale_system.gd:420)'

	Error: 'Invalid type in function 'new' in base 'GDScript'. The Object-derived class of argument 1 (Node (MockGameState)) is not a subclass of the expected argument class.'

  Report:

	line 410: WARNING:

	 Detected <14> orphan nodes during test execution!

  res://tests/test_morale_system.gd > test_level_manager_gameplay_handles_location_failure_signal STARTED

  res://tests/test_morale_system.gd > test_level_manager_gameplay_handles_location_failure_signal FAILED 94ms

  Report:

	line 1: WARNING:

	 Detected <12> orphan nodes during test setup! Check before_test() and after_test()!

  Report:

	line 101: Godot Runtime Error !

		'at: MockGameState._init (res://tests/test_morale_system.gd:101)'

	Error: 'Invalid assignment of property or key 'check_location_progress' with value of type 'Callable' on a base object of type 'Node'.'

  Report:

	line 443: Godot Runtime Error !

		'at: test_level_manager_gameplay_handles_location_failure_signal (res://tests/test_morale_system.gd:443)'

	Error: 'Invalid type in function 'new' in base 'GDScript'. The Object-derived class of argument 1 (Node (MockGameState)) is not a subclass of the expected argument class.'

  Report:

	line 437: WARNING:

	 Detected <12> orphan nodes during test execution!

test_morale_system:finalze

  Report:

	line 1: WARNING:

	 Detected <68> orphan nodes during test suite setup stage! Check before() and after()!

Run Test Suite: res://tests/test_movement_range.gd

  res://tests/test_movement_range.gd > test_compute_limits_by_cost STARTED

  res://tests/test_movement_range.gd > test_compute_limits_by_cost FAILED 105ms

  Report:

	line 11: Expecting: 'true' but is 'false'

  res://tests/test_movement_range.gd > test_compute_blocks_impassable_tiles STARTED

  Report:

	line 1: WARNING:

	 Detected <1> orphan nodes during test setup! Check before_test() and after_test()!

  Report:

	line 16: WARNING:

	 Detected <1> orphan nodes during test execution!

test_movement_range:finalze

  Report:

	line 1: WARNING:

	 Detected <1> orphan nodes during test suite setup stage! Check before() and after()!

Run Test Suite: res://tests/test_movement_range_calculator.gd

  res://tests/test_movement_range_calculator.gd > test_find_path_same_start_and_target STARTED

  res://tests/test_movement_range_calculator.gd > test_find_path_target_not_reachable STARTED

  res://tests/test_movement_range_calculator.gd > test_find_path_simple STARTED

  res://tests/test_movement_range_calculator.gd > test_find_path_prefers_non_threatened_hexes STARTED

  res://tests/test_movement_range_calculator.gd > test_find_path_prefers_non_threatened_hexes FAILED 106ms

  Report:

	line 46: Godot Runtime Error !

		'at: ThreatGraphTerrainMap.get_neighbors (res://tests/test_movement_range_calculator.gd:46)'

	Error: 'Trying to return an array of type "Array" where expected return type is "Array[Vector2i]".'

  Report:

	line 89: Expecting:


	 '[(0, 1), (1, 1), (2, 1)]'


	 but was


	 '<empty>'

	Differences found:

	[table=3][cell][right]Index[/right]	[/cell][cell][right]Current[/right]	[/cell][cell][right]Expected[/right]	[/cell][cell][right]0[/right]	[/cell][cell][right]<N/A>[/right]	[/cell][cell][right](0, 1)[/right]	[/cell][cell][right]1[/right]	[/cell][cell][right]<N/A>[/right]	[/cell][cell][right](1, 1)[/right]	[/cell][cell][right]2[/right]	[/cell][cell][right]<N/A>[/right]	[/cell][cell][right](2, 1)[/right]	[/cell][/table]

  res://tests/test_movement_range_calculator.gd > test_find_path_avoids_blocked_hexes STARTED

  res://tests/test_movement_range_calculator.gd > test_find_path_avoids_blocked_hexes FAILED 107ms

  Report:

	line 46: Godot Runtime Error !

		'at: ThreatGraphTerrainMap.get_neighbors (res://tests/test_movement_range_calculator.gd:46)'

	Error: 'Trying to return an array of type "Array" where expected return type is "Array[Vector2i]".'

  Report:

	line 103: Expecting:


	 '[(1, 0), (2, 0), (2, 1)]'


	 but was


	 '<empty>'

	Differences found:

	[table=3][cell][right]Index[/right]	[/cell][cell][right]Current[/right]	[/cell][cell][right]Expected[/right]	[/cell][cell][right]0[/right]	[/cell][cell][right]<N/A>[/right]	[/cell][cell][right](1, 0)[/right]	[/cell][cell][right]1[/right]	[/cell][cell][right]<N/A>[/right]	[/cell][cell][right](2, 0)[/right]	[/cell][cell][right]2[/right]	[/cell][cell][right]<N/A>[/right]	[/cell][cell][right](2, 1)[/right]	[/cell][/table]

Run Test Suite: res://tests/test_move_controller_cancel.gd

  res://tests/test_move_controller_cancel.gd > test_cancel_tentative_move_for_index_clears_pending_move STARTED

  res://tests/test_move_controller_cancel.gd > test_cancel_tentative_move_for_index_clears_pending_move FAILED 154ms

  Report:

	line 1: WARNING:

	 Detected <5> orphan nodes during test setup! Check before_test() and after_test()!

  Report:

	line 112: Godot Runtime Error !

		'at: MoveController.cancel_tentative_move_for_index (res://Gameplay/map/move_controller.gd:112)'

	Error: 'Invalid access to property or key 'movement' on a base object of type 'Node (FakeUnit)'.'

  Report:

	line 49: Godot Runtime Error !

		'at: test_cancel_tentative_move_for_index_clears_pending_move (res://tests/test_move_controller_cancel.gd:49)'

	Error: 'Invalid access to property or key 'movement' on a base object of type 'Node (FakeUnit)'.'

  Report:

	line 34: WARNING:

	 Detected <5> orphan nodes during test execution!

test_move_controller_cancel:finalze

  Report:

	line 1: WARNING:

	 Detected <5> orphan nodes during test suite setup stage! Check before() and after()!

Run Test Suite: res://tests/test_move_services.gd

  res://tests/test_move_services.gd > test_validate_direction_move_accepts_open_hex STARTED

  res://tests/test_move_services.gd > test_validate_direction_move_accepts_open_hex FAILED 156ms

  Report:

	line 1: WARNING:

	 Detected <2> orphan nodes during test setup! Check before_test() and after_test()!

  Report:

	line 26: Godot Runtime Error !

		'at: MoveRequestValidator.validate_direction_move (res://Gameplay/map/move_request_validator.gd:26)'

	Error: 'Invalid call. Nonexistent function 'is_within_bounds' in base 'RefCounted (StubTerrainMap)'.'

  Report:

	line 12: Godot Runtime Error !

		'at: test_validate_direction_move_accepts_open_hex (res://tests/test_move_services.gd:12)'

	Error: 'Invalid access to property or key 'success' on a base object of type 'Dictionary'.'

  Report:

	line 4: WARNING:

	 Detected <2> orphan nodes during test execution!

  res://tests/test_move_services.gd > test_validate_coordinate_move_includes_path_cost STARTED

  res://tests/test_move_services.gd > test_validate_coordinate_move_includes_path_cost FAILED 98ms

  Report:

	line 1: WARNING:

	 Detected <1> orphan nodes during test setup! Check before_test() and after_test()!

  Report:

	line 78: Godot Runtime Error !

		'at: MoveRequestValidator.validate_coordinate_move (res://Gameplay/map/move_request_validator.gd:78)'

	Error: 'Invalid call. Nonexistent function 'is_within_bounds' in base 'RefCounted (StubTerrainMap)'.'

  Report:

	line 24: Godot Runtime Error !

		'at: test_validate_coordinate_move_includes_path_cost (res://tests/test_move_services.gd:24)'

	Error: 'Invalid access to property or key 'success' on a base object of type 'Dictionary'.'

  Report:

	line 16: WARNING:

	 Detected <1> orphan nodes during test execution!

  res://tests/test_move_services.gd > test_execute_move_consumes_points_and_updates_behavior STARTED

  res://tests/test_move_services.gd > test_execute_move_consumes_points_and_updates_behavior FAILED 102ms

  Report:

	line 1: WARNING:

	 Detected <1> orphan nodes during test setup! Check before_test() and after_test()!

  Report:

	line 8: Godot Runtime Error !

		'at: MoveExecutionService.execute_move (res://Gameplay/map/move_execution_service.gd:8)'

	Error: 'Invalid call. Nonexistent function 'consume_move' in base 'Nil'.'

  Report:

	line 36: Godot Runtime Error !

		'at: test_execute_move_consumes_points_and_updates_behavior (res://tests/test_move_services.gd:36)'

	Error: 'Invalid access to property or key 'last_coord' on a base object of type 'Nil'.'

  Report:

	line 28: WARNING:

	 Detected <1> orphan nodes during test execution!

  Report:

	line 35: Expecting:


	 '4'


	 but was


	 '5'

  res://tests/test_move_services.gd > test_finalize_tentative_move_commits_unit STARTED

  res://tests/test_move_services.gd > test_finalize_tentative_move_commits_unit FAILED 107ms

  Report:

	line 1: WARNING:

	 Detected <1> orphan nodes during test setup! Check before_test() and after_test()!

  Report:

	line 18: Godot Runtime Error !

		'at: MoveExecutionService.finalize_tentative_move (res://Gameplay/map/move_execution_service.gd:18)'

	Error: 'Invalid call. Nonexistent function 'get_tentative_path' in base 'Nil'.'

  Report:

	line 39: WARNING:

	 Detected <1> orphan nodes during test execution!

  Report:

	line 45: Expecting:


	 '(4, 2)'


	 but was


	 '(0, 0)'

  Report:

	line 46: Expecting:


	 '3'


	 but was


	 '5'

  Report:

	line 47: Expecting: 'true' but is 'false'

  res://tests/test_move_services.gd > test_evaluate_post_move_flags_completion_without_actions STARTED

  res://tests/test_move_services.gd > test_evaluate_post_move_flags_completion_without_actions FAILED 127ms

  Report:

	line 1: WARNING:

	 Detected <1> orphan nodes during test setup! Check before_test() and after_test()!

  Report:

	line 51: Godot Runtime Error !

		'at: MoveExecutionService.evaluate_post_move (res://Gameplay/map/move_execution_service.gd:51)'

	Error: 'Invalid call. Nonexistent function 'has_move_available' in base 'Nil'.'

  Report:

	line 57: Godot Runtime Error !

		'at: test_evaluate_post_move_flags_completion_without_actions (res://tests/test_move_services.gd:57)'

	Error: 'Invalid access to property or key 'complete_turn' on a base object of type 'Dictionary'.'

  Report:

	line 49: WARNING:

	 Detected <1> orphan nodes during test execution!

  res://tests/test_move_services.gd > test_threat_warning_service_detects_threat STARTED

  res://tests/test_move_services.gd > test_threat_warning_service_detects_threat FAILED 78ms

  Report:

	line 1: WARNING:

	 Detected <1> orphan nodes during test setup! Check before_test() and after_test()!

  Report:

	line 60: WARNING:

	 Detected <1> orphan nodes during test execution!

  Report:

	line 64: Expecting:


	 'Leaving a threatened hex may provoke an attack of opportunity. Press confirm again to accept.'


	 but was


	 'Leaving a threatened hex may provoke an attack of opportunity. Press confirm again to accept.'

  Report:

	line 65: Expecting: 'true' but is 'false'

  res://tests/test_move_services.gd > test_threat_warning_service_acknowledge_and_reset STARTED

  res://tests/test_move_services.gd > test_threat_warning_service_acknowledge_and_reset FAILED 51ms

  Report:

	line 1: WARNING:

	 Detected <1> orphan nodes during test setup! Check before_test() and after_test()!

  Report:

	line 67: WARNING:

	 Detected <1> orphan nodes during test execution!

  Report:

	line 72: Expecting:


	 'Attack of opportunity risk! Confirm again to move.'


	 but was


	 'Attack of opportunity risk! Confirm again to move.'

test_move_services:finalze

  Report:

	line 1: WARNING:

	 Detected <8> orphan nodes during test suite setup stage! Check before() and after()!

Run Test Suite: res://tests/test_neutral_loyalty.gd

  res://tests/test_neutral_loyalty.gd > test_neutral_handles_attack_from_player STARTED

  res://tests/test_neutral_loyalty.gd > test_neutral_persuasion_changes_loyalty STARTED

  res://tests/test_neutral_loyalty.gd > test_neutral_persuasion_changes_loyalty FAILED 72ms

  Report:

	line 19: Expecting:


	 '0'


	 but was


	 '2'

  res://tests/test_neutral_loyalty.gd > test_reset_neutral_loyalty_clears_alignment STARTED

  res://tests/test_neutral_loyalty.gd > test_rally_spreads_loyalty_to_targets STARTED

  res://tests/test_neutral_loyalty.gd > test_rally_spreads_loyalty_to_targets FAILED 57ms

  Report:

	line 34: Expecting:


	 '0'


	 but was


	 '2'

  res://tests/test_neutral_loyalty.gd > test_unit_manager_reset_all_neutral_loyalties STARTED

Run Test Suite: res://tests/test_objective.gd

  res://tests/test_objective.gd > test_start_objective_with_no_stages_emits_completed STARTED

  res://tests/test_objective.gd > test_start_objective_sets_is_active STARTED

  res://tests/test_objective.gd > test_start_objective_uses_starting_stage_when_set STARTED

  res://tests/test_objective.gd > test_start_objective_stage_with_no_tasks_completes_immediately STARTED

  res://tests/test_objective.gd > test_start_objective_uses_stages_array_when_starting_stage_null STARTED

  res://tests/test_objective.gd > test_stage_completion_propagates_to_objective_completed STARTED

  res://tests/test_objective.gd > test_start_objective_stores_level_reference STARTED

Run Test Suite: res://tests/test_pathfinding_execution.gd

  res://tests/test_pathfinding_execution.gd > test_request_move_to_coord_calculates_path STARTED

  Report:

	line 1: WARNING:

	 Detected <1> orphan nodes during test setup! Check before_test() and after_test()!

  Report:

	line 10: WARNING:

	 Detected <1> orphan nodes during test execution!

  res://tests/test_pathfinding_execution.gd > test_hex_navigator_can_find_path STARTED

  Report:

	line 1: WARNING:

	 Detected <1> orphan nodes during test setup! Check before_test() and after_test()!

  Report:

	line 15: WARNING:

	 Detected <1> orphan nodes during test execution!

  res://tests/test_pathfinding_execution.gd > test_move_controller_respects_movement_points STARTED

  Report:

	line 1: WARNING:

	 Detected <1> orphan nodes during test setup! Check before_test() and after_test()!

  Report:

	line 20: WARNING:

	 Detected <1> orphan nodes during test execution!

  res://tests/test_pathfinding_execution.gd > test_path_stops_at_terrain_obstacle STARTED

  Report:

	line 1: WARNING:

	 Detected <1> orphan nodes during test setup! Check before_test() and after_test()!

  Report:

	line 25: WARNING:

	 Detected <1> orphan nodes during test execution!

  res://tests/test_pathfinding_execution.gd > test_game_command_context_validates_dependencies STARTED

  res://tests/test_pathfinding_execution.gd > test_game_command_context_reports_missing_deps STARTED

  res://tests/test_pathfinding_execution.gd > test_primary_action_command_validates_context STARTED

DBG PrimaryActionCommand: Context validation failed: Invalid context: missing context

   At: res://Gameplay/commands/primary_action_command.gd:22:execute()

test_pathfinding_execution:finalze

  Report:

	line 1: WARNING:

	 Detected <4> orphan nodes during test suite setup stage! Check before() and after()!

Run Test Suite: res://tests/test_pause_handler.gd

  res://tests/test_pause_handler.gd > test_handle_pause_input_toggles_state STARTED

[RosterLoader] Loaded saved player roster with 6 units.

[Task] setup() called with state=valid

   At: res://Gameplay/narrative/task/task_controller.gd:32:setup()

DialogueActionService: setup() called.

   At: res://Gameplay/narrative/dialogue/dialogue_action_service.gd:42:setup()

JournalManager: setup() called.

   At: res://Autoloads/journal_manager.gd:12:setup()

JournalManager: TaskManager setup complete.

   At: res://Autoloads/journal_manager.gd:26:setup()

InputController: command router initialized; commands=true

   At: res://Gameplay/inputs/input_controller.gd:53:setup()

GameSessionBuilder: input controller wired; HUD and systems initialized

   At: res://Gameplay/game_session_builder.gd:129:_setup_input_and_hud()

[GameSession] _attach_services calling for 16 nodes

   At: res://Gameplay/game_session.gd:32:_attach_services()

[GameSession] Adding node to tree: <CanvasLayer#5336916305122>

   At: res://Gameplay/game_session.gd:37:_attach_services()

[GameSession] Adding node to tree: <Node2D#5336899527978>

   At: res://Gameplay/game_session.gd:37:_attach_services()

[GameSession] Adding node to tree: <Node2D#5336933082654>

   At: res://Gameplay/game_session.gd:37:_attach_services()

[GameSession] Adding node to tree: <Node#5336966636767>

   At: res://Gameplay/game_session.gd:37:_attach_services()

[GameSession] Adding node to tree: <Node#5337033745564>

   At: res://Gameplay/game_session.gd:37:_attach_services()

[GameSession] Adding node to tree: <Node#5336865973649>

   At: res://Gameplay/game_session.gd:37:_attach_services()

[GameSession] Adding node to tree: <Node#5337167963281>

   At: res://Gameplay/game_session.gd:37:_attach_services()

[GameSession] Adding node to tree: <Node#5337201517718>

   At: res://Gameplay/game_session.gd:37:_attach_services()

[GameSession] Adding node to tree: <Node#5336815641941>

   At: res://Gameplay/game_session.gd:37:_attach_services()

[GameSession] Adding node to tree: <Node#5336832419041>

   At: res://Gameplay/game_session.gd:37:_attach_services()

[GameSession] Adding node to tree: <Node#5336849196361>

   At: res://Gameplay/game_session.gd:37:_attach_services()

[GameSession] Adding node to tree: <Node#5336949859737>

   At: res://Gameplay/game_session.gd:37:_attach_services()

[GameSession] Adding node to tree: <Node#5337067300007>

   At: res://Gameplay/game_session.gd:37:_attach_services()

[GameSession] Adding node to tree: <Node#5337084077220>

   At: res://Gameplay/game_session.gd:37:_attach_services()

[GameSession] Adding node to tree: <Node#5337100854509>

   At: res://Gameplay/game_session.gd:37:_attach_services()

[GameSession] Adding node to tree: <Node#5337151186060>

   At: res://Gameplay/game_session.gd:37:_attach_services()

[LevelManager] set_dialogue_service called. Service valid: true

   At: res://level/level_manager_gameplay.gd:49:set_dialogue_service()

[RosterLoader] Using provided player roster with 6 units.

[Orchestrator] No level resource provided. Skipping initialization.

   At: res://level/level_initialization_orchestrator.gd:7:run_initialization_pipeline()

  Report:

	line 1: WARNING:

	 Detected <1> orphan nodes during test setup! Check before_test() and after_test()!

test_pause_handler:finalze

  Report:

	line 1: WARNING:

	 Detected <1> orphan nodes during test suite setup stage! Check before() and after()!

Run Test Suite: res://tests/test_pause_workflow.gd

  res://tests/test_pause_workflow.gd > test_pause_menus_process_during_tree_pause STARTED

[RosterLoader] Loaded saved player roster with 6 units.

[Task] setup() called with state=valid

   At: res://Gameplay/narrative/task/task_controller.gd:32:setup()

DialogueActionService: setup() called.

   At: res://Gameplay/narrative/dialogue/dialogue_action_service.gd:42:setup()

JournalManager: setup() called.

   At: res://Autoloads/journal_manager.gd:12:setup()

JournalManager: TaskManager setup complete.

   At: res://Autoloads/journal_manager.gd:26:setup()

InputController: command router initialized; commands=true

   At: res://Gameplay/inputs/input_controller.gd:53:setup()

GameSessionBuilder: input controller wired; HUD and systems initialized

   At: res://Gameplay/game_session_builder.gd:129:_setup_input_and_hud()

[GameSession] _attach_services calling for 16 nodes

   At: res://Gameplay/game_session.gd:32:_attach_services()

[GameSession] Adding node to tree: <CanvasLayer#5366796528113>

   At: res://Gameplay/game_session.gd:37:_attach_services()

[GameSession] Adding node to tree: <Node2D#5366779750667>

   At: res://Gameplay/game_session.gd:37:_attach_services()

[GameSession] Adding node to tree: <Node2D#5366813305322>

   At: res://Gameplay/game_session.gd:37:_attach_services()

[GameSession] Adding node to tree: <Node#5366846859753>

   At: res://Gameplay/game_session.gd:37:_attach_services()

[GameSession] Adding node to tree: <Node#5366913968700>

   At: res://Gameplay/game_session.gd:37:_attach_services()

[GameSession] Adding node to tree: <Node#5366746196461>

   At: res://Gameplay/game_session.gd:37:_attach_services()

[GameSession] Adding node to tree: <Node#5367048185872>

   At: res://Gameplay/game_session.gd:37:_attach_services()

[GameSession] Adding node to tree: <Node#5367081740439>

   At: res://Gameplay/game_session.gd:37:_attach_services()

[GameSession] Adding node to tree: <Node#5366695864875>

   At: res://Gameplay/game_session.gd:37:_attach_services()

[GameSession] Adding node to tree: <Node#5366712641710>

   At: res://Gameplay/game_session.gd:37:_attach_services()

[GameSession] Adding node to tree: <Node#5366729419317>

   At: res://Gameplay/game_session.gd:37:_attach_services()

[GameSession] Adding node to tree: <Node#5366830082548>

   At: res://Gameplay/game_session.gd:37:_attach_services()

[GameSession] Adding node to tree: <Node#5366947523023>

   At: res://Gameplay/game_session.gd:37:_attach_services()

[GameSession] Adding node to tree: <Node#5366964299958>

   At: res://Gameplay/game_session.gd:37:_attach_services()

[GameSession] Adding node to tree: <Node#5366981077177>

   At: res://Gameplay/game_session.gd:37:_attach_services()

[GameSession] Adding node to tree: <Node#5367031409031>

   At: res://Gameplay/game_session.gd:37:_attach_services()

[LevelManager] set_dialogue_service called. Service valid: true

   At: res://level/level_manager_gameplay.gd:49:set_dialogue_service()

[RosterLoader] Using provided player roster with 6 units.

[Orchestrator] No level resource provided. Skipping initialization.

   At: res://level/level_initialization_orchestrator.gd:7:run_initialization_pipeline()

  Report:

	line 1: WARNING:

	 Detected <1> orphan nodes during test setup! Check before_test() and after_test()!

  res://tests/test_pause_workflow.gd > test_pause_controls_reset_defaults STARTED

[RosterLoader] Loaded saved player roster with 6 units.

[Task] setup() called with state=valid

   At: res://Gameplay/narrative/task/task_controller.gd:32:setup()

DialogueActionService: setup() called.

   At: res://Gameplay/narrative/dialogue/dialogue_action_service.gd:42:setup()

JournalManager: setup() called.

   At: res://Autoloads/journal_manager.gd:12:setup()

JournalManager: TaskManager setup complete.

   At: res://Autoloads/journal_manager.gd:26:setup()

InputController: command router initialized; commands=true

   At: res://Gameplay/inputs/input_controller.gd:53:setup()

GameSessionBuilder: input controller wired; HUD and systems initialized

   At: res://Gameplay/game_session_builder.gd:129:_setup_input_and_hud()

[GameSession] _attach_services calling for 16 nodes

   At: res://Gameplay/game_session.gd:32:_attach_services()

[GameSession] Adding node to tree: <CanvasLayer#5383842179741>

   At: res://Gameplay/game_session.gd:37:_attach_services()

[GameSession] Adding node to tree: <Node2D#5383825402511>

   At: res://Gameplay/game_session.gd:37:_attach_services()

[GameSession] Adding node to tree: <Node2D#5383858956961>

   At: res://Gameplay/game_session.gd:37:_attach_services()

[GameSession] Adding node to tree: <Node#5383892511392>

   At: res://Gameplay/game_session.gd:37:_attach_services()

[GameSession] Adding node to tree: <Node#5383959620111>

   At: res://Gameplay/game_session.gd:37:_attach_services()

[GameSession] Adding node to tree: <Node#5383791848088>

   At: res://Gameplay/game_session.gd:37:_attach_services()

[GameSession] Adding node to tree: <Node#5384093837955>

   At: res://Gameplay/game_session.gd:37:_attach_services()

[GameSession] Adding node to tree: <Node#5384127392385>

   At: res://Gameplay/game_session.gd:37:_attach_services()

[GameSession] Adding node to tree: <Node#5383741516441>

   At: res://Gameplay/game_session.gd:37:_attach_services()

[GameSession] Adding node to tree: <Node#5383758293652>

   At: res://Gameplay/game_session.gd:37:_attach_services()

[GameSession] Adding node to tree: <Node#5383775070871>

   At: res://Gameplay/game_session.gd:37:_attach_services()

[GameSession] Adding node to tree: <Node#5383875734178>

   At: res://Gameplay/game_session.gd:37:_attach_services()

[GameSession] Adding node to tree: <Node#5383993174662>

   At: res://Gameplay/game_session.gd:37:_attach_services()

[GameSession] Adding node to tree: <Node#5384009951877>

   At: res://Gameplay/game_session.gd:37:_attach_services()

[GameSession] Adding node to tree: <Node#5384026729084>

   At: res://Gameplay/game_session.gd:37:_attach_services()

[GameSession] Adding node to tree: <Node#5384077060740>

   At: res://Gameplay/game_session.gd:37:_attach_services()

[LevelManager] set_dialogue_service called. Service valid: true

   At: res://level/level_manager_gameplay.gd:49:set_dialogue_service()

[RosterLoader] Using provided player roster with 6 units.

[Orchestrator] No level resource provided. Skipping initialization.

   At: res://level/level_initialization_orchestrator.gd:7:run_initialization_pipeline()

  Report:

	line 1: WARNING:

	 Detected <1> orphan nodes during test setup! Check before_test() and after_test()!

  res://tests/test_pause_workflow.gd > test_pause_volume_and_mute_controls STARTED

[RosterLoader] Loaded saved player roster with 6 units.

[Task] setup() called with state=valid

   At: res://Gameplay/narrative/task/task_controller.gd:32:setup()

DialogueActionService: setup() called.

   At: res://Gameplay/narrative/dialogue/dialogue_action_service.gd:42:setup()

JournalManager: setup() called.

   At: res://Autoloads/journal_manager.gd:12:setup()

JournalManager: TaskManager setup complete.

   At: res://Autoloads/journal_manager.gd:26:setup()

InputController: command router initialized; commands=true

   At: res://Gameplay/inputs/input_controller.gd:53:setup()

GameSessionBuilder: input controller wired; HUD and systems initialized

   At: res://Gameplay/game_session_builder.gd:129:_setup_input_and_hud()

[GameSession] _attach_services calling for 16 nodes

   At: res://Gameplay/game_session.gd:32:_attach_services()

[GameSession] Adding node to tree: <CanvasLayer#5401441479349>

   At: res://Gameplay/game_session.gd:37:_attach_services()

[GameSession] Adding node to tree: <Node2D#5401424702055>

   At: res://Gameplay/game_session.gd:37:_attach_services()

[GameSession] Adding node to tree: <Node2D#5401458256628>

   At: res://Gameplay/game_session.gd:37:_attach_services()

[GameSession] Adding node to tree: <Node#5401491811059>

   At: res://Gameplay/game_session.gd:37:_attach_services()

[GameSession] Adding node to tree: <Node#5401558919908>

   At: res://Gameplay/game_session.gd:37:_attach_services()

[GameSession] Adding node to tree: <Node#5401391147749>

   At: res://Gameplay/game_session.gd:37:_attach_services()

[GameSession] Adding node to tree: <Node#5401693137624>

   At: res://Gameplay/game_session.gd:37:_attach_services()

[GameSession] Adding node to tree: <Node#5401726692052>

   At: res://Gameplay/game_session.gd:37:_attach_services()

[GameSession] Adding node to tree: <Node#5401340816102>

   At: res://Gameplay/game_session.gd:37:_attach_services()

[GameSession] Adding node to tree: <Node#5401357593339>

   At: res://Gameplay/game_session.gd:37:_attach_services()

[GameSession] Adding node to tree: <Node#5401374370287>

   At: res://Gameplay/game_session.gd:37:_attach_services()

[GameSession] Adding node to tree: <Node#5401475033702>

   At: res://Gameplay/game_session.gd:37:_attach_services()

[GameSession] Adding node to tree: <Node#5401592474335>

   At: res://Gameplay/game_session.gd:37:_attach_services()

[GameSession] Adding node to tree: <Node#5401609251550>

   At: res://Gameplay/game_session.gd:37:_attach_services()

[GameSession] Adding node to tree: <Node#5401626028753>

   At: res://Gameplay/game_session.gd:37:_attach_services()

[GameSession] Adding node to tree: <Node#5401676360405>

   At: res://Gameplay/game_session.gd:37:_attach_services()

[LevelManager] set_dialogue_service called. Service valid: true

   At: res://level/level_manager_gameplay.gd:49:set_dialogue_service()

[RosterLoader] Using provided player roster with 6 units.

[Orchestrator] No level resource provided. Skipping initialization.

   At: res://level/level_initialization_orchestrator.gd:7:run_initialization_pipeline()

  Report:

	line 1: WARNING:

	 Detected <1> orphan nodes during test setup! Check before_test() and after_test()!

  res://tests/test_pause_workflow.gd > test_pause_menu_disables_turn_controller STARTED

[RosterLoader] Loaded saved player roster with 6 units.

[Task] setup() called with state=valid

   At: res://Gameplay/narrative/task/task_controller.gd:32:setup()

DialogueActionService: setup() called.

   At: res://Gameplay/narrative/dialogue/dialogue_action_service.gd:42:setup()

JournalManager: setup() called.

   At: res://Autoloads/journal_manager.gd:12:setup()

JournalManager: TaskManager setup complete.

   At: res://Autoloads/journal_manager.gd:26:setup()

InputController: command router initialized; commands=true

   At: res://Gameplay/inputs/input_controller.gd:53:setup()

GameSessionBuilder: input controller wired; HUD and systems initialized

   At: res://Gameplay/game_session_builder.gd:129:_setup_input_and_hud()

[GameSession] _attach_services calling for 16 nodes

   At: res://Gameplay/game_session.gd:32:_attach_services()

[GameSession] Adding node to tree: <CanvasLayer#5424124275461>

   At: res://Gameplay/game_session.gd:37:_attach_services()

[GameSession] Adding node to tree: <Node2D#5424107497752>

   At: res://Gameplay/game_session.gd:37:_attach_services()

[GameSession] Adding node to tree: <Node2D#5424141052118>

   At: res://Gameplay/game_session.gd:37:_attach_services()

[GameSession] Adding node to tree: <Node#5424174606936>

   At: res://Gameplay/game_session.gd:37:_attach_services()

[GameSession] Adding node to tree: <Node#5424241714316>

   At: res://Gameplay/game_session.gd:37:_attach_services()

[GameSession] Adding node to tree: <Node#5424073943931>

   At: res://Gameplay/game_session.gd:37:_attach_services()

[GameSession] Adding node to tree: <Node#5424375933704>

   At: res://Gameplay/game_session.gd:37:_attach_services()

[GameSession] Adding node to tree: <Node#5424409488148>

   At: res://Gameplay/game_session.gd:37:_attach_services()

[GameSession] Adding node to tree: <Node#5424023611219>

   At: res://Gameplay/game_session.gd:37:_attach_services()

[GameSession] Adding node to tree: <Node#5424040389214>

   At: res://Gameplay/game_session.gd:37:_attach_services()

[GameSession] Adding node to tree: <Node#5424057166714>

   At: res://Gameplay/game_session.gd:37:_attach_services()

[GameSession] Adding node to tree: <Node#5424157829575>

   At: res://Gameplay/game_session.gd:37:_attach_services()

[GameSession] Adding node to tree: <Node#5424275270166>

   At: res://Gameplay/game_session.gd:37:_attach_services()

[GameSession] Adding node to tree: <Node#5424292045988>

   At: res://Gameplay/game_session.gd:37:_attach_services()

[GameSession] Adding node to tree: <Node#5424308824855>

   At: res://Gameplay/game_session.gd:37:_attach_services()

[GameSession] Adding node to tree: <Node#5424359154986>

   At: res://Gameplay/game_session.gd:37:_attach_services()

[LevelManager] set_dialogue_service called. Service valid: true

   At: res://level/level_manager_gameplay.gd:49:set_dialogue_service()

[RosterLoader] Using provided player roster with 6 units.

[Orchestrator] No level resource provided. Skipping initialization.

   At: res://level/level_initialization_orchestrator.gd:7:run_initialization_pipeline()

  Report:

	line 1: WARNING:

	 Detected <1> orphan nodes during test setup! Check before_test() and after_test()!

  res://tests/test_pause_workflow.gd > test_resume_action_clears_focus STARTED

[RosterLoader] Loaded saved player roster with 6 units.

[Task] setup() called with state=valid

   At: res://Gameplay/narrative/task/task_controller.gd:32:setup()

DialogueActionService: setup() called.

   At: res://Gameplay/narrative/dialogue/dialogue_action_service.gd:42:setup()

JournalManager: setup() called.

   At: res://Autoloads/journal_manager.gd:12:setup()

JournalManager: TaskManager setup complete.

   At: res://Autoloads/journal_manager.gd:26:setup()

InputController: command router initialized; commands=true

   At: res://Gameplay/inputs/input_controller.gd:53:setup()

GameSessionBuilder: input controller wired; HUD and systems initialized

   At: res://Gameplay/game_session_builder.gd:129:_setup_input_and_hud()

[GameSession] _attach_services calling for 16 nodes

   At: res://Gameplay/game_session.gd:32:_attach_services()

[GameSession] Adding node to tree: <CanvasLayer#5439961967158>

   At: res://Gameplay/game_session.gd:37:_attach_services()

[GameSession] Adding node to tree: <Node2D#5439945190333>

   At: res://Gameplay/game_session.gd:37:_attach_services()

[GameSession] Adding node to tree: <Node2D#5439978744476>

   At: res://Gameplay/game_session.gd:37:_attach_services()

[GameSession] Adding node to tree: <Node#5440012298918>

   At: res://Gameplay/game_session.gd:37:_attach_services()

[GameSession] Adding node to tree: <Node#5440079407669>

   At: res://Gameplay/game_session.gd:37:_attach_services()

[GameSession] Adding node to tree: <Node#5439911635611>

   At: res://Gameplay/game_session.gd:37:_attach_services()

[GameSession] Adding node to tree: <Node#5440213625221>

   At: res://Gameplay/game_session.gd:37:_attach_services()

[GameSession] Adding node to tree: <Node#5440247179757>

   At: res://Gameplay/game_session.gd:37:_attach_services()

[GameSession] Adding node to tree: <Node#5439861304257>

   At: res://Gameplay/game_session.gd:37:_attach_services()

[GameSession] Adding node to tree: <Node#5439878081151>

   At: res://Gameplay/game_session.gd:37:_attach_services()

[GameSession] Adding node to tree: <Node#5439894858398>

   At: res://Gameplay/game_session.gd:37:_attach_services()

[GameSession] Adding node to tree: <Node#5439995521560>

   At: res://Gameplay/game_session.gd:37:_attach_services()

[GameSession] Adding node to tree: <Node#5440112961687>

   At: res://Gameplay/game_session.gd:37:_attach_services()

[GameSession] Adding node to tree: <Node#5440129739661>

   At: res://Gameplay/game_session.gd:37:_attach_services()

[GameSession] Adding node to tree: <Node#5440146516470>

   At: res://Gameplay/game_session.gd:37:_attach_services()

[GameSession] Adding node to tree: <Node#5440196848201>

   At: res://Gameplay/game_session.gd:37:_attach_services()

[LevelManager] set_dialogue_service called. Service valid: true

   At: res://level/level_manager_gameplay.gd:49:set_dialogue_service()

[RosterLoader] Using provided player roster with 6 units.

[Orchestrator] No level resource provided. Skipping initialization.

   At: res://level/level_initialization_orchestrator.gd:7:run_initialization_pipeline()

  Report:

	line 1: WARNING:

	 Detected <1> orphan nodes during test setup! Check before_test() and after_test()!

  res://tests/test_pause_workflow.gd > test_quit_request_disables_gameplay_processing STARTED

[RosterLoader] Loaded saved player roster with 6 units.

[Task] setup() called with state=valid

   At: res://Gameplay/narrative/task/task_controller.gd:32:setup()

DialogueActionService: setup() called.

   At: res://Gameplay/narrative/dialogue/dialogue_action_service.gd:42:setup()

JournalManager: setup() called.

   At: res://Autoloads/journal_manager.gd:12:setup()

JournalManager: TaskManager setup complete.

   At: res://Autoloads/journal_manager.gd:26:setup()

InputController: command router initialized; commands=true

   At: res://Gameplay/inputs/input_controller.gd:53:setup()

GameSessionBuilder: input controller wired; HUD and systems initialized

   At: res://Gameplay/game_session_builder.gd:129:_setup_input_and_hud()

[GameSession] _attach_services calling for 16 nodes

   At: res://Gameplay/game_session.gd:32:_attach_services()

[GameSession] Adding node to tree: <CanvasLayer#5455833213532>

   At: res://Gameplay/game_session.gd:37:_attach_services()

[GameSession] Adding node to tree: <Node2D#5455816436424>

   At: res://Gameplay/game_session.gd:37:_attach_services()

[GameSession] Adding node to tree: <Node2D#5455849990584>

   At: res://Gameplay/game_session.gd:37:_attach_services()

[GameSession] Adding node to tree: <Node#5455883545221>

   At: res://Gameplay/game_session.gd:37:_attach_services()

[GameSession] Adding node to tree: <Node#5455950654100>

   At: res://Gameplay/game_session.gd:37:_attach_services()

[GameSession] Adding node to tree: <Node#5455782881641>

   At: res://Gameplay/game_session.gd:37:_attach_services()

[GameSession] Adding node to tree: <Node#5456084871811>

   At: res://Gameplay/game_session.gd:37:_attach_services()

[GameSession] Adding node to tree: <Node#5456118426128>

   At: res://Gameplay/game_session.gd:37:_attach_services()

[GameSession] Adding node to tree: <Node#5455732550513>

   At: res://Gameplay/game_session.gd:37:_attach_services()

[GameSession] Adding node to tree: <Node#5455749327554>

   At: res://Gameplay/game_session.gd:37:_attach_services()

[GameSession] Adding node to tree: <Node#5455766104708>

   At: res://Gameplay/game_session.gd:37:_attach_services()

[GameSession] Adding node to tree: <Node#5455866768091>

   At: res://Gameplay/game_session.gd:37:_attach_services()

[GameSession] Adding node to tree: <Node#5455984208856>

   At: res://Gameplay/game_session.gd:37:_attach_services()

[GameSession] Adding node to tree: <Node#5456000986117>

   At: res://Gameplay/game_session.gd:37:_attach_services()

[GameSession] Adding node to tree: <Node#5456017762951>

   At: res://Gameplay/game_session.gd:37:_attach_services()

[GameSession] Adding node to tree: <Node#5456068094051>

   At: res://Gameplay/game_session.gd:37:_attach_services()

[LevelManager] set_dialogue_service called. Service valid: true

   At: res://level/level_manager_gameplay.gd:49:set_dialogue_service()

[RosterLoader] Using provided player roster with 6 units.

[Orchestrator] No level resource provided. Skipping initialization.

   At: res://level/level_initialization_orchestrator.gd:7:run_initialization_pipeline()

  res://tests/test_pause_workflow.gd > test_quit_request_disables_gameplay_processing FAILED 151ms

  Report:

	line 1: WARNING:

	 Detected <1> orphan nodes during test setup! Check before_test() and after_test()!

  Report:

	line 66: Expecting emit signal: 'objective_updated()' but timed out after 2s 0ms

  Report:

	line 172: Expecting: 'false' but is 'true'

test_pause_workflow:finalze

  Report:

	line 1: WARNING:

	 Detected <6> orphan nodes during test suite setup stage! Check before() and after()!

Run Test Suite: res://tests/test_player_roster.gd

  res://tests/test_player_roster.gd > test_get_units_empty STARTED

  res://tests/test_player_roster.gd > test_get_units_returns_array STARTED

  res://tests/test_player_roster.gd > test_get_units_returns_array FAILED 26ms

  Report:

	line 93: Expecting emit signal: 'objective_updated()' but timed out after 2s 0ms

  res://tests/test_player_roster.gd > test_update_roster_empty STARTED

  res://tests/test_player_roster.gd > test_update_roster_empty FAILED 20ms

  Report:

	line 109: Expecting emit signal: 'objective_completed()' but timed out after 2s 0ms

  res://tests/test_player_roster.gd > test_update_roster_with_units STARTED

  res://tests/test_player_roster.gd > test_update_roster_with_units FAILED 41ms

  Report:

	line 50: Expecting:


	 '1'


	 but was


	 '0'

  res://tests/test_player_roster.gd > test_update_roster_multiple_units STARTED

  res://tests/test_player_roster.gd > test_update_roster_multiple_units FAILED 62ms

  Report:

	line 64: Expecting:


	 '3'


	 but was


	 '0'

  res://tests/test_player_roster.gd > test_update_roster_handles_null_units STARTED

  res://tests/test_player_roster.gd > test_update_roster_handles_null_units FAILED 70ms

  Report:

	line 74: Expecting:


	 '2'


	 but was


	 '0'

  res://tests/test_player_roster.gd > test_update_roster_preserves_missing_units_when_permadeath_disabled STARTED

  res://tests/test_player_roster.gd > test_add_to_stash_and_clear STARTED

  res://tests/test_player_roster.gd > test_set_remaining_location_titles_tracks_value STARTED

  res://tests/test_player_roster.gd > test_set_remaining_location_titles_tracks_value FAILED 50ms

  Report:

	line 120: Expecting: 'false' but is 'true'

Run Test Suite: res://tests/test_quest_flow.gd

  res://tests/test_quest_flow.gd > test_unit_death_handler_drops_quest_item_on_hard_difficulty STARTED

  res://tests/test_quest_flow.gd > test_unit_death_handler_drops_quest_item_on_hard_difficulty FAILED 142ms

  Report:

	line 32: Godot Runtime Error !

		'at: test_unit_death_handler_drops_quest_item_on_hard_difficulty (res://tests/test_quest_flow.gd:32)'

	Error: 'Invalid call. Nonexistent function 'add_item' in base 'Resource (InventoryComponent)'.'

  res://tests/test_quest_flow.gd > test_task_round_changed_attribution STARTED

  res://tests/test_quest_flow.gd > test_task_round_changed_attribution FAILED 71ms

  Report:

	line 69: Expecting:


	 '0'


	 but was


	 '10'

  Report:

	line 77: Expecting:


	 '1'


	 but was


	 '0'

  Report:

	line 82: Expecting:


	 '10'


	 but was


	 '9'

  Report:

	line 83: Expecting:


	 '2'


	 but was


	 '1'

  res://tests/test_quest_flow.gd > test_task_reward_item_granting STARTED

Run Test Suite: res://tests/test_reachable_state_calculator.gd

  res://tests/test_reachable_state_calculator.gd > test_calculate_reports_move_spaces STARTED

  Report:

	line 1: WARNING:

	 Detected <8> orphan nodes during test setup! Check before_test() and after_test()!

  Report:

	line 21: WARNING:

	 Detected <8> orphan nodes during test execution!

  res://tests/test_reachable_state_calculator.gd > test_calculate_uses_tentative_action_origin STARTED

  res://tests/test_reachable_state_calculator.gd > test_tentative_action_origin_cost_is_zero STARTED

  Report:

	line 1: WARNING:

	 Detected <8> orphan nodes during test setup! Check before_test() and after_test()!

  Report:

	line 35: WARNING:

	 Detected <8> orphan nodes during test execution!

test_reachable_state_calculator:finalze

  Report:

	line 1: WARNING:

	 Detected <16> orphan nodes during test suite setup stage! Check before() and after()!

Run Test Suite: res://tests/test_roster_loader.gd

  res://tests/test_roster_loader.gd > test_load_player_roster_prefers_provided_units STARTED

[RosterLoader] Using provided player roster with 1 units.

  res://tests/test_roster_loader.gd > test_load_player_roster_falls_back_when_empty STARTED

[RosterLoader] Provided player roster is empty. Falling back to defaults.

[RosterLoader] Loading default player roster from res://Resources/rosters/default_player_roster.tres

[RosterLoader] Default player roster loaded successfully with 6 units.

  res://tests/test_roster_loader.gd > test_load_player_roster_uses_default_resource_when_missing STARTED

[RosterLoader] Loading default player roster from res://Resources/rosters/default_player_roster.tres

[RosterLoader] Default player roster loaded successfully with 6 units.

  res://tests/test_roster_loader.gd > test_load_enemy_roster_populates_units_from_default STARTED

  res://tests/test_roster_loader.gd > test_load_enemy_roster_falls_back_when_provided_empty STARTED

[RosterLoader] Provided EnemyRoster roster is empty. Falling back to defaults.

  res://tests/test_roster_loader.gd > test_load_neutral_roster_populates_units_from_default STARTED

  res://tests/test_roster_loader.gd > test_load_neutral_roster_falls_back_when_provided_empty STARTED

  res://tests/test_roster_loader.gd > test_build_core_player_roster_loads_core_characters STARTED

  res://tests/test_roster_loader.gd > test_load_player_roster_falls_back_to_core_directory STARTED

Run Test Suite: res://tests/test_roster_persistence.gd

  res://tests/test_roster_persistence.gd > test_unit_to_entry_captures_unit_metadata STARTED

  res://tests/test_roster_persistence.gd > test_entry_to_scene_restores_memento STARTED

  res://tests/test_roster_persistence.gd > test_entry_to_scene_restores_memento FAILED 26ms

  Report:

	line 28: Expecting:


	 '1'


	 but was


	 '10'

  res://tests/test_roster_persistence.gd > test_scene_to_entry_preserves_fallback_scene STARTED

Run Test Suite: res://tests/test_round_info_panel.gd

  res://tests/test_round_info_panel.gd > test_update_round STARTED

Run Test Suite: res://tests/test_save_manager.gd

  res://tests/test_save_manager.gd > test_set_and_get_value STARTED

  res://tests/test_save_manager.gd > test_get_value_returns_default STARTED

  res://tests/test_save_manager.gd > test_overwrite_value STARTED

  res://tests/test_save_manager.gd > test_set_multiple_values STARTED

  res://tests/test_save_manager.gd > test_set_global_flag STARTED

  res://tests/test_save_manager.gd > test_set_level_flag STARTED

Run Test Suite: res://tests/test_save_manager_extended.gd

  res://tests/test_save_manager_extended.gd > test_set_and_get_hometown_skit_shown STARTED

  Report:

	line 1: WARNING:

	 Detected <1> orphan nodes during test setup! Check before_test() and after_test()!

  Report:

	line 5: WARNING:

	 Detected <1> orphan nodes during test execution!

  res://tests/test_save_manager_extended.gd > test_set_and_get_leader_unit_name STARTED

  Report:

	line 1: WARNING:

	 Detected <1> orphan nodes during test setup! Check before_test() and after_test()!

  Report:

	line 15: WARNING:

	 Detected <1> orphan nodes during test execution!

  res://tests/test_save_manager_extended.gd > test_create_and_restore_game_memento STARTED

  Report:

	line 1: WARNING:

	 Detected <1> orphan nodes during test setup! Check before_test() and after_test()!

  Report:

	line 25: WARNING:

	 Detected <1> orphan nodes during test execution!

  res://tests/test_save_manager_extended.gd > test_undo_and_redo_state STARTED

SaveManager: Saved state for undo. History size: 1 Current index: 0

   At: res://Autoloads/save_manager.gd:296:save_current_state_for_undo()

SaveManager: Saved state for undo. History size: 2 Current index: 1

   At: res://Autoloads/save_manager.gd:296:save_current_state_for_undo()

SaveManager: Undo performed. Current index: 0

   At: res://Autoloads/save_manager.gd:304:undo_state()

SaveManager: Redo performed. Current index: 1

   At: res://Autoloads/save_manager.gd:314:redo_state()

  Report:

	line 1: WARNING:

	 Detected <1> orphan nodes during test setup! Check before_test() and after_test()!

  Report:

	line 41: WARNING:

	 Detected <1> orphan nodes during test execution!

  res://tests/test_save_manager_extended.gd > test_save_and_load_roster STARTED

  Report:

	line 1: WARNING:

	 Detected <1> orphan nodes during test setup! Check before_test() and after_test()!

  Report:

	line 57: WARNING:

	 Detected <1> orphan nodes during test execution!

test_save_manager_extended:finalze

  Report:

	line 1: WARNING:

	 Detected <5> orphan nodes during test suite setup stage! Check before() and after()!

Run Test Suite: res://tests/test_scene_transition_methods.gd

  res://tests/test_scene_transition_methods.gd > test_is_changing STARTED

Run Test Suite: res://tests/test_scene_transition_signals.gd

  res://tests/test_scene_transition_signals.gd > test_scene_change_requested_signal_emits STARTED

  res://tests/test_scene_transition_signals.gd > test_scene_change_completed_signal_emits_after_transition STARTED

  res://tests/test_scene_transition_signals.gd > test_scene_change_signal_order_is_correct STARTED

  res://tests/test_scene_transition_signals.gd > test_scene_change_with_delay_signals_emit STARTED

  res://tests/test_scene_transition_signals.gd > test_scene_change_requested_signal_only_emits STARTED

  res://tests/test_scene_transition_signals.gd > test_reload_current_emits_signals STARTED

  res://tests/test_scene_transition_signals.gd > test_concurrent_scene_change_requests_ignored STARTED

  res://tests/test_scene_transition_signals.gd > test_signal_timeout_protection STARTED

Run Test Suite: res://tests/test_skills_extended.gd

  res://tests/test_skills_extended.gd > test_heal_skill_activate_unit_adds_willpower STARTED

  res://tests/test_skills_extended.gd > test_heal_skill_activate_non_unit_fails STARTED

  res://tests/test_skills_extended.gd > test_weather_skill_activate_fails_if_manager_null STARTED

Run Test Suite: res://tests/test_stage.gd

  res://tests/test_stage.gd > test_start_stage_activates_all_tasks STARTED

  res://tests/test_stage.gd > test_start_stage_clears_previous_active_tasks STARTED

  res://tests/test_stage.gd > test_start_stage_duplicates_tasks_for_isolation STARTED

  res://tests/test_stage.gd > test_all_required_completes_when_all_tasks_done STARTED

  res://tests/test_stage.gd > test_all_required_does_not_complete_when_only_one_done STARTED

  res://tests/test_stage.gd > test_any_required_completes_when_first_task_done STARTED

  res://tests/test_stage.gd > test_any_with_branching_uses_branching_transitions STARTED

  res://tests/test_stage.gd > test_manual_advance_emits_stage_completed_after_ready STARTED

  res://tests/test_stage.gd > test_advance_does_nothing_when_no_pending_stage STARTED

  res://tests/test_stage.gd > test_end_stage_cancels_active_tasks STARTED

  res://tests/test_stage.gd > test_end_stage_does_not_cancel_completed_tasks STARTED

  res://tests/test_stage.gd > test_optional_task_does_not_block_completion STARTED

Run Test Suite: res://tests/test_talk_to_unit_command.gd

  res://tests/test_talk_to_unit_command.gd > test_execute_requires_dialogue_service STARTED

  res://tests/test_talk_to_unit_command.gd > test_execute_invokes_service_with_payload STARTED

  res://tests/test_talk_to_unit_command.gd > test_execute_invokes_service_with_payload FAILED 46ms

  Report:

	line 16: Godot Runtime Error !

		'at: _create_context (res://tests/test_talk_to_unit_command.gd:16)'

	Error: 'Invalid type in function 'new' in base 'GDScript'. The Object-derived class of argument 10 (RefCounted (MockDialogueService)) is not a subclass of the expected argument class.'

  Report:

	line 50: Expecting: 'true' but is 'false'

  Report:

	line 51: Expecting:


	 '2'


	 but was


	 '<null>'

  Report:

	line 52: Expecting:


	 '3'


	 but was


	 '<null>'

  Report:

	line 53: Expecting:


	 'hometown'


	 but was


	 '<null>'

Run Test Suite: res://tests/test_target.gd

  res://tests/test_target.gd > test_get_grid_location_with_explicit_grid_map STARTED

  res://tests/test_target.gd > test_get_grid_location_with_parent_grid STARTED

  res://tests/test_target.gd > test_get_grid_location_no_grid STARTED

  res://tests/test_target.gd > test_get_grid_location_no_grid FAILED 51ms

  Report:

	line 45: Expecting:


	 '(0, 0)'


	 but was


	 '(-999, -999)'

  res://tests/test_target.gd > test_snap_to_grid_with_explicit_grid_map STARTED

  res://tests/test_target.gd > test_snap_to_grid_with_parent_grid STARTED

  res://tests/test_target.gd > test_snap_to_grid_no_grid STARTED

Run Test Suite: res://tests/test_target_and_loot_extended.gd

  res://tests/test_target_and_loot_extended.gd > test_target_is_pixel_inside STARTED

  res://tests/test_target_and_loot_extended.gd > test_target_is_pixel_inside_with_sprite STARTED

  res://tests/test_target_and_loot_extended.gd > test_target_is_pixel_inside_with_sprite FAILED 93ms

  Report:

	line 108: Godot Runtime Error !

		'at: Target.is_pixel_inside (res://Gameplay/targets/target.gd:108)'

	Error: 'Invalid call. Nonexistent function 'get_global_rect' in base 'Sprite2D'.'

  res://tests/test_target_and_loot_extended.gd > test_loot_manager_remove_loot_cleans_up_loot STARTED

  res://tests/test_target_and_loot_extended.gd > test_loot_manager_remove_loot_cleans_up_loot FAILED 57ms

  Report:

	line 49: Expecting: 'false' but is 'true'

Run Test Suite: res://tests/test_target_grid_coords.gd

  res://tests/test_target_grid_coords.gd > test_target_returns_external_grid_coord STARTED

  res://tests/test_target_grid_coords.gd > test_target_returns_external_grid_coord FAILED 108ms

  Report:

	line 90: Expecting emit signal: 'stage_completed()' but timed out after 2s 0ms

  Report:

	line 105: Expecting emit signal: 'stage_completed()' but timed out after 2s 0ms

  res://tests/test_target_grid_coords.gd > test_distance_to_target_uses_external_coords STARTED

  res://tests/test_target_grid_coords.gd > test_distance_to_target_uses_external_coords FAILED 71ms

  Report:

	line 120: Expecting emit signal: 'stage_completed()' but timed out after 2s 0ms

  res://tests/test_target_grid_coords.gd > test_location_interaction_respects_external_coord STARTED

  res://tests/test_target_grid_coords.gd > test_location_interaction_respects_external_coord FAILED 113ms

  Report:

	line 160: Expecting emit signal: 'stage_completed()' but timed out after 2s 0ms

  Report:

	line 34: Godot Runtime Error !

		'at: test_location_interaction_respects_external_coord (res://tests/test_target_grid_coords.gd:34)'

	Error: 'Invalid call. Nonexistent function 'can_be_worked_on_by' in base 'Node2D (Location)'.'

  res://tests/test_target_grid_coords.gd > test_target_clear_external_coord_resets_state STARTED

  res://tests/test_target_grid_coords.gd > test_loot_can_be_looted_by_uses_external_coord STARTED

Run Test Suite: res://tests/test_task_controller_extended.gd

  res://tests/test_task_controller_extended.gd > test_set_level_updates_manager STARTED

[Task] setup() called with state=valid

   At: res://Gameplay/narrative/task/task_controller.gd:32:setup()

  Report:

	line 1: WARNING:

	 Detected <3> orphan nodes during test setup! Check before_test() and after_test()!

  Report:

	line 67: WARNING:

	 Detected <3> orphan nodes during test execution!

  res://tests/test_task_controller_extended.gd > test_on_unit_defeated_passes_event_to_objective STARTED

[Task] setup() called with state=valid

   At: res://Gameplay/narrative/task/task_controller.gd:32:setup()

  Report:

	line 1: WARNING:

	 Detected <4> orphan nodes during test setup! Check before_test() and after_test()!

  Report:

	line 83: WARNING:

	 Detected <4> orphan nodes during test execution!

  res://tests/test_task_controller_extended.gd > test_on_round_changed_passes_event_to_objective STARTED

[Task] setup() called with state=valid

   At: res://Gameplay/narrative/task/task_controller.gd:32:setup()

  Report:

	line 1: WARNING:

	 Detected <4> orphan nodes during test setup! Check before_test() and after_test()!

  Report:

	line 101: WARNING:

	 Detected <4> orphan nodes during test execution!

  res://tests/test_task_controller_extended.gd > test_check_inventory_objectives_passes_event_to_objective STARTED

[Task] setup() called with state=valid

   At: res://Gameplay/narrative/task/task_controller.gd:32:setup()

  Report:

	line 1: WARNING:

	 Detected <3> orphan nodes during test setup! Check before_test() and after_test()!

  Report:

	line 116: WARNING:

	 Detected <3> orphan nodes during test execution!

  res://tests/test_task_controller_extended.gd > test_check_objective_conditions_checks_inventory STARTED

[Task] setup() called with state=valid

   At: res://Gameplay/narrative/task/task_controller.gd:32:setup()

  Report:

	line 1: WARNING:

	 Detected <4> orphan nodes during test setup! Check before_test() and after_test()!

  Report:

	line 133: WARNING:

	 Detected <4> orphan nodes during test execution!

  res://tests/test_task_controller_extended.gd > test_get_task_info_returns_transformed_dict STARTED

[Task] setup() called with state=valid

   At: res://Gameplay/narrative/task/task_controller.gd:32:setup()

  Report:

	line 1: WARNING:

	 Detected <3> orphan nodes during test setup! Check before_test() and after_test()!

  Report:

	line 150: WARNING:

	 Detected <3> orphan nodes during test execution!

  res://tests/test_task_controller_extended.gd > test_get_task_info_returns_empty_when_not_found STARTED

[Task] setup() called with state=valid

   At: res://Gameplay/narrative/task/task_controller.gd:32:setup()

  Report:

	line 1: WARNING:

	 Detected <3> orphan nodes during test setup! Check before_test() and after_test()!

  Report:

	line 171: WARNING:

	 Detected <3> orphan nodes during test execution!

test_task_controller_extended:finalze

  Report:

	line 1: WARNING:

	 Detected <24> orphan nodes during test suite setup stage! Check before() and after()!

Run Test Suite: res://tests/test_task_controller_extended_2.gd

  res://tests/test_task_controller_extended_2.gd > test_task_controller_finish_setup STARTED

  res://tests/test_task_controller_extended_2.gd > test_task_controller_finish_setup FAILED 54ms

  Report:

	line 23: Godot Runtime Error !

		'at: test_task_controller_finish_setup (res://tests/test_task_controller_extended_2.gd:23)'

	Error: 'Trying to assign a non-object value to a variable of type 'game_state.gd'.'

  res://tests/test_task_controller_extended_2.gd > test_task_controller_bootstrap_and_activate STARTED

  res://tests/test_task_controller_extended_2.gd > test_task_controller_bootstrap_and_activate FAILED 101ms

  Report:

	line 33: Godot Runtime Error !

		'at: test_task_controller_bootstrap_and_activate (res://tests/test_task_controller_extended_2.gd:33)'

	Error: 'Trying to assign a non-object value to a variable of type 'game_state.gd'.'

  res://tests/test_task_controller_extended_2.gd > test_task_controller_on_task_completed STARTED

  res://tests/test_task_controller_extended_2.gd > test_task_controller_on_task_completed FAILED 109ms

  Report:

	line 219: Godot Runtime Error !

		'at: TaskController.check_objective_conditions (res://Gameplay/narrative/task/task_controller.gd:219)'

	Error: 'Invalid call. Nonexistent function 'get_player_units' in base 'Nil'.'

  res://tests/test_task_controller_extended_2.gd > test_task_controller_is_narrative_blocking STARTED

  res://tests/test_task_controller_extended_2.gd > test_task_controller_is_narrative_blocking FAILED 110ms

  Report:

	line 51: Godot Runtime Error !

		'at: test_task_controller_is_narrative_blocking (res://tests/test_task_controller_extended_2.gd:51)'

	Error: 'Trying to assign a non-object value to a variable of type 'game_state.gd'.'

Run Test Suite: res://tests/test_task_details_panel.gd

  res://tests/test_task_details_panel.gd > test_location_details_panel_displays_dictionary_payload STARTED

Run Test Suite: res://tests/test_task_dialogue_handler.gd

  res://tests/test_task_dialogue_handler.gd > test_queue_stage_dialogues STARTED

  res://tests/test_task_dialogue_handler.gd > test_process_queue STARTED

[TaskDialogueHandler] on_dialogue_finished() START - isProcessing=true currentDialogue=res://test1.dialogue

   At: res://Gameplay/narrative/task/task_dialogue_handler.gd:66:on_dialogue_finished()

[TaskDialogueHandler] on_dialogue_finished() - State cleared, processing next in queue...

   At: res://Gameplay/narrative/task/task_dialogue_handler.gd:69:on_dialogue_finished()

Run Test Suite: res://tests/test_task_dialogue_handler_extended_2.gd

  res://tests/test_task_dialogue_handler_extended_2.gd > test_task_dialogue_handler_queue_task_dialogues STARTED

  res://tests/test_task_dialogue_handler_extended_2.gd > test_task_dialogue_handler_queue_task_dialogues FAILED 145ms

  Report:

	line 13: Godot Runtime Error !

		'at: test_task_dialogue_handler_queue_task_dialogues (res://tests/test_task_dialogue_handler_extended_2.gd:13)'

	Error: 'Invalid assignment of property or key 'active_tasks' with value of type 'Array' on a base object of type 'Resource (Stage)'.'

  res://tests/test_task_dialogue_handler_extended_2.gd > test_task_dialogue_handler_get_queue_contents STARTED

  res://tests/test_task_dialogue_handler_extended_2.gd > test_task_dialogue_handler_get_queue_contents FAILED 109ms

  Report:

	line 29: Godot Runtime Error !

		'at: test_task_dialogue_handler_get_queue_contents (res://tests/test_task_dialogue_handler_extended_2.gd:29)'

	Error: 'Invalid assignment of property or key '_dialogue_queue' with value of type 'Array' on a base object of type 'Object (TaskDialogueHandler)'.'

Run Test Suite: res://tests/test_task_filters.gd

  res://tests/test_task_filters.gd > test_target_filters_match_multiple_event_types STARTED

  res://tests/test_task_filters.gd > test_target_filters_match_multiple_event_types FAILED 95ms

  Report:

	line 1: WARNING:

	 Detected <3> orphan nodes during test setup! Check before_test() and after_test()!

  Report:

	line 17: WARNING:

	 Detected <3> orphan nodes during test execution!

  Report:

	line 26: Expecting:


	 '1'


	 but was


	 '0'

  Report:

	line 28: Expecting: 'true' but is 'false'

  res://tests/test_task_filters.gd > test_target_filters_coordinate_gating STARTED

  Report:

	line 1: WARNING:

	 Detected <3> orphan nodes during test setup! Check before_test() and after_test()!

  Report:

	line 30: WARNING:

	 Detected <3> orphan nodes during test execution!

test_task_filters:finalze

  Report:

	line 1: WARNING:

	 Detected <6> orphan nodes during test suite setup stage! Check before() and after()!

Run Test Suite: res://tests/test_task_manager_extended.gd

  res://tests/test_task_manager_extended.gd > test_get_task_by_id_returns_matching_task STARTED

  res://tests/test_task_manager_extended.gd > test_get_task_by_id_returns_null_for_unknown_id STARTED

  res://tests/test_task_manager_extended.gd > test_get_task_by_id_returns_null_with_no_objective STARTED

  res://tests/test_task_manager_extended.gd > test_get_task_by_id_returns_null_with_no_stage STARTED

  res://tests/test_task_manager_extended.gd > test_get_active_tasks_for_target_returns_null_with_no_objective STARTED

  res://tests/test_task_manager_extended.gd > test_get_active_tasks_for_target_matches_by_coord STARTED

  res://tests/test_task_manager_extended.gd > test_get_active_tasks_for_target_no_match_wrong_coord STARTED

  res://tests/test_task_manager_extended.gd > test_get_active_tasks_for_target_null_target_returns_empty STARTED

  res://tests/test_task_manager_extended.gd > test_register_loot_adds_to_loot_nodes STARTED

  res://tests/test_task_manager_extended.gd > test_register_loot_adds_to_loot_lookup STARTED

  res://tests/test_task_manager_extended.gd > test_register_loot_does_not_double_connect_signal STARTED

  res://tests/test_task_manager_extended.gd > test_register_loot_does_not_double_connect_signal FAILED 56ms

  Report:

	line 142: Expecting:


	 '2'


	 but was


	 '1'

Run Test Suite: res://tests/test_task_manager_final.gd

  res://tests/test_task_manager_final.gd > test_final_loot_interaction STARTED

[TaskManager] _on_target_interacted: type=loot, event=loot, tasks=0

   At: res://Gameplay/narrative/task/task_manager.gd:157:_on_target_interacted()

  Report:

	line 1: WARNING:

	 Detected <2> orphan nodes during test setup! Check before_test() and after_test()!

  Report:

	line 37: WARNING:

	 Detected <2> orphan nodes during test execution!

  res://tests/test_task_manager_final.gd > test_final_visit_interaction STARTED

[TaskManager] _on_target_interacted: type=visit, event=visit, tasks=0

   At: res://Gameplay/narrative/task/task_manager.gd:157:_on_target_interacted()

  res://tests/test_task_manager_final.gd > test_final_visit_interaction FAILED 90ms

  Report:

	line 1: WARNING:

	 Detected <2> orphan nodes during test setup! Check before_test() and after_test()!

  Report:

	line 54: WARNING:

	 Detected <2> orphan nodes during test execution!

  Report:

	line 69: Expecting:


	 '2'


	 but was


	 '1'

  res://tests/test_task_manager_final.gd > test_final_convince_interaction STARTED

[TaskManager] _on_target_interacted: type=convince, event=convince, tasks=0

   At: res://Gameplay/narrative/task/task_manager.gd:157:_on_target_interacted()

  res://tests/test_task_manager_final.gd > test_final_convince_interaction FAILED 90ms

  Report:

	line 1: WARNING:

	 Detected <2> orphan nodes during test setup! Check before_test() and after_test()!

  Report:

	line 71: WARNING:

	 Detected <2> orphan nodes during test execution!

  Report:

	line 87: Expecting:


	 '2'


	 but was


	 '1'

test_task_manager_final:finalze

  Report:

	line 1: WARNING:

	 Detected <6> orphan nodes during test suite setup stage! Check before() and after()!

Run Test Suite: res://tests/test_task_methods.gd

  res://tests/test_task_methods.gd > test_task_force_complete STARTED

  res://tests/test_task_methods.gd > test_task_get_progress_ratio STARTED

  res://tests/test_task_methods.gd > test_task_manager_prepare_objective STARTED

  res://tests/test_task_methods.gd > test_task_manager_prepare_objective FAILED 103ms

  Report:

	line 25: Godot Runtime Error !

		'at: test_task_manager_prepare_objective (res://tests/test_task_methods.gd:25)'

	Error: 'Invalid assignment of property or key 'id' with value of type 'String' on a base object of type 'Resource (Objective)'.'

  res://tests/test_task_methods.gd > test_task_manager_debug_complete STARTED

  res://tests/test_task_methods.gd > test_task_manager_debug_complete FAILED 101ms

  Report:

	line 39: Godot Runtime Error !

		'at: test_task_manager_debug_complete (res://tests/test_task_methods.gd:39)'

	Error: 'Invalid assignment of property or key 'active_tasks' with value of type 'Array' on a base object of type 'Resource (Stage)'.'

Run Test Suite: res://tests/test_task_round_changed.gd

  res://tests/test_task_round_changed.gd > test_task_controller_receives_round_changed STARTED

[Task] setup() called with state=valid

   At: res://Gameplay/narrative/task/task_controller.gd:32:setup()

  res://tests/test_task_round_changed.gd > test_task_controller_receives_round_changed FAILED 146ms

  Report:

	line 1: WARNING:

	 Detected <3> orphan nodes during test setup! Check before_test() and after_test()!

  Report:

	line 3: WARNING:

	 Detected <3> orphan nodes during test execution!

  Report:

	line 31: Expecting: 'true' but is 'false'

test_task_round_changed:finalze

  Report:

	line 1: WARNING:

	 Detected <3> orphan nodes during test suite setup stage! Check before() and after()!

Run Test Suite: res://tests/test_task_validator.gd

  res://tests/test_task_validator.gd > test_validate_item_target_null_task_returns_false STARTED

  res://tests/test_task_validator.gd > test_validate_item_target_empty_target_id_returns_false STARTED

  res://tests/test_task_validator.gd > test_validate_item_target_item_not_in_world_returns_false STARTED

  res://tests/test_task_validator.gd > test_validate_item_target_holder_location_returns_true STARTED

  res://tests/test_task_validator.gd > test_validate_item_target_holder_unit_npc_returns_true STARTED

  res://tests/test_task_validator.gd > test_validate_item_target_quest_item_in_stash_returns_true STARTED

  res://tests/test_task_validator.gd > test_validate_item_target_quest_item_not_in_stash_returns_false STARTED

  res://tests/test_task_validator.gd > test_validate_item_target_non_quest_player_held_returns_false STARTED

  res://tests/test_task_validator.gd > test_validate_location_target_null_task_returns_false STARTED

  res://tests/test_task_validator.gd > test_validate_location_target_by_id_present_in_world STARTED

  res://tests/test_task_validator.gd > test_validate_location_target_by_id_absent_from_world STARTED

  res://tests/test_task_validator.gd > test_validate_location_target_by_coord_found STARTED

  res://tests/test_task_validator.gd > test_validate_location_target_by_coord_not_found STARTED

  res://tests/test_task_validator.gd > test_validate_location_target_no_id_no_coord_returns_false STARTED

  res://tests/test_task_validator.gd > test_validate_unit_target_null_task_returns_false STARTED

  res://tests/test_task_validator.gd > test_validate_unit_target_empty_target_id_returns_false STARTED

  res://tests/test_task_validator.gd > test_validate_unit_target_unit_present_in_world STARTED

  res://tests/test_task_validator.gd > test_validate_unit_target_unit_absent_from_world STARTED

  res://tests/test_task_validator.gd > test_handle_event_ignored_when_not_active STARTED

  res://tests/test_task_validator.gd > test_handle_event_wrong_type_does_not_progress STARTED

  res://tests/test_task_validator.gd > test_handle_event_interact_matching_completes_when_effort_met STARTED

  res://tests/test_task_validator.gd > test_handle_event_interact_coord_match_required STARTED

  res://tests/test_task_validator.gd > test_handle_event_interact_coord_match_progresses STARTED

  res://tests/test_task_validator.gd > test_handle_event_interact_id_mismatch_does_not_progress STARTED

  res://tests/test_task_validator.gd > test_handle_event_interact_id_match_progresses STARTED

  res://tests/test_task_validator.gd > test_handle_event_accumulates_effort_across_calls STARTED

  res://tests/test_task_validator.gd > test_handle_event_pickup_type STARTED

  res://tests/test_task_validator.gd > test_handle_event_pickup_type FAILED 31ms

  Report:

	line 245: Expecting:


	 '2'


	 but was


	 '1'

  res://tests/test_task_validator.gd > test_handle_event_pickup_id_mismatch STARTED

  res://tests/test_task_validator.gd > test_handle_event_cancel_prevents_further_progress STARTED

  res://tests/test_task_validator.gd > test_handle_event_progress_changed_signal_emitted STARTED

Run Test Suite: res://tests/test_terrain_interaction.gd

  res://tests/test_terrain_interaction.gd > test_map_controller_loads_terrain STARTED

  Report:

	line 1: WARNING:

	 Detected <1> orphan nodes during test setup! Check before_test() and after_test()!

  Report:

	line 13: WARNING:

	 Detected <1> orphan nodes during test execution!

  res://tests/test_terrain_interaction.gd > test_terrain_map_has_passability_data STARTED

  res://tests/test_terrain_interaction.gd > test_movement_respects_grid_boundaries STARTED

  Report:

	line 1: WARNING:

	 Detected <1> orphan nodes during test setup! Check before_test() and after_test()!

  Report:

	line 23: WARNING:

	 Detected <1> orphan nodes during test execution!

  res://tests/test_terrain_interaction.gd > test_occupied_hex_blocks_movement STARTED

  Report:

	line 1: WARNING:

	 Detected <1> orphan nodes during test setup! Check before_test() and after_test()!

  Report:

	line 28: WARNING:

	 Detected <1> orphan nodes during test execution!

  res://tests/test_terrain_interaction.gd > test_pathfinding_avoids_obstacles STARTED

  Report:

	line 1: WARNING:

	 Detected <1> orphan nodes during test setup! Check before_test() and after_test()!

  Report:

	line 33: WARNING:

	 Detected <1> orphan nodes during test execution!

  res://tests/test_terrain_interaction.gd > test_movement_cost_calculated_per_terrain STARTED

  Report:

	line 1: WARNING:

	 Detected <1> orphan nodes during test setup! Check before_test() and after_test()!

  Report:

	line 38: WARNING:

	 Detected <1> orphan nodes during test execution!

  res://tests/test_terrain_interaction.gd > test_config_movement_constants_available STARTED

  res://tests/test_terrain_interaction.gd > test_config_grid_constants_available STARTED

test_terrain_interaction:finalze

  Report:

	line 1: WARNING:

	 Detected <5> orphan nodes during test suite setup stage! Check before() and after()!

Run Test Suite: res://tests/test_terrain_map.gd

  res://tests/test_terrain_map.gd > test_load_from_rows_defaults_unknown_codes_to_grass STARTED

  res://tests/test_terrain_map.gd > test_load_from_rows_defaults_unknown_codes_to_grass FAILED 94ms

  Report:

	line 11: Expecting: 'false' but is 'true'

  Report:

	line 208: Expecting emit signal: 'completed()' but timed out after 2s 0ms

  res://tests/test_terrain_map.gd > test_out_of_bounds_returns_null_terrain STARTED

  res://tests/test_terrain_map.gd > test_out_of_bounds_returns_null_terrain FAILED 52ms

  Report:

	line 20: Expecting: 'true' but is 'false'

  Report:

	line 21: Expecting: 'false' but is 'true'

  Report:

	line 22: Expecting:


	 '999'


	 but was


	 '1'

  res://tests/test_terrain_map.gd > test_version_increments_on_load STARTED

  res://tests/test_terrain_map.gd > test_get_neighbors_respects_offset_axis STARTED

  res://tests/test_terrain_map.gd > test_get_neighbors_respects_offset_axis FAILED 51ms

  Report:

	line 41: Expecting:


	 '[(1, 0), (2, 0), (2, 1), (1, 2), (0, 1), (0, 0)]'


	 but was


	 '[(1, 0), (2, 1), (2, 2), (1, 2), (0, 2), (0, 1)]'

	Differences found:

	[table=3][cell][right]Index[/right]	[/cell][cell][right]Current[/right]	[/cell][cell][right]Expected[/right]	[/cell][cell][right]1[/right]	[/cell][cell][right](2, 1)[/right]	[/cell][cell][right](2, 0)[/right]	[/cell][cell][right]2[/right]	[/cell][cell][right](2, 2)[/right]	[/cell][cell][right](2, 1)[/right]	[/cell][cell][right]4[/right]	[/cell][cell][right](0, 2)[/right]	[/cell][cell][right](0, 1)[/right]	[/cell][cell][right]5[/right]	[/cell][cell][right](0, 1)[/right]	[/cell][cell][right](0, 0)[/right]	[/cell][/table]

  Report:

	line 51: Expecting:


	 '[(1, 0), (0, -1), (-1, -1), (-1, 0), (-1, 1), (0, 1)]'


	 but was


	 '[(1, 0), (1, -1),  (0, -1), (-1, 0),  (0, 1), (1, 1)]'

	Differences found:

	[table=3][cell][right]Index[/right]	[/cell][cell][right]Current[/right]	[/cell][cell][right]Expected[/right]	[/cell][cell][right]1[/right]	[/cell][cell][right](1, -1)[/right]	[/cell][cell][right](0, -1)[/right]	[/cell][cell][right]2[/right]	[/cell][cell][right](0, -1)[/right]	[/cell][cell][right](-1, -1)[/right]	[/cell][cell][right]4[/right]	[/cell][cell][right](0, 1)[/right]	[/cell][cell][right](-1, 1)[/right]	[/cell][cell][right]5[/right]	[/cell][cell][right](1, 1)[/right]	[/cell][cell][right](0, 1)[/right]	[/cell][/table]

  Report:

	line 60: Expecting:


	 '[(1, 1), (1, 0),  (0, 0), (-1, 1),  (0, 2), (1, 2)]'


	 but was


	 '[(1, 1), (0, 0), (-1, 0), (-1, 1), (-1, 2), (0, 2)]'

	Differences found:

	[table=3][cell][right]Index[/right]	[/cell][cell][right]Current[/right]	[/cell][cell][right]Expected[/right]	[/cell][cell][right]1[/right]	[/cell][cell][right](0, 0)[/right]	[/cell][cell][right](1, 0)[/right]	[/cell][cell][right]2[/right]	[/cell][cell][right](-1, 0)[/right]	[/cell][cell][right](0, 0)[/right]	[/cell][cell][right]4[/right]	[/cell][cell][right](-1, 2)[/right]	[/cell][cell][right](0, 2)[/right]	[/cell][cell][right]5[/right]	[/cell][cell][right](0, 2)[/right]	[/cell][cell][right](1, 2)[/right]	[/cell][/table]

  res://tests/test_terrain_map.gd > test_get_color_for_code STARTED

  res://tests/test_terrain_map.gd > test_get_all_terrain_colors STARTED

Run Test Suite: res://tests/test_terrain_tile.gd

  res://tests/test_terrain_tile.gd > test_get_movement_adjustment_combines_bonus_and_penalty STARTED

  res://tests/test_terrain_tile.gd > test_apply_to_unit_enforces_effects STARTED

  res://tests/test_terrain_tile.gd > test_apply_to_unit_enforces_effects FAILED 58ms

  Report:

	line 1: WARNING:

	 Detected <3> orphan nodes during test setup! Check before_test() and after_test()!

  Report:

	line 9: WARNING:

	 Detected <3> orphan nodes during test execution!

  Report:

	line 18: Expecting:


	 '4'


	 but was


	 '5'

test_terrain_tile:finalze

  Report:

	line 1: WARNING:

	 Detected <3> orphan nodes during test suite setup stage! Check before() and after()!

Run Test Suite: res://tests/test_terrain_tile_extended.gd

  res://tests/test_terrain_tile_extended.gd > test_hover_info_passable_no_modifiers STARTED

Run Test Suite: res://tests/test_turn_controller.gd

  res://tests/test_turn_controller.gd > test_start_next_turn_with_empty_queue STARTED

AutoBattleService: maybe_run_turn requested for unit=Unit1

   At: res://Gameplay/turn/auto_battle_service.gd:82:maybe_run_turn()

AutoBattleService: disabled; skipping auto run request

   At: res://Gameplay/turn/auto_battle_service.gd:84:maybe_run_turn()

  res://tests/test_turn_controller.gd > test_complete_turn STARTED

[UnitManager] Cell (0, 0) is already occupied. Finding nearest empty cell...

   At: res://Gameplay/targets/unit_manager.gd:41:add_unit()

[UnitManager] Redirecting spawn to (0, -1)

   At: res://Gameplay/targets/unit_manager.gd:47:add_unit()

AutoBattleService: maybe_run_turn requested for unit=Unit1

   At: res://Gameplay/turn/auto_battle_service.gd:82:maybe_run_turn()

AutoBattleService: disabled; skipping auto run request

   At: res://Gameplay/turn/auto_battle_service.gd:84:maybe_run_turn()

  res://tests/test_turn_controller.gd > test_get_current_unit_index STARTED

[UnitManager] Cell (0, 0) is already occupied. Finding nearest empty cell...

   At: res://Gameplay/targets/unit_manager.gd:41:add_unit()

[UnitManager] Redirecting spawn to (1, -1)

   At: res://Gameplay/targets/unit_manager.gd:47:add_unit()

  res://tests/test_turn_controller.gd > test_get_current_unit_index FAILED 92ms

  Report:

	line 65: GdUnitObjectAssert inital error, unexpected type <int>

  res://tests/test_turn_controller.gd > test_get_current_side STARTED

[UnitManager] Cell (0, 0) is already occupied. Finding nearest empty cell...

   At: res://Gameplay/targets/unit_manager.gd:41:add_unit()

[UnitManager] Redirecting spawn to (1, 0)

   At: res://Gameplay/targets/unit_manager.gd:47:add_unit()

  res://tests/test_turn_controller.gd > test_get_round STARTED

[UnitManager] Cell (0, 0) is already occupied. Finding nearest empty cell...

   At: res://Gameplay/targets/unit_manager.gd:41:add_unit()

[UnitManager] Redirecting spawn to (0, 1)

   At: res://Gameplay/targets/unit_manager.gd:47:add_unit()

  res://tests/test_turn_controller.gd > test_get_round FAILED 61ms

  Report:

	line 79: Expecting:


	 '1'


	 but was


	 '3'

  res://tests/test_turn_controller.gd > test_set_player_auto_battle_enabled_emits_signal STARTED

AutoBattleService: auto battle set ->true

   At: res://Gameplay/turn/auto_battle_service.gd:64:set_enabled()

AutoBattleService: auto battle set ->false

   At: res://Gameplay/turn/auto_battle_service.gd:64:set_enabled()

AutoBattleService: maybe_run_turn requested for unit=Unit1

   At: res://Gameplay/turn/auto_battle_service.gd:82:maybe_run_turn()

AutoBattleService: disabled; skipping auto run request

   At: res://Gameplay/turn/auto_battle_service.gd:84:maybe_run_turn()

  res://tests/test_turn_controller.gd > test_force_disable_auto_battle_emits_failure_signal STARTED

AutoBattleService: auto battle set ->true

   At: res://Gameplay/turn/auto_battle_service.gd:64:set_enabled()

AutoBattleService: force disabling ->Manual cancel

   At: res://Gameplay/turn/auto_battle_service.gd:77:force_disable()

AutoBattleService: auto battle set ->false

   At: res://Gameplay/turn/auto_battle_service.gd:64:set_enabled()

AutoBattleService: maybe_run_turn requested for unit=Unit1

   At: res://Gameplay/turn/auto_battle_service.gd:82:maybe_run_turn()

AutoBattleService: disabled; skipping auto run request

   At: res://Gameplay/turn/auto_battle_service.gd:84:maybe_run_turn()

  res://tests/test_turn_controller.gd > test_player_auto_control_lock_clears_after_ai_turn STARTED

[UnitManager] Cell (0, 0) is already occupied. Finding nearest empty cell...

   At: res://Gameplay/targets/unit_manager.gd:41:add_unit()

[UnitManager] Redirecting spawn to (-1, 0)

   At: res://Gameplay/targets/unit_manager.gd:47:add_unit()

AutoBattleService: auto battle set ->true

   At: res://Gameplay/turn/auto_battle_service.gd:64:set_enabled()

AutoBattleService: maybe_run_turn requested for unit=Unit1

   At: res://Gameplay/turn/auto_battle_service.gd:82:maybe_run_turn()

AutoBattleService: starting auto battle for current unit index=2

   At: res://Gameplay/turn/auto_battle_service.gd:107:maybe_run_turn()

AutoBattleService: maybe_run_turn requested for unit=Unit1

   At: res://Gameplay/turn/auto_battle_service.gd:82:maybe_run_turn()

AutoBattleService: already processing; ignoring new request

   At: res://Gameplay/turn/auto_battle_service.gd:87:maybe_run_turn()

AutoBattleService: maybe_run_turn requested for unit=Unit1

   At: res://Gameplay/turn/auto_battle_service.gd:82:maybe_run_turn()

AutoBattleService: starting auto battle for current unit index=1

   At: res://Gameplay/turn/auto_battle_service.gd:107:maybe_run_turn()

  res://tests/test_turn_controller.gd > test_player_auto_control_lock_clears_after_ai_turn FAILED 979ms

  Report:

	line 116: Expecting: 'false' but is 'true'

  res://tests/test_turn_controller.gd > test_auto_battle_enabling_runs_current_turn STARTED

AutoBattleService: maybe_run_turn requested for unit=Hero

   At: res://Gameplay/turn/auto_battle_service.gd:82:maybe_run_turn()

AutoBattleService: disabled; skipping auto run request

   At: res://Gameplay/turn/auto_battle_service.gd:84:maybe_run_turn()

AutoBattleService: auto battle set ->true

   At: res://Gameplay/turn/auto_battle_service.gd:64:set_enabled()

AutoBattleService: maybe_run_turn requested for unit=Hero

   At: res://Gameplay/turn/auto_battle_service.gd:82:maybe_run_turn()

AutoBattleService: starting auto battle for current unit index=0

   At: res://Gameplay/turn/auto_battle_service.gd:107:maybe_run_turn()

AutoBattleService: maybe_run_turn requested for unit=Unit1

   At: res://Gameplay/turn/auto_battle_service.gd:82:maybe_run_turn()

AutoBattleService: starting auto battle for current unit index=3

   At: res://Gameplay/turn/auto_battle_service.gd:107:maybe_run_turn()

AutoBattleService: maybe_run_turn requested for unit=Unit1

   At: res://Gameplay/turn/auto_battle_service.gd:82:maybe_run_turn()

AutoBattleService: starting auto battle for current unit index=4

   At: res://Gameplay/turn/auto_battle_service.gd:107:maybe_run_turn()

  res://tests/test_turn_controller.gd > test_auto_battle_disables_when_ai_cannot_act STARTED

AutoBattleService: auto battle set ->true

   At: res://Gameplay/turn/auto_battle_service.gd:64:set_enabled()

AutoBattleService: maybe_run_turn requested for unit=Hero

   At: res://Gameplay/turn/auto_battle_service.gd:82:maybe_run_turn()

AutoBattleService: starting auto battle for current unit index=0

   At: res://Gameplay/turn/auto_battle_service.gd:107:maybe_run_turn()

AutoBattleService: maybe_run_turn requested for unit=Hero

   At: res://Gameplay/turn/auto_battle_service.gd:82:maybe_run_turn()

AutoBattleService: already processing; ignoring new request

   At: res://Gameplay/turn/auto_battle_service.gd:87:maybe_run_turn()

AutoBattleService: maybe_run_turn requested for unit=Unit1

   At: res://Gameplay/turn/auto_battle_service.gd:82:maybe_run_turn()

AutoBattleService: starting auto battle for current unit index=5

   At: res://Gameplay/turn/auto_battle_service.gd:107:maybe_run_turn()

AutoBattleService: force disabling ->Auto battle disabled: AI had no actions for Hero

   At: res://Gameplay/turn/auto_battle_service.gd:77:force_disable()

AutoBattleService: auto battle set ->false

   At: res://Gameplay/turn/auto_battle_service.gd:64:set_enabled()

  res://tests/test_turn_controller.gd > test_auto_battle_switches_to_other_unit_when_one_is_stuck STARTED

AutoBattleService: auto battle set ->true

   At: res://Gameplay/turn/auto_battle_service.gd:64:set_enabled()

AutoBattleService: maybe_run_turn requested for unit=Hero

   At: res://Gameplay/turn/auto_battle_service.gd:82:maybe_run_turn()

AutoBattleService: starting auto battle for current unit index=0

   At: res://Gameplay/turn/auto_battle_service.gd:107:maybe_run_turn()

AutoBattleService: maybe_run_turn requested for unit=Hero

   At: res://Gameplay/turn/auto_battle_service.gd:82:maybe_run_turn()

AutoBattleService: already processing; ignoring new request

   At: res://Gameplay/turn/auto_battle_service.gd:87:maybe_run_turn()

AutoBattleService: force disabling ->Auto battle disabled: AI had no actions for Unit1

   At: res://Gameplay/turn/auto_battle_service.gd:77:force_disable()

AutoBattleService: auto battle set ->false

   At: res://Gameplay/turn/auto_battle_service.gd:64:set_enabled()

AutoBattleService: maybe_run_turn requested for unit=Mage

   At: res://Gameplay/turn/auto_battle_service.gd:82:maybe_run_turn()

AutoBattleService: starting auto battle for current unit index=1

   At: res://Gameplay/turn/auto_battle_service.gd:107:maybe_run_turn()

  res://tests/test_turn_controller.gd > test_auto_battle_switches_to_other_unit_when_one_is_stuck FAILED 813ms

  Report:

	line 176: Godot Runtime Error !

		'at: AutoBattleService._try_select_alternate_unit (res://Gameplay/turn/auto_battle_service.gd:176)'

	Error: 'Invalid type in function 'maybe_run_turn' in base 'RefCounted (AutoBattleService)'. The Object-derived class of argument 1 (previously freed) is not a subclass of the expected argument class.'

  Report:

	line 201: Godot Runtime Error !

		'at: test_auto_battle_switches_to_other_unit_when_one_is_stuck (res://tests/test_turn_controller.gd:201)'

	Error: 'Out of bounds get index '0' (on base: 'Array[Unit]')'

  Report:

	line 200: Expecting size:

	 '1'

	 but was

	 '0'

  res://tests/test_turn_controller.gd > test_auto_battle_disables_after_exhausting_all_units STARTED

AutoBattleService: auto battle set ->true

   At: res://Gameplay/turn/auto_battle_service.gd:64:set_enabled()

AutoBattleService: maybe_run_turn requested for unit=Hero

   At: res://Gameplay/turn/auto_battle_service.gd:82:maybe_run_turn()

AutoBattleService: starting auto battle for current unit index=0

   At: res://Gameplay/turn/auto_battle_service.gd:107:maybe_run_turn()

AutoBattleService: maybe_run_turn requested for unit=Hero

   At: res://Gameplay/turn/auto_battle_service.gd:82:maybe_run_turn()

AutoBattleService: already processing; ignoring new request

   At: res://Gameplay/turn/auto_battle_service.gd:87:maybe_run_turn()

AutoBattleService: maybe_run_turn requested for unit=Mage

   At: res://Gameplay/turn/auto_battle_service.gd:82:maybe_run_turn()

AutoBattleService: starting auto battle for current unit index=1

   At: res://Gameplay/turn/auto_battle_service.gd:107:maybe_run_turn()

AutoBattleService: force disabling ->Auto battle disabled: AI had no actions for Mage

   At: res://Gameplay/turn/auto_battle_service.gd:77:force_disable()

AutoBattleService: auto battle set ->false

   At: res://Gameplay/turn/auto_battle_service.gd:64:set_enabled()

  res://tests/test_turn_controller.gd > test_auto_battle_disables_after_exhausting_all_units FAILED 949ms

  Report:

	line 229: Expecting: 'false' but is 'true'

  Report:

	line 230: Expecting:


	 '1'


	 but was


	 '0'

  Report:

	line 234: Expecting:


	 '2'


	 but was


	 '1'

  Report:

	line 243: Expecting:


	 '1'


	 but was


	 '0'

  res://tests/test_turn_controller.gd > test_rebuild_turn_roster_handles_player_only_units STARTED

[UnitManager] Cell (0, 0) is already occupied. Finding nearest empty cell...

   At: res://Gameplay/targets/unit_manager.gd:41:add_unit()

[UnitManager] Redirecting spawn to (-1, 0)

   At: res://Gameplay/targets/unit_manager.gd:47:add_unit()

  res://tests/test_turn_controller.gd > test_rebuild_turn_roster_handles_player_only_units FAILED 101ms

  Report:

	line 250: Expecting size:

	 '1'

	 but was

	 '7'

  res://tests/test_turn_controller.gd > test_rebuild_turn_roster_handles_player_and_neutral_only STARTED

[UnitManager] Cell (0, 0) is already occupied. Finding nearest empty cell...

   At: res://Gameplay/targets/unit_manager.gd:41:add_unit()

[UnitManager] Redirecting spawn to (-1, -1)

   At: res://Gameplay/targets/unit_manager.gd:47:add_unit()

[UnitManager] Cell (1, 0) is already occupied. Finding nearest empty cell...

   At: res://Gameplay/targets/unit_manager.gd:41:add_unit()

[UnitManager] Redirecting spawn to (2, 0)

   At: res://Gameplay/targets/unit_manager.gd:47:add_unit()

  res://tests/test_turn_controller.gd > test_rebuild_turn_roster_handles_player_and_neutral_only FAILED 103ms

  Report:

	line 263: Expecting:


	 '2'


	 but was


	 '9'

  res://tests/test_turn_controller.gd > test_restore_memento_rehydrates_auto_battle_state STARTED

AutoBattleService: turn queue is empty

   At: res://Gameplay/turn/auto_battle_service.gd:49:set_enabled()

AutoBattleService: could not find valid player unit candidate

   At: res://Gameplay/turn/auto_battle_service.gd:62:set_enabled()

AutoBattleService: auto battle set ->true

   At: res://Gameplay/turn/auto_battle_service.gd:64:set_enabled()

AutoBattleService: maybe_run_turn requested for unit=null

   At: res://Gameplay/turn/auto_battle_service.gd:82:maybe_run_turn()

AutoBattleService: no current player unit to auto-activate

   At: res://Gameplay/turn/auto_battle_service.gd:96:maybe_run_turn()

AutoBattleService: auto battle set ->false

   At: res://Gameplay/turn/auto_battle_service.gd:64:set_enabled()

AutoBattleService: turn queue is empty

   At: res://Gameplay/turn/auto_battle_service.gd:49:set_enabled()

AutoBattleService: could not find valid player unit candidate

   At: res://Gameplay/turn/auto_battle_service.gd:62:set_enabled()

AutoBattleService: auto battle set ->true

   At: res://Gameplay/turn/auto_battle_service.gd:64:set_enabled()

AutoBattleService: maybe_run_turn requested for unit=null

   At: res://Gameplay/turn/auto_battle_service.gd:82:maybe_run_turn()

AutoBattleService: turn controller disabled; skipping auto run

   At: res://Gameplay/turn/auto_battle_service.gd:90:maybe_run_turn()

  res://tests/test_turn_controller.gd > test_player_can_act_with_any_available_unit STARTED

AutoBattleService: maybe_run_turn requested for unit=Alpha

   At: res://Gameplay/turn/auto_battle_service.gd:82:maybe_run_turn()

AutoBattleService: disabled; skipping auto run request

   At: res://Gameplay/turn/auto_battle_service.gd:84:maybe_run_turn()

  res://tests/test_turn_controller.gd > test_player_queue_reorders_when_switching_units STARTED

AutoBattleService: maybe_run_turn requested for unit=Alpha

   At: res://Gameplay/turn/auto_battle_service.gd:82:maybe_run_turn()

AutoBattleService: disabled; skipping auto run request

   At: res://Gameplay/turn/auto_battle_service.gd:84:maybe_run_turn()

AutoBattleService: maybe_run_turn requested for unit=Alpha

   At: res://Gameplay/turn/auto_battle_service.gd:82:maybe_run_turn()

AutoBattleService: disabled; skipping auto run request

   At: res://Gameplay/turn/auto_battle_service.gd:84:maybe_run_turn()

Run Test Suite: res://tests/test_turn_controller_auto_battle_toggle.gd

  res://tests/test_turn_controller_auto_battle_toggle.gd > test_auto_battle_toggle_mid_turn_runs_selected_unit STARTED

AutoBattleService: maybe_run_turn requested for unit=Hero

   At: res://Gameplay/turn/auto_battle_service.gd:82:maybe_run_turn()

AutoBattleService: disabled; skipping auto run request

   At: res://Gameplay/turn/auto_battle_service.gd:84:maybe_run_turn()

AutoBattleService: auto battle set ->true

   At: res://Gameplay/turn/auto_battle_service.gd:64:set_enabled()

AutoBattleService: maybe_run_turn requested for unit=Hero

   At: res://Gameplay/turn/auto_battle_service.gd:82:maybe_run_turn()

AutoBattleService: starting auto battle for current unit index=0

   At: res://Gameplay/turn/auto_battle_service.gd:107:maybe_run_turn()

  res://tests/test_turn_controller_auto_battle_toggle.gd > test_auto_battle_preserves_turn_for_free_roam_unit STARTED

AutoBattleService: maybe_run_turn requested for unit=Hero

   At: res://Gameplay/turn/auto_battle_service.gd:82:maybe_run_turn()

AutoBattleService: disabled; skipping auto run request

   At: res://Gameplay/turn/auto_battle_service.gd:84:maybe_run_turn()

AutoBattleService: auto battle set ->true

   At: res://Gameplay/turn/auto_battle_service.gd:64:set_enabled()

AutoBattleService: maybe_run_turn requested for unit=Hero

   At: res://Gameplay/turn/auto_battle_service.gd:82:maybe_run_turn()

AutoBattleService: starting auto battle for current unit index=0

   At: res://Gameplay/turn/auto_battle_service.gd:107:maybe_run_turn()

Run Test Suite: res://tests/test_turn_flow_with_ai.gd

  res://tests/test_turn_flow_with_ai.gd > test_player_turn_starts_first_round STARTED

AutoBattleService: maybe_run_turn requested for unit=Player

   At: res://Gameplay/turn/auto_battle_service.gd:82:maybe_run_turn()

AutoBattleService: disabled; skipping auto run request

   At: res://Gameplay/turn/auto_battle_service.gd:84:maybe_run_turn()

  res://tests/test_turn_flow_with_ai.gd > test_player_turn_starts_first_round FAILED 53ms

  Report:

	line 37: Expecting:


	 '0'


	 but was


	 '-1'

  res://tests/test_turn_flow_with_ai.gd > test_turn_queue_alternates_player_and_enemy STARTED

AutoBattleService: maybe_run_turn requested for unit=Player

   At: res://Gameplay/turn/auto_battle_service.gd:82:maybe_run_turn()

AutoBattleService: disabled; skipping auto run request

   At: res://Gameplay/turn/auto_battle_service.gd:84:maybe_run_turn()

  res://tests/test_turn_flow_with_ai.gd > test_turn_queue_alternates_player_and_enemy FAILED 93ms

  Report:

	line 43: Expecting:


	 '0'


	 but was


	 '-1'

  Report:

	line 45: Expecting: 'true' but is 'false'

  res://tests/test_turn_flow_with_ai.gd > test_enemy_turn_calculation STARTED

AutoBattleService: maybe_run_turn requested for unit=Player

   At: res://Gameplay/turn/auto_battle_service.gd:82:maybe_run_turn()

AutoBattleService: disabled; skipping auto run request

   At: res://Gameplay/turn/auto_battle_service.gd:84:maybe_run_turn()

  res://tests/test_turn_flow_with_ai.gd > test_enemy_turn_calculation FAILED 93ms

  Report:

	line 53: Expecting:


	 '0'


	 but was


	 '-1'

  res://tests/test_turn_flow_with_ai.gd > test_ai_controller_is_configured STARTED

  res://tests/test_turn_flow_with_ai.gd > test_neutral_units_are_included_in_turn_queue STARTED

  res://tests/test_turn_flow_with_ai.gd > test_ai_controller_execute_turn_does_not_crash_with_valid_unit STARTED

Run Test Suite: res://tests/test_turn_queue_builder.gd

  res://tests/test_turn_queue_builder.gd > test_get_side_rotation STARTED

  res://tests/test_turn_queue_builder.gd > test_build_from_active_units STARTED

  res://tests/test_turn_queue_builder.gd > test_determine_start_side STARTED

  res://tests/test_turn_queue_builder.gd > test_find_next_active_side STARTED

  res://tests/test_turn_queue_builder.gd > test_classify_unit_side STARTED

  res://tests/test_turn_queue_builder.gd > test_get_active_units_by_side_empty STARTED

Run Test Suite: res://tests/test_turn_system.gd

  res://tests/test_turn_system.gd > test_get_current_round_with_controller STARTED

  res://tests/test_turn_system.gd > test_get_current_round_with_controller FAILED 102ms

  Report:

	line 23: Expecting:


	 '2'


	 but was


	 '1'

  res://tests/test_turn_system.gd > test_get_current_unit_index_with_controller STARTED

  res://tests/test_turn_system.gd > test_get_current_unit_index_with_controller FAILED 51ms

  Report:

	line 28: Expecting:


	 '1'


	 but was


	 '-1'

  res://tests/test_turn_system.gd > test_get_current_side_with_controller STARTED

  res://tests/test_turn_system.gd > test_get_current_round_without_controller STARTED

  res://tests/test_turn_system.gd > test_get_current_unit_index_without_controller STARTED

  res://tests/test_turn_system.gd > test_get_current_side_without_controller STARTED

  res://tests/test_turn_system.gd > test_get_current_side_without_controller FAILED 58ms

  Report:

	line 54: Expecting:


	 '2'


	 but was


	 '0'

Run Test Suite: res://tests/test_turn_system_extended.gd

  res://tests/test_turn_system_extended.gd > test_peek_next_index_empty_queue_returns_minus_one STARTED

  res://tests/test_turn_system_extended.gd > test_peek_next_index_single_item STARTED

  res://tests/test_turn_system_extended.gd > test_peek_next_index_multiple_items_returns_first STARTED

  res://tests/test_turn_system_extended.gd > test_peek_next_index_does_not_consume STARTED

  res://tests/test_turn_system_extended.gd > test_move_index_to_front_swaps_with_position_zero STARTED

  res://tests/test_turn_system_extended.gd > test_move_index_to_front_position_zero_is_noop STARTED

  res://tests/test_turn_system_extended.gd > test_move_index_to_front_out_of_bounds_position_is_noop STARTED

  res://tests/test_turn_system_extended.gd > test_move_index_to_front_last_valid_position STARTED

  res://tests/test_turn_system_extended.gd > test_reset_turns_taken_this_round_clears_all_sides STARTED

  res://tests/test_turn_system_extended.gd > test_reset_turns_taken_this_round_idempotent STARTED

  res://tests/test_turn_system_extended.gd > test_turns_taken_increments_correctly_after_reset STARTED

Run Test Suite: res://tests/test_unit_combat_and_interaction.gd

  res://tests/test_unit_combat_and_interaction.gd > test_interaction_handler_interact_routes_to_units STARTED

[CombatBehavior]  attempting to attack  (w=0) . Action available: true

   At: res://Gameplay/targets/components/unit_combat_behavior.gd:27:attack()

[CombatBehavior]  adjacency check with : true

   At: res://Gameplay/targets/components/unit_combat_behavior.gd:80:_is_near_to_target()

[CombatBehavior]  consumed action. Action available now: false

   At: res://Gameplay/targets/components/unit_combat_behavior.gd:45:attack()

Run Test Suite: res://tests/test_unit_components.gd

  res://tests/test_unit_components.gd > test_action_points_component_tracks_turn_state STARTED

  res://tests/test_unit_components.gd > test_inventory_component_applies_item_modifiers STARTED

  res://tests/test_unit_components.gd > test_inventory_component_applies_item_modifiers FAILED 32ms

  Report:

	line 50: Expecting:


	 '7'


	 but was


	 '1'

  Report:

	line 52: Expecting:


	 '6'


	 but was


	 '0'

  res://tests/test_unit_components.gd > test_set_start_of_turn_grid_coord_updates_anchor STARTED

  res://tests/test_unit_components.gd > test_movement_range_cache_reacts_to_unit_manager STARTED

  Report:

	line 1: WARNING:

	 Detected <2> orphan nodes during test setup! Check before_test() and after_test()!

  Report:

	line 62: WARNING:

	 Detected <2> orphan nodes during test execution!

  res://tests/test_unit_components.gd > test_inventory_component_item_management STARTED

test_unit_components:finalze

  Report:

	line 1: WARNING:

	 Detected <2> orphan nodes during test suite setup stage! Check before() and after()!

Run Test Suite: res://tests/test_unit_inventory.gd

  res://tests/test_unit_inventory.gd > test_remove_item_from_inventory STARTED

  res://tests/test_unit_inventory.gd > test_has_item_by_id STARTED

Run Test Suite: res://tests/test_unit_manager.gd

  res://tests/test_unit_manager.gd > test_get_units STARTED

  res://tests/test_unit_manager.gd > test_remove_unit STARTED

  res://tests/test_unit_manager.gd > test_remove_unit FAILED 60ms

  Report:

	line 34: Expecting:


	 '1'


	 but was


	 '3'

  Report:

	line 35: Expecting:


	 <Node2D>


	 but was


	 '<null>'

  res://tests/test_unit_manager.gd > test_remove_unit_not_found STARTED

  res://tests/test_unit_manager.gd > test_get_selected_unit STARTED

  res://tests/test_unit_manager.gd > test_get_selected_unit FAILED 64ms

  Report:

	line 55: Expecting:


	 <Node2D>


	 but was


	 '<null>'

  res://tests/test_unit_manager.gd > test_get_selected_unit_none STARTED

  res://tests/test_unit_manager.gd > test_get_unit_index_by_iterating STARTED

  res://tests/test_unit_manager.gd > test_get_unit_index_by_iterating FAILED 58ms

  Report:

	line 72: Expecting:


	 '0'


	 but was


	 '6'

  Report:

	line 73: Expecting:


	 '1'


	 but was


	 '7'

  Report:

	line 74: Expecting:


	 '2'


	 but was


	 '8'

  res://tests/test_unit_manager.gd > test_remove_unit_adjusts_selection STARTED

  res://tests/test_unit_manager.gd > test_remove_unit_adjusts_selection FAILED 65ms

  Report:

	line 91: Expecting:


	 <Node2D>


	 but was


	 '<null>'

  res://tests/test_unit_manager.gd > test_remove_unit_from_middle STARTED

  res://tests/test_unit_manager.gd > test_remove_unit_from_middle FAILED 66ms

  Report:

	line 106: Expecting:


	 <Node2D>


	 but was


	 '<null>'

  res://tests/test_unit_manager.gd > test_get_unit_index STARTED

  res://tests/test_unit_manager.gd > test_get_unit_index FAILED 73ms

  Report:

	line 115: Expecting:


	 '0'


	 but was


	 '12'

  Report:

	line 116: Expecting:


	 '1'


	 but was


	 '13'

  res://tests/test_unit_manager.gd > test_unit_manager_get_selected_sprite STARTED

  res://tests/test_unit_manager.gd > test_unit_manager_get_selected_sprite FAILED 65ms

  Report:

	line 134: Expecting:


	 <Node2D>


	 but was


	 '<null>'

  res://tests/test_unit_manager.gd > test_unit_manager_set_coord STARTED

  res://tests/test_unit_manager.gd > test_unit_manager_set_coord FAILED 65ms

  Report:

	line 152: Expecting:


	 '(2, 2)'


	 but was


	 '(1, 1)'

  res://tests/test_unit_manager.gd > test_unit_manager_set_player_controlled STARTED

  res://tests/test_unit_manager.gd > test_set_faction_leader_assigns_unique_per_faction STARTED

Run Test Suite: res://tests/test_unit_manager_spatial.gd

  res://tests/test_unit_manager_spatial.gd > test_get_coord_by_unit STARTED

  res://tests/test_unit_manager_spatial.gd > test_get_coord_by_unit FAILED 139ms

  Report:

	line 1: WARNING:

	 Detected <1> orphan nodes during test setup! Check before_test() and after_test()!

  Report:

	line 24: Godot Runtime Error !

		'at: test_get_coord_by_unit (res://tests/test_unit_manager_spatial.gd:24)'

	Error: 'Invalid call. Nonexistent function 'move_unit' in base 'Node (UnitManager)'.'

  Report:

	line 11: WARNING:

	 Detected <1> orphan nodes during test execution!

  res://tests/test_unit_manager_spatial.gd > test_get_nearest_empty_coord STARTED

  Report:

	line 1: WARNING:

	 Detected <2> orphan nodes during test setup! Check before_test() and after_test()!

  Report:

	line 27: WARNING:

	 Detected <2> orphan nodes during test execution!

test_unit_manager_spatial:finalze

  Report:

	line 1: WARNING:

	 Detected <3> orphan nodes during test suite setup stage! Check before() and after()!

Run Test Suite: res://tests/test_unit_manager_spawn.gd

  res://tests/test_unit_manager_spawn.gd > test_add_unit_emits_spawn_signal STARTED

  res://tests/test_unit_manager_spawn.gd > test_add_unit_emits_spawn_signal FAILED 108ms

  Report:

	line 12: Expecting: 'true' but is 'false'

Run Test Suite: res://tests/test_unit_movement_behavior.gd

  res://tests/test_unit_movement_behavior.gd > test_get_blocked_hexes_returns_enemy_coords STARTED

Run Test Suite: res://tests/test_unit_query_service.gd

  res://tests/test_unit_query_service.gd > test_get_units_in_range_without_full_willpower_filters_full_units STARTED

  res://tests/test_unit_query_service.gd > test_get_units_in_range_without_full_willpower_respects_range STARTED

  res://tests/test_unit_query_service.gd > test_invalidate_cache_sets_all_dirty_flags STARTED

  res://tests/test_unit_query_service.gd > test_invalidate_cache_clears_cached_arrays STARTED

  res://tests/test_unit_query_service.gd > test_invalidate_cache_idempotent STARTED

Run Test Suite: res://tests/test_unit_system.gd

  res://tests/test_unit_system.gd > test_has_nearby_units_detects_units STARTED

  res://tests/test_unit_system.gd > test_inventory_item_modifies_attributes STARTED

  res://tests/test_unit_system.gd > test_locations_in_range_and_acting STARTED

[TaskManager] _on_target_interacted: type=explore, event=explore, tasks=1

   At: res://Gameplay/narrative/task/task_manager.gd:157:_on_target_interacted()

  res://tests/test_unit_system.gd > test_attribute_helpers_and_inventory_accessors STARTED

  res://tests/test_unit_system.gd > test_unit_attributes_preserve_scene_values STARTED

  res://tests/test_unit_system.gd > test_range_helpers_cover_faction_and_morale STARTED

  res://tests/test_unit_system.gd > test_turn_state_methods_manage_resources STARTED

  res://tests/test_unit_system.gd > test_status_effects_and_on_enter_terrain STARTED

  res://tests/test_unit_system.gd > test_compute_movement_range_accounts_for_terrain STARTED

  Report:

	line 1: WARNING:

	 Detected <3> orphan nodes during test setup! Check before_test() and after_test()!

  Report:

	line 214: WARNING:

	 Detected <3> orphan nodes during test execution!

  res://tests/test_unit_system.gd > test_movement_range_cache_invalidates_on_changes STARTED

  res://tests/test_unit_system.gd > test_movement_range_cache_invalidates_on_changes FAILED 26ms

  Report:

	line 1: WARNING:

	 Detected <2> orphan nodes during test setup! Check before_test() and after_test()!

  Report:

	line 224: WARNING:

	 Detected <2> orphan nodes during test execution!

  Report:

	line 246: Expecting:

	 '{

		Vector2i(1, 0): 2

	  }'

	 not equal to

	 '{

		Vector2i(1, 0): 2

	  }'

  res://tests/test_unit_system.gd > test_unit_set_loot_manager STARTED

  res://tests/test_unit_system.gd > test_unit_set_task_manager STARTED

  res://tests/test_unit_system.gd > test_unit_set_combat_system STARTED

  res://tests/test_unit_system.gd > test_unit_components_receive_injected_dependencies STARTED

  res://tests/test_unit_system.gd > test_unit_work_on_task_consumes_action_and_applies_progress_no_mock STARTED

[TaskManager] _on_target_interacted: type=explore, event=explore, tasks=1

   At: res://Gameplay/narrative/task/task_manager.gd:157:_on_target_interacted()

  res://tests/test_unit_system.gd > test_unit_get_path_to_coord_returns_valid_path STARTED

  Report:

	line 1: WARNING:

	 Detected <6> orphan nodes during test setup! Check before_test() and after_test()!

  Report:

	line 370: WARNING:

	 Detected <6> orphan nodes during test execution!

  res://tests/test_unit_system.gd > test_unit_get_path_to_coord_prefers_lower_cost_route STARTED

  Report:

	line 1: WARNING:

	 Detected <4> orphan nodes during test setup! Check before_test() and after_test()!

  Report:

	line 386: WARNING:

	 Detected <4> orphan nodes during test execution!

  res://tests/test_unit_system.gd > test_unit_get_path_to_coord_prefers_shorter_path_on_equal_cost STARTED

  Report:

	line 1: WARNING:

	 Detected <6> orphan nodes during test setup! Check before_test() and after_test()!

  Report:

	line 404: WARNING:

	 Detected <6> orphan nodes during test execution!

  res://tests/test_unit_system.gd > test_unit_apply_consumable_updates_active_consumables STARTED

  res://tests/test_unit_system.gd > test_unit_prepare_for_save_stores_action_points_and_items STARTED

  res://tests/test_unit_system.gd > test_set_free_roam_mode_prevents_action_and_move_consumption STARTED

  res://tests/test_unit_system.gd > test_set_free_roam_mode_prevents_action_and_move_consumption FAILED 59ms

  Report:

	line 449: Expecting: 'true' but is 'false'

  res://tests/test_unit_system.gd > test_unit_saved_items_produce_unique_instances_per_unit STARTED

  res://tests/test_unit_system.gd > test_unit_get_path_to_coord_blocks_occupied_hexes STARTED

  Report:

	line 1: WARNING:

	 Detected <3> orphan nodes during test setup! Check before_test() and after_test()!

  Report:

	line 461: WARNING:

	 Detected <3> orphan nodes during test execution!

  res://tests/test_unit_system.gd > test_unit_get_path_to_coord_allows_friendly_hexes STARTED

  Report:

	line 1: WARNING:

	 Detected <3> orphan nodes during test setup! Check before_test() and after_test()!

  Report:

	line 481: WARNING:

	 Detected <3> orphan nodes during test execution!

test_unit_system:finalze

  Report:

	line 1: WARNING:

	 Detected <27> orphan nodes during test suite setup stage! Check before() and after()!

Run Test Suite: res://tests/test_weather_manager.gd

  res://tests/test_weather_manager.gd > test_is_hard_mode_without_game_config STARTED

Run Test Suite: res://tests/test_weather_manager_checkpoint.gd

  res://tests/test_weather_manager_checkpoint.gd > test_weather_checkpoint_restores_pressures_and_channeling STARTED

Applying weather: Sunny | Effects: Boosts Shine and Vision.

  res://tests/test_weather_manager_checkpoint.gd > test_weather_checkpoint_restores_pressures_and_channeling FAILED 63ms

  Report:

	line 28: Godot Runtime Error !

		'at: is_hard_mode (res://Autoloads/weather_manager.gd:28)'

	Error: 'Invalid call. Nonexistent function 'get_value' in base 'previously freed'.'

  Report:

	line 28: Godot Runtime Error !

		'at: is_hard_mode (res://Autoloads/weather_manager.gd:28)'

	Error: 'Invalid call. Nonexistent function 'get_value' in base 'previously freed'.'

Overall Summary: 755 test cases | 126 errors | 136 failures | 0 flaky | 0 skipped | 3171 orphans |

Executed test suites: (142/142)

Executed test cases : (755/755)

Total execution time: 1min 37s 675ms

 Open XML Report at: file://C:/Users/grant/Documents/github/hex/reports/report_1646/results.xml

Open HTML Report at: file://C:/Users/grant/Documents/github/hex/reports/report_1646/index.html

Exit code: 100

Finallize .. done

SCRIPT ERROR: Parse Error: Invalid argument for "_add_action_button()" function: argument 2 should be "UnitAction" but is "Dictionary".

   at: GDScript::reload (res://tests/test_actions_panel.gd:174)

   GDScript backtrace (most recent call first):

	   [0] load_with_disabled_warnings (res://addons/gdUnit4/src/core/GdUnitTestSuiteScanner.gd:208)

	   [1] _load_is_test_suite (res://addons/gdUnit4/src/core/GdUnitTestSuiteScanner.gd:123)

	   [2] _scan_test_suites_scripts (res://addons/gdUnit4/src/core/GdUnitTestSuiteScanner.gd:89)

	   [3] scan_directory (res://addons/gdUnit4/src/core/GdUnitTestSuiteScanner.gd:69)

	   [4] scan (res://addons/gdUnit4/src/core/GdUnitTestSuiteScanner.gd:54)

	   [5] discover_tests (res://addons/gdUnit4/src/core/runners/GdUnitTestCIRunner.gd:401)

	   [6] init_gd_unit (res://addons/gdUnit4/src/core/runners/GdUnitTestCIRunner.gd:386)

	   [7] init_runner (res://addons/gdUnit4/src/core/runners/GdUnitTestCIRunner.gd:121)

	   [8] _process (res://addons/gdUnit4/src/core/runners/GdUnitTestSessionRunner.gd:115)

SCRIPT ERROR: Parse Error: Invalid argument for "show_attribute_menu()" function: argument 2 should be "UnitAction" but is "Dictionary".

   at: GDScript::reload (res://tests/test_actions_panel.gd:198)

   GDScript backtrace (most recent call first):

	   [0] load_with_disabled_warnings (res://addons/gdUnit4/src/core/GdUnitTestSuiteScanner.gd:208)

	   [1] _load_is_test_suite (res://addons/gdUnit4/src/core/GdUnitTestSuiteScanner.gd:123)

	   [2] _scan_test_suites_scripts (res://addons/gdUnit4/src/core/GdUnitTestSuiteScanner.gd:89)

	   [3] scan_directory (res://addons/gdUnit4/src/core/GdUnitTestSuiteScanner.gd:69)

	   [4] scan (res://addons/gdUnit4/src/core/GdUnitTestSuiteScanner.gd:54)

	   [5] discover_tests (res://addons/gdUnit4/src/core/runners/GdUnitTestCIRunner.gd:401)

	   [6] init_gd_unit (res://addons/gdUnit4/src/core/runners/GdUnitTestCIRunner.gd:386)

	   [7] init_runner (res://addons/gdUnit4/src/core/runners/GdUnitTestCIRunner.gd:121)

	   [8] _process (res://addons/gdUnit4/src/core/runners/GdUnitTestSessionRunner.gd:115)

ERROR: Failed to load script "res://tests/test_actions_panel.gd" with error "Parse error".

   at: load (modules/gdscript/gdscript.cpp:2907)

   GDScript backtrace (most recent call first):

	   [0] load_with_disabled_warnings (res://addons/gdUnit4/src/core/GdUnitTestSuiteScanner.gd:208)

	   [1] _load_is_test_suite (res://addons/gdUnit4/src/core/GdUnitTestSuiteScanner.gd:123)

	   [2] _scan_test_suites_scripts (res://addons/gdUnit4/src/core/GdUnitTestSuiteScanner.gd:89)

	   [3] scan_directory (res://addons/gdUnit4/src/core/GdUnitTestSuiteScanner.gd:69)

	   [4] scan (res://addons/gdUnit4/src/core/GdUnitTestSuiteScanner.gd:54)

	   [5] discover_tests (res://addons/gdUnit4/src/core/runners/GdUnitTestCIRunner.gd:401)

	   [6] init_gd_unit (res://addons/gdUnit4/src/core/runners/GdUnitTestCIRunner.gd:386)

	   [7] init_runner (res://addons/gdUnit4/src/core/runners/GdUnitTestCIRunner.gd:121)

	   [8] _process (res://addons/gdUnit4/src/core/runners/GdUnitTestSessionRunner.gd:115)

SCRIPT ERROR: Parse Error: Too many arguments for "new()" call. Expected at most 0 but received 3.

   at: GDScript::reload (res://tests/test_action_commands.gd:25)

   GDScript backtrace (most recent call first):

	   [0] load_with_disabled_warnings (res://addons/gdUnit4/src/core/GdUnitTestSuiteScanner.gd:208)

	   [1] _load_is_test_suite (res://addons/gdUnit4/src/core/GdUnitTestSuiteScanner.gd:123)

	   [2] _scan_test_suites_scripts (res://addons/gdUnit4/src/core/GdUnitTestSuiteScanner.gd:89)

	   [3] scan_directory (res://addons/gdUnit4/src/core/GdUnitTestSuiteScanner.gd:69)

	   [4] scan (res://addons/gdUnit4/src/core/GdUnitTestSuiteScanner.gd:54)

	   [5] discover_tests (res://addons/gdUnit4/src/core/runners/GdUnitTestCIRunner.gd:401)

	   [6] init_gd_unit (res://addons/gdUnit4/src/core/runners/GdUnitTestCIRunner.gd:386)

	   [7] init_runner (res://addons/gdUnit4/src/core/runners/GdUnitTestCIRunner.gd:121)

	   [8] _process (res://addons/gdUnit4/src/core/runners/GdUnitTestSessionRunner.gd:115)

SCRIPT ERROR: Parse Error: Too few arguments for "execute()" call. Expected at least 1 but received 0.

   at: GDScript::reload (res://tests/test_action_commands.gd:27)

   GDScript backtrace (most recent call first):

	   [0] load_with_disabled_warnings (res://addons/gdUnit4/src/core/GdUnitTestSuiteScanner.gd:208)

	   [1] _load_is_test_suite (res://addons/gdUnit4/src/core/GdUnitTestSuiteScanner.gd:123)

	   [2] _scan_test_suites_scripts (res://addons/gdUnit4/src/core/GdUnitTestSuiteScanner.gd:89)

	   [3] scan_directory (res://addons/gdUnit4/src/core/GdUnitTestSuiteScanner.gd:69)

	   [4] scan (res://addons/gdUnit4/src/core/GdUnitTestSuiteScanner.gd:54)

	   [5] discover_tests (res://addons/gdUnit4/src/core/runners/GdUnitTestCIRunner.gd:401)

	   [6] init_gd_unit (res://addons/gdUnit4/src/core/runners/GdUnitTestCIRunner.gd:386)

	   [7] init_runner (res://addons/gdUnit4/src/core/runners/GdUnitTestCIRunner.gd:121)

	   [8] _process (res://addons/gdUnit4/src/core/runners/GdUnitTestSessionRunner.gd:115)

SCRIPT ERROR: Parse Error: Too many arguments for "new()" call. Expected at most 0 but received 2.

   at: GDScript::reload (res://tests/test_action_commands.gd:35)

   GDScript backtrace (most recent call first):

	   [0] load_with_disabled_warnings (res://addons/gdUnit4/src/core/GdUnitTestSuiteScanner.gd:208)

	   [1] _load_is_test_suite (res://addons/gdUnit4/src/core/GdUnitTestSuiteScanner.gd:123)

	   [2] _scan_test_suites_scripts (res://addons/gdUnit4/src/core/GdUnitTestSuiteScanner.gd:89)

	   [3] scan_directory (res://addons/gdUnit4/src/core/GdUnitTestSuiteScanner.gd:69)

	   [4] scan (res://addons/gdUnit4/src/core/GdUnitTestSuiteScanner.gd:54)

	   [5] discover_tests (res://addons/gdUnit4/src/core/runners/GdUnitTestCIRunner.gd:401)

	   [6] init_gd_unit (res://addons/gdUnit4/src/core/runners/GdUnitTestCIRunner.gd:386)

	   [7] init_runner (res://addons/gdUnit4/src/core/runners/GdUnitTestCIRunner.gd:121)

	   [8] _process (res://addons/gdUnit4/src/core/runners/GdUnitTestSessionRunner.gd:115)

SCRIPT ERROR: Parse Error: Too few arguments for "execute()" call. Expected at least 1 but received 0.

   at: GDScript::reload (res://tests/test_action_commands.gd:37)

   GDScript backtrace (most recent call first):

	   [0] load_with_disabled_warnings (res://addons/gdUnit4/src/core/GdUnitTestSuiteScanner.gd:208)

	   [1] _load_is_test_suite (res://addons/gdUnit4/src/core/GdUnitTestSuiteScanner.gd:123)

	   [2] _scan_test_suites_scripts (res://addons/gdUnit4/src/core/GdUnitTestSuiteScanner.gd:89)

	   [3] scan_directory (res://addons/gdUnit4/src/core/GdUnitTestSuiteScanner.gd:69)

	   [4] scan (res://addons/gdUnit4/src/core/GdUnitTestSuiteScanner.gd:54)

	   [5] discover_tests (res://addons/gdUnit4/src/core/runners/GdUnitTestCIRunner.gd:401)

	   [6] init_gd_unit (res://addons/gdUnit4/src/core/runners/GdUnitTestCIRunner.gd:386)

	   [7] init_runner (res://addons/gdUnit4/src/core/runners/GdUnitTestCIRunner.gd:121)

	   [8] _process (res://addons/gdUnit4/src/core/runners/GdUnitTestSessionRunner.gd:115)

SCRIPT ERROR: Parse Error: Too many arguments for "new()" call. Expected at most 0 but received 2.

   at: GDScript::reload (res://tests/test_action_commands.gd:46)

   GDScript backtrace (most recent call first):

	   [0] load_with_disabled_warnings (res://addons/gdUnit4/src/core/GdUnitTestSuiteScanner.gd:208)

	   [1] _load_is_test_suite (res://addons/gdUnit4/src/core/GdUnitTestSuiteScanner.gd:123)

	   [2] _scan_test_suites_scripts (res://addons/gdUnit4/src/core/GdUnitTestSuiteScanner.gd:89)

	   [3] scan_directory (res://addons/gdUnit4/src/core/GdUnitTestSuiteScanner.gd:69)

	   [4] scan (res://addons/gdUnit4/src/core/GdUnitTestSuiteScanner.gd:54)

	   [5] discover_tests (res://addons/gdUnit4/src/core/runners/GdUnitTestCIRunner.gd:401)

	   [6] init_gd_unit (res://addons/gdUnit4/src/core/runners/GdUnitTestCIRunner.gd:386)

	   [7] init_runner (res://addons/gdUnit4/src/core/runners/GdUnitTestCIRunner.gd:121)

	   [8] _process (res://addons/gdUnit4/src/core/runners/GdUnitTestSessionRunner.gd:115)

SCRIPT ERROR: Parse Error: Too few arguments for "execute()" call. Expected at least 1 but received 0.

   at: GDScript::reload (res://tests/test_action_commands.gd:47)

   GDScript backtrace (most recent call first):

	   [0] load_with_disabled_warnings (res://addons/gdUnit4/src/core/GdUnitTestSuiteScanner.gd:208)

	   [1] _load_is_test_suite (res://addons/gdUnit4/src/core/GdUnitTestSuiteScanner.gd:123)

	   [2] _scan_test_suites_scripts (res://addons/gdUnit4/src/core/GdUnitTestSuiteScanner.gd:89)

	   [3] scan_directory (res://addons/gdUnit4/src/core/GdUnitTestSuiteScanner.gd:69)

	   [4] scan (res://addons/gdUnit4/src/core/GdUnitTestSuiteScanner.gd:54)

	   [5] discover_tests (res://addons/gdUnit4/src/core/runners/GdUnitTestCIRunner.gd:401)

	   [6] init_gd_unit (res://addons/gdUnit4/src/core/runners/GdUnitTestCIRunner.gd:386)

	   [7] init_runner (res://addons/gdUnit4/src/core/runners/GdUnitTestCIRunner.gd:121)

	   [8] _process (res://addons/gdUnit4/src/core/runners/GdUnitTestSessionRunner.gd:115)

SCRIPT ERROR: Parse Error: Too many arguments for "new()" call. Expected at most 0 but received 2.

   at: GDScript::reload (res://tests/test_action_commands.gd:60)

   GDScript backtrace (most recent call first):

	   [0] load_with_disabled_warnings (res://addons/gdUnit4/src/core/GdUnitTestSuiteScanner.gd:208)

	   [1] _load_is_test_suite (res://addons/gdUnit4/src/core/GdUnitTestSuiteScanner.gd:123)

	   [2] _scan_test_suites_scripts (res://addons/gdUnit4/src/core/GdUnitTestSuiteScanner.gd:89)

	   [3] scan_directory (res://addons/gdUnit4/src/core/GdUnitTestSuiteScanner.gd:69)

	   [4] scan (res://addons/gdUnit4/src/core/GdUnitTestSuiteScanner.gd:54)

	   [5] discover_tests (res://addons/gdUnit4/src/core/runners/GdUnitTestCIRunner.gd:401)

	   [6] init_gd_unit (res://addons/gdUnit4/src/core/runners/GdUnitTestCIRunner.gd:386)

	   [7] init_runner (res://addons/gdUnit4/src/core/runners/GdUnitTestCIRunner.gd:121)

	   [8] _process (res://addons/gdUnit4/src/core/runners/GdUnitTestSessionRunner.gd:115)

SCRIPT ERROR: Parse Error: Too few arguments for "execute()" call. Expected at least 1 but received 0.

   at: GDScript::reload (res://tests/test_action_commands.gd:61)

   GDScript backtrace (most recent call first):

	   [0] load_with_disabled_warnings (res://addons/gdUnit4/src/core/GdUnitTestSuiteScanner.gd:208)

	   [1] _load_is_test_suite (res://addons/gdUnit4/src/core/GdUnitTestSuiteScanner.gd:123)

	   [2] _scan_test_suites_scripts (res://addons/gdUnit4/src/core/GdUnitTestSuiteScanner.gd:89)

	   [3] scan_directory (res://addons/gdUnit4/src/core/GdUnitTestSuiteScanner.gd:69)

	   [4] scan (res://addons/gdUnit4/src/core/GdUnitTestSuiteScanner.gd:54)

	   [5] discover_tests (res://addons/gdUnit4/src/core/runners/GdUnitTestCIRunner.gd:401)

	   [6] init_gd_unit (res://addons/gdUnit4/src/core/runners/GdUnitTestCIRunner.gd:386)

	   [7] init_runner (res://addons/gdUnit4/src/core/runners/GdUnitTestCIRunner.gd:121)

	   [8] _process (res://addons/gdUnit4/src/core/runners/GdUnitTestSessionRunner.gd:115)

ERROR: Failed to load script "res://tests/test_action_commands.gd" with error "Parse error".

   at: load (modules/gdscript/gdscript.cpp:2907)

   GDScript backtrace (most recent call first):

	   [0] load_with_disabled_warnings (res://addons/gdUnit4/src/core/GdUnitTestSuiteScanner.gd:208)

	   [1] _load_is_test_suite (res://addons/gdUnit4/src/core/GdUnitTestSuiteScanner.gd:123)

	   [2] _scan_test_suites_scripts (res://addons/gdUnit4/src/core/GdUnitTestSuiteScanner.gd:89)

	   [3] scan_directory (res://addons/gdUnit4/src/core/GdUnitTestSuiteScanner.gd:69)

	   [4] scan (res://addons/gdUnit4/src/core/GdUnitTestSuiteScanner.gd:54)

	   [5] discover_tests (res://addons/gdUnit4/src/core/runners/GdUnitTestCIRunner.gd:401)

	   [6] init_gd_unit (res://addons/gdUnit4/src/core/runners/GdUnitTestCIRunner.gd:386)

	   [7] init_runner (res://addons/gdUnit4/src/core/runners/GdUnitTestCIRunner.gd:121)

	   [8] _process (res://addons/gdUnit4/src/core/runners/GdUnitTestSessionRunner.gd:115)

SCRIPT ERROR: Parse Error: Invalid argument for "append_combat_actions()" function: argument 1 should be "Array[UnitAction]" but is "Array[Dictionary]".

   at: GDScript::reload (res://tests/test_combat_action_calculator.gd:64)

   GDScript backtrace (most recent call first):

	   [0] load_with_disabled_warnings (res://addons/gdUnit4/src/core/GdUnitTestSuiteScanner.gd:208)

	   [1] _load_is_test_suite (res://addons/gdUnit4/src/core/GdUnitTestSuiteScanner.gd:123)

	   [2] _scan_test_suites_scripts (res://addons/gdUnit4/src/core/GdUnitTestSuiteScanner.gd:89)

	   [3] scan_directory (res://addons/gdUnit4/src/core/GdUnitTestSuiteScanner.gd:69)

	   [4] scan (res://addons/gdUnit4/src/core/GdUnitTestSuiteScanner.gd:54)

	   [5] discover_tests (res://addons/gdUnit4/src/core/runners/GdUnitTestCIRunner.gd:401)

	   [6] init_gd_unit (res://addons/gdUnit4/src/core/runners/GdUnitTestCIRunner.gd:386)

	   [7] init_runner (res://addons/gdUnit4/src/core/runners/GdUnitTestCIRunner.gd:121)

	   [8] _process (res://addons/gdUnit4/src/core/runners/GdUnitTestSessionRunner.gd:115)

SCRIPT ERROR: Parse Error: Invalid argument for "append_combat_actions()" function: argument 4 should be "ReachableState" but is "Dictionary".

   at: GDScript::reload (res://tests/test_combat_action_calculator.gd:64)

   GDScript backtrace (most recent call first):

	   [0] load_with_disabled_warnings (res://addons/gdUnit4/src/core/GdUnitTestSuiteScanner.gd:208)

	   [1] _load_is_test_suite (res://addons/gdUnit4/src/core/GdUnitTestSuiteScanner.gd:123)

	   [2] _scan_test_suites_scripts (res://addons/gdUnit4/src/core/GdUnitTestSuiteScanner.gd:89)

	   [3] scan_directory (res://addons/gdUnit4/src/core/GdUnitTestSuiteScanner.gd:69)

	   [4] scan (res://addons/gdUnit4/src/core/GdUnitTestSuiteScanner.gd:54)

	   [5] discover_tests (res://addons/gdUnit4/src/core/runners/GdUnitTestCIRunner.gd:401)

	   [6] init_gd_unit (res://addons/gdUnit4/src/core/runners/GdUnitTestCIRunner.gd:386)

	   [7] init_runner (res://addons/gdUnit4/src/core/runners/GdUnitTestCIRunner.gd:121)

	   [8] _process (res://addons/gdUnit4/src/core/runners/GdUnitTestSessionRunner.gd:115)

SCRIPT ERROR: Parse Error: Invalid argument for "append_combat_actions()" function: argument 1 should be "Array[UnitAction]" but is "Array[Dictionary]".

   at: GDScript::reload (res://tests/test_combat_action_calculator.gd:89)

   GDScript backtrace (most recent call first):

	   [0] load_with_disabled_warnings (res://addons/gdUnit4/src/core/GdUnitTestSuiteScanner.gd:208)

	   [1] _load_is_test_suite (res://addons/gdUnit4/src/core/GdUnitTestSuiteScanner.gd:123)

	   [2] _scan_test_suites_scripts (res://addons/gdUnit4/src/core/GdUnitTestSuiteScanner.gd:89)

	   [3] scan_directory (res://addons/gdUnit4/src/core/GdUnitTestSuiteScanner.gd:69)

	   [4] scan (res://addons/gdUnit4/src/core/GdUnitTestSuiteScanner.gd:54)

	   [5] discover_tests (res://addons/gdUnit4/src/core/runners/GdUnitTestCIRunner.gd:401)

	   [6] init_gd_unit (res://addons/gdUnit4/src/core/runners/GdUnitTestCIRunner.gd:386)

	   [7] init_runner (res://addons/gdUnit4/src/core/runners/GdUnitTestCIRunner.gd:121)

	   [8] _process (res://addons/gdUnit4/src/core/runners/GdUnitTestSessionRunner.gd:115)

SCRIPT ERROR: Parse Error: Invalid argument for "append_combat_actions()" function: argument 4 should be "ReachableState" but is "Dictionary".

   at: GDScript::reload (res://tests/test_combat_action_calculator.gd:89)

   GDScript backtrace (most recent call first):

	   [0] load_with_disabled_warnings (res://addons/gdUnit4/src/core/GdUnitTestSuiteScanner.gd:208)

	   [1] _load_is_test_suite (res://addons/gdUnit4/src/core/GdUnitTestSuiteScanner.gd:123)

	   [2] _scan_test_suites_scripts (res://addons/gdUnit4/src/core/GdUnitTestSuiteScanner.gd:89)

	   [3] scan_directory (res://addons/gdUnit4/src/core/GdUnitTestSuiteScanner.gd:69)

	   [4] scan (res://addons/gdUnit4/src/core/GdUnitTestSuiteScanner.gd:54)

	   [5] discover_tests (res://addons/gdUnit4/src/core/runners/GdUnitTestCIRunner.gd:401)

	   [6] init_gd_unit (res://addons/gdUnit4/src/core/runners/GdUnitTestCIRunner.gd:386)

	   [7] init_runner (res://addons/gdUnit4/src/core/runners/GdUnitTestCIRunner.gd:121)

	   [8] _process (res://addons/gdUnit4/src/core/runners/GdUnitTestSessionRunner.gd:115)

ERROR: Failed to load script "res://tests/test_combat_action_calculator.gd" with error "Parse error".

   at: load (modules/gdscript/gdscript.cpp:2907)

   GDScript backtrace (most recent call first):

	   [0] load_with_disabled_warnings (res://addons/gdUnit4/src/core/GdUnitTestSuiteScanner.gd:208)

	   [1] _load_is_test_suite (res://addons/gdUnit4/src/core/GdUnitTestSuiteScanner.gd:123)

	   [2] _scan_test_suites_scripts (res://addons/gdUnit4/src/core/GdUnitTestSuiteScanner.gd:89)

	   [3] scan_directory (res://addons/gdUnit4/src/core/GdUnitTestSuiteScanner.gd:69)

	   [4] scan (res://addons/gdUnit4/src/core/GdUnitTestSuiteScanner.gd:54)

	   [5] discover_tests (res://addons/gdUnit4/src/core/runners/GdUnitTestCIRunner.gd:401)

	   [6] init_gd_unit (res://addons/gdUnit4/src/core/runners/GdUnitTestCIRunner.gd:386)

	   [7] init_runner (res://addons/gdUnit4/src/core/runners/GdUnitTestCIRunner.gd:121)

	   [8] _process (res://addons/gdUnit4/src/core/runners/GdUnitTestSessionRunner.gd:115)

SCRIPT ERROR: Parse Error: Invalid argument for "on_action_selected()" function: argument 1 should be "UnitAction" but is "Dictionary".

   at: GDScript::reload (res://tests/test_gui_info.gd:81)

   GDScript backtrace (most recent call first):

	   [0] load_with_disabled_warnings (res://addons/gdUnit4/src/core/GdUnitTestSuiteScanner.gd:208)

	   [1] _load_is_test_suite (res://addons/gdUnit4/src/core/GdUnitTestSuiteScanner.gd:123)

	   [2] _scan_test_suites_scripts (res://addons/gdUnit4/src/core/GdUnitTestSuiteScanner.gd:89)

	   [3] scan_directory (res://addons/gdUnit4/src/core/GdUnitTestSuiteScanner.gd:69)

	   [4] scan (res://addons/gdUnit4/src/core/GdUnitTestSuiteScanner.gd:54)

	   [5] discover_tests (res://addons/gdUnit4/src/core/runners/GdUnitTestCIRunner.gd:401)

	   [6] init_gd_unit (res://addons/gdUnit4/src/core/runners/GdUnitTestCIRunner.gd:386)

	   [7] init_runner (res://addons/gdUnit4/src/core/runners/GdUnitTestCIRunner.gd:121)

	   [8] _process (res://addons/gdUnit4/src/core/runners/GdUnitTestSessionRunner.gd:115)

SCRIPT ERROR: Parse Error: Invalid argument for "on_action_selected()" function: argument 1 should be "UnitAction" but is "Dictionary".

   at: GDScript::reload (res://tests/test_gui_info.gd:87)

   GDScript backtrace (most recent call first):

	   [0] load_with_disabled_warnings (res://addons/gdUnit4/src/core/GdUnitTestSuiteScanner.gd:208)

	   [1] _load_is_test_suite (res://addons/gdUnit4/src/core/GdUnitTestSuiteScanner.gd:123)

	   [2] _scan_test_suites_scripts (res://addons/gdUnit4/src/core/GdUnitTestSuiteScanner.gd:89)

	   [3] scan_directory (res://addons/gdUnit4/src/core/GdUnitTestSuiteScanner.gd:69)

	   [4] scan (res://addons/gdUnit4/src/core/GdUnitTestSuiteScanner.gd:54)

	   [5] discover_tests (res://addons/gdUnit4/src/core/runners/GdUnitTestCIRunner.gd:401)

	   [6] init_gd_unit (res://addons/gdUnit4/src/core/runners/GdUnitTestCIRunner.gd:386)

	   [7] init_runner (res://addons/gdUnit4/src/core/runners/GdUnitTestCIRunner.gd:121)

	   [8] _process (res://addons/gdUnit4/src/core/runners/GdUnitTestSessionRunner.gd:115)

SCRIPT ERROR: Parse Error: Invalid argument for "on_action_selected()" function: argument 1 should be "UnitAction" but is "Dictionary".

   at: GDScript::reload (res://tests/test_gui_info.gd:95)

   GDScript backtrace (most recent call first):

	   [0] load_with_disabled_warnings (res://addons/gdUnit4/src/core/GdUnitTestSuiteScanner.gd:208)

	   [1] _load_is_test_suite (res://addons/gdUnit4/src/core/GdUnitTestSuiteScanner.gd:123)

	   [2] _scan_test_suites_scripts (res://addons/gdUnit4/src/core/GdUnitTestSuiteScanner.gd:89)

	   [3] scan_directory (res://addons/gdUnit4/src/core/GdUnitTestSuiteScanner.gd:69)

	   [4] scan (res://addons/gdUnit4/src/core/GdUnitTestSuiteScanner.gd:54)

	   [5] discover_tests (res://addons/gdUnit4/src/core/runners/GdUnitTestCIRunner.gd:401)

	   [6] init_gd_unit (res://addons/gdUnit4/src/core/runners/GdUnitTestCIRunner.gd:386)

	   [7] init_runner (res://addons/gdUnit4/src/core/runners/GdUnitTestCIRunner.gd:121)

	   [8] _process (res://addons/gdUnit4/src/core/runners/GdUnitTestSessionRunner.gd:115)

SCRIPT ERROR: Parse Error: Invalid argument for "on_action_selected()" function: argument 1 should be "UnitAction" but is "Dictionary".

   at: GDScript::reload (res://tests/test_gui_info.gd:102)

   GDScript backtrace (most recent call first):

	   [0] load_with_disabled_warnings (res://addons/gdUnit4/src/core/GdUnitTestSuiteScanner.gd:208)

	   [1] _load_is_test_suite (res://addons/gdUnit4/src/core/GdUnitTestSuiteScanner.gd:123)

	   [2] _scan_test_suites_scripts (res://addons/gdUnit4/src/core/GdUnitTestSuiteScanner.gd:89)

	   [3] scan_directory (res://addons/gdUnit4/src/core/GdUnitTestSuiteScanner.gd:69)

	   [4] scan (res://addons/gdUnit4/src/core/GdUnitTestSuiteScanner.gd:54)

	   [5] discover_tests (res://addons/gdUnit4/src/core/runners/GdUnitTestCIRunner.gd:401)

	   [6] init_gd_unit (res://addons/gdUnit4/src/core/runners/GdUnitTestCIRunner.gd:386)

	   [7] init_runner (res://addons/gdUnit4/src/core/runners/GdUnitTestCIRunner.gd:121)

	   [8] _process (res://addons/gdUnit4/src/core/runners/GdUnitTestSessionRunner.gd:115)

ERROR: Failed to load script "res://tests/test_gui_info.gd" with error "Parse error".

   at: load (modules/gdscript/gdscript.cpp:2907)

   GDScript backtrace (most recent call first):

	   [0] load_with_disabled_warnings (res://addons/gdUnit4/src/core/GdUnitTestSuiteScanner.gd:208)

	   [1] _load_is_test_suite (res://addons/gdUnit4/src/core/GdUnitTestSuiteScanner.gd:123)

	   [2] _scan_test_suites_scripts (res://addons/gdUnit4/src/core/GdUnitTestSuiteScanner.gd:89)

	   [3] scan_directory (res://addons/gdUnit4/src/core/GdUnitTestSuiteScanner.gd:69)

	   [4] scan (res://addons/gdUnit4/src/core/GdUnitTestSuiteScanner.gd:54)

	   [5] discover_tests (res://addons/gdUnit4/src/core/runners/GdUnitTestCIRunner.gd:401)

	   [6] init_gd_unit (res://addons/gdUnit4/src/core/runners/GdUnitTestCIRunner.gd:386)

	   [7] init_runner (res://addons/gdUnit4/src/core/runners/GdUnitTestCIRunner.gd:121)

	   [8] _process (res://addons/gdUnit4/src/core/runners/GdUnitTestSessionRunner.gd:115)

SCRIPT ERROR: Parse Error: Function "execute_action()" is a coroutine, so it must be called with "await".

   at: GDScript::reload (res://tests/test_hud_action_executor.gd:31)

   GDScript backtrace (most recent call first):

	   [0] load_with_disabled_warnings (res://addons/gdUnit4/src/core/GdUnitTestSuiteScanner.gd:208)

	   [1] _load_is_test_suite (res://addons/gdUnit4/src/core/GdUnitTestSuiteScanner.gd:123)

	   [2] _scan_test_suites_scripts (res://addons/gdUnit4/src/core/GdUnitTestSuiteScanner.gd:89)

	   [3] scan_directory (res://addons/gdUnit4/src/core/GdUnitTestSuiteScanner.gd:69)

	   [4] scan (res://addons/gdUnit4/src/core/GdUnitTestSuiteScanner.gd:54)

	   [5] discover_tests (res://addons/gdUnit4/src/core/runners/GdUnitTestCIRunner.gd:401)

	   [6] init_gd_unit (res://addons/gdUnit4/src/core/runners/GdUnitTestCIRunner.gd:386)

	   [7] init_runner (res://addons/gdUnit4/src/core/runners/GdUnitTestCIRunner.gd:121)

	   [8] _process (res://addons/gdUnit4/src/core/runners/GdUnitTestSessionRunner.gd:115)

ERROR: Failed to load script "res://tests/test_hud_action_executor.gd" with error "Parse error".

   at: load (modules/gdscript/gdscript.cpp:2907)

   GDScript backtrace (most recent call first):

	   [0] load_with_disabled_warnings (res://addons/gdUnit4/src/core/GdUnitTestSuiteScanner.gd:208)

	   [1] _load_is_test_suite (res://addons/gdUnit4/src/core/GdUnitTestSuiteScanner.gd:123)

	   [2] _scan_test_suites_scripts (res://addons/gdUnit4/src/core/GdUnitTestSuiteScanner.gd:89)

	   [3] scan_directory (res://addons/gdUnit4/src/core/GdUnitTestSuiteScanner.gd:69)

	   [4] scan (res://addons/gdUnit4/src/core/GdUnitTestSuiteScanner.gd:54)

	   [5] discover_tests (res://addons/gdUnit4/src/core/runners/GdUnitTestCIRunner.gd:401)

	   [6] init_gd_unit (res://addons/gdUnit4/src/core/runners/GdUnitTestCIRunner.gd:386)

	   [7] init_runner (res://addons/gdUnit4/src/core/runners/GdUnitTestCIRunner.gd:121)

	   [8] _process (res://addons/gdUnit4/src/core/runners/GdUnitTestSessionRunner.gd:115)

SCRIPT ERROR: Parse Error: Invalid argument for "on_action_selected()" function: argument 1 should be "UnitAction" but is "Dictionary".

   at: GDScript::reload (res://tests/test_hud_action_select_extended.gd:38)

   GDScript backtrace (most recent call first):

	   [0] load_with_disabled_warnings (res://addons/gdUnit4/src/core/GdUnitTestSuiteScanner.gd:208)

	   [1] _load_is_test_suite (res://addons/gdUnit4/src/core/GdUnitTestSuiteScanner.gd:123)

	   [2] _scan_test_suites_scripts (res://addons/gdUnit4/src/core/GdUnitTestSuiteScanner.gd:89)

	   [3] scan_directory (res://addons/gdUnit4/src/core/GdUnitTestSuiteScanner.gd:69)

	   [4] scan (res://addons/gdUnit4/src/core/GdUnitTestSuiteScanner.gd:54)

	   [5] discover_tests (res://addons/gdUnit4/src/core/runners/GdUnitTestCIRunner.gd:401)

	   [6] init_gd_unit (res://addons/gdUnit4/src/core/runners/GdUnitTestCIRunner.gd:386)

	   [7] init_runner (res://addons/gdUnit4/src/core/runners/GdUnitTestCIRunner.gd:121)

	   [8] _process (res://addons/gdUnit4/src/core/runners/GdUnitTestSessionRunner.gd:115)

SCRIPT ERROR: Parse Error: Invalid argument for "on_action_selected()" function: argument 1 should be "UnitAction" but is "Dictionary".

   at: GDScript::reload (res://tests/test_hud_action_select_extended.gd:47)

   GDScript backtrace (most recent call first):

	   [0] load_with_disabled_warnings (res://addons/gdUnit4/src/core/GdUnitTestSuiteScanner.gd:208)

	   [1] _load_is_test_suite (res://addons/gdUnit4/src/core/GdUnitTestSuiteScanner.gd:123)

	   [2] _scan_test_suites_scripts (res://addons/gdUnit4/src/core/GdUnitTestSuiteScanner.gd:89)

	   [3] scan_directory (res://addons/gdUnit4/src/core/GdUnitTestSuiteScanner.gd:69)

	   [4] scan (res://addons/gdUnit4/src/core/GdUnitTestSuiteScanner.gd:54)

	   [5] discover_tests (res://addons/gdUnit4/src/core/runners/GdUnitTestCIRunner.gd:401)

	   [6] init_gd_unit (res://addons/gdUnit4/src/core/runners/GdUnitTestCIRunner.gd:386)

	   [7] init_runner (res://addons/gdUnit4/src/core/runners/GdUnitTestCIRunner.gd:121)

	   [8] _process (res://addons/gdUnit4/src/core/runners/GdUnitTestSessionRunner.gd:115)

ERROR: Failed to load script "res://tests/test_hud_action_select_extended.gd" with error "Parse error".

   at: load (modules/gdscript/gdscript.cpp:2907)

   GDScript backtrace (most recent call first):

	   [0] load_with_disabled_warnings (res://addons/gdUnit4/src/core/GdUnitTestSuiteScanner.gd:208)

	   [1] _load_is_test_suite (res://addons/gdUnit4/src/core/GdUnitTestSuiteScanner.gd:123)

	   [2] _scan_test_suites_scripts (res://addons/gdUnit4/src/core/GdUnitTestSuiteScanner.gd:89)

	   [3] scan_directory (res://addons/gdUnit4/src/core/GdUnitTestSuiteScanner.gd:69)

	   [4] scan (res://addons/gdUnit4/src/core/GdUnitTestSuiteScanner.gd:54)

	   [5] discover_tests (res://addons/gdUnit4/src/core/runners/GdUnitTestCIRunner.gd:401)

	   [6] init_gd_unit (res://addons/gdUnit4/src/core/runners/GdUnitTestCIRunner.gd:386)

	   [7] init_runner (res://addons/gdUnit4/src/core/runners/GdUnitTestCIRunner.gd:121)

	   [8] _process (res://addons/gdUnit4/src/core/runners/GdUnitTestSessionRunner.gd:115)

SCRIPT ERROR: Parse Error: Static function "_config_box_container()" not found in base "HUDComponentFactory".

   at: GDScript::reload (res://tests/test_hud_component_factory.gd:40)

   GDScript backtrace (most recent call first):

	   [0] load_with_disabled_warnings (res://addons/gdUnit4/src/core/GdUnitTestSuiteScanner.gd:208)

	   [1] _load_is_test_suite (res://addons/gdUnit4/src/core/GdUnitTestSuiteScanner.gd:123)

	   [2] _scan_test_suites_scripts (res://addons/gdUnit4/src/core/GdUnitTestSuiteScanner.gd:89)

	   [3] scan_directory (res://addons/gdUnit4/src/core/GdUnitTestSuiteScanner.gd:69)

	   [4] scan (res://addons/gdUnit4/src/core/GdUnitTestSuiteScanner.gd:54)

	   [5] discover_tests (res://addons/gdUnit4/src/core/runners/GdUnitTestCIRunner.gd:401)

	   [6] init_gd_unit (res://addons/gdUnit4/src/core/runners/GdUnitTestCIRunner.gd:386)

	   [7] init_runner (res://addons/gdUnit4/src/core/runners/GdUnitTestCIRunner.gd:121)

	   [8] _process (res://addons/gdUnit4/src/core/runners/GdUnitTestSessionRunner.gd:115)

SCRIPT ERROR: Parse Error: Static function "_populate_left_columns()" not found in base "HUDComponentFactory".

   at: GDScript::reload (res://tests/test_hud_component_factory.gd:56)

   GDScript backtrace (most recent call first):

	   [0] load_with_disabled_warnings (res://addons/gdUnit4/src/core/GdUnitTestSuiteScanner.gd:208)

	   [1] _load_is_test_suite (res://addons/gdUnit4/src/core/GdUnitTestSuiteScanner.gd:123)

	   [2] _scan_test_suites_scripts (res://addons/gdUnit4/src/core/GdUnitTestSuiteScanner.gd:89)

	   [3] scan_directory (res://addons/gdUnit4/src/core/GdUnitTestSuiteScanner.gd:69)

	   [4] scan (res://addons/gdUnit4/src/core/GdUnitTestSuiteScanner.gd:54)

	   [5] discover_tests (res://addons/gdUnit4/src/core/runners/GdUnitTestCIRunner.gd:401)

	   [6] init_gd_unit (res://addons/gdUnit4/src/core/runners/GdUnitTestCIRunner.gd:386)

	   [7] init_runner (res://addons/gdUnit4/src/core/runners/GdUnitTestCIRunner.gd:121)

	   [8] _process (res://addons/gdUnit4/src/core/runners/GdUnitTestSessionRunner.gd:115)

SCRIPT ERROR: Parse Error: Static function "_populate_right_columns()" not found in base "HUDComponentFactory".

   at: GDScript::reload (res://tests/test_hud_component_factory.gd:65)

   GDScript backtrace (most recent call first):

	   [0] load_with_disabled_warnings (res://addons/gdUnit4/src/core/GdUnitTestSuiteScanner.gd:208)

	   [1] _load_is_test_suite (res://addons/gdUnit4/src/core/GdUnitTestSuiteScanner.gd:123)

	   [2] _scan_test_suites_scripts (res://addons/gdUnit4/src/core/GdUnitTestSuiteScanner.gd:89)

	   [3] scan_directory (res://addons/gdUnit4/src/core/GdUnitTestSuiteScanner.gd:69)

	   [4] scan (res://addons/gdUnit4/src/core/GdUnitTestSuiteScanner.gd:54)

	   [5] discover_tests (res://addons/gdUnit4/src/core/runners/GdUnitTestCIRunner.gd:401)

	   [6] init_gd_unit (res://addons/gdUnit4/src/core/runners/GdUnitTestCIRunner.gd:386)

	   [7] init_runner (res://addons/gdUnit4/src/core/runners/GdUnitTestCIRunner.gd:121)

	   [8] _process (res://addons/gdUnit4/src/core/runners/GdUnitTestSessionRunner.gd:115)

ERROR: Failed to load script "res://tests/test_hud_component_factory.gd" with error "Parse error".

   at: load (modules/gdscript/gdscript.cpp:2907)

   GDScript backtrace (most recent call first):

	   [0] load_with_disabled_warnings (res://addons/gdUnit4/src/core/GdUnitTestSuiteScanner.gd:208)

	   [1] _load_is_test_suite (res://addons/gdUnit4/src/core/GdUnitTestSuiteScanner.gd:123)

	   [2] _scan_test_suites_scripts (res://addons/gdUnit4/src/core/GdUnitTestSuiteScanner.gd:89)

	   [3] scan_directory (res://addons/gdUnit4/src/core/GdUnitTestSuiteScanner.gd:69)

	   [4] scan (res://addons/gdUnit4/src/core/GdUnitTestSuiteScanner.gd:54)

	   [5] discover_tests (res://addons/gdUnit4/src/core/runners/GdUnitTestCIRunner.gd:401)

	   [6] init_gd_unit (res://addons/gdUnit4/src/core/runners/GdUnitTestCIRunner.gd:386)

	   [7] init_runner (res://addons/gdUnit4/src/core/runners/GdUnitTestCIRunner.gd:121)

	   [8] _process (res://addons/gdUnit4/src/core/runners/GdUnitTestSessionRunner.gd:115)

SCRIPT ERROR: Parse Error: Cannot pass a value of type "String" as "int".

   at: GDScript::reload (res://tests/test_hud_controller_actions.gd:31)

   GDScript backtrace (most recent call first):

	   [0] load_with_disabled_warnings (res://addons/gdUnit4/src/core/GdUnitTestSuiteScanner.gd:208)

	   [1] _load_is_test_suite (res://addons/gdUnit4/src/core/GdUnitTestSuiteScanner.gd:123)

	   [2] _scan_test_suites_scripts (res://addons/gdUnit4/src/core/GdUnitTestSuiteScanner.gd:89)

	   [3] scan_directory (res://addons/gdUnit4/src/core/GdUnitTestSuiteScanner.gd:69)

	   [4] scan (res://addons/gdUnit4/src/core/GdUnitTestSuiteScanner.gd:54)

	   [5] discover_tests (res://addons/gdUnit4/src/core/runners/GdUnitTestCIRunner.gd:401)

	   [6] init_gd_unit (res://addons/gdUnit4/src/core/runners/GdUnitTestCIRunner.gd:386)

	   [7] init_runner (res://addons/gdUnit4/src/core/runners/GdUnitTestCIRunner.gd:121)

	   [8] _process (res://addons/gdUnit4/src/core/runners/GdUnitTestSessionRunner.gd:115)

SCRIPT ERROR: Parse Error: Invalid argument for "_on_hud_action_executed()" function: argument 1 should be "int" but is "String".

   at: GDScript::reload (res://tests/test_hud_controller_actions.gd:31)

   GDScript backtrace (most recent call first):

	   [0] load_with_disabled_warnings (res://addons/gdUnit4/src/core/GdUnitTestSuiteScanner.gd:208)

	   [1] _load_is_test_suite (res://addons/gdUnit4/src/core/GdUnitTestSuiteScanner.gd:123)

	   [2] _scan_test_suites_scripts (res://addons/gdUnit4/src/core/GdUnitTestSuiteScanner.gd:89)

	   [3] scan_directory (res://addons/gdUnit4/src/core/GdUnitTestSuiteScanner.gd:69)

	   [4] scan (res://addons/gdUnit4/src/core/GdUnitTestSuiteScanner.gd:54)

	   [5] discover_tests (res://addons/gdUnit4/src/core/runners/GdUnitTestCIRunner.gd:401)

	   [6] init_gd_unit (res://addons/gdUnit4/src/core/runners/GdUnitTestCIRunner.gd:386)

	   [7] init_runner (res://addons/gdUnit4/src/core/runners/GdUnitTestCIRunner.gd:121)

	   [8] _process (res://addons/gdUnit4/src/core/runners/GdUnitTestSessionRunner.gd:115)

SCRIPT ERROR: Parse Error: Cannot pass a value of type "String" as "int".

   at: GDScript::reload (res://tests/test_hud_controller_actions.gd:52)

   GDScript backtrace (most recent call first):

	   [0] load_with_disabled_warnings (res://addons/gdUnit4/src/core/GdUnitTestSuiteScanner.gd:208)

	   [1] _load_is_test_suite (res://addons/gdUnit4/src/core/GdUnitTestSuiteScanner.gd:123)

	   [2] _scan_test_suites_scripts (res://addons/gdUnit4/src/core/GdUnitTestSuiteScanner.gd:89)

	   [3] scan_directory (res://addons/gdUnit4/src/core/GdUnitTestSuiteScanner.gd:69)

	   [4] scan (res://addons/gdUnit4/src/core/GdUnitTestSuiteScanner.gd:54)

	   [5] discover_tests (res://addons/gdUnit4/src/core/runners/GdUnitTestCIRunner.gd:401)

	   [6] init_gd_unit (res://addons/gdUnit4/src/core/runners/GdUnitTestCIRunner.gd:386)

	   [7] init_runner (res://addons/gdUnit4/src/core/runners/GdUnitTestCIRunner.gd:121)

	   [8] _process (res://addons/gdUnit4/src/core/runners/GdUnitTestSessionRunner.gd:115)

SCRIPT ERROR: Parse Error: Invalid argument for "_on_hud_action_executed()" function: argument 1 should be "int" but is "String".

   at: GDScript::reload (res://tests/test_hud_controller_actions.gd:52)

   GDScript backtrace (most recent call first):

	   [0] load_with_disabled_warnings (res://addons/gdUnit4/src/core/GdUnitTestSuiteScanner.gd:208)

	   [1] _load_is_test_suite (res://addons/gdUnit4/src/core/GdUnitTestSuiteScanner.gd:123)

	   [2] _scan_test_suites_scripts (res://addons/gdUnit4/src/core/GdUnitTestSuiteScanner.gd:89)

	   [3] scan_directory (res://addons/gdUnit4/src/core/GdUnitTestSuiteScanner.gd:69)

	   [4] scan (res://addons/gdUnit4/src/core/GdUnitTestSuiteScanner.gd:54)

	   [5] discover_tests (res://addons/gdUnit4/src/core/runners/GdUnitTestCIRunner.gd:401)

	   [6] init_gd_unit (res://addons/gdUnit4/src/core/runners/GdUnitTestCIRunner.gd:386)

	   [7] init_runner (res://addons/gdUnit4/src/core/runners/GdUnitTestCIRunner.gd:121)

	   [8] _process (res://addons/gdUnit4/src/core/runners/GdUnitTestSessionRunner.gd:115)

ERROR: Failed to load script "res://tests/test_hud_controller_actions.gd" with error "Parse error".

   at: load (modules/gdscript/gdscript.cpp:2907)

   GDScript backtrace (most recent call first):

	   [0] load_with_disabled_warnings (res://addons/gdUnit4/src/core/GdUnitTestSuiteScanner.gd:208)

	   [1] _load_is_test_suite (res://addons/gdUnit4/src/core/GdUnitTestSuiteScanner.gd:123)

	   [2] _scan_test_suites_scripts (res://addons/gdUnit4/src/core/GdUnitTestSuiteScanner.gd:89)

	   [3] scan_directory (res://addons/gdUnit4/src/core/GdUnitTestSuiteScanner.gd:69)

	   [4] scan (res://addons/gdUnit4/src/core/GdUnitTestSuiteScanner.gd:54)

	   [5] discover_tests (res://addons/gdUnit4/src/core/runners/GdUnitTestCIRunner.gd:401)

	   [6] init_gd_unit (res://addons/gdUnit4/src/core/runners/GdUnitTestCIRunner.gd:386)

	   [7] init_runner (res://addons/gdUnit4/src/core/runners/GdUnitTestCIRunner.gd:121)

	   [8] _process (res://addons/gdUnit4/src/core/runners/GdUnitTestSessionRunner.gd:115)

SCRIPT ERROR: Parse Error: Identifier "Inventory" not declared in the current scope.

   at: GDScript::reload (res://tests/test_inventory_management_menu.gd:48)

   GDScript backtrace (most recent call first):

	   [0] load_with_disabled_warnings (res://addons/gdUnit4/src/core/GdUnitTestSuiteScanner.gd:208)

	   [1] _load_is_test_suite (res://addons/gdUnit4/src/core/GdUnitTestSuiteScanner.gd:123)

	   [2] _scan_test_suites_scripts (res://addons/gdUnit4/src/core/GdUnitTestSuiteScanner.gd:89)

	   [3] scan_directory (res://addons/gdUnit4/src/core/GdUnitTestSuiteScanner.gd:69)

	   [4] scan (res://addons/gdUnit4/src/core/GdUnitTestSuiteScanner.gd:54)

	   [5] discover_tests (res://addons/gdUnit4/src/core/runners/GdUnitTestCIRunner.gd:401)

	   [6] init_gd_unit (res://addons/gdUnit4/src/core/runners/GdUnitTestCIRunner.gd:386)

	   [7] init_runner (res://addons/gdUnit4/src/core/runners/GdUnitTestCIRunner.gd:121)

	   [8] _process (res://addons/gdUnit4/src/core/runners/GdUnitTestSessionRunner.gd:115)

SCRIPT ERROR: Parse Error: Identifier "Inventory" not declared in the current scope.

   at: GDScript::reload (res://tests/test_inventory_management_menu.gd:60)

   GDScript backtrace (most recent call first):

	   [0] load_with_disabled_warnings (res://addons/gdUnit4/src/core/GdUnitTestSuiteScanner.gd:208)

	   [1] _load_is_test_suite (res://addons/gdUnit4/src/core/GdUnitTestSuiteScanner.gd:123)

	   [2] _scan_test_suites_scripts (res://addons/gdUnit4/src/core/GdUnitTestSuiteScanner.gd:89)

	   [3] scan_directory (res://addons/gdUnit4/src/core/GdUnitTestSuiteScanner.gd:69)

	   [4] scan (res://addons/gdUnit4/src/core/GdUnitTestSuiteScanner.gd:54)

	   [5] discover_tests (res://addons/gdUnit4/src/core/runners/GdUnitTestCIRunner.gd:401)

	   [6] init_gd_unit (res://addons/gdUnit4/src/core/runners/GdUnitTestCIRunner.gd:386)

	   [7] init_runner (res://addons/gdUnit4/src/core/runners/GdUnitTestCIRunner.gd:121)

	   [8] _process (res://addons/gdUnit4/src/core/runners/GdUnitTestSessionRunner.gd:115)

SCRIPT ERROR: Parse Error: Identifier "Inventory" not declared in the current scope.

   at: GDScript::reload (res://tests/test_inventory_management_menu.gd:73)

   GDScript backtrace (most recent call first):

	   [0] load_with_disabled_warnings (res://addons/gdUnit4/src/core/GdUnitTestSuiteScanner.gd:208)

	   [1] _load_is_test_suite (res://addons/gdUnit4/src/core/GdUnitTestSuiteScanner.gd:123)

	   [2] _scan_test_suites_scripts (res://addons/gdUnit4/src/core/GdUnitTestSuiteScanner.gd:89)

	   [3] scan_directory (res://addons/gdUnit4/src/core/GdUnitTestSuiteScanner.gd:69)

	   [4] scan (res://addons/gdUnit4/src/core/GdUnitTestSuiteScanner.gd:54)

	   [5] discover_tests (res://addons/gdUnit4/src/core/runners/GdUnitTestCIRunner.gd:401)

	   [6] init_gd_unit (res://addons/gdUnit4/src/core/runners/GdUnitTestCIRunner.gd:386)

	   [7] init_runner (res://addons/gdUnit4/src/core/runners/GdUnitTestCIRunner.gd:121)

	   [8] _process (res://addons/gdUnit4/src/core/runners/GdUnitTestSessionRunner.gd:115)

SCRIPT ERROR: Parse Error: Identifier "Inventory" not declared in the current scope.

   at: GDScript::reload (res://tests/test_inventory_management_menu.gd:78)

   GDScript backtrace (most recent call first):

	   [0] load_with_disabled_warnings (res://addons/gdUnit4/src/core/GdUnitTestSuiteScanner.gd:208)

	   [1] _load_is_test_suite (res://addons/gdUnit4/src/core/GdUnitTestSuiteScanner.gd:123)

	   [2] _scan_test_suites_scripts (res://addons/gdUnit4/src/core/GdUnitTestSuiteScanner.gd:89)

	   [3] scan_directory (res://addons/gdUnit4/src/core/GdUnitTestSuiteScanner.gd:69)

	   [4] scan (res://addons/gdUnit4/src/core/GdUnitTestSuiteScanner.gd:54)

	   [5] discover_tests (res://addons/gdUnit4/src/core/runners/GdUnitTestCIRunner.gd:401)

	   [6] init_gd_unit (res://addons/gdUnit4/src/core/runners/GdUnitTestCIRunner.gd:386)

	   [7] init_runner (res://addons/gdUnit4/src/core/runners/GdUnitTestCIRunner.gd:121)

	   [8] _process (res://addons/gdUnit4/src/core/runners/GdUnitTestSessionRunner.gd:115)

ERROR: Failed to load script "res://tests/test_inventory_management_menu.gd" with error "Parse error".

   at: load (modules/gdscript/gdscript.cpp:2907)

   GDScript backtrace (most recent call first):

	   [0] load_with_disabled_warnings (res://addons/gdUnit4/src/core/GdUnitTestSuiteScanner.gd:208)

	   [1] _load_is_test_suite (res://addons/gdUnit4/src/core/GdUnitTestSuiteScanner.gd:123)

	   [2] _scan_test_suites_scripts (res://addons/gdUnit4/src/core/GdUnitTestSuiteScanner.gd:89)

	   [3] scan_directory (res://addons/gdUnit4/src/core/GdUnitTestSuiteScanner.gd:69)

	   [4] scan (res://addons/gdUnit4/src/core/GdUnitTestSuiteScanner.gd:54)

	   [5] discover_tests (res://addons/gdUnit4/src/core/runners/GdUnitTestCIRunner.gd:401)

	   [6] init_gd_unit (res://addons/gdUnit4/src/core/runners/GdUnitTestCIRunner.gd:386)

	   [7] init_runner (res://addons/gdUnit4/src/core/runners/GdUnitTestCIRunner.gd:121)

	   [8] _process (res://addons/gdUnit4/src/core/runners/GdUnitTestSessionRunner.gd:115)

SCRIPT ERROR: Parse Error: Too many arguments for "prepare_level_data()" call. Expected at most 0 but received 1.

   at: GDScript::reload (res://tests/test_level_manager_gameplay_extended_2.gd:30)

   GDScript backtrace (most recent call first):

	   [0] load_with_disabled_warnings (res://addons/gdUnit4/src/core/GdUnitTestSuiteScanner.gd:208)

	   [1] _load_is_test_suite (res://addons/gdUnit4/src/core/GdUnitTestSuiteScanner.gd:123)

	   [2] _scan_test_suites_scripts (res://addons/gdUnit4/src/core/GdUnitTestSuiteScanner.gd:89)

	   [3] scan_directory (res://addons/gdUnit4/src/core/GdUnitTestSuiteScanner.gd:69)

	   [4] scan (res://addons/gdUnit4/src/core/GdUnitTestSuiteScanner.gd:54)

	   [5] discover_tests (res://addons/gdUnit4/src/core/runners/GdUnitTestCIRunner.gd:401)

	   [6] init_gd_unit (res://addons/gdUnit4/src/core/runners/GdUnitTestCIRunner.gd:386)

	   [7] init_runner (res://addons/gdUnit4/src/core/runners/GdUnitTestCIRunner.gd:121)

	   [8] _process (res://addons/gdUnit4/src/core/runners/GdUnitTestSessionRunner.gd:115)

SCRIPT ERROR: Parse Error: Cannot get return value of call to "prepare_level_data()" because it returns "void".

   at: GDScript::reload (res://tests/test_level_manager_gameplay_extended_2.gd:30)

   GDScript backtrace (most recent call first):

	   [0] load_with_disabled_warnings (res://addons/gdUnit4/src/core/GdUnitTestSuiteScanner.gd:208)

	   [1] _load_is_test_suite (res://addons/gdUnit4/src/core/GdUnitTestSuiteScanner.gd:123)

	   [2] _scan_test_suites_scripts (res://addons/gdUnit4/src/core/GdUnitTestSuiteScanner.gd:89)

	   [3] scan_directory (res://addons/gdUnit4/src/core/GdUnitTestSuiteScanner.gd:69)

	   [4] scan (res://addons/gdUnit4/src/core/GdUnitTestSuiteScanner.gd:54)

	   [5] discover_tests (res://addons/gdUnit4/src/core/runners/GdUnitTestCIRunner.gd:401)

	   [6] init_gd_unit (res://addons/gdUnit4/src/core/runners/GdUnitTestCIRunner.gd:386)

	   [7] init_runner (res://addons/gdUnit4/src/core/runners/GdUnitTestCIRunner.gd:121)

	   [8] _process (res://addons/gdUnit4/src/core/runners/GdUnitTestSessionRunner.gd:115)

SCRIPT ERROR: Parse Error: Too many arguments for "clear_world()" call. Expected at most 0 but received 1.

   at: GDScript::reload (res://tests/test_level_manager_gameplay_extended_2.gd:36)

   GDScript backtrace (most recent call first):

	   [0] load_with_disabled_warnings (res://addons/gdUnit4/src/core/GdUnitTestSuiteScanner.gd:208)

	   [1] _load_is_test_suite (res://addons/gdUnit4/src/core/GdUnitTestSuiteScanner.gd:123)

	   [2] _scan_test_suites_scripts (res://addons/gdUnit4/src/core/GdUnitTestSuiteScanner.gd:89)

	   [3] scan_directory (res://addons/gdUnit4/src/core/GdUnitTestSuiteScanner.gd:69)

	   [4] scan (res://addons/gdUnit4/src/core/GdUnitTestSuiteScanner.gd:54)

	   [5] discover_tests (res://addons/gdUnit4/src/core/runners/GdUnitTestCIRunner.gd:401)

	   [6] init_gd_unit (res://addons/gdUnit4/src/core/runners/GdUnitTestCIRunner.gd:386)

	   [7] init_runner (res://addons/gdUnit4/src/core/runners/GdUnitTestCIRunner.gd:121)

	   [8] _process (res://addons/gdUnit4/src/core/runners/GdUnitTestSessionRunner.gd:115)

SCRIPT ERROR: Parse Error: Too many arguments for "build_environment()" call. Expected at most 0 but received 2.

   at: GDScript::reload (res://tests/test_level_manager_gameplay_extended_2.gd:48)

   GDScript backtrace (most recent call first):

	   [0] load_with_disabled_warnings (res://addons/gdUnit4/src/core/GdUnitTestSuiteScanner.gd:208)

	   [1] _load_is_test_suite (res://addons/gdUnit4/src/core/GdUnitTestSuiteScanner.gd:123)

	   [2] _scan_test_suites_scripts (res://addons/gdUnit4/src/core/GdUnitTestSuiteScanner.gd:89)

	   [3] scan_directory (res://addons/gdUnit4/src/core/GdUnitTestSuiteScanner.gd:69)

	   [4] scan (res://addons/gdUnit4/src/core/GdUnitTestSuiteScanner.gd:54)

	   [5] discover_tests (res://addons/gdUnit4/src/core/runners/GdUnitTestCIRunner.gd:401)

	   [6] init_gd_unit (res://addons/gdUnit4/src/core/runners/GdUnitTestCIRunner.gd:386)

	   [7] init_runner (res://addons/gdUnit4/src/core/runners/GdUnitTestCIRunner.gd:121)

	   [8] _process (res://addons/gdUnit4/src/core/runners/GdUnitTestSessionRunner.gd:115)

SCRIPT ERROR: Parse Error: Too many arguments for "spawn_global_content()" call. Expected at most 0 but received 2.

   at: GDScript::reload (res://tests/test_level_manager_gameplay_extended_2.gd:58)

   GDScript backtrace (most recent call first):

	   [0] load_with_disabled_warnings (res://addons/gdUnit4/src/core/GdUnitTestSuiteScanner.gd:208)

	   [1] _load_is_test_suite (res://addons/gdUnit4/src/core/GdUnitTestSuiteScanner.gd:123)

	   [2] _scan_test_suites_scripts (res://addons/gdUnit4/src/core/GdUnitTestSuiteScanner.gd:89)

	   [3] scan_directory (res://addons/gdUnit4/src/core/GdUnitTestSuiteScanner.gd:69)

	   [4] scan (res://addons/gdUnit4/src/core/GdUnitTestSuiteScanner.gd:54)

	   [5] discover_tests (res://addons/gdUnit4/src/core/runners/GdUnitTestCIRunner.gd:401)

	   [6] init_gd_unit (res://addons/gdUnit4/src/core/runners/GdUnitTestCIRunner.gd:386)

	   [7] init_runner (res://addons/gdUnit4/src/core/runners/GdUnitTestCIRunner.gd:121)

	   [8] _process (res://addons/gdUnit4/src/core/runners/GdUnitTestSessionRunner.gd:115)

ERROR: Failed to load script "res://tests/test_level_manager_gameplay_extended_2.gd" with error "Parse error".

   at: load (modules/gdscript/gdscript.cpp:2907)

   GDScript backtrace (most recent call first):

	   [0] load_with_disabled_warnings (res://addons/gdUnit4/src/core/GdUnitTestSuiteScanner.gd:208)

	   [1] _load_is_test_suite (res://addons/gdUnit4/src/core/GdUnitTestSuiteScanner.gd:123)

	   [2] _scan_test_suites_scripts (res://addons/gdUnit4/src/core/GdUnitTestSuiteScanner.gd:89)

	   [3] scan_directory (res://addons/gdUnit4/src/core/GdUnitTestSuiteScanner.gd:69)

	   [4] scan (res://addons/gdUnit4/src/core/GdUnitTestSuiteScanner.gd:54)

	   [5] discover_tests (res://addons/gdUnit4/src/core/runners/GdUnitTestCIRunner.gd:401)

	   [6] init_gd_unit (res://addons/gdUnit4/src/core/runners/GdUnitTestCIRunner.gd:386)

	   [7] init_runner (res://addons/gdUnit4/src/core/runners/GdUnitTestCIRunner.gd:121)

	   [8] _process (res://addons/gdUnit4/src/core/runners/GdUnitTestSessionRunner.gd:115)

SCRIPT ERROR: Parse Error: Preload file "res://Core/save_manager.gd" does not exist.

   at: GDScript::reload (res://tests/test_level_roster_service_extended.gd:5)

   GDScript backtrace (most recent call first):

	   [0] load_with_disabled_warnings (res://addons/gdUnit4/src/core/GdUnitTestSuiteScanner.gd:208)

	   [1] _load_is_test_suite (res://addons/gdUnit4/src/core/GdUnitTestSuiteScanner.gd:123)

	   [2] _scan_test_suites_scripts (res://addons/gdUnit4/src/core/GdUnitTestSuiteScanner.gd:89)

	   [3] scan_directory (res://addons/gdUnit4/src/core/GdUnitTestSuiteScanner.gd:69)

	   [4] scan (res://addons/gdUnit4/src/core/GdUnitTestSuiteScanner.gd:54)

	   [5] discover_tests (res://addons/gdUnit4/src/core/runners/GdUnitTestCIRunner.gd:401)

	   [6] init_gd_unit (res://addons/gdUnit4/src/core/runners/GdUnitTestCIRunner.gd:386)

	   [7] init_runner (res://addons/gdUnit4/src/core/runners/GdUnitTestCIRunner.gd:121)

	   [8] _process (res://addons/gdUnit4/src/core/runners/GdUnitTestSessionRunner.gd:115)

ERROR: Failed to load script "res://tests/test_level_roster_service_extended.gd" with error "Parse error".

   at: load (modules/gdscript/gdscript.cpp:2907)

   GDScript backtrace (most recent call first):

	   [0] load_with_disabled_warnings (res://addons/gdUnit4/src/core/GdUnitTestSuiteScanner.gd:208)

	   [1] _load_is_test_suite (res://addons/gdUnit4/src/core/GdUnitTestSuiteScanner.gd:123)

	   [2] _scan_test_suites_scripts (res://addons/gdUnit4/src/core/GdUnitTestSuiteScanner.gd:89)

	   [3] scan_directory (res://addons/gdUnit4/src/core/GdUnitTestSuiteScanner.gd:69)

	   [4] scan (res://addons/gdUnit4/src/core/GdUnitTestSuiteScanner.gd:54)

	   [5] discover_tests (res://addons/gdUnit4/src/core/runners/GdUnitTestCIRunner.gd:401)

	   [6] init_gd_unit (res://addons/gdUnit4/src/core/runners/GdUnitTestCIRunner.gd:386)

	   [7] init_runner (res://addons/gdUnit4/src/core/runners/GdUnitTestCIRunner.gd:121)

	   [8] _process (res://addons/gdUnit4/src/core/runners/GdUnitTestSessionRunner.gd:115)

SCRIPT ERROR: Parse Error: Too few arguments for "handle_player_defeat()" call. Expected at least 1 but received 0.

   at: GDScript::reload (res://tests/test_level_state_controller_retreats.gd:9)

   GDScript backtrace (most recent call first):

	   [0] load_with_disabled_warnings (res://addons/gdUnit4/src/core/GdUnitTestSuiteScanner.gd:208)

	   [1] _load_is_test_suite (res://addons/gdUnit4/src/core/GdUnitTestSuiteScanner.gd:123)

	   [2] _scan_test_suites_scripts (res://addons/gdUnit4/src/core/GdUnitTestSuiteScanner.gd:89)

	   [3] scan_directory (res://addons/gdUnit4/src/core/GdUnitTestSuiteScanner.gd:69)

	   [4] scan (res://addons/gdUnit4/src/core/GdUnitTestSuiteScanner.gd:54)

	   [5] discover_tests (res://addons/gdUnit4/src/core/runners/GdUnitTestCIRunner.gd:401)

	   [6] init_gd_unit (res://addons/gdUnit4/src/core/runners/GdUnitTestCIRunner.gd:386)

	   [7] init_runner (res://addons/gdUnit4/src/core/runners/GdUnitTestCIRunner.gd:121)

	   [8] _process (res://addons/gdUnit4/src/core/runners/GdUnitTestSessionRunner.gd:115)

ERROR: Failed to load script "res://tests/test_level_state_controller_retreats.gd" with error "Parse error".

   at: load (modules/gdscript/gdscript.cpp:2907)

   GDScript backtrace (most recent call first):

	   [0] load_with_disabled_warnings (res://addons/gdUnit4/src/core/GdUnitTestSuiteScanner.gd:208)

	   [1] _load_is_test_suite (res://addons/gdUnit4/src/core/GdUnitTestSuiteScanner.gd:123)

	   [2] _scan_test_suites_scripts (res://addons/gdUnit4/src/core/GdUnitTestSuiteScanner.gd:89)

	   [3] scan_directory (res://addons/gdUnit4/src/core/GdUnitTestSuiteScanner.gd:69)

	   [4] scan (res://addons/gdUnit4/src/core/GdUnitTestSuiteScanner.gd:54)

	   [5] discover_tests (res://addons/gdUnit4/src/core/runners/GdUnitTestCIRunner.gd:401)

	   [6] init_gd_unit (res://addons/gdUnit4/src/core/runners/GdUnitTestCIRunner.gd:386)

	   [7] init_runner (res://addons/gdUnit4/src/core/runners/GdUnitTestCIRunner.gd:121)

	   [8] _process (res://addons/gdUnit4/src/core/runners/GdUnitTestSessionRunner.gd:115)

SCRIPT ERROR: Parse Error: Invalid argument for "append_task_action()" function: argument 1 should be "Array[UnitAction]" but is "Array[Dictionary]".

   at: GDScript::reload (res://tests/test_location_exploration.gd:43)

   GDScript backtrace (most recent call first):

	   [0] load_with_disabled_warnings (res://addons/gdUnit4/src/core/GdUnitTestSuiteScanner.gd:208)

	   [1] _load_is_test_suite (res://addons/gdUnit4/src/core/GdUnitTestSuiteScanner.gd:123)

	   [2] _scan_test_suites_scripts (res://addons/gdUnit4/src/core/GdUnitTestSuiteScanner.gd:89)

	   [3] scan_directory (res://addons/gdUnit4/src/core/GdUnitTestSuiteScanner.gd:69)

	   [4] scan (res://addons/gdUnit4/src/core/GdUnitTestSuiteScanner.gd:54)

	   [5] discover_tests (res://addons/gdUnit4/src/core/runners/GdUnitTestCIRunner.gd:401)

	   [6] init_gd_unit (res://addons/gdUnit4/src/core/runners/GdUnitTestCIRunner.gd:386)

	   [7] init_runner (res://addons/gdUnit4/src/core/runners/GdUnitTestCIRunner.gd:121)

	   [8] _process (res://addons/gdUnit4/src/core/runners/GdUnitTestSessionRunner.gd:115)

SCRIPT ERROR: Parse Error: Invalid argument for "append_task_action()" function: argument 1 should be "Array[UnitAction]" but is "Array[Dictionary]".

   at: GDScript::reload (res://tests/test_location_exploration.gd:86)

   GDScript backtrace (most recent call first):

	   [0] load_with_disabled_warnings (res://addons/gdUnit4/src/core/GdUnitTestSuiteScanner.gd:208)

	   [1] _load_is_test_suite (res://addons/gdUnit4/src/core/GdUnitTestSuiteScanner.gd:123)

	   [2] _scan_test_suites_scripts (res://addons/gdUnit4/src/core/GdUnitTestSuiteScanner.gd:89)

	   [3] scan_directory (res://addons/gdUnit4/src/core/GdUnitTestSuiteScanner.gd:69)

	   [4] scan (res://addons/gdUnit4/src/core/GdUnitTestSuiteScanner.gd:54)

	   [5] discover_tests (res://addons/gdUnit4/src/core/runners/GdUnitTestCIRunner.gd:401)

	   [6] init_gd_unit (res://addons/gdUnit4/src/core/runners/GdUnitTestCIRunner.gd:386)

	   [7] init_runner (res://addons/gdUnit4/src/core/runners/GdUnitTestCIRunner.gd:121)

	   [8] _process (res://addons/gdUnit4/src/core/runners/GdUnitTestSessionRunner.gd:115)

ERROR: Failed to load script "res://tests/test_location_exploration.gd" with error "Parse error".

   at: load (modules/gdscript/gdscript.cpp:2907)

   GDScript backtrace (most recent call first):

	   [0] load_with_disabled_warnings (res://addons/gdUnit4/src/core/GdUnitTestSuiteScanner.gd:208)

	   [1] _load_is_test_suite (res://addons/gdUnit4/src/core/GdUnitTestSuiteScanner.gd:123)

	   [2] _scan_test_suites_scripts (res://addons/gdUnit4/src/core/GdUnitTestSuiteScanner.gd:89)

	   [3] scan_directory (res://addons/gdUnit4/src/core/GdUnitTestSuiteScanner.gd:69)

	   [4] scan (res://addons/gdUnit4/src/core/GdUnitTestSuiteScanner.gd:54)

	   [5] discover_tests (res://addons/gdUnit4/src/core/runners/GdUnitTestCIRunner.gd:401)

	   [6] init_gd_unit (res://addons/gdUnit4/src/core/runners/GdUnitTestCIRunner.gd:386)

	   [7] init_runner (res://addons/gdUnit4/src/core/runners/GdUnitTestCIRunner.gd:121)

	   [8] _process (res://addons/gdUnit4/src/core/runners/GdUnitTestSessionRunner.gd:115)

SCRIPT ERROR: Parse Error: Invalid argument for "append_loot_action()" function: argument 1 should be "Array[UnitAction]" but is "Array[Dictionary]".

   at: GDScript::reload (res://tests/test_loot_action_provider.gd:66)

   GDScript backtrace (most recent call first):

	   [0] load_with_disabled_warnings (res://addons/gdUnit4/src/core/GdUnitTestSuiteScanner.gd:208)

	   [1] _load_is_test_suite (res://addons/gdUnit4/src/core/GdUnitTestSuiteScanner.gd:123)

	   [2] _scan_test_suites_scripts (res://addons/gdUnit4/src/core/GdUnitTestSuiteScanner.gd:89)

	   [3] scan_directory (res://addons/gdUnit4/src/core/GdUnitTestSuiteScanner.gd:69)

	   [4] scan (res://addons/gdUnit4/src/core/GdUnitTestSuiteScanner.gd:54)

	   [5] discover_tests (res://addons/gdUnit4/src/core/runners/GdUnitTestCIRunner.gd:401)

	   [6] init_gd_unit (res://addons/gdUnit4/src/core/runners/GdUnitTestCIRunner.gd:386)

	   [7] init_runner (res://addons/gdUnit4/src/core/runners/GdUnitTestCIRunner.gd:121)

	   [8] _process (res://addons/gdUnit4/src/core/runners/GdUnitTestSessionRunner.gd:115)

SCRIPT ERROR: Parse Error: Invalid argument for "append_loot_action()" function: argument 1 should be "Array[UnitAction]" but is "Array[Dictionary]".

   at: GDScript::reload (res://tests/test_loot_action_provider.gd:92)

   GDScript backtrace (most recent call first):

	   [0] load_with_disabled_warnings (res://addons/gdUnit4/src/core/GdUnitTestSuiteScanner.gd:208)

	   [1] _load_is_test_suite (res://addons/gdUnit4/src/core/GdUnitTestSuiteScanner.gd:123)

	   [2] _scan_test_suites_scripts (res://addons/gdUnit4/src/core/GdUnitTestSuiteScanner.gd:89)

	   [3] scan_directory (res://addons/gdUnit4/src/core/GdUnitTestSuiteScanner.gd:69)

	   [4] scan (res://addons/gdUnit4/src/core/GdUnitTestSuiteScanner.gd:54)

	   [5] discover_tests (res://addons/gdUnit4/src/core/runners/GdUnitTestCIRunner.gd:401)

	   [6] init_gd_unit (res://addons/gdUnit4/src/core/runners/GdUnitTestCIRunner.gd:386)

	   [7] init_runner (res://addons/gdUnit4/src/core/runners/GdUnitTestCIRunner.gd:121)

	   [8] _process (res://addons/gdUnit4/src/core/runners/GdUnitTestSessionRunner.gd:115)

SCRIPT ERROR: Parse Error: Invalid argument for "append_loot_action()" function: argument 1 should be "Array[UnitAction]" but is "Array[Dictionary]".

   at: GDScript::reload (res://tests/test_loot_action_provider.gd:107)

   GDScript backtrace (most recent call first):

	   [0] load_with_disabled_warnings (res://addons/gdUnit4/src/core/GdUnitTestSuiteScanner.gd:208)

	   [1] _load_is_test_suite (res://addons/gdUnit4/src/core/GdUnitTestSuiteScanner.gd:123)

	   [2] _scan_test_suites_scripts (res://addons/gdUnit4/src/core/GdUnitTestSuiteScanner.gd:89)

	   [3] scan_directory (res://addons/gdUnit4/src/core/GdUnitTestSuiteScanner.gd:69)

	   [4] scan (res://addons/gdUnit4/src/core/GdUnitTestSuiteScanner.gd:54)

	   [5] discover_tests (res://addons/gdUnit4/src/core/runners/GdUnitTestCIRunner.gd:401)

	   [6] init_gd_unit (res://addons/gdUnit4/src/core/runners/GdUnitTestCIRunner.gd:386)

	   [7] init_runner (res://addons/gdUnit4/src/core/runners/GdUnitTestCIRunner.gd:121)

	   [8] _process (res://addons/gdUnit4/src/core/runners/GdUnitTestSessionRunner.gd:115)

ERROR: Failed to load script "res://tests/test_loot_action_provider.gd" with error "Parse error".

   at: load (modules/gdscript/gdscript.cpp:2907)

   GDScript backtrace (most recent call first):

	   [0] load_with_disabled_warnings (res://addons/gdUnit4/src/core/GdUnitTestSuiteScanner.gd:208)

	   [1] _load_is_test_suite (res://addons/gdUnit4/src/core/GdUnitTestSuiteScanner.gd:123)

	   [2] _scan_test_suites_scripts (res://addons/gdUnit4/src/core/GdUnitTestSuiteScanner.gd:89)

	   [3] scan_directory (res://addons/gdUnit4/src/core/GdUnitTestSuiteScanner.gd:69)

	   [4] scan (res://addons/gdUnit4/src/core/GdUnitTestSuiteScanner.gd:54)

	   [5] discover_tests (res://addons/gdUnit4/src/core/runners/GdUnitTestCIRunner.gd:401)

	   [6] init_gd_unit (res://addons/gdUnit4/src/core/runners/GdUnitTestCIRunner.gd:386)

	   [7] init_runner (res://addons/gdUnit4/src/core/runners/GdUnitTestCIRunner.gd:121)

	   [8] _process (res://addons/gdUnit4/src/core/runners/GdUnitTestSessionRunner.gd:115)

SCRIPT ERROR: Parse Error: Cannot have an element of type "Dictionary" in an array of type "Array[InventoryItem]".

   at: GDScript::reload (res://tests/test_loot_manager.gd:35)

   GDScript backtrace (most recent call first):

	   [0] load_with_disabled_warnings (res://addons/gdUnit4/src/core/GdUnitTestSuiteScanner.gd:208)

	   [1] _load_is_test_suite (res://addons/gdUnit4/src/core/GdUnitTestSuiteScanner.gd:123)

	   [2] _scan_test_suites_scripts (res://addons/gdUnit4/src/core/GdUnitTestSuiteScanner.gd:89)

	   [3] scan_directory (res://addons/gdUnit4/src/core/GdUnitTestSuiteScanner.gd:69)

	   [4] scan (res://addons/gdUnit4/src/core/GdUnitTestSuiteScanner.gd:54)

	   [5] discover_tests (res://addons/gdUnit4/src/core/runners/GdUnitTestCIRunner.gd:401)

	   [6] init_gd_unit (res://addons/gdUnit4/src/core/runners/GdUnitTestCIRunner.gd:386)

	   [7] init_runner (res://addons/gdUnit4/src/core/runners/GdUnitTestCIRunner.gd:121)

	   [8] _process (res://addons/gdUnit4/src/core/runners/GdUnitTestSessionRunner.gd:115)

ERROR: Failed to load script "res://tests/test_loot_manager.gd" with error "Parse error".

   at: load (modules/gdscript/gdscript.cpp:2907)

   GDScript backtrace (most recent call first):

	   [0] load_with_disabled_warnings (res://addons/gdUnit4/src/core/GdUnitTestSuiteScanner.gd:208)

	   [1] _load_is_test_suite (res://addons/gdUnit4/src/core/GdUnitTestSuiteScanner.gd:123)

	   [2] _scan_test_suites_scripts (res://addons/gdUnit4/src/core/GdUnitTestSuiteScanner.gd:89)

	   [3] scan_directory (res://addons/gdUnit4/src/core/GdUnitTestSuiteScanner.gd:69)

	   [4] scan (res://addons/gdUnit4/src/core/GdUnitTestSuiteScanner.gd:54)

	   [5] discover_tests (res://addons/gdUnit4/src/core/runners/GdUnitTestCIRunner.gd:401)

	   [6] init_gd_unit (res://addons/gdUnit4/src/core/runners/GdUnitTestCIRunner.gd:386)

	   [7] init_runner (res://addons/gdUnit4/src/core/runners/GdUnitTestCIRunner.gd:121)

	   [8] _process (res://addons/gdUnit4/src/core/runners/GdUnitTestSessionRunner.gd:115)

SCRIPT ERROR: Parse Error: Could not find type "FakeDialogic" under base "TestStubs".

   at: GDScript::reload (res://tests/test_pause_menu.gd:13)

   GDScript backtrace (most recent call first):

	   [0] load_with_disabled_warnings (res://addons/gdUnit4/src/core/GdUnitTestSuiteScanner.gd:208)

	   [1] _load_is_test_suite (res://addons/gdUnit4/src/core/GdUnitTestSuiteScanner.gd:123)

	   [2] _scan_test_suites_scripts (res://addons/gdUnit4/src/core/GdUnitTestSuiteScanner.gd:89)

	   [3] scan_directory (res://addons/gdUnit4/src/core/GdUnitTestSuiteScanner.gd:69)

	   [4] scan (res://addons/gdUnit4/src/core/GdUnitTestSuiteScanner.gd:54)

	   [5] discover_tests (res://addons/gdUnit4/src/core/runners/GdUnitTestCIRunner.gd:401)

	   [6] init_gd_unit (res://addons/gdUnit4/src/core/runners/GdUnitTestCIRunner.gd:386)

	   [7] init_runner (res://addons/gdUnit4/src/core/runners/GdUnitTestCIRunner.gd:121)

	   [8] _process (res://addons/gdUnit4/src/core/runners/GdUnitTestSessionRunner.gd:115)

SCRIPT ERROR: Parse Error: Cannot find member "FakeDialogic" in base "TestStubs".

   at: GDScript::reload (res://tests/test_pause_menu.gd:47)

   GDScript backtrace (most recent call first):

	   [0] load_with_disabled_warnings (res://addons/gdUnit4/src/core/GdUnitTestSuiteScanner.gd:208)

	   [1] _load_is_test_suite (res://addons/gdUnit4/src/core/GdUnitTestSuiteScanner.gd:123)

	   [2] _scan_test_suites_scripts (res://addons/gdUnit4/src/core/GdUnitTestSuiteScanner.gd:89)

	   [3] scan_directory (res://addons/gdUnit4/src/core/GdUnitTestSuiteScanner.gd:69)

	   [4] scan (res://addons/gdUnit4/src/core/GdUnitTestSuiteScanner.gd:54)

	   [5] discover_tests (res://addons/gdUnit4/src/core/runners/GdUnitTestCIRunner.gd:401)

	   [6] init_gd_unit (res://addons/gdUnit4/src/core/runners/GdUnitTestCIRunner.gd:386)

	   [7] init_runner (res://addons/gdUnit4/src/core/runners/GdUnitTestCIRunner.gd:121)

	   [8] _process (res://addons/gdUnit4/src/core/runners/GdUnitTestSessionRunner.gd:115)

ERROR: Failed to load script "res://tests/test_pause_menu.gd" with error "Parse error".

   at: load (modules/gdscript/gdscript.cpp:2907)

   GDScript backtrace (most recent call first):

	   [0] load_with_disabled_warnings (res://addons/gdUnit4/src/core/GdUnitTestSuiteScanner.gd:208)

	   [1] _load_is_test_suite (res://addons/gdUnit4/src/core/GdUnitTestSuiteScanner.gd:123)

	   [2] _scan_test_suites_scripts (res://addons/gdUnit4/src/core/GdUnitTestSuiteScanner.gd:89)

	   [3] scan_directory (res://addons/gdUnit4/src/core/GdUnitTestSuiteScanner.gd:69)

	   [4] scan (res://addons/gdUnit4/src/core/GdUnitTestSuiteScanner.gd:54)

	   [5] discover_tests (res://addons/gdUnit4/src/core/runners/GdUnitTestCIRunner.gd:401)

	   [6] init_gd_unit (res://addons/gdUnit4/src/core/runners/GdUnitTestCIRunner.gd:386)

	   [7] init_runner (res://addons/gdUnit4/src/core/runners/GdUnitTestCIRunner.gd:121)

	   [8] _process (res://addons/gdUnit4/src/core/runners/GdUnitTestSessionRunner.gd:115)

SCRIPT ERROR: Parse Error: Expected "(" after function name.

   at: GDScript::reload (res://tests/test_save_level_managers.gd:22)

   GDScript backtrace (most recent call first):

	   [0] load_with_disabled_warnings (res://addons/gdUnit4/src/core/GdUnitTestSuiteScanner.gd:208)

	   [1] _load_is_test_suite (res://addons/gdUnit4/src/core/GdUnitTestSuiteScanner.gd:123)

	   [2] _scan_test_suites_scripts (res://addons/gdUnit4/src/core/GdUnitTestSuiteScanner.gd:89)

	   [3] scan_directory (res://addons/gdUnit4/src/core/GdUnitTestSuiteScanner.gd:69)

	   [4] scan (res://addons/gdUnit4/src/core/GdUnitTestSuiteScanner.gd:54)

	   [5] discover_tests (res://addons/gdUnit4/src/core/runners/GdUnitTestCIRunner.gd:401)

	   [6] init_gd_unit (res://addons/gdUnit4/src/core/runners/GdUnitTestCIRunner.gd:386)

	   [7] init_runner (res://addons/gdUnit4/src/core/runners/GdUnitTestCIRunner.gd:121)

	   [8] _process (res://addons/gdUnit4/src/core/runners/GdUnitTestSessionRunner.gd:115)

ERROR: Failed to load script "res://tests/test_save_level_managers.gd" with error "Parse error".

   at: load (modules/gdscript/gdscript.cpp:2907)

   GDScript backtrace (most recent call first):

	   [0] load_with_disabled_warnings (res://addons/gdUnit4/src/core/GdUnitTestSuiteScanner.gd:208)

	   [1] _load_is_test_suite (res://addons/gdUnit4/src/core/GdUnitTestSuiteScanner.gd:123)

	   [2] _scan_test_suites_scripts (res://addons/gdUnit4/src/core/GdUnitTestSuiteScanner.gd:89)

	   [3] scan_directory (res://addons/gdUnit4/src/core/GdUnitTestSuiteScanner.gd:69)

	   [4] scan (res://addons/gdUnit4/src/core/GdUnitTestSuiteScanner.gd:54)

	   [5] discover_tests (res://addons/gdUnit4/src/core/runners/GdUnitTestCIRunner.gd:401)

	   [6] init_gd_unit (res://addons/gdUnit4/src/core/runners/GdUnitTestCIRunner.gd:386)

	   [7] init_runner (res://addons/gdUnit4/src/core/runners/GdUnitTestCIRunner.gd:121)

	   [8] _process (res://addons/gdUnit4/src/core/runners/GdUnitTestSessionRunner.gd:115)

SCRIPT ERROR: Parse Error: Invalid argument for "explore()" function: argument 1 should be "Task" but is "Vector2i".

   at: GDScript::reload (res://tests/test_target_interaction_handler_extended.gd:14)

   GDScript backtrace (most recent call first):

	   [0] load_with_disabled_warnings (res://addons/gdUnit4/src/core/GdUnitTestSuiteScanner.gd:208)

	   [1] _load_is_test_suite (res://addons/gdUnit4/src/core/GdUnitTestSuiteScanner.gd:123)

	   [2] _scan_test_suites_scripts (res://addons/gdUnit4/src/core/GdUnitTestSuiteScanner.gd:89)

	   [3] scan_directory (res://addons/gdUnit4/src/core/GdUnitTestSuiteScanner.gd:69)

	   [4] scan (res://addons/gdUnit4/src/core/GdUnitTestSuiteScanner.gd:54)

	   [5] discover_tests (res://addons/gdUnit4/src/core/runners/GdUnitTestCIRunner.gd:401)

	   [6] init_gd_unit (res://addons/gdUnit4/src/core/runners/GdUnitTestCIRunner.gd:386)

	   [7] init_runner (res://addons/gdUnit4/src/core/runners/GdUnitTestCIRunner.gd:121)

	   [8] _process (res://addons/gdUnit4/src/core/runners/GdUnitTestSessionRunner.gd:115)

ERROR: Failed to load script "res://tests/test_target_interaction_handler_extended.gd" with error "Parse error".

   at: load (modules/gdscript/gdscript.cpp:2907)

   GDScript backtrace (most recent call first):

	   [0] load_with_disabled_warnings (res://addons/gdUnit4/src/core/GdUnitTestSuiteScanner.gd:208)

	   [1] _load_is_test_suite (res://addons/gdUnit4/src/core/GdUnitTestSuiteScanner.gd:123)

	   [2] _scan_test_suites_scripts (res://addons/gdUnit4/src/core/GdUnitTestSuiteScanner.gd:89)

	   [3] scan_directory (res://addons/gdUnit4/src/core/GdUnitTestSuiteScanner.gd:69)

	   [4] scan (res://addons/gdUnit4/src/core/GdUnitTestSuiteScanner.gd:54)

	   [5] discover_tests (res://addons/gdUnit4/src/core/runners/GdUnitTestCIRunner.gd:401)

	   [6] init_gd_unit (res://addons/gdUnit4/src/core/runners/GdUnitTestCIRunner.gd:386)

	   [7] init_runner (res://addons/gdUnit4/src/core/runners/GdUnitTestCIRunner.gd:121)

	   [8] _process (res://addons/gdUnit4/src/core/runners/GdUnitTestSessionRunner.gd:115)

SCRIPT ERROR: Parse Error: Cannot find member "FakeActionPointsComponent" in base "TestStubs".

   at: GDScript::reload (res://tests/test_task_condition_handler_extended.gd:35)

   GDScript backtrace (most recent call first):

	   [0] load_with_disabled_warnings (res://addons/gdUnit4/src/core/GdUnitTestSuiteScanner.gd:208)

	   [1] _load_is_test_suite (res://addons/gdUnit4/src/core/GdUnitTestSuiteScanner.gd:123)

	   [2] _scan_test_suites_scripts (res://addons/gdUnit4/src/core/GdUnitTestSuiteScanner.gd:89)

	   [3] scan_directory (res://addons/gdUnit4/src/core/GdUnitTestSuiteScanner.gd:69)

	   [4] scan (res://addons/gdUnit4/src/core/GdUnitTestSuiteScanner.gd:54)

	   [5] discover_tests (res://addons/gdUnit4/src/core/runners/GdUnitTestCIRunner.gd:401)

	   [6] init_gd_unit (res://addons/gdUnit4/src/core/runners/GdUnitTestCIRunner.gd:386)

	   [7] init_runner (res://addons/gdUnit4/src/core/runners/GdUnitTestCIRunner.gd:121)

	   [8] _process (res://addons/gdUnit4/src/core/runners/GdUnitTestSessionRunner.gd:115)

SCRIPT ERROR: Parse Error: Cannot find member "FakeActionPointsComponent" in base "TestStubs".

   at: GDScript::reload (res://tests/test_task_condition_handler_extended.gd:49)

   GDScript backtrace (most recent call first):

	   [0] load_with_disabled_warnings (res://addons/gdUnit4/src/core/GdUnitTestSuiteScanner.gd:208)

	   [1] _load_is_test_suite (res://addons/gdUnit4/src/core/GdUnitTestSuiteScanner.gd:123)

	   [2] _scan_test_suites_scripts (res://addons/gdUnit4/src/core/GdUnitTestSuiteScanner.gd:89)

	   [3] scan_directory (res://addons/gdUnit4/src/core/GdUnitTestSuiteScanner.gd:69)

	   [4] scan (res://addons/gdUnit4/src/core/GdUnitTestSuiteScanner.gd:54)

	   [5] discover_tests (res://addons/gdUnit4/src/core/runners/GdUnitTestCIRunner.gd:401)

	   [6] init_gd_unit (res://addons/gdUnit4/src/core/runners/GdUnitTestCIRunner.gd:386)

	   [7] init_runner (res://addons/gdUnit4/src/core/runners/GdUnitTestCIRunner.gd:121)

	   [8] _process (res://addons/gdUnit4/src/core/runners/GdUnitTestSessionRunner.gd:115)

ERROR: Failed to load script "res://tests/test_task_condition_handler_extended.gd" with error "Parse error".

   at: load (modules/gdscript/gdscript.cpp:2907)

   GDScript backtrace (most recent call first):

	   [0] load_with_disabled_warnings (res://addons/gdUnit4/src/core/GdUnitTestSuiteScanner.gd:208)

	   [1] _load_is_test_suite (res://addons/gdUnit4/src/core/GdUnitTestSuiteScanner.gd:123)

	   [2] _scan_test_suites_scripts (res://addons/gdUnit4/src/core/GdUnitTestSuiteScanner.gd:89)

	   [3] scan_directory (res://addons/gdUnit4/src/core/GdUnitTestSuiteScanner.gd:69)

	   [4] scan (res://addons/gdUnit4/src/core/GdUnitTestSuiteScanner.gd:54)

	   [5] discover_tests (res://addons/gdUnit4/src/core/runners/GdUnitTestCIRunner.gd:401)

	   [6] init_gd_unit (res://addons/gdUnit4/src/core/runners/GdUnitTestCIRunner.gd:386)

	   [7] init_runner (res://addons/gdUnit4/src/core/runners/GdUnitTestCIRunner.gd:121)

	   [8] _process (res://addons/gdUnit4/src/core/runners/GdUnitTestSessionRunner.gd:115)

SCRIPT ERROR: Parse Error: Static function "_resolve_move_origin()" not found in base "MoveAndInteractProvider".

   at: GDScript::reload (res://tests/test_unit_action_manager.gd:311)

   GDScript backtrace (most recent call first):

	   [0] load_with_disabled_warnings (res://addons/gdUnit4/src/core/GdUnitTestSuiteScanner.gd:208)

	   [1] _load_is_test_suite (res://addons/gdUnit4/src/core/GdUnitTestSuiteScanner.gd:123)

	   [2] _scan_test_suites_scripts (res://addons/gdUnit4/src/core/GdUnitTestSuiteScanner.gd:89)

	   [3] scan_directory (res://addons/gdUnit4/src/core/GdUnitTestSuiteScanner.gd:69)

	   [4] scan (res://addons/gdUnit4/src/core/GdUnitTestSuiteScanner.gd:54)

	   [5] discover_tests (res://addons/gdUnit4/src/core/runners/GdUnitTestCIRunner.gd:401)

	   [6] init_gd_unit (res://addons/gdUnit4/src/core/runners/GdUnitTestCIRunner.gd:386)

	   [7] init_runner (res://addons/gdUnit4/src/core/runners/GdUnitTestCIRunner.gd:121)

	   [8] _process (res://addons/gdUnit4/src/core/runners/GdUnitTestSessionRunner.gd:115)

ERROR: Failed to load script "res://tests/test_unit_action_manager.gd" with error "Parse error".

   at: load (modules/gdscript/gdscript.cpp:2907)

   GDScript backtrace (most recent call first):

	   [0] load_with_disabled_warnings (res://addons/gdUnit4/src/core/GdUnitTestSuiteScanner.gd:208)

	   [1] _load_is_test_suite (res://addons/gdUnit4/src/core/GdUnitTestSuiteScanner.gd:123)

	   [2] _scan_test_suites_scripts (res://addons/gdUnit4/src/core/GdUnitTestSuiteScanner.gd:89)

	   [3] scan_directory (res://addons/gdUnit4/src/core/GdUnitTestSuiteScanner.gd:69)

	   [4] scan (res://addons/gdUnit4/src/core/GdUnitTestSuiteScanner.gd:54)

	   [5] discover_tests (res://addons/gdUnit4/src/core/runners/GdUnitTestCIRunner.gd:401)

	   [6] init_gd_unit (res://addons/gdUnit4/src/core/runners/GdUnitTestCIRunner.gd:386)

	   [7] init_runner (res://addons/gdUnit4/src/core/runners/GdUnitTestCIRunner.gd:121)

	   [8] _process (res://addons/gdUnit4/src/core/runners/GdUnitTestSessionRunner.gd:115)

SCRIPT ERROR: Parse Error: Cannot pass a value of type "String" as "int".

   at: GDScript::reload (res://tests/test_unit_extended.gd:126)

   GDScript backtrace (most recent call first):

	   [0] load_with_disabled_warnings (res://addons/gdUnit4/src/core/GdUnitTestSuiteScanner.gd:208)

	   [1] _load_is_test_suite (res://addons/gdUnit4/src/core/GdUnitTestSuiteScanner.gd:123)

	   [2] _scan_test_suites_scripts (res://addons/gdUnit4/src/core/GdUnitTestSuiteScanner.gd:89)

	   [3] scan_directory (res://addons/gdUnit4/src/core/GdUnitTestSuiteScanner.gd:69)

	   [4] scan (res://addons/gdUnit4/src/core/GdUnitTestSuiteScanner.gd:54)

	   [5] discover_tests (res://addons/gdUnit4/src/core/runners/GdUnitTestCIRunner.gd:401)

	   [6] init_gd_unit (res://addons/gdUnit4/src/core/runners/GdUnitTestCIRunner.gd:386)

	   [7] init_runner (res://addons/gdUnit4/src/core/runners/GdUnitTestCIRunner.gd:121)

	   [8] _process (res://addons/gdUnit4/src/core/runners/GdUnitTestSessionRunner.gd:115)

SCRIPT ERROR: Parse Error: Invalid argument for "add_aid_buff()" function: argument 1 should be "int" but is "String".

   at: GDScript::reload (res://tests/test_unit_extended.gd:126)

   GDScript backtrace (most recent call first):

	   [0] load_with_disabled_warnings (res://addons/gdUnit4/src/core/GdUnitTestSuiteScanner.gd:208)

	   [1] _load_is_test_suite (res://addons/gdUnit4/src/core/GdUnitTestSuiteScanner.gd:123)

	   [2] _scan_test_suites_scripts (res://addons/gdUnit4/src/core/GdUnitTestSuiteScanner.gd:89)

	   [3] scan_directory (res://addons/gdUnit4/src/core/GdUnitTestSuiteScanner.gd:69)

	   [4] scan (res://addons/gdUnit4/src/core/GdUnitTestSuiteScanner.gd:54)

	   [5] discover_tests (res://addons/gdUnit4/src/core/runners/GdUnitTestCIRunner.gd:401)

	   [6] init_gd_unit (res://addons/gdUnit4/src/core/runners/GdUnitTestCIRunner.gd:386)

	   [7] init_runner (res://addons/gdUnit4/src/core/runners/GdUnitTestCIRunner.gd:121)

	   [8] _process (res://addons/gdUnit4/src/core/runners/GdUnitTestSessionRunner.gd:115)

ERROR: Failed to load script "res://tests/test_unit_extended.gd" with error "Parse error".

   at: load (modules/gdscript/gdscript.cpp:2907)

   GDScript backtrace (most recent call first):

	   [0] load_with_disabled_warnings (res://addons/gdUnit4/src/core/GdUnitTestSuiteScanner.gd:208)

	   [1] _load_is_test_suite (res://addons/gdUnit4/src/core/GdUnitTestSuiteScanner.gd:123)

	   [2] _scan_test_suites_scripts (res://addons/gdUnit4/src/core/GdUnitTestSuiteScanner.gd:89)

	   [3] scan_directory (res://addons/gdUnit4/src/core/GdUnitTestSuiteScanner.gd:69)

	   [4] scan (res://addons/gdUnit4/src/core/GdUnitTestSuiteScanner.gd:54)

	   [5] discover_tests (res://addons/gdUnit4/src/core/runners/GdUnitTestCIRunner.gd:401)

	   [6] init_gd_unit (res://addons/gdUnit4/src/core/runners/GdUnitTestCIRunner.gd:386)

	   [7] init_runner (res://addons/gdUnit4/src/core/runners/GdUnitTestCIRunner.gd:121)

	   [8] _process (res://addons/gdUnit4/src/core/runners/GdUnitTestSessionRunner.gd:115)

SCRIPT ERROR: Parse Error: Too many arguments for "apply_faction_stat_boost()" call. Expected at most 2 but received 3.

   at: GDScript::reload (res://tests/test_unit_manager_extended.gd:129)

   GDScript backtrace (most recent call first):

	   [0] load_with_disabled_warnings (res://addons/gdUnit4/src/core/GdUnitTestSuiteScanner.gd:208)

	   [1] _load_is_test_suite (res://addons/gdUnit4/src/core/GdUnitTestSuiteScanner.gd:123)

	   [2] _scan_test_suites_scripts (res://addons/gdUnit4/src/core/GdUnitTestSuiteScanner.gd:89)

	   [3] scan_directory (res://addons/gdUnit4/src/core/GdUnitTestSuiteScanner.gd:69)

	   [4] scan (res://addons/gdUnit4/src/core/GdUnitTestSuiteScanner.gd:54)

	   [5] discover_tests (res://addons/gdUnit4/src/core/runners/GdUnitTestCIRunner.gd:401)

	   [6] init_gd_unit (res://addons/gdUnit4/src/core/runners/GdUnitTestCIRunner.gd:386)

	   [7] init_runner (res://addons/gdUnit4/src/core/runners/GdUnitTestCIRunner.gd:121)

	   [8] _process (res://addons/gdUnit4/src/core/runners/GdUnitTestSessionRunner.gd:115)

SCRIPT ERROR: Parse Error: Cannot pass a value of type "String" as "int".

   at: GDScript::reload (res://tests/test_unit_manager_extended.gd:129)

   GDScript backtrace (most recent call first):

	   [0] load_with_disabled_warnings (res://addons/gdUnit4/src/core/GdUnitTestSuiteScanner.gd:208)

	   [1] _load_is_test_suite (res://addons/gdUnit4/src/core/GdUnitTestSuiteScanner.gd:123)

	   [2] _scan_test_suites_scripts (res://addons/gdUnit4/src/core/GdUnitTestSuiteScanner.gd:89)

	   [3] scan_directory (res://addons/gdUnit4/src/core/GdUnitTestSuiteScanner.gd:69)

	   [4] scan (res://addons/gdUnit4/src/core/GdUnitTestSuiteScanner.gd:54)

	   [5] discover_tests (res://addons/gdUnit4/src/core/runners/GdUnitTestCIRunner.gd:401)

	   [6] init_gd_unit (res://addons/gdUnit4/src/core/runners/GdUnitTestCIRunner.gd:386)

	   [7] init_runner (res://addons/gdUnit4/src/core/runners/GdUnitTestCIRunner.gd:121)

	   [8] _process (res://addons/gdUnit4/src/core/runners/GdUnitTestSessionRunner.gd:115)

SCRIPT ERROR: Parse Error: Invalid argument for "apply_faction_stat_boost()" function: argument 2 should be "int" but is "String".

   at: GDScript::reload (res://tests/test_unit_manager_extended.gd:129)

   GDScript backtrace (most recent call first):

	   [0] load_with_disabled_warnings (res://addons/gdUnit4/src/core/GdUnitTestSuiteScanner.gd:208)

	   [1] _load_is_test_suite (res://addons/gdUnit4/src/core/GdUnitTestSuiteScanner.gd:123)

	   [2] _scan_test_suites_scripts (res://addons/gdUnit4/src/core/GdUnitTestSuiteScanner.gd:89)

	   [3] scan_directory (res://addons/gdUnit4/src/core/GdUnitTestSuiteScanner.gd:69)

	   [4] scan (res://addons/gdUnit4/src/core/GdUnitTestSuiteScanner.gd:54)

	   [5] discover_tests (res://addons/gdUnit4/src/core/runners/GdUnitTestCIRunner.gd:401)

	   [6] init_gd_unit (res://addons/gdUnit4/src/core/runners/GdUnitTestCIRunner.gd:386)

	   [7] init_runner (res://addons/gdUnit4/src/core/runners/GdUnitTestCIRunner.gd:121)

	   [8] _process (res://addons/gdUnit4/src/core/runners/GdUnitTestSessionRunner.gd:115)

ERROR: Failed to load script "res://tests/test_unit_manager_extended.gd" with error "Parse error".

   at: load (modules/gdscript/gdscript.cpp:2907)

   GDScript backtrace (most recent call first):

	   [0] load_with_disabled_warnings (res://addons/gdUnit4/src/core/GdUnitTestSuiteScanner.gd:208)

	   [1] _load_is_test_suite (res://addons/gdUnit4/src/core/GdUnitTestSuiteScanner.gd:123)

	   [2] _scan_test_suites_scripts (res://addons/gdUnit4/src/core/GdUnitTestSuiteScanner.gd:89)

	   [3] scan_directory (res://addons/gdUnit4/src/core/GdUnitTestSuiteScanner.gd:69)

	   [4] scan (res://addons/gdUnit4/src/core/GdUnitTestSuiteScanner.gd:54)

	   [5] discover_tests (res://addons/gdUnit4/src/core/runners/GdUnitTestCIRunner.gd:401)

	   [6] init_gd_unit (res://addons/gdUnit4/src/core/runners/GdUnitTestCIRunner.gd:386)

	   [7] init_runner (res://addons/gdUnit4/src/core/runners/GdUnitTestCIRunner.gd:121)

	   [8] _process (res://addons/gdUnit4/src/core/runners/GdUnitTestSessionRunner.gd:115)

SCRIPT ERROR: Parse Error: Expected opening "(" after function name.

   at: GDScript::reload (res://tests/test_utils.gd:6)

   GDScript backtrace (most recent call first):

	   [0] load_with_disabled_warnings (res://addons/gdUnit4/src/core/GdUnitTestSuiteScanner.gd:208)

	   [1] _load_is_test_suite (res://addons/gdUnit4/src/core/GdUnitTestSuiteScanner.gd:123)

	   [2] _scan_test_suites_scripts (res://addons/gdUnit4/src/core/GdUnitTestSuiteScanner.gd:89)

	   [3] scan_directory (res://addons/gdUnit4/src/core/GdUnitTestSuiteScanner.gd:69)

	   [4] scan (res://addons/gdUnit4/src/core/GdUnitTestSuiteScanner.gd:54)

	   [5] discover_tests (res://addons/gdUnit4/src/core/runners/GdUnitTestCIRunner.gd:401)

	   [6] init_gd_unit (res://addons/gdUnit4/src/core/runners/GdUnitTestCIRunner.gd:386)

	   [7] init_runner (res://addons/gdUnit4/src/core/runners/GdUnitTestCIRunner.gd:121)

	   [8] _process (res://addons/gdUnit4/src/core/runners/GdUnitTestSessionRunner.gd:115)

ERROR: Failed to load script "res://tests/test_utils.gd" with error "Parse error".

   at: load (modules/gdscript/gdscript.cpp:2907)

   GDScript backtrace (most recent call first):

	   [0] load_with_disabled_warnings (res://addons/gdUnit4/src/core/GdUnitTestSuiteScanner.gd:208)

	   [1] _load_is_test_suite (res://addons/gdUnit4/src/core/GdUnitTestSuiteScanner.gd:123)

	   [2] _scan_test_suites_scripts (res://addons/gdUnit4/src/core/GdUnitTestSuiteScanner.gd:89)

	   [3] scan_directory (res://addons/gdUnit4/src/core/GdUnitTestSuiteScanner.gd:69)

	   [4] scan (res://addons/gdUnit4/src/core/GdUnitTestSuiteScanner.gd:54)

	   [5] discover_tests (res://addons/gdUnit4/src/core/runners/GdUnitTestCIRunner.gd:401)

	   [6] init_gd_unit (res://addons/gdUnit4/src/core/runners/GdUnitTestCIRunner.gd:386)

	   [7] init_runner (res://addons/gdUnit4/src/core/runners/GdUnitTestCIRunner.gd:121)

	   [8] _process (res://addons/gdUnit4/src/core/runners/GdUnitTestSessionRunner.gd:115)

ERROR: Can't use get_node() with absolute paths from outside the active scene tree.

   at: get_node_or_null (scene/main/node.cpp:1898)

   GDScript backtrace (most recent call first):

	   [0] _get_journal_manager (res://Autoloads/save_manager.gd:320)

	   [1] create_game_memento (res://Autoloads/save_manager.gd:152)

	   [2] _save_data (res://Autoloads/save_manager.gd:137)

	   [3] set_value (res://Autoloads/save_manager.gd:58)

	   [4] save_roster (res://Autoloads/save_manager.gd:69)

	   [5] test_roster_equipment_persistence (res://tests/reproduce_equip_bug.gd:37)

	   [6] _execute_test_case (res://addons/gdUnit4/src/core/_TestCase.gd:93)

	   [7] execute (res://addons/gdUnit4/src/core/_TestCase.gd:38)

	   [8] _execute (res://addons/gdUnit4/src/core/execution/stages/single/GdUnitTestCaseSingleTestStage.gd:10)

	   [9] execute (res://addons/gdUnit4/src/core/execution/stages/IGdUnitExecutionStage.gd:19)

	   [10] _execute (res://addons/gdUnit4/src/core/execution/stages/single/GdUnitTestCaseSingleExecutionStage.gd:17)

	   [11] execute (res://addons/gdUnit4/src/core/execution/stages/IGdUnitExecutionStage.gd:19)

	   [12] _execute (res://addons/gdUnit4/src/core/execution/stages/GdUnitTestCaseExecutionStage.gd:24)

	   [13] execute (res://addons/gdUnit4/src/core/execution/stages/IGdUnitExecutionStage.gd:19)

	   [14] _execute (res://addons/gdUnit4/src/core/execution/stages/GdUnitTestSuiteExecutionStage.gd:31)

	   [15] execute (res://addons/gdUnit4/src/core/execution/stages/IGdUnitExecutionStage.gd:19)

	   [16] execute (res://addons/gdUnit4/src/core/execution/GdUnitTestSuiteExecutor.gd:23)

WARNING: SaveManager: JournalManager not found in /root.

   at: push_warning (core/variant/variant_utility.cpp:1034)

   GDScript backtrace (most recent call first):

	   [0] _get_journal_manager (res://Autoloads/save_manager.gd:322)

	   [1] create_game_memento (res://Autoloads/save_manager.gd:152)

	   [2] _save_data (res://Autoloads/save_manager.gd:137)

	   [3] set_value (res://Autoloads/save_manager.gd:58)

	   [4] save_roster (res://Autoloads/save_manager.gd:69)

	   [5] test_roster_equipment_persistence (res://tests/reproduce_equip_bug.gd:37)

	   [6] _execute_test_case (res://addons/gdUnit4/src/core/_TestCase.gd:93)

	   [7] execute (res://addons/gdUnit4/src/core/_TestCase.gd:38)

	   [8] _execute (res://addons/gdUnit4/src/core/execution/stages/single/GdUnitTestCaseSingleTestStage.gd:10)

	   [9] execute (res://addons/gdUnit4/src/core/execution/stages/IGdUnitExecutionStage.gd:19)

	   [10] _execute (res://addons/gdUnit4/src/core/execution/stages/single/GdUnitTestCaseSingleExecutionStage.gd:17)

	   [11] execute (res://addons/gdUnit4/src/core/execution/stages/IGdUnitExecutionStage.gd:19)

	   [12] _execute (res://addons/gdUnit4/src/core/execution/stages/GdUnitTestCaseExecutionStage.gd:24)

	   [13] execute (res://addons/gdUnit4/src/core/execution/stages/IGdUnitExecutionStage.gd:19)

	   [14] _execute (res://addons/gdUnit4/src/core/execution/stages/GdUnitTestSuiteExecutionStage.gd:31)

	   [15] execute (res://addons/gdUnit4/src/core/execution/stages/IGdUnitExecutionStage.gd:19)

	   [16] execute (res://addons/gdUnit4/src/core/execution/GdUnitTestSuiteExecutor.gd:23)

ERROR: Can't use get_node() with absolute paths from outside the active scene tree.

   at: get_node_or_null (scene/main/node.cpp:1898)

   GDScript backtrace (most recent call first):

	   [0] _get_achievement_manager (res://Autoloads/save_manager.gd:326)

	   [1] create_game_memento (res://Autoloads/save_manager.gd:156)

	   [2] _save_data (res://Autoloads/save_manager.gd:137)

	   [3] set_value (res://Autoloads/save_manager.gd:58)

	   [4] save_roster (res://Autoloads/save_manager.gd:69)

	   [5] test_roster_equipment_persistence (res://tests/reproduce_equip_bug.gd:37)

	   [6] _execute_test_case (res://addons/gdUnit4/src/core/_TestCase.gd:93)

	   [7] execute (res://addons/gdUnit4/src/core/_TestCase.gd:38)

	   [8] _execute (res://addons/gdUnit4/src/core/execution/stages/single/GdUnitTestCaseSingleTestStage.gd:10)

	   [9] execute (res://addons/gdUnit4/src/core/execution/stages/IGdUnitExecutionStage.gd:19)

	   [10] _execute (res://addons/gdUnit4/src/core/execution/stages/single/GdUnitTestCaseSingleExecutionStage.gd:17)

	   [11] execute (res://addons/gdUnit4/src/core/execution/stages/IGdUnitExecutionStage.gd:19)

	   [12] _execute (res://addons/gdUnit4/src/core/execution/stages/GdUnitTestCaseExecutionStage.gd:24)

	   [13] execute (res://addons/gdUnit4/src/core/execution/stages/IGdUnitExecutionStage.gd:19)

	   [14] _execute (res://addons/gdUnit4/src/core/execution/stages/GdUnitTestSuiteExecutionStage.gd:31)

	   [15] execute (res://addons/gdUnit4/src/core/execution/stages/IGdUnitExecutionStage.gd:19)

	   [16] execute (res://addons/gdUnit4/src/core/execution/GdUnitTestSuiteExecutor.gd:23)

WARNING: SaveManager: AchievementManager not found in /root.

   at: push_warning (core/variant/variant_utility.cpp:1034)

   GDScript backtrace (most recent call first):

	   [0] _get_achievement_manager (res://Autoloads/save_manager.gd:328)

	   [1] create_game_memento (res://Autoloads/save_manager.gd:156)

	   [2] _save_data (res://Autoloads/save_manager.gd:137)

	   [3] set_value (res://Autoloads/save_manager.gd:58)

	   [4] save_roster (res://Autoloads/save_manager.gd:69)

	   [5] test_roster_equipment_persistence (res://tests/reproduce_equip_bug.gd:37)

	   [6] _execute_test_case (res://addons/gdUnit4/src/core/_TestCase.gd:93)

	   [7] execute (res://addons/gdUnit4/src/core/_TestCase.gd:38)

	   [8] _execute (res://addons/gdUnit4/src/core/execution/stages/single/GdUnitTestCaseSingleTestStage.gd:10)

	   [9] execute (res://addons/gdUnit4/src/core/execution/stages/IGdUnitExecutionStage.gd:19)

	   [10] _execute (res://addons/gdUnit4/src/core/execution/stages/single/GdUnitTestCaseSingleExecutionStage.gd:17)

	   [11] execute (res://addons/gdUnit4/src/core/execution/stages/IGdUnitExecutionStage.gd:19)

	   [12] _execute (res://addons/gdUnit4/src/core/execution/stages/GdUnitTestCaseExecutionStage.gd:24)

	   [13] execute (res://addons/gdUnit4/src/core/execution/stages/IGdUnitExecutionStage.gd:19)

	   [14] _execute (res://addons/gdUnit4/src/core/execution/stages/GdUnitTestSuiteExecutionStage.gd:31)

	   [15] execute (res://addons/gdUnit4/src/core/execution/stages/IGdUnitExecutionStage.gd:19)

	   [16] execute (res://addons/gdUnit4/src/core/execution/GdUnitTestSuiteExecutor.gd:23)

ERROR: Can't use get_node() with absolute paths from outside the active scene tree.

   at: get_node_or_null (scene/main/node.cpp:1898)

   GDScript backtrace (most recent call first):

	   [0] create_game_memento (res://Autoloads/save_manager.gd:165)

	   [1] _save_data (res://Autoloads/save_manager.gd:137)

	   [2] set_value (res://Autoloads/save_manager.gd:58)

	   [3] save_roster (res://Autoloads/save_manager.gd:69)

	   [4] test_roster_equipment_persistence (res://tests/reproduce_equip_bug.gd:37)

	   [5] _execute_test_case (res://addons/gdUnit4/src/core/_TestCase.gd:93)

	   [6] execute (res://addons/gdUnit4/src/core/_TestCase.gd:38)

	   [7] _execute (res://addons/gdUnit4/src/core/execution/stages/single/GdUnitTestCaseSingleTestStage.gd:10)

	   [8] execute (res://addons/gdUnit4/src/core/execution/stages/IGdUnitExecutionStage.gd:19)

	   [9] _execute (res://addons/gdUnit4/src/core/execution/stages/single/GdUnitTestCaseSingleExecutionStage.gd:17)

	   [10] execute (res://addons/gdUnit4/src/core/execution/stages/IGdUnitExecutionStage.gd:19)

	   [11] _execute (res://addons/gdUnit4/src/core/execution/stages/GdUnitTestCaseExecutionStage.gd:24)

	   [12] execute (res://addons/gdUnit4/src/core/execution/stages/IGdUnitExecutionStage.gd:19)

	   [13] _execute (res://addons/gdUnit4/src/core/execution/stages/GdUnitTestSuiteExecutionStage.gd:31)

	   [14] execute (res://addons/gdUnit4/src/core/execution/stages/IGdUnitExecutionStage.gd:19)

	   [15] execute (res://addons/gdUnit4/src/core/execution/GdUnitTestSuiteExecutor.gd:23)

SCRIPT ERROR: Invalid call. Nonexistent function 'instantiate' in base 'Nil'.

   at: test_roster_equipment_persistence (res://tests/reproduce_equip_bug.gd:52)

   GDScript backtrace (most recent call first):

	   [0] test_roster_equipment_persistence (res://tests/reproduce_equip_bug.gd:52)

	   [1] _execute_test_case (res://addons/gdUnit4/src/core/_TestCase.gd:93)

	   [2] execute (res://addons/gdUnit4/src/core/_TestCase.gd:38)

	   [3] _execute (res://addons/gdUnit4/src/core/execution/stages/single/GdUnitTestCaseSingleTestStage.gd:10)

	   [4] execute (res://addons/gdUnit4/src/core/execution/stages/IGdUnitExecutionStage.gd:19)

	   [5] _execute (res://addons/gdUnit4/src/core/execution/stages/single/GdUnitTestCaseSingleExecutionStage.gd:17)

	   [6] execute (res://addons/gdUnit4/src/core/execution/stages/IGdUnitExecutionStage.gd:19)

	   [7] _execute (res://addons/gdUnit4/src/core/execution/stages/GdUnitTestCaseExecutionStage.gd:24)

	   [8] execute (res://addons/gdUnit4/src/core/execution/stages/IGdUnitExecutionStage.gd:19)

	   [9] _execute (res://addons/gdUnit4/src/core/execution/stages/GdUnitTestSuiteExecutionStage.gd:31)

	   [10] execute (res://addons/gdUnit4/src/core/execution/stages/IGdUnitExecutionStage.gd:19)

	   [11] execute (res://addons/gdUnit4/src/core/execution/GdUnitTestSuiteExecutor.gd:23)

SCRIPT ERROR: Invalid call. Nonexistent function 'id' in base 'Nil'.

   at: GdUnitTestCaseSingleExecutionStage._execute (res://addons/gdUnit4/src/core/execution/stages/single/GdUnitTestCaseSingleExecutionStage.gd:28)

   GDScript backtrace (most recent call first):

	   [0] _execute (res://addons/gdUnit4/src/core/execution/stages/single/GdUnitTestCaseSingleExecutionStage.gd:28)

	   [1] execute (res://addons/gdUnit4/src/core/execution/stages/IGdUnitExecutionStage.gd:19)

	   [2] _execute (res://addons/gdUnit4/src/core/execution/stages/GdUnitTestCaseAfterStage.gd:22)

	   [3] error_monitor_stop (res://addons/gdUnit4/src/core/execution/GdUnitExecutionContext.gd:128)

	   [4] scan (res://addons/gdUnit4/src/monitor/GodotGdErrorMonitor.gd:48)

SCRIPT ERROR: Invalid call. Nonexistent function 'is_interupted' in base 'previously freed'.

   at: GdUnitTestSuiteExecutionStage._execute (res://addons/gdUnit4/src/core/execution/stages/GdUnitTestSuiteExecutionStage.gd:35)

   GDScript backtrace (most recent call first):

	   [0] _execute (res://addons/gdUnit4/src/core/execution/stages/GdUnitTestSuiteExecutionStage.gd:35)

	   [1] execute (res://addons/gdUnit4/src/core/execution/stages/IGdUnitExecutionStage.gd:19)

	   [2] _execute (res://addons/gdUnit4/src/core/execution/stages/GdUnitTestCaseExecutionStage.gd:30)

	   [3] error_monitor_stop (res://addons/gdUnit4/src/core/execution/GdUnitExecutionContext.gd:130)

	   [4] scan (res://addons/gdUnit4/src/monitor/GodotGdErrorMonitor.gd:48)

SCRIPT ERROR: Invalid type in function '_connect_completion' in base 'Node (AnimationRequestService)'. The Object-derived class of argument 1 (RefCounted (RecordingTween)) is not a subclass of the expected argument class.

   at: AnimationRequestService.request_unit_move (res://Gameplay/animation_request_service.gd:80)

   GDScript backtrace (most recent call first):

	   [0] request_unit_move (res://Gameplay/animation_request_service.gd:80)

	   [1] test_unit_move_request_emits_target_position (res://tests/test_animation_request_service.gd:89)

	   [2] _execute_test_case (res://addons/gdUnit4/src/core/_TestCase.gd:93)

	   [3] execute (res://addons/gdUnit4/src/core/_TestCase.gd:38)

	   [4] _execute (res://addons/gdUnit4/src/core/execution/stages/single/GdUnitTestCaseSingleTestStage.gd:10)

	   [5] execute (res://addons/gdUnit4/src/core/execution/stages/IGdUnitExecutionStage.gd:19)

	   [6] _execute (res://addons/gdUnit4/src/core/execution/stages/single/GdUnitTestCaseSingleExecutionStage.gd:17)

	   [7] execute (res://addons/gdUnit4/src/core/execution/stages/IGdUnitExecutionStage.gd:19)

	   [8] _execute (res://addons/gdUnit4/src/core/execution/stages/GdUnitTestCaseExecutionStage.gd:24)

	   [9] execute (res://addons/gdUnit4/src/core/execution/stages/IGdUnitExecutionStage.gd:19)

	   [10] _execute (res://addons/gdUnit4/src/core/execution/stages/GdUnitTestSuiteExecutionStage.gd:31)

	   [11] execute (res://addons/gdUnit4/src/core/execution/stages/IGdUnitExecutionStage.gd:19)

	   [12] execute (res://addons/gdUnit4/src/core/execution/GdUnitTestSuiteExecutor.gd:23)

SCRIPT ERROR: Invalid type in function '_connect_completion' in base 'Node (AnimationRequestService)'. The Object-derived class of argument 1 (RefCounted (RecordingTween)) is not a subclass of the expected argument class.

   at: AnimationRequestService.request_warning_flash (res://Gameplay/animation_request_service.gd:131)

   GDScript backtrace (most recent call first):

	   [0] request_warning_flash (res://Gameplay/animation_request_service.gd:131)

	   [1] test_warning_flash_uses_style_metadata (res://tests/test_animation_request_service.gd:110)

	   [2] _execute_test_case (res://addons/gdUnit4/src/core/_TestCase.gd:93)

	   [3] execute (res://addons/gdUnit4/src/core/_TestCase.gd:38)

	   [4] _execute (res://addons/gdUnit4/src/core/execution/stages/single/GdUnitTestCaseSingleTestStage.gd:10)

	   [5] execute (res://addons/gdUnit4/src/core/execution/stages/IGdUnitExecutionStage.gd:19)

	   [6] _execute (res://addons/gdUnit4/src/core/execution/stages/single/GdUnitTestCaseSingleExecutionStage.gd:17)

	   [7] execute (res://addons/gdUnit4/src/core/execution/stages/IGdUnitExecutionStage.gd:19)

	   [8] _execute (res://addons/gdUnit4/src/core/execution/stages/GdUnitTestCaseExecutionStage.gd:24)

	   [9] execute (res://addons/gdUnit4/src/core/execution/stages/IGdUnitExecutionStage.gd:19)

	   [10] _execute (res://addons/gdUnit4/src/core/execution/stages/GdUnitTestSuiteExecutionStage.gd:31)

	   [11] execute (res://addons/gdUnit4/src/core/execution/stages/IGdUnitExecutionStage.gd:19)

	   [12] _execute (res://addons/gdUnit4/src/core/execution/stages/GdUnitTestCaseExecutionStage.gd:31)

	   [13] error_monitor_stop (res://addons/gdUnit4/src/core/execution/GdUnitExecutionContext.gd:128)

	   [14] scan (res://addons/gdUnit4/src/monitor/GodotGdErrorMonitor.gd:48)

SCRIPT ERROR: Invalid type in function '_connect_completion' in base 'Node (AnimationRequestService)'. The Object-derived class of argument 1 (RefCounted (RecordingTween)) is not a subclass of the expected argument class.

   at: AnimationRequestService.request_feedback_float (res://Gameplay/animation_request_service.gd:109)

   GDScript backtrace (most recent call first):

	   [0] request_feedback_float (res://Gameplay/animation_request_service.gd:109)

	   [1] test_feedback_float_uses_offset_and_fade (res://tests/test_animation_request_service.gd:127)

	   [2] _execute_test_case (res://addons/gdUnit4/src/core/_TestCase.gd:93)

	   [3] execute (res://addons/gdUnit4/src/core/_TestCase.gd:38)

	   [4] _execute (res://addons/gdUnit4/src/core/execution/stages/single/GdUnitTestCaseSingleTestStage.gd:10)

	   [5] execute (res://addons/gdUnit4/src/core/execution/stages/IGdUnitExecutionStage.gd:19)

	   [6] _execute (res://addons/gdUnit4/src/core/execution/stages/single/GdUnitTestCaseSingleExecutionStage.gd:17)

	   [7] execute (res://addons/gdUnit4/src/core/execution/stages/IGdUnitExecutionStage.gd:19)

	   [8] _execute (res://addons/gdUnit4/src/core/execution/stages/GdUnitTestCaseExecutionStage.gd:24)

	   [9] execute (res://addons/gdUnit4/src/core/execution/stages/IGdUnitExecutionStage.gd:19)

	   [10] _execute (res://addons/gdUnit4/src/core/execution/stages/GdUnitTestSuiteExecutionStage.gd:31)

	   [11] execute (res://addons/gdUnit4/src/core/execution/stages/IGdUnitExecutionStage.gd:19)

	   [12] _execute (res://addons/gdUnit4/src/core/execution/stages/GdUnitTestCaseExecutionStage.gd:31)

	   [13] error_monitor_stop (res://addons/gdUnit4/src/core/execution/GdUnitExecutionContext.gd:128)

	   [14] scan (res://addons/gdUnit4/src/monitor/GodotGdErrorMonitor.gd:48)

SCRIPT ERROR: Invalid type in function '_connect_completion' in base 'Node (AnimationRequestService)'. The Object-derived class of argument 1 (RefCounted (RecordingTween)) is not a subclass of the expected argument class.

   at: AnimationRequestService.request_property_animation (res://Gameplay/animation_request_service.gd:149)

   GDScript backtrace (most recent call first):

	   [0] request_property_animation (res://Gameplay/animation_request_service.gd:149)

	   [1] test_property_animation_invokes_callback (res://tests/test_animation_request_service.gd:142)

	   [2] _execute_test_case (res://addons/gdUnit4/src/core/_TestCase.gd:93)

	   [3] execute (res://addons/gdUnit4/src/core/_TestCase.gd:38)

	   [4] _execute (res://addons/gdUnit4/src/core/execution/stages/single/GdUnitTestCaseSingleTestStage.gd:10)

	   [5] execute (res://addons/gdUnit4/src/core/execution/stages/IGdUnitExecutionStage.gd:19)

	   [6] _execute (res://addons/gdUnit4/src/core/execution/stages/single/GdUnitTestCaseSingleExecutionStage.gd:17)

	   [7] execute (res://addons/gdUnit4/src/core/execution/stages/IGdUnitExecutionStage.gd:19)

	   [8] _execute (res://addons/gdUnit4/src/core/execution/stages/GdUnitTestCaseExecutionStage.gd:24)

	   [9] execute (res://addons/gdUnit4/src/core/execution/stages/IGdUnitExecutionStage.gd:19)

	   [10] _execute (res://addons/gdUnit4/src/core/execution/stages/GdUnitTestSuiteExecutionStage.gd:31)

	   [11] execute (res://addons/gdUnit4/src/core/execution/stages/IGdUnitExecutionStage.gd:19)

	   [12] _execute (res://addons/gdUnit4/src/core/execution/stages/GdUnitTestCaseExecutionStage.gd:31)

	   [13] error_monitor_stop (res://addons/gdUnit4/src/core/execution/GdUnitExecutionContext.gd:128)

	   [14] scan (res://addons/gdUnit4/src/monitor/GodotGdErrorMonitor.gd:48)

WARNING: [AnimationRequestService] Missing animation style 'unit_move'. Using default.

   at: push_warning (core/variant/variant_utility.cpp:1034)

   GDScript backtrace (most recent call first):

	   [0] _get_style (res://Gameplay/animation_request_service.gd:156)

	   [1] request_unit_move (res://Gameplay/animation_request_service.gd:45)

	   [2] on_unit_moved (res://Gameplay/animation_request_service.gd:87)

	   [3] test_on_unit_moved_emits_animation_requested (res://tests/test_animation_request_service_extended.gd:45)

	   [4] _execute_test_case (res://addons/gdUnit4/src/core/_TestCase.gd:93)

	   [5] execute (res://addons/gdUnit4/src/core/_TestCase.gd:38)

	   [6] _execute (res://addons/gdUnit4/src/core/execution/stages/single/GdUnitTestCaseSingleTestStage.gd:10)

	   [7] execute (res://addons/gdUnit4/src/core/execution/stages/IGdUnitExecutionStage.gd:19)

	   [8] _execute (res://addons/gdUnit4/src/core/execution/stages/single/GdUnitTestCaseSingleExecutionStage.gd:17)

	   [9] execute (res://addons/gdUnit4/src/core/execution/stages/IGdUnitExecutionStage.gd:19)

	   [10] _execute (res://addons/gdUnit4/src/core/execution/stages/GdUnitTestCaseExecutionStage.gd:24)

	   [11] execute (res://addons/gdUnit4/src/core/execution/stages/IGdUnitExecutionStage.gd:19)

	   [12] _execute (res://addons/gdUnit4/src/core/execution/stages/GdUnitTestSuiteExecutionStage.gd:31)

	   [13] execute (res://addons/gdUnit4/src/core/execution/stages/IGdUnitExecutionStage.gd:19)

	   [14] execute (res://addons/gdUnit4/src/core/execution/GdUnitTestSuiteExecutor.gd:23)

SCRIPT ERROR: Invalid call. Nonexistent function 'id' in base 'Nil'.

   at: GdUnitTestCaseSingleExecutionStage._execute (res://addons/gdUnit4/src/core/execution/stages/single/GdUnitTestCaseSingleExecutionStage.gd:28)

   GDScript backtrace (most recent call first):

	   [0] _execute (res://addons/gdUnit4/src/core/execution/stages/single/GdUnitTestCaseSingleExecutionStage.gd:28)

	   [1] execute (res://addons/gdUnit4/src/core/execution/stages/IGdUnitExecutionStage.gd:19)

	   [2] _execute (res://addons/gdUnit4/src/core/execution/stages/GdUnitTestCaseAfterStage.gd:22)

	   [3] error_monitor_stop (res://addons/gdUnit4/src/core/execution/GdUnitExecutionContext.gd:128)

	   [4] scan (res://addons/gdUnit4/src/monitor/GodotGdErrorMonitor.gd:48)

SCRIPT ERROR: Invalid call. Nonexistent function 'is_interupted' in base 'previously freed'.

   at: GdUnitTestSuiteExecutionStage._execute (res://addons/gdUnit4/src/core/execution/stages/GdUnitTestSuiteExecutionStage.gd:35)

   GDScript backtrace (most recent call first):

	   [0] _execute (res://addons/gdUnit4/src/core/execution/stages/GdUnitTestSuiteExecutionStage.gd:35)

	   [1] execute (res://addons/gdUnit4/src/core/execution/stages/IGdUnitExecutionStage.gd:19)

	   [2] _execute (res://addons/gdUnit4/src/core/execution/stages/GdUnitTestCaseExecutionStage.gd:30)

	   [3] error_monitor_stop (res://addons/gdUnit4/src/core/execution/GdUnitExecutionContext.gd:130)

	   [4] scan (res://addons/gdUnit4/src/monitor/GodotGdErrorMonitor.gd:48)

SCRIPT ERROR: Invalid call. Nonexistent function 'id' in base 'Nil'.

   at: GdUnitTestCaseSingleExecutionStage._execute (res://addons/gdUnit4/src/core/execution/stages/single/GdUnitTestCaseSingleExecutionStage.gd:28)

   GDScript backtrace (most recent call first):

	   [0] _execute (res://addons/gdUnit4/src/core/execution/stages/single/GdUnitTestCaseSingleExecutionStage.gd:28)

	   [1] execute (res://addons/gdUnit4/src/core/execution/stages/IGdUnitExecutionStage.gd:19)

	   [2] _execute (res://addons/gdUnit4/src/core/execution/stages/GdUnitTestCaseAfterStage.gd:22)

	   [3] error_monitor_stop (res://addons/gdUnit4/src/core/execution/GdUnitExecutionContext.gd:128)

	   [4] scan (res://addons/gdUnit4/src/monitor/GodotGdErrorMonitor.gd:48)

SCRIPT ERROR: Invalid call. Nonexistent function 'is_interupted' in base 'previously freed'.

   at: GdUnitTestSuiteExecutionStage._execute (res://addons/gdUnit4/src/core/execution/stages/GdUnitTestSuiteExecutionStage.gd:35)

   GDScript backtrace (most recent call first):

	   [0] _execute (res://addons/gdUnit4/src/core/execution/stages/GdUnitTestSuiteExecutionStage.gd:35)

	   [1] execute (res://addons/gdUnit4/src/core/execution/stages/IGdUnitExecutionStage.gd:19)

	   [2] _execute (res://addons/gdUnit4/src/core/execution/stages/GdUnitTestCaseExecutionStage.gd:30)

	   [3] error_monitor_stop (res://addons/gdUnit4/src/core/execution/GdUnitExecutionContext.gd:130)

	   [4] scan (res://addons/gdUnit4/src/monitor/GodotGdErrorMonitor.gd:48)

ERROR: Parameter "data.tree" is null.

   at: get_tree (scene/main/node.h:549)

   GDScript backtrace (most recent call first):

	   [0] set_enabled (res://Gameplay/turn/auto_battle_service.gd:68)

	   [1] test_auto_battle_force_disable (res://tests/test_auto_battle_service_extended.gd:19)

	   [2] _execute_test_case (res://addons/gdUnit4/src/core/_TestCase.gd:93)

	   [3] execute (res://addons/gdUnit4/src/core/_TestCase.gd:38)

	   [4] _execute (res://addons/gdUnit4/src/core/execution/stages/single/GdUnitTestCaseSingleTestStage.gd:10)

	   [5] execute (res://addons/gdUnit4/src/core/execution/stages/IGdUnitExecutionStage.gd:19)

	   [6] _execute (res://addons/gdUnit4/src/core/execution/stages/single/GdUnitTestCaseSingleExecutionStage.gd:17)

	   [7] execute (res://addons/gdUnit4/src/core/execution/stages/IGdUnitExecutionStage.gd:19)

	   [8] _execute (res://addons/gdUnit4/src/core/execution/stages/GdUnitTestCaseExecutionStage.gd:24)

	   [9] execute (res://addons/gdUnit4/src/core/execution/stages/IGdUnitExecutionStage.gd:19)

	   [10] _execute (res://addons/gdUnit4/src/core/execution/stages/GdUnitTestSuiteExecutionStage.gd:31)

	   [11] execute (res://addons/gdUnit4/src/core/execution/stages/IGdUnitExecutionStage.gd:19)

	   [12] execute (res://addons/gdUnit4/src/core/execution/GdUnitTestSuiteExecutor.gd:23)

WARNING: [HUDController] Cannot update locations; location service is missing.

   at: push_warning (core/variant/variant_utility.cpp:1034)

   GDScript backtrace (most recent call first):

	   [0] _update_task_progress (res://GUI/HUD/hud_controller.gd:255)

	   [1] refresh_after_state_restore (res://GUI/HUD/hud_controller.gd:169)

	   [2] _restore_state (res://Gameplay/turn/checkpoint_manager.gd:117)

	   [3] undo (res://Gameplay/turn/checkpoint_manager.gd:68)

	   [4] on_undo_requested (res://Gameplay/turn/checkpoint_manager.gd:19)

	   [5] test_checkpoint_manager_on_undo_redo_requested (res://tests/test_checkpoint_manager_extended.gd:57)

	   [6] _execute_test_case (res://addons/gdUnit4/src/core/_TestCase.gd:93)

	   [7] execute (res://addons/gdUnit4/src/core/_TestCase.gd:38)

	   [8] _execute (res://addons/gdUnit4/src/core/execution/stages/single/GdUnitTestCaseSingleTestStage.gd:10)

	   [9] execute (res://addons/gdUnit4/src/core/execution/stages/IGdUnitExecutionStage.gd:19)

	   [10] _execute (res://addons/gdUnit4/src/core/execution/stages/single/GdUnitTestCaseSingleExecutionStage.gd:17)

	   [11] execute (res://addons/gdUnit4/src/core/execution/stages/IGdUnitExecutionStage.gd:19)

	   [12] _execute (res://addons/gdUnit4/src/core/execution/stages/GdUnitTestCaseExecutionStage.gd:24)

	   [13] execute (res://addons/gdUnit4/src/core/execution/stages/IGdUnitExecutionStage.gd:19)

	   [14] _execute (res://addons/gdUnit4/src/core/execution/stages/GdUnitTestSuiteExecutionStage.gd:31)

	   [15] execute (res://addons/gdUnit4/src/core/execution/stages/IGdUnitExecutionStage.gd:19)

	   [16] execute (res://addons/gdUnit4/src/core/execution/GdUnitTestSuiteExecutor.gd:23)

WARNING: [LevelContentSpawner] Verification: Unit 'Assassin' is missing a CombatPriorityProfile.

   at: push_warning (core/variant/variant_utility.cpp:1034)

   GDScript backtrace (most recent call first):

	   [0] _verify_unit_components (res://level/level_content_spawner.gd:148)

	   [1] _spawn_unit (res://level/level_content_spawner.gd:136)

	   [2] _spawn_roster_units_at_coords (res://level/level_content_spawner.gd:74)

	   [3] _spawn_player_units (res://level/level_content_spawner.gd:37)

	   [4] spawn_global_content (res://level/level_content_spawner.gd:23)

	   [5] spawn_global_content (res://level/level_builder.gd:24)

	   [6] spawn_global_content (res://level/level_manager_gameplay.gd:99)

	   [7] run_initialization_pipeline (res://level/level_initialization_orchestrator.gd:43)

	   [8] apply_level_if_available (res://level/level_manager_gameplay.gd:120)

	   [9] set_level_and_rebuild (res://level/level_manager_gameplay.gd:167)

	   [10] set_level_and_rebuild (res://Gameplay/gameplay.gd:125)

	   [11] test_click_to_move_single_hex (res://tests/test_click_to_move.gd:24)

	   [12] _execute_test_case (res://addons/gdUnit4/src/core/_TestCase.gd:93)

	   [13] execute (res://addons/gdUnit4/src/core/_TestCase.gd:38)

	   [14] _execute (res://addons/gdUnit4/src/core/execution/stages/single/GdUnitTestCaseSingleTestStage.gd:10)

	   [15] execute (res://addons/gdUnit4/src/core/execution/stages/IGdUnitExecutionStage.gd:19)

	   [16] _execute (res://addons/gdUnit4/src/core/execution/stages/single/GdUnitTestCaseSingleExecutionStage.gd:17)

	   [17] execute (res://addons/gdUnit4/src/core/execution/stages/IGdUnitExecutionStage.gd:19)

	   [18] _execute (res://addons/gdUnit4/src/core/execution/stages/GdUnitTestCaseExecutionStage.gd:24)

	   [19] execute (res://addons/gdUnit4/src/core/execution/stages/IGdUnitExecutionStage.gd:19)

	   [20] _execute (res://addons/gdUnit4/src/core/execution/stages/GdUnitTestSuiteExecutionStage.gd:31)

	   [21] execute (res://addons/gdUnit4/src/core/execution/stages/IGdUnitExecutionStage.gd:19)

	   [22] execute (res://addons/gdUnit4/src/core/execution/GdUnitTestSuiteExecutor.gd:23)

WARNING: CheckpointManager: Duplicate item UUID found on unit: 196cd286-78d8-1ae3-bd04-53b455d36fb8

   at: push_warning (core/variant/variant_utility.cpp:1034)

   GDScript backtrace (most recent call first):

	   [0] _validate_unique_items (res://Gameplay/turn/checkpoint_manager.gd:136)

	   [1] create_checkpoint (res://Gameplay/turn/checkpoint_manager.gd:46)

	   [2] on_checkpoint_requested (res://Gameplay/turn/checkpoint_manager.gd:14)

	   [3] on_turn_changed (res://Gameplay/turn/turn_controller.gd:214)

	   [4] _start_unit_turn (res://Gameplay/turn/turn_controller.gd:130)

	   [5] start_next_turn (res://Gameplay/turn/turn_controller.gd:94)

	   [6] _preserve_queue_state (res://Gameplay/turn/turn_controller.gd:188)

	   [7] rebuild_turn_roster (res://Gameplay/turn/turn_controller.gd:164)

	   [8] _update_turn_blocking (res://Gameplay/narrative/task/task_controller.gd:281)

	   [9] check_objective_conditions (res://Gameplay/narrative/task/task_controller.gd:234)

	   [10] finish_setup (res://Gameplay/narrative/task/task_controller.gd:69)

	   [11] finalize_setup (res://level/level_manager_gameplay.gd:113)

	   [12] run_initialization_pipeline (res://level/level_initialization_orchestrator.gd:54)

	   [13] apply_level_if_available (res://level/level_manager_gameplay.gd:120)

	   [14] set_level_and_rebuild (res://level/level_manager_gameplay.gd:167)

	   [15] set_level_and_rebuild (res://Gameplay/gameplay.gd:125)

	   [16] test_click_to_move_single_hex (res://tests/test_click_to_move.gd:24)

	   [17] _execute_test_case (res://addons/gdUnit4/src/core/_TestCase.gd:93)

	   [18] execute (res://addons/gdUnit4/src/core/_TestCase.gd:38)

	   [19] _execute (res://addons/gdUnit4/src/core/execution/stages/single/GdUnitTestCaseSingleTestStage.gd:10)

	   [20] execute (res://addons/gdUnit4/src/core/execution/stages/IGdUnitExecutionStage.gd:19)

	   [21] _execute (res://addons/gdUnit4/src/core/execution/stages/single/GdUnitTestCaseSingleExecutionStage.gd:17)

	   [22] execute (res://addons/gdUnit4/src/core/execution/stages/IGdUnitExecutionStage.gd:19)

	   [23] _execute (res://addons/gdUnit4/src/core/execution/stages/GdUnitTestCaseExecutionStage.gd:24)

	   [24] execute (res://addons/gdUnit4/src/core/execution/stages/IGdUnitExecutionStage.gd:19)

	   [25] _execute (res://addons/gdUnit4/src/core/execution/stages/GdUnitTestSuiteExecutionStage.gd:31)

	   [26] execute (res://addons/gdUnit4/src/core/execution/stages/IGdUnitExecutionStage.gd:19)

	   [27] execute (res://addons/gdUnit4/src/core/execution/GdUnitTestSuiteExecutor.gd:23)

WARNING: CheckpointManager: Duplicate item UUID found on unit: 196cd286-78d8-1ae3-bd04-53b455d36fb8

   at: push_warning (core/variant/variant_utility.cpp:1034)

   GDScript backtrace (most recent call first):

	   [0] _validate_unique_items (res://Gameplay/turn/checkpoint_manager.gd:136)

	   [1] create_checkpoint (res://Gameplay/turn/checkpoint_manager.gd:46)

	   [2] on_checkpoint_requested (res://Gameplay/turn/checkpoint_manager.gd:14)

	   [3] on_turn_changed (res://Gameplay/turn/turn_controller.gd:214)

	   [4] _start_unit_turn (res://Gameplay/turn/turn_controller.gd:130)

	   [5] start_next_turn (res://Gameplay/turn/turn_controller.gd:94)

	   [6] rebuild_turn_roster (res://Gameplay/turn/turn_controller.gd:173)

	   [7] test_click_to_move_single_hex (res://tests/test_click_to_move.gd:28)

	   [8] _execute_test_case (res://addons/gdUnit4/src/core/_TestCase.gd:93)

	   [9] execute (res://addons/gdUnit4/src/core/_TestCase.gd:38)

	   [10] _execute (res://addons/gdUnit4/src/core/execution/stages/single/GdUnitTestCaseSingleTestStage.gd:10)

	   [11] execute (res://addons/gdUnit4/src/core/execution/stages/IGdUnitExecutionStage.gd:19)

	   [12] _execute (res://addons/gdUnit4/src/core/execution/stages/single/GdUnitTestCaseSingleExecutionStage.gd:17)

	   [13] execute (res://addons/gdUnit4/src/core/execution/stages/IGdUnitExecutionStage.gd:19)

	   [14] _execute (res://addons/gdUnit4/src/core/execution/stages/GdUnitTestCaseExecutionStage.gd:24)

	   [15] execute (res://addons/gdUnit4/src/core/execution/stages/IGdUnitExecutionStage.gd:19)

	   [16] _execute (res://addons/gdUnit4/src/core/execution/stages/GdUnitTestSuiteExecutionStage.gd:31)

	   [17] execute (res://addons/gdUnit4/src/core/execution/stages/IGdUnitExecutionStage.gd:19)

	   [18] execute (res://addons/gdUnit4/src/core/execution/GdUnitTestSuiteExecutor.gd:23)

WARNING: CheckpointManager: Duplicate item UUID found on unit: 196cd286-78d8-1ae3-bd04-53b455d36fb8

   at: push_warning (core/variant/variant_utility.cpp:1034)

   GDScript backtrace (most recent call first):

	   [0] _validate_unique_items (res://Gameplay/turn/checkpoint_manager.gd:136)

	   [1] create_checkpoint (res://Gameplay/turn/checkpoint_manager.gd:46)

	   [2] on_checkpoint_requested (res://Gameplay/turn/checkpoint_manager.gd:14)

	   [3] on_turn_changed (res://Gameplay/turn/turn_controller.gd:214)

	   [4] _start_unit_turn (res://Gameplay/turn/turn_controller.gd:130)

	   [5] start_next_turn (res://Gameplay/turn/turn_controller.gd:94)

	   [6] test_click_to_move_single_hex (res://tests/test_click_to_move.gd:29)

	   [7] _execute_test_case (res://addons/gdUnit4/src/core/_TestCase.gd:93)

	   [8] execute (res://addons/gdUnit4/src/core/_TestCase.gd:38)

	   [9] _execute (res://addons/gdUnit4/src/core/execution/stages/single/GdUnitTestCaseSingleTestStage.gd:10)

	   [10] execute (res://addons/gdUnit4/src/core/execution/stages/IGdUnitExecutionStage.gd:19)

	   [11] _execute (res://addons/gdUnit4/src/core/execution/stages/single/GdUnitTestCaseSingleExecutionStage.gd:17)

	   [12] execute (res://addons/gdUnit4/src/core/execution/stages/IGdUnitExecutionStage.gd:19)

	   [13] _execute (res://addons/gdUnit4/src/core/execution/stages/GdUnitTestCaseExecutionStage.gd:24)

	   [14] execute (res://addons/gdUnit4/src/core/execution/stages/IGdUnitExecutionStage.gd:19)

	   [15] _execute (res://addons/gdUnit4/src/core/execution/stages/GdUnitTestSuiteExecutionStage.gd:31)

	   [16] execute (res://addons/gdUnit4/src/core/execution/stages/IGdUnitExecutionStage.gd:19)

	   [17] execute (res://addons/gdUnit4/src/core/execution/GdUnitTestSuiteExecutor.gd:23)

WARNING: CheckpointManager: Duplicate item UUID found on unit: 196cd286-78d8-1ae3-bd04-53b455d36fb8

   at: push_warning (core/variant/variant_utility.cpp:1034)

   GDScript backtrace (most recent call first):

	   [0] _validate_unique_items (res://Gameplay/turn/checkpoint_manager.gd:136)

	   [1] create_checkpoint (res://Gameplay/turn/checkpoint_manager.gd:46)

	   [2] on_checkpoint_requested (res://Gameplay/turn/checkpoint_manager.gd:14)

	   [3] _execute_command (res://Gameplay/inputs/input_controller.gd:221)

	   [4] _on_primary_action_at (res://Gameplay/inputs/input_controller.gd:159)

	   [5] test_click_to_move_single_hex (res://tests/test_click_to_move.gd:40)

	   [6] _execute_test_case (res://addons/gdUnit4/src/core/_TestCase.gd:93)

	   [7] execute (res://addons/gdUnit4/src/core/_TestCase.gd:38)

	   [8] _execute (res://addons/gdUnit4/src/core/execution/stages/single/GdUnitTestCaseSingleTestStage.gd:10)

	   [9] execute (res://addons/gdUnit4/src/core/execution/stages/IGdUnitExecutionStage.gd:19)

	   [10] _execute (res://addons/gdUnit4/src/core/execution/stages/single/GdUnitTestCaseSingleExecutionStage.gd:17)

	   [11] execute (res://addons/gdUnit4/src/core/execution/stages/IGdUnitExecutionStage.gd:19)

	   [12] _execute (res://addons/gdUnit4/src/core/execution/stages/GdUnitTestCaseExecutionStage.gd:24)

	   [13] execute (res://addons/gdUnit4/src/core/execution/stages/IGdUnitExecutionStage.gd:19)

	   [14] _execute (res://addons/gdUnit4/src/core/execution/stages/GdUnitTestSuiteExecutionStage.gd:31)

	   [15] execute (res://addons/gdUnit4/src/core/execution/stages/IGdUnitExecutionStage.gd:19)

	   [16] execute (res://addons/gdUnit4/src/core/execution/GdUnitTestSuiteExecutor.gd:23)

WARNING: [LevelContentSpawner] Verification: Unit 'Assassin' is missing a CombatPriorityProfile.

   at: push_warning (core/variant/variant_utility.cpp:1034)

   GDScript backtrace (most recent call first):

	   [0] _verify_unit_components (res://level/level_content_spawner.gd:148)

	   [1] _spawn_unit (res://level/level_content_spawner.gd:136)

	   [2] _spawn_roster_units_at_coords (res://level/level_content_spawner.gd:74)

	   [3] _spawn_player_units (res://level/level_content_spawner.gd:37)

	   [4] spawn_global_content (res://level/level_content_spawner.gd:23)

	   [5] spawn_global_content (res://level/level_builder.gd:24)

	   [6] spawn_global_content (res://level/level_manager_gameplay.gd:99)

	   [7] run_initialization_pipeline (res://level/level_initialization_orchestrator.gd:43)

	   [8] apply_level_if_available (res://level/level_manager_gameplay.gd:120)

	   [9] set_level_and_rebuild (res://level/level_manager_gameplay.gd:167)

	   [10] set_level_and_rebuild (res://Gameplay/gameplay.gd:125)

	   [11] test_click_to_move_multi_hex_path (res://tests/test_click_to_move.gd:59)

	   [12] _execute_test_case (res://addons/gdUnit4/src/core/_TestCase.gd:93)

	   [13] execute (res://addons/gdUnit4/src/core/_TestCase.gd:38)

	   [14] _execute (res://addons/gdUnit4/src/core/execution/stages/single/GdUnitTestCaseSingleTestStage.gd:10)

	   [15] execute (res://addons/gdUnit4/src/core/execution/stages/IGdUnitExecutionStage.gd:19)

	   [16] _execute (res://addons/gdUnit4/src/core/execution/stages/single/GdUnitTestCaseSingleExecutionStage.gd:17)

	   [17] execute (res://addons/gdUnit4/src/core/execution/stages/IGdUnitExecutionStage.gd:19)

	   [18] _execute (res://addons/gdUnit4/src/core/execution/stages/GdUnitTestCaseExecutionStage.gd:24)

	   [19] execute (res://addons/gdUnit4/src/core/execution/stages/IGdUnitExecutionStage.gd:19)

	   [20] _execute (res://addons/gdUnit4/src/core/execution/stages/GdUnitTestSuiteExecutionStage.gd:31)

	   [21] execute (res://addons/gdUnit4/src/core/execution/stages/IGdUnitExecutionStage.gd:19)

	   [22] _execute (res://addons/gdUnit4/src/core/execution/stages/GdUnitTestCaseExecutionStage.gd:31)

	   [23] error_monitor_stop (res://addons/gdUnit4/src/core/execution/GdUnitExecutionContext.gd:128)

	   [24] scan (res://addons/gdUnit4/src/monitor/GodotGdErrorMonitor.gd:48)

WARNING: CheckpointManager: Duplicate item UUID found on unit: 196cd286-78d8-1ae3-bd04-53b455d36fb8

   at: push_warning (core/variant/variant_utility.cpp:1034)

   GDScript backtrace (most recent call first):

	   [0] _validate_unique_items (res://Gameplay/turn/checkpoint_manager.gd:136)

	   [1] create_checkpoint (res://Gameplay/turn/checkpoint_manager.gd:46)

	   [2] on_checkpoint_requested (res://Gameplay/turn/checkpoint_manager.gd:14)

	   [3] on_turn_changed (res://Gameplay/turn/turn_controller.gd:214)

	   [4] _start_unit_turn (res://Gameplay/turn/turn_controller.gd:130)

	   [5] start_next_turn (res://Gameplay/turn/turn_controller.gd:94)

	   [6] _preserve_queue_state (res://Gameplay/turn/turn_controller.gd:188)

	   [7] rebuild_turn_roster (res://Gameplay/turn/turn_controller.gd:164)

	   [8] _update_turn_blocking (res://Gameplay/narrative/task/task_controller.gd:281)

	   [9] check_objective_conditions (res://Gameplay/narrative/task/task_controller.gd:234)

	   [10] finish_setup (res://Gameplay/narrative/task/task_controller.gd:69)

	   [11] finalize_setup (res://level/level_manager_gameplay.gd:113)

	   [12] run_initialization_pipeline (res://level/level_initialization_orchestrator.gd:54)

	   [13] apply_level_if_available (res://level/level_manager_gameplay.gd:120)

	   [14] set_level_and_rebuild (res://level/level_manager_gameplay.gd:167)

	   [15] set_level_and_rebuild (res://Gameplay/gameplay.gd:125)

	   [16] test_click_to_move_multi_hex_path (res://tests/test_click_to_move.gd:59)

	   [17] _execute_test_case (res://addons/gdUnit4/src/core/_TestCase.gd:93)

	   [18] execute (res://addons/gdUnit4/src/core/_TestCase.gd:38)

	   [19] _execute (res://addons/gdUnit4/src/core/execution/stages/single/GdUnitTestCaseSingleTestStage.gd:10)

	   [20] execute (res://addons/gdUnit4/src/core/execution/stages/IGdUnitExecutionStage.gd:19)

	   [21] _execute (res://addons/gdUnit4/src/core/execution/stages/single/GdUnitTestCaseSingleExecutionStage.gd:17)

	   [22] execute (res://addons/gdUnit4/src/core/execution/stages/IGdUnitExecutionStage.gd:19)

	   [23] _execute (res://addons/gdUnit4/src/core/execution/stages/GdUnitTestCaseExecutionStage.gd:24)

	   [24] execute (res://addons/gdUnit4/src/core/execution/stages/IGdUnitExecutionStage.gd:19)

	   [25] _execute (res://addons/gdUnit4/src/core/execution/stages/GdUnitTestSuiteExecutionStage.gd:31)

	   [26] execute (res://addons/gdUnit4/src/core/execution/stages/IGdUnitExecutionStage.gd:19)

	   [27] _execute (res://addons/gdUnit4/src/core/execution/stages/GdUnitTestCaseExecutionStage.gd:31)

	   [28] error_monitor_stop (res://addons/gdUnit4/src/core/execution/GdUnitExecutionContext.gd:128)

	   [29] scan (res://addons/gdUnit4/src/monitor/GodotGdErrorMonitor.gd:48)

WARNING: CheckpointManager: Duplicate item UUID found on unit: 196cd286-78d8-1ae3-bd04-53b455d36fb8

   at: push_warning (core/variant/variant_utility.cpp:1034)

   GDScript backtrace (most recent call first):

	   [0] _validate_unique_items (res://Gameplay/turn/checkpoint_manager.gd:136)

	   [1] create_checkpoint (res://Gameplay/turn/checkpoint_manager.gd:46)

	   [2] on_checkpoint_requested (res://Gameplay/turn/checkpoint_manager.gd:14)

	   [3] on_turn_changed (res://Gameplay/turn/turn_controller.gd:214)

	   [4] _start_unit_turn (res://Gameplay/turn/turn_controller.gd:130)

	   [5] start_next_turn (res://Gameplay/turn/turn_controller.gd:94)

	   [6] rebuild_turn_roster (res://Gameplay/turn/turn_controller.gd:173)

	   [7] test_click_to_move_multi_hex_path (res://tests/test_click_to_move.gd:63)

	   [8] _execute_test_case (res://addons/gdUnit4/src/core/_TestCase.gd:93)

	   [9] execute (res://addons/gdUnit4/src/core/_TestCase.gd:38)

	   [10] _execute (res://addons/gdUnit4/src/core/execution/stages/single/GdUnitTestCaseSingleTestStage.gd:10)

	   [11] execute (res://addons/gdUnit4/src/core/execution/stages/IGdUnitExecutionStage.gd:19)

	   [12] _execute (res://addons/gdUnit4/src/core/execution/stages/single/GdUnitTestCaseSingleExecutionStage.gd:17)

	   [13] execute (res://addons/gdUnit4/src/core/execution/stages/IGdUnitExecutionStage.gd:19)

	   [14] _execute (res://addons/gdUnit4/src/core/execution/stages/GdUnitTestCaseExecutionStage.gd:24)

	   [15] execute (res://addons/gdUnit4/src/core/execution/stages/IGdUnitExecutionStage.gd:19)

	   [16] _execute (res://addons/gdUnit4/src/core/execution/stages/GdUnitTestSuiteExecutionStage.gd:31)

	   [17] execute (res://addons/gdUnit4/src/core/execution/stages/IGdUnitExecutionStage.gd:19)

	   [18] _execute (res://addons/gdUnit4/src/core/execution/stages/GdUnitTestCaseExecutionStage.gd:31)

	   [19] error_monitor_stop (res://addons/gdUnit4/src/core/execution/GdUnitExecutionContext.gd:128)

	   [20] scan (res://addons/gdUnit4/src/monitor/GodotGdErrorMonitor.gd:48)

WARNING: CheckpointManager: Duplicate item UUID found on unit: 196cd286-78d8-1ae3-bd04-53b455d36fb8

   at: push_warning (core/variant/variant_utility.cpp:1034)

   GDScript backtrace (most recent call first):

	   [0] _validate_unique_items (res://Gameplay/turn/checkpoint_manager.gd:136)

	   [1] create_checkpoint (res://Gameplay/turn/checkpoint_manager.gd:46)

	   [2] on_checkpoint_requested (res://Gameplay/turn/checkpoint_manager.gd:14)

	   [3] on_turn_changed (res://Gameplay/turn/turn_controller.gd:214)

	   [4] _start_unit_turn (res://Gameplay/turn/turn_controller.gd:130)

	   [5] start_next_turn (res://Gameplay/turn/turn_controller.gd:94)

	   [6] test_click_to_move_multi_hex_path (res://tests/test_click_to_move.gd:64)

	   [7] _execute_test_case (res://addons/gdUnit4/src/core/_TestCase.gd:93)

	   [8] execute (res://addons/gdUnit4/src/core/_TestCase.gd:38)

	   [9] _execute (res://addons/gdUnit4/src/core/execution/stages/single/GdUnitTestCaseSingleTestStage.gd:10)

	   [10] execute (res://addons/gdUnit4/src/core/execution/stages/IGdUnitExecutionStage.gd:19)

	   [11] _execute (res://addons/gdUnit4/src/core/execution/stages/single/GdUnitTestCaseSingleExecutionStage.gd:17)

	   [12] execute (res://addons/gdUnit4/src/core/execution/stages/IGdUnitExecutionStage.gd:19)

	   [13] _execute (res://addons/gdUnit4/src/core/execution/stages/GdUnitTestCaseExecutionStage.gd:24)

	   [14] execute (res://addons/gdUnit4/src/core/execution/stages/IGdUnitExecutionStage.gd:19)

	   [15] _execute (res://addons/gdUnit4/src/core/execution/stages/GdUnitTestSuiteExecutionStage.gd:31)

	   [16] execute (res://addons/gdUnit4/src/core/execution/stages/IGdUnitExecutionStage.gd:19)

	   [17] _execute (res://addons/gdUnit4/src/core/execution/stages/GdUnitTestCaseExecutionStage.gd:31)

	   [18] error_monitor_stop (res://addons/gdUnit4/src/core/execution/GdUnitExecutionContext.gd:128)

	   [19] scan (res://addons/gdUnit4/src/monitor/GodotGdErrorMonitor.gd:48)

WARNING: CheckpointManager: Duplicate item UUID found on unit: 196cd286-78d8-1ae3-bd04-53b455d36fb8

   at: push_warning (core/variant/variant_utility.cpp:1034)

   GDScript backtrace (most recent call first):

	   [0] _validate_unique_items (res://Gameplay/turn/checkpoint_manager.gd:136)

	   [1] create_checkpoint (res://Gameplay/turn/checkpoint_manager.gd:46)

	   [2] on_checkpoint_requested (res://Gameplay/turn/checkpoint_manager.gd:14)

	   [3] _execute_command (res://Gameplay/inputs/input_controller.gd:221)

	   [4] _on_primary_action_at (res://Gameplay/inputs/input_controller.gd:159)

	   [5] test_click_to_move_multi_hex_path (res://tests/test_click_to_move.gd:75)

	   [6] _execute_test_case (res://addons/gdUnit4/src/core/_TestCase.gd:93)

	   [7] execute (res://addons/gdUnit4/src/core/_TestCase.gd:38)

	   [8] _execute (res://addons/gdUnit4/src/core/execution/stages/single/GdUnitTestCaseSingleTestStage.gd:10)

	   [9] execute (res://addons/gdUnit4/src/core/execution/stages/IGdUnitExecutionStage.gd:19)

	   [10] _execute (res://addons/gdUnit4/src/core/execution/stages/single/GdUnitTestCaseSingleExecutionStage.gd:17)

	   [11] execute (res://addons/gdUnit4/src/core/execution/stages/IGdUnitExecutionStage.gd:19)

	   [12] _execute (res://addons/gdUnit4/src/core/execution/stages/GdUnitTestCaseExecutionStage.gd:24)

	   [13] execute (res://addons/gdUnit4/src/core/execution/stages/IGdUnitExecutionStage.gd:19)

	   [14] _execute (res://addons/gdUnit4/src/core/execution/stages/GdUnitTestSuiteExecutionStage.gd:31)

	   [15] execute (res://addons/gdUnit4/src/core/execution/stages/IGdUnitExecutionStage.gd:19)

	   [16] _execute (res://addons/gdUnit4/src/core/execution/stages/GdUnitTestCaseExecutionStage.gd:31)

	   [17] error_monitor_stop (res://addons/gdUnit4/src/core/execution/GdUnitExecutionContext.gd:128)

	   [18] scan (res://addons/gdUnit4/src/monitor/GodotGdErrorMonitor.gd:48)

WARNING: [LevelContentSpawner] Verification: Unit 'Assassin' is missing a CombatPriorityProfile.

   at: push_warning (core/variant/variant_utility.cpp:1034)

   GDScript backtrace (most recent call first):

	   [0] _verify_unit_components (res://level/level_content_spawner.gd:148)

	   [1] _spawn_unit (res://level/level_content_spawner.gd:136)

	   [2] _spawn_roster_units_at_coords (res://level/level_content_spawner.gd:74)

	   [3] _spawn_player_units (res://level/level_content_spawner.gd:37)

	   [4] spawn_global_content (res://level/level_content_spawner.gd:23)

	   [5] spawn_global_content (res://level/level_builder.gd:24)

	   [6] spawn_global_content (res://level/level_manager_gameplay.gd:99)

	   [7] run_initialization_pipeline (res://level/level_initialization_orchestrator.gd:43)

	   [8] apply_level_if_available (res://level/level_manager_gameplay.gd:120)

	   [9] set_level_and_rebuild (res://level/level_manager_gameplay.gd:167)

	   [10] set_level_and_rebuild (res://Gameplay/gameplay.gd:125)

	   [11] test_click_to_move_cannot_move_out_of_range (res://tests/test_click_to_move.gd:95)

	   [12] _execute_test_case (res://addons/gdUnit4/src/core/_TestCase.gd:93)

	   [13] execute (res://addons/gdUnit4/src/core/_TestCase.gd:38)

	   [14] _execute (res://addons/gdUnit4/src/core/execution/stages/single/GdUnitTestCaseSingleTestStage.gd:10)

	   [15] execute (res://addons/gdUnit4/src/core/execution/stages/IGdUnitExecutionStage.gd:19)

	   [16] _execute (res://addons/gdUnit4/src/core/execution/stages/single/GdUnitTestCaseSingleExecutionStage.gd:17)

	   [17] execute (res://addons/gdUnit4/src/core/execution/stages/IGdUnitExecutionStage.gd:19)

	   [18] _execute (res://addons/gdUnit4/src/core/execution/stages/GdUnitTestCaseExecutionStage.gd:24)

	   [19] execute (res://addons/gdUnit4/src/core/execution/stages/IGdUnitExecutionStage.gd:19)

	   [20] _execute (res://addons/gdUnit4/src/core/execution/stages/GdUnitTestSuiteExecutionStage.gd:31)

	   [21] execute (res://addons/gdUnit4/src/core/execution/stages/IGdUnitExecutionStage.gd:19)

	   [22] _execute (res://addons/gdUnit4/src/core/execution/stages/GdUnitTestCaseExecutionStage.gd:31)

	   [23] error_monitor_stop (res://addons/gdUnit4/src/core/execution/GdUnitExecutionContext.gd:128)

	   [24] scan (res://addons/gdUnit4/src/monitor/GodotGdErrorMonitor.gd:48)

WARNING: CheckpointManager: Duplicate item UUID found on unit: 196cd286-78d8-1ae3-bd04-53b455d36fb8

   at: push_warning (core/variant/variant_utility.cpp:1034)

   GDScript backtrace (most recent call first):

	   [0] _validate_unique_items (res://Gameplay/turn/checkpoint_manager.gd:136)

	   [1] create_checkpoint (res://Gameplay/turn/checkpoint_manager.gd:46)

	   [2] on_checkpoint_requested (res://Gameplay/turn/checkpoint_manager.gd:14)

	   [3] on_turn_changed (res://Gameplay/turn/turn_controller.gd:214)

	   [4] _start_unit_turn (res://Gameplay/turn/turn_controller.gd:130)

	   [5] start_next_turn (res://Gameplay/turn/turn_controller.gd:94)

	   [6] _preserve_queue_state (res://Gameplay/turn/turn_controller.gd:188)

	   [7] rebuild_turn_roster (res://Gameplay/turn/turn_controller.gd:164)

	   [8] _update_turn_blocking (res://Gameplay/narrative/task/task_controller.gd:281)

	   [9] check_objective_conditions (res://Gameplay/narrative/task/task_controller.gd:234)

	   [10] finish_setup (res://Gameplay/narrative/task/task_controller.gd:69)

	   [11] finalize_setup (res://level/level_manager_gameplay.gd:113)

	   [12] run_initialization_pipeline (res://level/level_initialization_orchestrator.gd:54)

	   [13] apply_level_if_available (res://level/level_manager_gameplay.gd:120)

	   [14] set_level_and_rebuild (res://level/level_manager_gameplay.gd:167)

	   [15] set_level_and_rebuild (res://Gameplay/gameplay.gd:125)

	   [16] test_click_to_move_cannot_move_out_of_range (res://tests/test_click_to_move.gd:95)

	   [17] _execute_test_case (res://addons/gdUnit4/src/core/_TestCase.gd:93)

	   [18] execute (res://addons/gdUnit4/src/core/_TestCase.gd:38)

	   [19] _execute (res://addons/gdUnit4/src/core/execution/stages/single/GdUnitTestCaseSingleTestStage.gd:10)

	   [20] execute (res://addons/gdUnit4/src/core/execution/stages/IGdUnitExecutionStage.gd:19)

	   [21] _execute (res://addons/gdUnit4/src/core/execution/stages/single/GdUnitTestCaseSingleExecutionStage.gd:17)

	   [22] execute (res://addons/gdUnit4/src/core/execution/stages/IGdUnitExecutionStage.gd:19)

	   [23] _execute (res://addons/gdUnit4/src/core/execution/stages/GdUnitTestCaseExecutionStage.gd:24)

	   [24] execute (res://addons/gdUnit4/src/core/execution/stages/IGdUnitExecutionStage.gd:19)

	   [25] _execute (res://addons/gdUnit4/src/core/execution/stages/GdUnitTestSuiteExecutionStage.gd:31)

	   [26] execute (res://addons/gdUnit4/src/core/execution/stages/IGdUnitExecutionStage.gd:19)

	   [27] _execute (res://addons/gdUnit4/src/core/execution/stages/GdUnitTestCaseExecutionStage.gd:31)

	   [28] error_monitor_stop (res://addons/gdUnit4/src/core/execution/GdUnitExecutionContext.gd:128)

	   [29] scan (res://addons/gdUnit4/src/monitor/GodotGdErrorMonitor.gd:48)

WARNING: CheckpointManager: Duplicate item UUID found on unit: 196cd286-78d8-1ae3-bd04-53b455d36fb8

   at: push_warning (core/variant/variant_utility.cpp:1034)

   GDScript backtrace (most recent call first):

	   [0] _validate_unique_items (res://Gameplay/turn/checkpoint_manager.gd:136)

	   [1] create_checkpoint (res://Gameplay/turn/checkpoint_manager.gd:46)

	   [2] on_checkpoint_requested (res://Gameplay/turn/checkpoint_manager.gd:14)

	   [3] _execute_command (res://Gameplay/inputs/input_controller.gd:221)

	   [4] _on_primary_action_at (res://Gameplay/inputs/input_controller.gd:159)

	   [5] test_click_to_move_cannot_move_out_of_range (res://tests/test_click_to_move.gd:110)

	   [6] _execute_test_case (res://addons/gdUnit4/src/core/_TestCase.gd:93)

	   [7] execute (res://addons/gdUnit4/src/core/_TestCase.gd:38)

	   [8] _execute (res://addons/gdUnit4/src/core/execution/stages/single/GdUnitTestCaseSingleTestStage.gd:10)

	   [9] execute (res://addons/gdUnit4/src/core/execution/stages/IGdUnitExecutionStage.gd:19)

	   [10] _execute (res://addons/gdUnit4/src/core/execution/stages/single/GdUnitTestCaseSingleExecutionStage.gd:17)

	   [11] execute (res://addons/gdUnit4/src/core/execution/stages/IGdUnitExecutionStage.gd:19)

	   [12] _execute (res://addons/gdUnit4/src/core/execution/stages/GdUnitTestCaseExecutionStage.gd:24)

	   [13] execute (res://addons/gdUnit4/src/core/execution/stages/IGdUnitExecutionStage.gd:19)

	   [14] _execute (res://addons/gdUnit4/src/core/execution/stages/GdUnitTestSuiteExecutionStage.gd:31)

	   [15] execute (res://addons/gdUnit4/src/core/execution/stages/IGdUnitExecutionStage.gd:19)

	   [16] _execute (res://addons/gdUnit4/src/core/execution/stages/GdUnitTestCaseExecutionStage.gd:31)

	   [17] error_monitor_stop (res://addons/gdUnit4/src/core/execution/GdUnitExecutionContext.gd:128)

	   [18] scan (res://addons/gdUnit4/src/monitor/GodotGdErrorMonitor.gd:48)

WARNING: [LevelContentSpawner] Verification: Unit 'Assassin' is missing a CombatPriorityProfile.

   at: push_warning (core/variant/variant_utility.cpp:1034)

   GDScript backtrace (most recent call first):

	   [0] _verify_unit_components (res://level/level_content_spawner.gd:148)

	   [1] _spawn_unit (res://level/level_content_spawner.gd:136)

	   [2] _spawn_roster_units_at_coords (res://level/level_content_spawner.gd:74)

	   [3] _spawn_player_units (res://level/level_content_spawner.gd:37)

	   [4] spawn_global_content (res://level/level_content_spawner.gd:23)

	   [5] spawn_global_content (res://level/level_builder.gd:24)

	   [6] spawn_global_content (res://level/level_manager_gameplay.gd:99)

	   [7] run_initialization_pipeline (res://level/level_initialization_orchestrator.gd:43)

	   [8] apply_level_if_available (res://level/level_manager_gameplay.gd:120)

	   [9] set_level_and_rebuild (res://level/level_manager_gameplay.gd:167)

	   [10] set_level_and_rebuild (res://Gameplay/gameplay.gd:125)

	   [11] test_move_controller_request_move_to_coord_moves_unit (res://tests/test_click_to_move.gd:125)

	   [12] _execute_test_case (res://addons/gdUnit4/src/core/_TestCase.gd:93)

	   [13] execute (res://addons/gdUnit4/src/core/_TestCase.gd:38)

	   [14] _execute (res://addons/gdUnit4/src/core/execution/stages/single/GdUnitTestCaseSingleTestStage.gd:10)

	   [15] execute (res://addons/gdUnit4/src/core/execution/stages/IGdUnitExecutionStage.gd:19)

	   [16] _execute (res://addons/gdUnit4/src/core/execution/stages/single/GdUnitTestCaseSingleExecutionStage.gd:17)

	   [17] execute (res://addons/gdUnit4/src/core/execution/stages/IGdUnitExecutionStage.gd:19)

	   [18] _execute (res://addons/gdUnit4/src/core/execution/stages/GdUnitTestCaseExecutionStage.gd:24)

	   [19] execute (res://addons/gdUnit4/src/core/execution/stages/IGdUnitExecutionStage.gd:19)

	   [20] _execute (res://addons/gdUnit4/src/core/execution/stages/GdUnitTestSuiteExecutionStage.gd:31)

	   [21] execute (res://addons/gdUnit4/src/core/execution/stages/IGdUnitExecutionStage.gd:19)

	   [22] _execute (res://addons/gdUnit4/src/core/execution/stages/GdUnitTestCaseExecutionStage.gd:31)

	   [23] error_monitor_stop (res://addons/gdUnit4/src/core/execution/GdUnitExecutionContext.gd:128)

	   [24] scan (res://addons/gdUnit4/src/monitor/GodotGdErrorMonitor.gd:48)

WARNING: CheckpointManager: Duplicate item UUID found on unit: 196cd286-78d8-1ae3-bd04-53b455d36fb8

   at: push_warning (core/variant/variant_utility.cpp:1034)

   GDScript backtrace (most recent call first):

	   [0] _validate_unique_items (res://Gameplay/turn/checkpoint_manager.gd:136)

	   [1] create_checkpoint (res://Gameplay/turn/checkpoint_manager.gd:46)

	   [2] on_checkpoint_requested (res://Gameplay/turn/checkpoint_manager.gd:14)

	   [3] on_turn_changed (res://Gameplay/turn/turn_controller.gd:214)

	   [4] _start_unit_turn (res://Gameplay/turn/turn_controller.gd:130)

	   [5] start_next_turn (res://Gameplay/turn/turn_controller.gd:94)

	   [6] _preserve_queue_state (res://Gameplay/turn/turn_controller.gd:188)

	   [7] rebuild_turn_roster (res://Gameplay/turn/turn_controller.gd:164)

	   [8] _update_turn_blocking (res://Gameplay/narrative/task/task_controller.gd:281)

	   [9] check_objective_conditions (res://Gameplay/narrative/task/task_controller.gd:234)

	   [10] finish_setup (res://Gameplay/narrative/task/task_controller.gd:69)

	   [11] finalize_setup (res://level/level_manager_gameplay.gd:113)

	   [12] run_initialization_pipeline (res://level/level_initialization_orchestrator.gd:54)

	   [13] apply_level_if_available (res://level/level_manager_gameplay.gd:120)

	   [14] set_level_and_rebuild (res://level/level_manager_gameplay.gd:167)

	   [15] set_level_and_rebuild (res://Gameplay/gameplay.gd:125)

	   [16] test_move_controller_request_move_to_coord_moves_unit (res://tests/test_click_to_move.gd:125)

	   [17] _execute_test_case (res://addons/gdUnit4/src/core/_TestCase.gd:93)

	   [18] execute (res://addons/gdUnit4/src/core/_TestCase.gd:38)

	   [19] _execute (res://addons/gdUnit4/src/core/execution/stages/single/GdUnitTestCaseSingleTestStage.gd:10)

	   [20] execute (res://addons/gdUnit4/src/core/execution/stages/IGdUnitExecutionStage.gd:19)

	   [21] _execute (res://addons/gdUnit4/src/core/execution/stages/single/GdUnitTestCaseSingleExecutionStage.gd:17)

	   [22] execute (res://addons/gdUnit4/src/core/execution/stages/IGdUnitExecutionStage.gd:19)

	   [23] _execute (res://addons/gdUnit4/src/core/execution/stages/GdUnitTestCaseExecutionStage.gd:24)

	   [24] execute (res://addons/gdUnit4/src/core/execution/stages/IGdUnitExecutionStage.gd:19)

	   [25] _execute (res://addons/gdUnit4/src/core/execution/stages/GdUnitTestSuiteExecutionStage.gd:31)

	   [26] execute (res://addons/gdUnit4/src/core/execution/stages/IGdUnitExecutionStage.gd:19)

	   [27] _execute (res://addons/gdUnit4/src/core/execution/stages/GdUnitTestCaseExecutionStage.gd:31)

	   [28] error_monitor_stop (res://addons/gdUnit4/src/core/execution/GdUnitExecutionContext.gd:128)

	   [29] scan (res://addons/gdUnit4/src/monitor/GodotGdErrorMonitor.gd:48)

WARNING: [AnimationRequestService] Missing animation style 'unit_move'. Using default.

   at: push_warning (core/variant/variant_utility.cpp:1034)

   GDScript backtrace (most recent call first):

	   [0] _get_style (res://Gameplay/animation_request_service.gd:156)

	   [1] request_unit_move (res://Gameplay/animation_request_service.gd:45)

	   [2] on_unit_moved (res://Gameplay/animation_request_service.gd:87)

	   [3] set_coord (res://Gameplay/targets/unit_manager.gd:256)

	   [4] set_coord (res://Gameplay/targets/unit_controller.gd:28)

	   [5] _execute_coordinate_move (res://Gameplay/map/move_controller.gd:301)

	   [6] request_move_to_coord (res://Gameplay/map/move_controller.gd:84)

	   [7] test_move_controller_request_move_to_coord_moves_unit (res://tests/test_click_to_move.gd:133)

	   [8] _execute_test_case (res://addons/gdUnit4/src/core/_TestCase.gd:93)

	   [9] execute (res://addons/gdUnit4/src/core/_TestCase.gd:38)

	   [10] _execute (res://addons/gdUnit4/src/core/execution/stages/single/GdUnitTestCaseSingleTestStage.gd:10)

	   [11] execute (res://addons/gdUnit4/src/core/execution/stages/IGdUnitExecutionStage.gd:19)

	   [12] _execute (res://addons/gdUnit4/src/core/execution/stages/single/GdUnitTestCaseSingleExecutionStage.gd:17)

	   [13] execute (res://addons/gdUnit4/src/core/execution/stages/IGdUnitExecutionStage.gd:19)

	   [14] _execute (res://addons/gdUnit4/src/core/execution/stages/GdUnitTestCaseExecutionStage.gd:24)

	   [15] execute (res://addons/gdUnit4/src/core/execution/stages/IGdUnitExecutionStage.gd:19)

	   [16] _execute (res://addons/gdUnit4/src/core/execution/stages/GdUnitTestSuiteExecutionStage.gd:31)

	   [17] execute (res://addons/gdUnit4/src/core/execution/stages/IGdUnitExecutionStage.gd:19)

	   [18] _execute (res://addons/gdUnit4/src/core/execution/stages/GdUnitTestCaseExecutionStage.gd:31)

	   [19] error_monitor_stop (res://addons/gdUnit4/src/core/execution/GdUnitExecutionContext.gd:128)

	   [20] scan (res://addons/gdUnit4/src/monitor/GodotGdErrorMonitor.gd:48)

WARNING: [LevelContentSpawner] Verification: Unit 'Assassin' is missing a CombatPriorityProfile.

   at: push_warning (core/variant/variant_utility.cpp:1034)

   GDScript backtrace (most recent call first):

	   [0] _verify_unit_components (res://level/level_content_spawner.gd:148)

	   [1] _spawn_unit (res://level/level_content_spawner.gd:136)

	   [2] _spawn_roster_units_at_coords (res://level/level_content_spawner.gd:74)

	   [3] _spawn_player_units (res://level/level_content_spawner.gd:37)

	   [4] spawn_global_content (res://level/level_content_spawner.gd:23)

	   [5] spawn_global_content (res://level/level_builder.gd:24)

	   [6] spawn_global_content (res://level/level_manager_gameplay.gd:99)

	   [7] run_initialization_pipeline (res://level/level_initialization_orchestrator.gd:43)

	   [8] apply_level_if_available (res://level/level_manager_gameplay.gd:120)

	   [9] set_level_and_rebuild (res://level/level_manager_gameplay.gd:167)

	   [10] set_level_and_rebuild (res://Gameplay/gameplay.gd:125)

	   [11] test_confirm_move_consumes_incremental_cost (res://tests/test_click_to_move.gd:146)

	   [12] _execute_test_case (res://addons/gdUnit4/src/core/_TestCase.gd:93)

	   [13] execute (res://addons/gdUnit4/src/core/_TestCase.gd:38)

	   [14] _execute (res://addons/gdUnit4/src/core/execution/stages/single/GdUnitTestCaseSingleTestStage.gd:10)

	   [15] execute (res://addons/gdUnit4/src/core/execution/stages/IGdUnitExecutionStage.gd:19)

	   [16] _execute (res://addons/gdUnit4/src/core/execution/stages/single/GdUnitTestCaseSingleExecutionStage.gd:17)

	   [17] execute (res://addons/gdUnit4/src/core/execution/stages/IGdUnitExecutionStage.gd:19)

	   [18] _execute (res://addons/gdUnit4/src/core/execution/stages/GdUnitTestCaseExecutionStage.gd:24)

	   [19] execute (res://addons/gdUnit4/src/core/execution/stages/IGdUnitExecutionStage.gd:19)

	   [20] _execute (res://addons/gdUnit4/src/core/execution/stages/GdUnitTestSuiteExecutionStage.gd:31)

	   [21] execute (res://addons/gdUnit4/src/core/execution/stages/IGdUnitExecutionStage.gd:19)

	   [22] _execute (res://addons/gdUnit4/src/core/execution/stages/GdUnitTestCaseExecutionStage.gd:31)

	   [23] error_monitor_stop (res://addons/gdUnit4/src/core/execution/GdUnitExecutionContext.gd:128)

	   [24] scan (res://addons/gdUnit4/src/monitor/GodotGdErrorMonitor.gd:48)

WARNING: CheckpointManager: Duplicate item UUID found on unit: 196cd286-78d8-1ae3-bd04-53b455d36fb8

   at: push_warning (core/variant/variant_utility.cpp:1034)

   GDScript backtrace (most recent call first):

	   [0] _validate_unique_items (res://Gameplay/turn/checkpoint_manager.gd:136)

	   [1] create_checkpoint (res://Gameplay/turn/checkpoint_manager.gd:46)

	   [2] on_checkpoint_requested (res://Gameplay/turn/checkpoint_manager.gd:14)

	   [3] on_turn_changed (res://Gameplay/turn/turn_controller.gd:214)

	   [4] _start_unit_turn (res://Gameplay/turn/turn_controller.gd:130)

	   [5] start_next_turn (res://Gameplay/turn/turn_controller.gd:94)

	   [6] _preserve_queue_state (res://Gameplay/turn/turn_controller.gd:188)

	   [7] rebuild_turn_roster (res://Gameplay/turn/turn_controller.gd:164)

	   [8] _update_turn_blocking (res://Gameplay/narrative/task/task_controller.gd:281)

	   [9] check_objective_conditions (res://Gameplay/narrative/task/task_controller.gd:234)

	   [10] finish_setup (res://Gameplay/narrative/task/task_controller.gd:69)

	   [11] finalize_setup (res://level/level_manager_gameplay.gd:113)

	   [12] run_initialization_pipeline (res://level/level_initialization_orchestrator.gd:54)

	   [13] apply_level_if_available (res://level/level_manager_gameplay.gd:120)

	   [14] set_level_and_rebuild (res://level/level_manager_gameplay.gd:167)

	   [15] set_level_and_rebuild (res://Gameplay/gameplay.gd:125)

	   [16] test_confirm_move_consumes_incremental_cost (res://tests/test_click_to_move.gd:146)

	   [17] _execute_test_case (res://addons/gdUnit4/src/core/_TestCase.gd:93)

	   [18] execute (res://addons/gdUnit4/src/core/_TestCase.gd:38)

	   [19] _execute (res://addons/gdUnit4/src/core/execution/stages/single/GdUnitTestCaseSingleTestStage.gd:10)

	   [20] execute (res://addons/gdUnit4/src/core/execution/stages/IGdUnitExecutionStage.gd:19)

	   [21] _execute (res://addons/gdUnit4/src/core/execution/stages/single/GdUnitTestCaseSingleExecutionStage.gd:17)

	   [22] execute (res://addons/gdUnit4/src/core/execution/stages/IGdUnitExecutionStage.gd:19)

	   [23] _execute (res://addons/gdUnit4/src/core/execution/stages/GdUnitTestCaseExecutionStage.gd:24)

	   [24] execute (res://addons/gdUnit4/src/core/execution/stages/IGdUnitExecutionStage.gd:19)

	   [25] _execute (res://addons/gdUnit4/src/core/execution/stages/GdUnitTestSuiteExecutionStage.gd:31)

	   [26] execute (res://addons/gdUnit4/src/core/execution/stages/IGdUnitExecutionStage.gd:19)

	   [27] _execute (res://addons/gdUnit4/src/core/execution/stages/GdUnitTestCaseExecutionStage.gd:31)

	   [28] error_monitor_stop (res://addons/gdUnit4/src/core/execution/GdUnitExecutionContext.gd:128)

	   [29] scan (res://addons/gdUnit4/src/monitor/GodotGdErrorMonitor.gd:48)

WARNING: [AnimationRequestService] Missing animation style 'unit_move'. Using default.

   at: push_warning (core/variant/variant_utility.cpp:1034)

   GDScript backtrace (most recent call first):

	   [0] _get_style (res://Gameplay/animation_request_service.gd:156)

	   [1] request_unit_move (res://Gameplay/animation_request_service.gd:45)

	   [2] on_unit_moved (res://Gameplay/animation_request_service.gd:87)

	   [3] set_coord (res://Gameplay/targets/unit_manager.gd:256)

	   [4] set_coord (res://Gameplay/targets/unit_controller.gd:28)

	   [5] _execute_coordinate_move (res://Gameplay/map/move_controller.gd:301)

	   [6] request_move_to_coord (res://Gameplay/map/move_controller.gd:84)

	   [7] test_confirm_move_consumes_incremental_cost (res://tests/test_click_to_move.gd:152)

	   [8] _execute_test_case (res://addons/gdUnit4/src/core/_TestCase.gd:93)

	   [9] execute (res://addons/gdUnit4/src/core/_TestCase.gd:38)

	   [10] _execute (res://addons/gdUnit4/src/core/execution/stages/single/GdUnitTestCaseSingleTestStage.gd:10)

	   [11] execute (res://addons/gdUnit4/src/core/execution/stages/IGdUnitExecutionStage.gd:19)

	   [12] _execute (res://addons/gdUnit4/src/core/execution/stages/single/GdUnitTestCaseSingleExecutionStage.gd:17)

	   [13] execute (res://addons/gdUnit4/src/core/execution/stages/IGdUnitExecutionStage.gd:19)

	   [14] _execute (res://addons/gdUnit4/src/core/execution/stages/GdUnitTestCaseExecutionStage.gd:24)

	   [15] execute (res://addons/gdUnit4/src/core/execution/stages/IGdUnitExecutionStage.gd:19)

	   [16] _execute (res://addons/gdUnit4/src/core/execution/stages/GdUnitTestSuiteExecutionStage.gd:31)

	   [17] execute (res://addons/gdUnit4/src/core/execution/stages/IGdUnitExecutionStage.gd:19)

	   [18] _execute (res://addons/gdUnit4/src/core/execution/stages/GdUnitTestCaseExecutionStage.gd:31)

	   [19] error_monitor_stop (res://addons/gdUnit4/src/core/execution/GdUnitExecutionContext.gd:128)

	   [20] scan (res://addons/gdUnit4/src/monitor/GodotGdErrorMonitor.gd:48)

WARNING: [AnimationRequestService] Missing animation style 'unit_move'. Using default.

   at: push_warning (core/variant/variant_utility.cpp:1034)

   GDScript backtrace (most recent call first):

	   [0] _get_style (res://Gameplay/animation_request_service.gd:156)

	   [1] request_unit_move (res://Gameplay/animation_request_service.gd:45)

	   [2] on_unit_moved (res://Gameplay/animation_request_service.gd:87)

	   [3] set_coord (res://Gameplay/targets/unit_manager.gd:256)

	   [4] set_coord (res://Gameplay/targets/unit_controller.gd:28)

	   [5] execute_move (res://Gameplay/map/move_execution_service.gd:6)

	   [6] finalize_tentative_move (res://Gameplay/map/move_execution_service.gd:33)

	   [7] _finalize_move (res://Gameplay/map/move_controller.gd:326)

	   [8] confirm_move (res://Gameplay/map/move_controller.gd:96)

	   [9] test_confirm_move_consumes_incremental_cost (res://tests/test_click_to_move.gd:154)

	   [10] _execute_test_case (res://addons/gdUnit4/src/core/_TestCase.gd:93)

	   [11] execute (res://addons/gdUnit4/src/core/_TestCase.gd:38)

	   [12] _execute (res://addons/gdUnit4/src/core/execution/stages/single/GdUnitTestCaseSingleTestStage.gd:10)

	   [13] execute (res://addons/gdUnit4/src/core/execution/stages/IGdUnitExecutionStage.gd:19)

	   [14] _execute (res://addons/gdUnit4/src/core/execution/stages/single/GdUnitTestCaseSingleExecutionStage.gd:17)

	   [15] execute (res://addons/gdUnit4/src/core/execution/stages/IGdUnitExecutionStage.gd:19)

	   [16] _execute (res://addons/gdUnit4/src/core/execution/stages/GdUnitTestCaseExecutionStage.gd:24)

	   [17] execute (res://addons/gdUnit4/src/core/execution/stages/IGdUnitExecutionStage.gd:19)

	   [18] _execute (res://addons/gdUnit4/src/core/execution/stages/GdUnitTestSuiteExecutionStage.gd:31)

	   [19] execute (res://addons/gdUnit4/src/core/execution/stages/IGdUnitExecutionStage.gd:19)

	   [20] _execute (res://addons/gdUnit4/src/core/execution/stages/GdUnitTestCaseExecutionStage.gd:31)

	   [21] error_monitor_stop (res://addons/gdUnit4/src/core/execution/GdUnitExecutionContext.gd:128)

	   [22] scan (res://addons/gdUnit4/src/monitor/GodotGdErrorMonitor.gd:48)

WARNING: [AnimationRequestService] Missing animation style 'unit_move'. Using default.

   at: push_warning (core/variant/variant_utility.cpp:1034)

   GDScript backtrace (most recent call first):

	   [0] _get_style (res://Gameplay/animation_request_service.gd:156)

	   [1] request_unit_move (res://Gameplay/animation_request_service.gd:45)

	   [2] on_unit_moved (res://Gameplay/animation_request_service.gd:87)

	   [3] set_coord (res://Gameplay/targets/unit_manager.gd:256)

	   [4] set_coord (res://Gameplay/targets/unit_controller.gd:28)

	   [5] _execute_coordinate_move (res://Gameplay/map/move_controller.gd:301)

	   [6] request_move_to_coord (res://Gameplay/map/move_controller.gd:84)

	   [7] test_confirm_move_consumes_incremental_cost (res://tests/test_click_to_move.gd:157)

	   [8] _execute_test_case (res://addons/gdUnit4/src/core/_TestCase.gd:93)

	   [9] execute (res://addons/gdUnit4/src/core/_TestCase.gd:38)

	   [10] _execute (res://addons/gdUnit4/src/core/execution/stages/single/GdUnitTestCaseSingleTestStage.gd:10)

	   [11] execute (res://addons/gdUnit4/src/core/execution/stages/IGdUnitExecutionStage.gd:19)

	   [12] _execute (res://addons/gdUnit4/src/core/execution/stages/single/GdUnitTestCaseSingleExecutionStage.gd:17)

	   [13] execute (res://addons/gdUnit4/src/core/execution/stages/IGdUnitExecutionStage.gd:19)

	   [14] _execute (res://addons/gdUnit4/src/core/execution/stages/GdUnitTestCaseExecutionStage.gd:24)

	   [15] execute (res://addons/gdUnit4/src/core/execution/stages/IGdUnitExecutionStage.gd:19)

	   [16] _execute (res://addons/gdUnit4/src/core/execution/stages/GdUnitTestSuiteExecutionStage.gd:31)

	   [17] execute (res://addons/gdUnit4/src/core/execution/stages/IGdUnitExecutionStage.gd:19)

	   [18] _execute (res://addons/gdUnit4/src/core/execution/stages/GdUnitTestCaseExecutionStage.gd:31)

	   [19] error_monitor_stop (res://addons/gdUnit4/src/core/execution/GdUnitExecutionContext.gd:128)

	   [20] scan (res://addons/gdUnit4/src/monitor/GodotGdErrorMonitor.gd:48)

WARNING: [AnimationRequestService] Missing animation style 'unit_move'. Using default.

   at: push_warning (core/variant/variant_utility.cpp:1034)

   GDScript backtrace (most recent call first):

	   [0] _get_style (res://Gameplay/animation_request_service.gd:156)

	   [1] request_unit_move (res://Gameplay/animation_request_service.gd:45)

	   [2] on_unit_moved (res://Gameplay/animation_request_service.gd:87)

	   [3] set_coord (res://Gameplay/targets/unit_manager.gd:256)

	   [4] set_coord (res://Gameplay/targets/unit_controller.gd:28)

	   [5] execute_move (res://Gameplay/map/move_execution_service.gd:6)

	   [6] finalize_tentative_move (res://Gameplay/map/move_execution_service.gd:33)

	   [7] _finalize_move (res://Gameplay/map/move_controller.gd:326)

	   [8] confirm_move (res://Gameplay/map/move_controller.gd:96)

	   [9] test_confirm_move_consumes_incremental_cost (res://tests/test_click_to_move.gd:159)

	   [10] _execute_test_case (res://addons/gdUnit4/src/core/_TestCase.gd:93)

	   [11] execute (res://addons/gdUnit4/src/core/_TestCase.gd:38)

	   [12] _execute (res://addons/gdUnit4/src/core/execution/stages/single/GdUnitTestCaseSingleTestStage.gd:10)

	   [13] execute (res://addons/gdUnit4/src/core/execution/stages/IGdUnitExecutionStage.gd:19)

	   [14] _execute (res://addons/gdUnit4/src/core/execution/stages/single/GdUnitTestCaseSingleExecutionStage.gd:17)

	   [15] execute (res://addons/gdUnit4/src/core/execution/stages/IGdUnitExecutionStage.gd:19)

	   [16] _execute (res://addons/gdUnit4/src/core/execution/stages/GdUnitTestCaseExecutionStage.gd:24)

	   [17] execute (res://addons/gdUnit4/src/core/execution/stages/IGdUnitExecutionStage.gd:19)

	   [18] _execute (res://addons/gdUnit4/src/core/execution/stages/GdUnitTestSuiteExecutionStage.gd:31)

	   [19] execute (res://addons/gdUnit4/src/core/execution/stages/IGdUnitExecutionStage.gd:19)

	   [20] _execute (res://addons/gdUnit4/src/core/execution/stages/GdUnitTestCaseExecutionStage.gd:31)

	   [21] error_monitor_stop (res://addons/gdUnit4/src/core/execution/GdUnitExecutionContext.gd:128)

	   [22] scan (res://addons/gdUnit4/src/monitor/GodotGdErrorMonitor.gd:48)

WARNING: [LevelContentSpawner] Verification: Unit 'Assassin' is missing a CombatPriorityProfile.

   at: push_warning (core/variant/variant_utility.cpp:1034)

   GDScript backtrace (most recent call first):

	   [0] _verify_unit_components (res://level/level_content_spawner.gd:148)

	   [1] _spawn_unit (res://level/level_content_spawner.gd:136)

	   [2] _spawn_roster_units_at_coords (res://level/level_content_spawner.gd:74)

	   [3] _spawn_player_units (res://level/level_content_spawner.gd:37)

	   [4] spawn_global_content (res://level/level_content_spawner.gd:23)

	   [5] spawn_global_content (res://level/level_builder.gd:24)

	   [6] spawn_global_content (res://level/level_manager_gameplay.gd:99)

	   [7] run_initialization_pipeline (res://level/level_initialization_orchestrator.gd:43)

	   [8] apply_level_if_available (res://level/level_manager_gameplay.gd:120)

	   [9] set_level_and_rebuild (res://level/level_manager_gameplay.gd:167)

	   [10] set_level_and_rebuild (res://Gameplay/gameplay.gd:125)

	   [11] test_confirm_move_requires_warning_when_leaving_threatened_hex (res://tests/test_click_to_move.gd:181)

	   [12] _execute_test_case (res://addons/gdUnit4/src/core/_TestCase.gd:93)

	   [13] execute (res://addons/gdUnit4/src/core/_TestCase.gd:38)

	   [14] _execute (res://addons/gdUnit4/src/core/execution/stages/single/GdUnitTestCaseSingleTestStage.gd:10)

	   [15] execute (res://addons/gdUnit4/src/core/execution/stages/IGdUnitExecutionStage.gd:19)

	   [16] _execute (res://addons/gdUnit4/src/core/execution/stages/single/GdUnitTestCaseSingleExecutionStage.gd:17)

	   [17] execute (res://addons/gdUnit4/src/core/execution/stages/IGdUnitExecutionStage.gd:19)

	   [18] _execute (res://addons/gdUnit4/src/core/execution/stages/GdUnitTestCaseExecutionStage.gd:24)

	   [19] execute (res://addons/gdUnit4/src/core/execution/stages/IGdUnitExecutionStage.gd:19)

	   [20] _execute (res://addons/gdUnit4/src/core/execution/stages/GdUnitTestSuiteExecutionStage.gd:31)

	   [21] execute (res://addons/gdUnit4/src/core/execution/stages/IGdUnitExecutionStage.gd:19)

	   [22] _execute (res://addons/gdUnit4/src/core/execution/stages/GdUnitTestCaseExecutionStage.gd:31)

	   [23] error_monitor_stop (res://addons/gdUnit4/src/core/execution/GdUnitExecutionContext.gd:128)

	   [24] scan (res://addons/gdUnit4/src/monitor/GodotGdErrorMonitor.gd:48)

WARNING: [LevelContentSpawner] Verification: Unit 'Enemy' is missing a CombatPriorityProfile.

   at: push_warning (core/variant/variant_utility.cpp:1034)

   GDScript backtrace (most recent call first):

	   [0] _verify_unit_components (res://level/level_content_spawner.gd:148)

	   [1] _spawn_unit (res://level/level_content_spawner.gd:136)

	   [2] _spawn_enemy_units (res://level/level_content_spawner.gd:91)

	   [3] spawn_global_content (res://level/level_content_spawner.gd:24)

	   [4] spawn_global_content (res://level/level_builder.gd:24)

	   [5] spawn_global_content (res://level/level_manager_gameplay.gd:99)

	   [6] run_initialization_pipeline (res://level/level_initialization_orchestrator.gd:43)

	   [7] apply_level_if_available (res://level/level_manager_gameplay.gd:120)

	   [8] set_level_and_rebuild (res://level/level_manager_gameplay.gd:167)

	   [9] set_level_and_rebuild (res://Gameplay/gameplay.gd:125)

	   [10] test_confirm_move_requires_warning_when_leaving_threatened_hex (res://tests/test_click_to_move.gd:181)

	   [11] _execute_test_case (res://addons/gdUnit4/src/core/_TestCase.gd:93)

	   [12] execute (res://addons/gdUnit4/src/core/_TestCase.gd:38)

	   [13] _execute (res://addons/gdUnit4/src/core/execution/stages/single/GdUnitTestCaseSingleTestStage.gd:10)

	   [14] execute (res://addons/gdUnit4/src/core/execution/stages/IGdUnitExecutionStage.gd:19)

	   [15] _execute (res://addons/gdUnit4/src/core/execution/stages/single/GdUnitTestCaseSingleExecutionStage.gd:17)

	   [16] execute (res://addons/gdUnit4/src/core/execution/stages/IGdUnitExecutionStage.gd:19)

	   [17] _execute (res://addons/gdUnit4/src/core/execution/stages/GdUnitTestCaseExecutionStage.gd:24)

	   [18] execute (res://addons/gdUnit4/src/core/execution/stages/IGdUnitExecutionStage.gd:19)

	   [19] _execute (res://addons/gdUnit4/src/core/execution/stages/GdUnitTestSuiteExecutionStage.gd:31)

	   [20] execute (res://addons/gdUnit4/src/core/execution/stages/IGdUnitExecutionStage.gd:19)

	   [21] _execute (res://addons/gdUnit4/src/core/execution/stages/GdUnitTestCaseExecutionStage.gd:31)

	   [22] error_monitor_stop (res://addons/gdUnit4/src/core/execution/GdUnitExecutionContext.gd:128)

	   [23] scan (res://addons/gdUnit4/src/monitor/GodotGdErrorMonitor.gd:48)

WARNING: CheckpointManager: Duplicate item UUID found on unit: 196cd286-78d8-1ae3-bd04-53b455d36fb8

   at: push_warning (core/variant/variant_utility.cpp:1034)

   GDScript backtrace (most recent call first):

	   [0] _validate_unique_items (res://Gameplay/turn/checkpoint_manager.gd:136)

	   [1] create_checkpoint (res://Gameplay/turn/checkpoint_manager.gd:46)

	   [2] on_checkpoint_requested (res://Gameplay/turn/checkpoint_manager.gd:14)

	   [3] on_turn_changed (res://Gameplay/turn/turn_controller.gd:214)

	   [4] _start_unit_turn (res://Gameplay/turn/turn_controller.gd:130)

	   [5] start_next_turn (res://Gameplay/turn/turn_controller.gd:94)

	   [6] _preserve_queue_state (res://Gameplay/turn/turn_controller.gd:188)

	   [7] rebuild_turn_roster (res://Gameplay/turn/turn_controller.gd:164)

	   [8] _update_turn_blocking (res://Gameplay/narrative/task/task_controller.gd:281)

	   [9] check_objective_conditions (res://Gameplay/narrative/task/task_controller.gd:234)

	   [10] finish_setup (res://Gameplay/narrative/task/task_controller.gd:69)

	   [11] finalize_setup (res://level/level_manager_gameplay.gd:113)

	   [12] run_initialization_pipeline (res://level/level_initialization_orchestrator.gd:54)

	   [13] apply_level_if_available (res://level/level_manager_gameplay.gd:120)

	   [14] set_level_and_rebuild (res://level/level_manager_gameplay.gd:167)

	   [15] set_level_and_rebuild (res://Gameplay/gameplay.gd:125)

	   [16] test_confirm_move_requires_warning_when_leaving_threatened_hex (res://tests/test_click_to_move.gd:181)

	   [17] _execute_test_case (res://addons/gdUnit4/src/core/_TestCase.gd:93)

	   [18] execute (res://addons/gdUnit4/src/core/_TestCase.gd:38)

	   [19] _execute (res://addons/gdUnit4/src/core/execution/stages/single/GdUnitTestCaseSingleTestStage.gd:10)

	   [20] execute (res://addons/gdUnit4/src/core/execution/stages/IGdUnitExecutionStage.gd:19)

	   [21] _execute (res://addons/gdUnit4/src/core/execution/stages/single/GdUnitTestCaseSingleExecutionStage.gd:17)

	   [22] execute (res://addons/gdUnit4/src/core/execution/stages/IGdUnitExecutionStage.gd:19)

	   [23] _execute (res://addons/gdUnit4/src/core/execution/stages/GdUnitTestCaseExecutionStage.gd:24)

	   [24] execute (res://addons/gdUnit4/src/core/execution/stages/IGdUnitExecutionStage.gd:19)

	   [25] _execute (res://addons/gdUnit4/src/core/execution/stages/GdUnitTestSuiteExecutionStage.gd:31)

	   [26] execute (res://addons/gdUnit4/src/core/execution/stages/IGdUnitExecutionStage.gd:19)

	   [27] _execute (res://addons/gdUnit4/src/core/execution/stages/GdUnitTestCaseExecutionStage.gd:31)

	   [28] error_monitor_stop (res://addons/gdUnit4/src/core/execution/GdUnitExecutionContext.gd:128)

	   [29] scan (res://addons/gdUnit4/src/monitor/GodotGdErrorMonitor.gd:48)

WARNING: [AnimationRequestService] Missing animation style 'hud_warning'. Using default.

   at: push_warning (core/variant/variant_utility.cpp:1034)

   GDScript backtrace (most recent call first):

	   [0] _get_style (res://Gameplay/animation_request_service.gd:156)

	   [1] request_warning_flash (res://Gameplay/animation_request_service.gd:114)

	   [2] show_warning_message (res://GUI/hud.gd:110)

	   [3] _execute_coordinate_move (res://Gameplay/map/move_controller.gd:298)

	   [4] request_move_to_coord (res://Gameplay/map/move_controller.gd:84)

	   [5] test_confirm_move_requires_warning_when_leaving_threatened_hex (res://tests/test_click_to_move.gd:187)

	   [6] _execute_test_case (res://addons/gdUnit4/src/core/_TestCase.gd:93)

	   [7] execute (res://addons/gdUnit4/src/core/_TestCase.gd:38)

	   [8] _execute (res://addons/gdUnit4/src/core/execution/stages/single/GdUnitTestCaseSingleTestStage.gd:10)

	   [9] execute (res://addons/gdUnit4/src/core/execution/stages/IGdUnitExecutionStage.gd:19)

	   [10] _execute (res://addons/gdUnit4/src/core/execution/stages/single/GdUnitTestCaseSingleExecutionStage.gd:17)

	   [11] execute (res://addons/gdUnit4/src/core/execution/stages/IGdUnitExecutionStage.gd:19)

	   [12] _execute (res://addons/gdUnit4/src/core/execution/stages/GdUnitTestCaseExecutionStage.gd:24)

	   [13] execute (res://addons/gdUnit4/src/core/execution/stages/IGdUnitExecutionStage.gd:19)

	   [14] _execute (res://addons/gdUnit4/src/core/execution/stages/GdUnitTestSuiteExecutionStage.gd:31)

	   [15] execute (res://addons/gdUnit4/src/core/execution/stages/IGdUnitExecutionStage.gd:19)

	   [16] _execute (res://addons/gdUnit4/src/core/execution/stages/GdUnitTestCaseExecutionStage.gd:31)

	   [17] error_monitor_stop (res://addons/gdUnit4/src/core/execution/GdUnitExecutionContext.gd:128)

	   [18] scan (res://addons/gdUnit4/src/monitor/GodotGdErrorMonitor.gd:48)

WARNING: [AnimationRequestService] Missing animation style 'unit_move'. Using default.

   at: push_warning (core/variant/variant_utility.cpp:1034)

   GDScript backtrace (most recent call first):

	   [0] _get_style (res://Gameplay/animation_request_service.gd:156)

	   [1] request_unit_move (res://Gameplay/animation_request_service.gd:45)

	   [2] on_unit_moved (res://Gameplay/animation_request_service.gd:87)

	   [3] set_coord (res://Gameplay/targets/unit_manager.gd:256)

	   [4] set_coord (res://Gameplay/targets/unit_controller.gd:28)

	   [5] _execute_coordinate_move (res://Gameplay/map/move_controller.gd:301)

	   [6] request_move_to_coord (res://Gameplay/map/move_controller.gd:84)

	   [7] test_confirm_move_requires_warning_when_leaving_threatened_hex (res://tests/test_click_to_move.gd:187)

	   [8] _execute_test_case (res://addons/gdUnit4/src/core/_TestCase.gd:93)

	   [9] execute (res://addons/gdUnit4/src/core/_TestCase.gd:38)

	   [10] _execute (res://addons/gdUnit4/src/core/execution/stages/single/GdUnitTestCaseSingleTestStage.gd:10)

	   [11] execute (res://addons/gdUnit4/src/core/execution/stages/IGdUnitExecutionStage.gd:19)

	   [12] _execute (res://addons/gdUnit4/src/core/execution/stages/single/GdUnitTestCaseSingleExecutionStage.gd:17)

	   [13] execute (res://addons/gdUnit4/src/core/execution/stages/IGdUnitExecutionStage.gd:19)

	   [14] _execute (res://addons/gdUnit4/src/core/execution/stages/GdUnitTestCaseExecutionStage.gd:24)

	   [15] execute (res://addons/gdUnit4/src/core/execution/stages/IGdUnitExecutionStage.gd:19)

	   [16] _execute (res://addons/gdUnit4/src/core/execution/stages/GdUnitTestSuiteExecutionStage.gd:31)

	   [17] execute (res://addons/gdUnit4/src/core/execution/stages/IGdUnitExecutionStage.gd:19)

	   [18] _execute (res://addons/gdUnit4/src/core/execution/stages/GdUnitTestCaseExecutionStage.gd:31)

	   [19] error_monitor_stop (res://addons/gdUnit4/src/core/execution/GdUnitExecutionContext.gd:128)

	   [20] scan (res://addons/gdUnit4/src/monitor/GodotGdErrorMonitor.gd:48)

WARNING: [AnimationRequestService] Missing animation style 'hud_warning'. Using default.

   at: push_warning (core/variant/variant_utility.cpp:1034)

   GDScript backtrace (most recent call first):

	   [0] _get_style (res://Gameplay/animation_request_service.gd:156)

	   [1] request_warning_flash (res://Gameplay/animation_request_service.gd:114)

	   [2] show_warning_message (res://GUI/hud.gd:110)

	   [3] _handle_threat_confirmation (res://Gameplay/map/move_controller.gd:319)

	   [4] confirm_move (res://Gameplay/map/move_controller.gd:92)

	   [5] test_confirm_move_requires_warning_when_leaving_threatened_hex (res://tests/test_click_to_move.gd:189)

	   [6] _execute_test_case (res://addons/gdUnit4/src/core/_TestCase.gd:93)

	   [7] execute (res://addons/gdUnit4/src/core/_TestCase.gd:38)

	   [8] _execute (res://addons/gdUnit4/src/core/execution/stages/single/GdUnitTestCaseSingleTestStage.gd:10)

	   [9] execute (res://addons/gdUnit4/src/core/execution/stages/IGdUnitExecutionStage.gd:19)

	   [10] _execute (res://addons/gdUnit4/src/core/execution/stages/single/GdUnitTestCaseSingleExecutionStage.gd:17)

	   [11] execute (res://addons/gdUnit4/src/core/execution/stages/IGdUnitExecutionStage.gd:19)

	   [12] _execute (res://addons/gdUnit4/src/core/execution/stages/GdUnitTestCaseExecutionStage.gd:24)

	   [13] execute (res://addons/gdUnit4/src/core/execution/stages/IGdUnitExecutionStage.gd:19)

	   [14] _execute (res://addons/gdUnit4/src/core/execution/stages/GdUnitTestSuiteExecutionStage.gd:31)

	   [15] execute (res://addons/gdUnit4/src/core/execution/stages/IGdUnitExecutionStage.gd:19)

	   [16] _execute (res://addons/gdUnit4/src/core/execution/stages/GdUnitTestCaseExecutionStage.gd:31)

	   [17] error_monitor_stop (res://addons/gdUnit4/src/core/execution/GdUnitExecutionContext.gd:128)

	   [18] scan (res://addons/gdUnit4/src/monitor/GodotGdErrorMonitor.gd:48)

WARNING: [AnimationRequestService] Missing animation style 'unit_move'. Using default.

   at: push_warning (core/variant/variant_utility.cpp:1034)

   GDScript backtrace (most recent call first):

	   [0] _get_style (res://Gameplay/animation_request_service.gd:156)

	   [1] request_unit_move (res://Gameplay/animation_request_service.gd:45)

	   [2] on_unit_moved (res://Gameplay/animation_request_service.gd:87)

	   [3] set_coord (res://Gameplay/targets/unit_manager.gd:256)

	   [4] set_coord (res://Gameplay/targets/unit_controller.gd:28)

	   [5] execute_move (res://Gameplay/map/move_execution_service.gd:6)

	   [6] finalize_tentative_move (res://Gameplay/map/move_execution_service.gd:33)

	   [7] _finalize_move (res://Gameplay/map/move_controller.gd:326)

	   [8] confirm_move (res://Gameplay/map/move_controller.gd:96)

	   [9] test_confirm_move_requires_warning_when_leaving_threatened_hex (res://tests/test_click_to_move.gd:192)

	   [10] _execute_test_case (res://addons/gdUnit4/src/core/_TestCase.gd:93)

	   [11] execute (res://addons/gdUnit4/src/core/_TestCase.gd:38)

	   [12] _execute (res://addons/gdUnit4/src/core/execution/stages/single/GdUnitTestCaseSingleTestStage.gd:10)

	   [13] execute (res://addons/gdUnit4/src/core/execution/stages/IGdUnitExecutionStage.gd:19)

	   [14] _execute (res://addons/gdUnit4/src/core/execution/stages/single/GdUnitTestCaseSingleExecutionStage.gd:17)

	   [15] execute (res://addons/gdUnit4/src/core/execution/stages/IGdUnitExecutionStage.gd:19)

	   [16] _execute (res://addons/gdUnit4/src/core/execution/stages/GdUnitTestCaseExecutionStage.gd:24)

	   [17] execute (res://addons/gdUnit4/src/core/execution/stages/IGdUnitExecutionStage.gd:19)

	   [18] _execute (res://addons/gdUnit4/src/core/execution/stages/GdUnitTestSuiteExecutionStage.gd:31)

	   [19] execute (res://addons/gdUnit4/src/core/execution/stages/IGdUnitExecutionStage.gd:19)

	   [20] _execute (res://addons/gdUnit4/src/core/execution/stages/GdUnitTestCaseExecutionStage.gd:31)

	   [21] error_monitor_stop (res://addons/gdUnit4/src/core/execution/GdUnitExecutionContext.gd:128)

	   [22] scan (res://addons/gdUnit4/src/monitor/GodotGdErrorMonitor.gd:48)

WARNING: [Connectivity] Primary player start at (1, 1) is on impassable terrain for test_level

   at: push_warning (core/variant/variant_utility.cpp:1034)

   GDScript backtrace (most recent call first):

	   [0] warn (res://level/level_log.gd:17)

	   [1] validate (res://level/level_row_validator.gd:36)

	   [2] test_connectivity_failure_with_ring (res://tests/test_connectivity_validation.gd:31)

	   [3] _execute_test_case (res://addons/gdUnit4/src/core/_TestCase.gd:93)

	   [4] execute (res://addons/gdUnit4/src/core/_TestCase.gd:38)

	   [5] _execute (res://addons/gdUnit4/src/core/execution/stages/single/GdUnitTestCaseSingleTestStage.gd:10)

	   [6] execute (res://addons/gdUnit4/src/core/execution/stages/IGdUnitExecutionStage.gd:19)

	   [7] _execute (res://addons/gdUnit4/src/core/execution/stages/single/GdUnitTestCaseSingleExecutionStage.gd:17)

	   [8] execute (res://addons/gdUnit4/src/core/execution/stages/IGdUnitExecutionStage.gd:19)

	   [9] _execute (res://addons/gdUnit4/src/core/execution/stages/GdUnitTestCaseExecutionStage.gd:24)

	   [10] execute (res://addons/gdUnit4/src/core/execution/stages/IGdUnitExecutionStage.gd:19)

	   [11] _execute (res://addons/gdUnit4/src/core/execution/stages/GdUnitTestSuiteExecutionStage.gd:31)

	   [12] execute (res://addons/gdUnit4/src/core/execution/stages/IGdUnitExecutionStage.gd:19)

	   [13] execute (res://addons/gdUnit4/src/core/execution/GdUnitTestSuiteExecutor.gd:23)

WARNING: [Connectivity] Primary player start at (0, 0) is on impassable terrain for test_level

   at: push_warning (core/variant/variant_utility.cpp:1034)

   GDScript backtrace (most recent call first):

	   [0] warn (res://level/level_log.gd:17)

	   [1] validate (res://level/level_row_validator.gd:36)

	   [2] test_connectivity_failure_start_impassable (res://tests/test_connectivity_validation.gd:85)

	   [3] _execute_test_case (res://addons/gdUnit4/src/core/_TestCase.gd:93)

	   [4] execute (res://addons/gdUnit4/src/core/_TestCase.gd:38)

	   [5] _execute (res://addons/gdUnit4/src/core/execution/stages/single/GdUnitTestCaseSingleTestStage.gd:10)

	   [6] execute (res://addons/gdUnit4/src/core/execution/stages/IGdUnitExecutionStage.gd:19)

	   [7] _execute (res://addons/gdUnit4/src/core/execution/stages/single/GdUnitTestCaseSingleExecutionStage.gd:17)

	   [8] execute (res://addons/gdUnit4/src/core/execution/stages/IGdUnitExecutionStage.gd:19)

	   [9] _execute (res://addons/gdUnit4/src/core/execution/stages/GdUnitTestCaseExecutionStage.gd:24)

	   [10] execute (res://addons/gdUnit4/src/core/execution/stages/IGdUnitExecutionStage.gd:19)

	   [11] _execute (res://addons/gdUnit4/src/core/execution/stages/GdUnitTestSuiteExecutionStage.gd:31)

	   [12] execute (res://addons/gdUnit4/src/core/execution/stages/IGdUnitExecutionStage.gd:19)

	   [13] _execute (res://addons/gdUnit4/src/core/execution/stages/GdUnitTestCaseExecutionStage.gd:31)

	   [14] error_monitor_stop (res://addons/gdUnit4/src/core/execution/GdUnitExecutionContext.gd:128)

	   [15] scan (res://addons/gdUnit4/src/monitor/GodotGdErrorMonitor.gd:48)

WARNING: [ActionsPanel] No unit selected.

   at: push_warning (core/variant/variant_utility.cpp:1034)

   GDScript backtrace (most recent call first):

	   [0] _handle_invalid_states (res://GUI/actions_panel.gd:93)

	   [1] update_actions (res://GUI/actions_panel.gd:75)

	   [2] _on_unit_manager_selection_changed (res://GUI/HUD/hud_controller.gd:266)

	   [3] _update_initial_state (res://GUI/HUD/hud_controller.gd:124)

WARNING: [ActionsPanel] No unit selected.

   at: push_warning (core/variant/variant_utility.cpp:1034)

   GDScript backtrace (most recent call first):

	   [0] _handle_invalid_states (res://GUI/actions_panel.gd:93)

	   [1] update_actions (res://GUI/actions_panel.gd:75)

	   [2] _on_unit_manager_selection_changed (res://GUI/HUD/hud_controller.gd:266)

	   [3] _update_initial_state (res://GUI/HUD/hud_controller.gd:124)

SCRIPT ERROR: Trying to assign a non-object value to a variable of type 'game_state.gd'.

   at: _prepare_service (res://tests/test_dialogue_action_service.gd:46)

   GDScript backtrace (most recent call first):

	   [0] _prepare_service (res://tests/test_dialogue_action_service.gd:46)

	   [1] test_append_dialogue_actions_adds_talk_entry (res://tests/test_dialogue_action_service.gd:51)

	   [2] _execute_test_case (res://addons/gdUnit4/src/core/_TestCase.gd:93)

	   [3] execute (res://addons/gdUnit4/src/core/_TestCase.gd:38)

	   [4] _execute (res://addons/gdUnit4/src/core/execution/stages/single/GdUnitTestCaseSingleTestStage.gd:10)

	   [5] execute (res://addons/gdUnit4/src/core/execution/stages/IGdUnitExecutionStage.gd:19)

	   [6] _execute (res://addons/gdUnit4/src/core/execution/stages/single/GdUnitTestCaseSingleExecutionStage.gd:17)

	   [7] execute (res://addons/gdUnit4/src/core/execution/stages/IGdUnitExecutionStage.gd:19)

	   [8] _execute (res://addons/gdUnit4/src/core/execution/stages/GdUnitTestCaseExecutionStage.gd:24)

	   [9] execute (res://addons/gdUnit4/src/core/execution/stages/IGdUnitExecutionStage.gd:19)

	   [10] _execute (res://addons/gdUnit4/src/core/execution/stages/GdUnitTestSuiteExecutionStage.gd:31)

	   [11] execute (res://addons/gdUnit4/src/core/execution/stages/IGdUnitExecutionStage.gd:19)

	   [12] execute (res://addons/gdUnit4/src/core/execution/GdUnitTestSuiteExecutor.gd:23)

SCRIPT ERROR: Invalid access to property or key '_unit_manager' on a base object of type 'Nil'.

   at: test_append_dialogue_actions_adds_talk_entry (res://tests/test_dialogue_action_service.gd:52)

   GDScript backtrace (most recent call first):

	   [0] test_append_dialogue_actions_adds_talk_entry (res://tests/test_dialogue_action_service.gd:52)

	   [1] _execute_test_case (res://addons/gdUnit4/src/core/_TestCase.gd:93)

	   [2] execute (res://addons/gdUnit4/src/core/_TestCase.gd:38)

	   [3] _execute (res://addons/gdUnit4/src/core/execution/stages/single/GdUnitTestCaseSingleTestStage.gd:10)

	   [4] execute (res://addons/gdUnit4/src/core/execution/stages/IGdUnitExecutionStage.gd:19)

	   [5] _execute (res://addons/gdUnit4/src/core/execution/stages/single/GdUnitTestCaseSingleExecutionStage.gd:17)

	   [6] execute (res://addons/gdUnit4/src/core/execution/stages/IGdUnitExecutionStage.gd:19)

	   [7] _execute (res://addons/gdUnit4/src/core/execution/stages/GdUnitTestCaseExecutionStage.gd:24)

	   [8] execute (res://addons/gdUnit4/src/core/execution/stages/IGdUnitExecutionStage.gd:19)

	   [9] _execute (res://addons/gdUnit4/src/core/execution/stages/GdUnitTestSuiteExecutionStage.gd:31)

	   [10] execute (res://addons/gdUnit4/src/core/execution/stages/IGdUnitExecutionStage.gd:19)

	   [11] execute (res://addons/gdUnit4/src/core/execution/GdUnitTestSuiteExecutor.gd:23)

SCRIPT ERROR: Trying to assign a non-object value to a variable of type 'game_state.gd'.

   at: _prepare_service (res://tests/test_dialogue_action_service.gd:46)

   GDScript backtrace (most recent call first):

	   [0] _prepare_service (res://tests/test_dialogue_action_service.gd:46)

	   [1] test_start_dialogue_consumes_action_and_sets_flag (res://tests/test_dialogue_action_service.gd:77)

	   [2] _execute_test_case (res://addons/gdUnit4/src/core/_TestCase.gd:93)

	   [3] execute (res://addons/gdUnit4/src/core/_TestCase.gd:38)

	   [4] _execute (res://addons/gdUnit4/src/core/execution/stages/single/GdUnitTestCaseSingleTestStage.gd:10)

	   [5] execute (res://addons/gdUnit4/src/core/execution/stages/IGdUnitExecutionStage.gd:19)

	   [6] _execute (res://addons/gdUnit4/src/core/execution/stages/single/GdUnitTestCaseSingleExecutionStage.gd:17)

	   [7] execute (res://addons/gdUnit4/src/core/execution/stages/IGdUnitExecutionStage.gd:19)

	   [8] _execute (res://addons/gdUnit4/src/core/execution/stages/GdUnitTestCaseExecutionStage.gd:24)

	   [9] execute (res://addons/gdUnit4/src/core/execution/stages/IGdUnitExecutionStage.gd:19)

	   [10] _execute (res://addons/gdUnit4/src/core/execution/stages/GdUnitTestSuiteExecutionStage.gd:31)

	   [11] execute (res://addons/gdUnit4/src/core/execution/stages/IGdUnitExecutionStage.gd:19)

	   [12] _execute (res://addons/gdUnit4/src/core/execution/stages/GdUnitTestCaseExecutionStage.gd:31)

	   [13] error_monitor_stop (res://addons/gdUnit4/src/core/execution/GdUnitExecutionContext.gd:128)

	   [14] scan (res://addons/gdUnit4/src/monitor/GodotGdErrorMonitor.gd:48)

SCRIPT ERROR: Invalid access to property or key '_unit_manager' on a base object of type 'Nil'.

   at: test_start_dialogue_consumes_action_and_sets_flag (res://tests/test_dialogue_action_service.gd:78)

   GDScript backtrace (most recent call first):

	   [0] test_start_dialogue_consumes_action_and_sets_flag (res://tests/test_dialogue_action_service.gd:78)

	   [1] _execute_test_case (res://addons/gdUnit4/src/core/_TestCase.gd:93)

	   [2] execute (res://addons/gdUnit4/src/core/_TestCase.gd:38)

	   [3] _execute (res://addons/gdUnit4/src/core/execution/stages/single/GdUnitTestCaseSingleTestStage.gd:10)

	   [4] execute (res://addons/gdUnit4/src/core/execution/stages/IGdUnitExecutionStage.gd:19)

	   [5] _execute (res://addons/gdUnit4/src/core/execution/stages/single/GdUnitTestCaseSingleExecutionStage.gd:17)

	   [6] execute (res://addons/gdUnit4/src/core/execution/stages/IGdUnitExecutionStage.gd:19)

	   [7] _execute (res://addons/gdUnit4/src/core/execution/stages/GdUnitTestCaseExecutionStage.gd:24)

	   [8] execute (res://addons/gdUnit4/src/core/execution/stages/IGdUnitExecutionStage.gd:19)

	   [9] _execute (res://addons/gdUnit4/src/core/execution/stages/GdUnitTestSuiteExecutionStage.gd:31)

	   [10] execute (res://addons/gdUnit4/src/core/execution/stages/IGdUnitExecutionStage.gd:19)

	   [11] _execute (res://addons/gdUnit4/src/core/execution/stages/GdUnitTestCaseExecutionStage.gd:31)

	   [12] error_monitor_stop (res://addons/gdUnit4/src/core/execution/GdUnitExecutionContext.gd:128)

	   [13] scan (res://addons/gdUnit4/src/monitor/GodotGdErrorMonitor.gd:48)

SCRIPT ERROR: Trying to assign a non-object value to a variable of type 'game_state.gd'.

   at: _prepare_service (res://tests/test_dialogue_action_service.gd:46)

   GDScript backtrace (most recent call first):

	   [0] _prepare_service (res://tests/test_dialogue_action_service.gd:46)

	   [1] test_trigger_group_marks_all_seen (res://tests/test_dialogue_action_service.gd:104)

	   [2] _execute_test_case (res://addons/gdUnit4/src/core/_TestCase.gd:93)

	   [3] execute (res://addons/gdUnit4/src/core/_TestCase.gd:38)

	   [4] _execute (res://addons/gdUnit4/src/core/execution/stages/single/GdUnitTestCaseSingleTestStage.gd:10)

	   [5] execute (res://addons/gdUnit4/src/core/execution/stages/IGdUnitExecutionStage.gd:19)

	   [6] _execute (res://addons/gdUnit4/src/core/execution/stages/single/GdUnitTestCaseSingleExecutionStage.gd:17)

	   [7] execute (res://addons/gdUnit4/src/core/execution/stages/IGdUnitExecutionStage.gd:19)

	   [8] _execute (res://addons/gdUnit4/src/core/execution/stages/GdUnitTestCaseExecutionStage.gd:24)

	   [9] execute (res://addons/gdUnit4/src/core/execution/stages/IGdUnitExecutionStage.gd:19)

	   [10] _execute (res://addons/gdUnit4/src/core/execution/stages/GdUnitTestSuiteExecutionStage.gd:31)

	   [11] execute (res://addons/gdUnit4/src/core/execution/stages/IGdUnitExecutionStage.gd:19)

	   [12] _execute (res://addons/gdUnit4/src/core/execution/stages/GdUnitTestCaseExecutionStage.gd:31)

	   [13] error_monitor_stop (res://addons/gdUnit4/src/core/execution/GdUnitExecutionContext.gd:128)

	   [14] scan (res://addons/gdUnit4/src/monitor/GodotGdErrorMonitor.gd:48)

SCRIPT ERROR: Invalid access to property or key '_unit_manager' on a base object of type 'Nil'.

   at: test_trigger_group_marks_all_seen (res://tests/test_dialogue_action_service.gd:105)

   GDScript backtrace (most recent call first):

	   [0] test_trigger_group_marks_all_seen (res://tests/test_dialogue_action_service.gd:105)

	   [1] _execute_test_case (res://addons/gdUnit4/src/core/_TestCase.gd:93)

	   [2] execute (res://addons/gdUnit4/src/core/_TestCase.gd:38)

	   [3] _execute (res://addons/gdUnit4/src/core/execution/stages/single/GdUnitTestCaseSingleTestStage.gd:10)

	   [4] execute (res://addons/gdUnit4/src/core/execution/stages/IGdUnitExecutionStage.gd:19)

	   [5] _execute (res://addons/gdUnit4/src/core/execution/stages/single/GdUnitTestCaseSingleExecutionStage.gd:17)

	   [6] execute (res://addons/gdUnit4/src/core/execution/stages/IGdUnitExecutionStage.gd:19)

	   [7] _execute (res://addons/gdUnit4/src/core/execution/stages/GdUnitTestCaseExecutionStage.gd:24)

	   [8] execute (res://addons/gdUnit4/src/core/execution/stages/IGdUnitExecutionStage.gd:19)

	   [9] _execute (res://addons/gdUnit4/src/core/execution/stages/GdUnitTestSuiteExecutionStage.gd:31)

	   [10] execute (res://addons/gdUnit4/src/core/execution/stages/IGdUnitExecutionStage.gd:19)

	   [11] _execute (res://addons/gdUnit4/src/core/execution/stages/GdUnitTestCaseExecutionStage.gd:31)

	   [12] error_monitor_stop (res://addons/gdUnit4/src/core/execution/GdUnitExecutionContext.gd:128)

	   [13] scan (res://addons/gdUnit4/src/monitor/GodotGdErrorMonitor.gd:48)

SCRIPT ERROR: Trying to assign a non-object value to a variable of type 'game_state.gd'.

   at: _prepare_service (res://tests/test_dialogue_action_service.gd:46)

   GDScript backtrace (most recent call first):

	   [0] _prepare_service (res://tests/test_dialogue_action_service.gd:46)

	   [1] test_leader_placeholder_matches_active_leader (res://tests/test_dialogue_action_service.gd:136)

	   [2] _execute_test_case (res://addons/gdUnit4/src/core/_TestCase.gd:93)

	   [3] execute (res://addons/gdUnit4/src/core/_TestCase.gd:38)

	   [4] _execute (res://addons/gdUnit4/src/core/execution/stages/single/GdUnitTestCaseSingleTestStage.gd:10)

	   [5] execute (res://addons/gdUnit4/src/core/execution/stages/IGdUnitExecutionStage.gd:19)

	   [6] _execute (res://addons/gdUnit4/src/core/execution/stages/single/GdUnitTestCaseSingleExecutionStage.gd:17)

	   [7] execute (res://addons/gdUnit4/src/core/execution/stages/IGdUnitExecutionStage.gd:19)

	   [8] _execute (res://addons/gdUnit4/src/core/execution/stages/GdUnitTestCaseExecutionStage.gd:24)

	   [9] execute (res://addons/gdUnit4/src/core/execution/stages/IGdUnitExecutionStage.gd:19)

	   [10] _execute (res://addons/gdUnit4/src/core/execution/stages/GdUnitTestSuiteExecutionStage.gd:31)

	   [11] execute (res://addons/gdUnit4/src/core/execution/stages/IGdUnitExecutionStage.gd:19)

	   [12] _execute (res://addons/gdUnit4/src/core/execution/stages/GdUnitTestCaseExecutionStage.gd:31)

	   [13] error_monitor_stop (res://addons/gdUnit4/src/core/execution/GdUnitExecutionContext.gd:128)

	   [14] scan (res://addons/gdUnit4/src/monitor/GodotGdErrorMonitor.gd:48)

SCRIPT ERROR: Invalid access to property or key '_unit_manager' on a base object of type 'Nil'.

   at: test_leader_placeholder_matches_active_leader (res://tests/test_dialogue_action_service.gd:137)

   GDScript backtrace (most recent call first):

	   [0] test_leader_placeholder_matches_active_leader (res://tests/test_dialogue_action_service.gd:137)

	   [1] _execute_test_case (res://addons/gdUnit4/src/core/_TestCase.gd:93)

	   [2] execute (res://addons/gdUnit4/src/core/_TestCase.gd:38)

	   [3] _execute (res://addons/gdUnit4/src/core/execution/stages/single/GdUnitTestCaseSingleTestStage.gd:10)

	   [4] execute (res://addons/gdUnit4/src/core/execution/stages/IGdUnitExecutionStage.gd:19)

	   [5] _execute (res://addons/gdUnit4/src/core/execution/stages/single/GdUnitTestCaseSingleExecutionStage.gd:17)

	   [6] execute (res://addons/gdUnit4/src/core/execution/stages/IGdUnitExecutionStage.gd:19)

	   [7] _execute (res://addons/gdUnit4/src/core/execution/stages/GdUnitTestCaseExecutionStage.gd:24)

	   [8] execute (res://addons/gdUnit4/src/core/execution/stages/IGdUnitExecutionStage.gd:19)

	   [9] _execute (res://addons/gdUnit4/src/core/execution/stages/GdUnitTestSuiteExecutionStage.gd:31)

	   [10] execute (res://addons/gdUnit4/src/core/execution/stages/IGdUnitExecutionStage.gd:19)

	   [11] _execute (res://addons/gdUnit4/src/core/execution/stages/GdUnitTestCaseExecutionStage.gd:31)

	   [12] error_monitor_stop (res://addons/gdUnit4/src/core/execution/GdUnitExecutionContext.gd:128)

	   [13] scan (res://addons/gdUnit4/src/monitor/GodotGdErrorMonitor.gd:48)

SCRIPT ERROR: Trying to assign a non-object value to a variable of type 'game_state.gd'.

   at: _prepare_service (res://tests/test_dialogue_action_service.gd:46)

   GDScript backtrace (most recent call first):

	   [0] _prepare_service (res://tests/test_dialogue_action_service.gd:46)

	   [1] test_partner_initiation_allows_reverse_start (res://tests/test_dialogue_action_service.gd:157)

	   [2] _execute_test_case (res://addons/gdUnit4/src/core/_TestCase.gd:93)

	   [3] execute (res://addons/gdUnit4/src/core/_TestCase.gd:38)

	   [4] _execute (res://addons/gdUnit4/src/core/execution/stages/single/GdUnitTestCaseSingleTestStage.gd:10)

	   [5] execute (res://addons/gdUnit4/src/core/execution/stages/IGdUnitExecutionStage.gd:19)

	   [6] _execute (res://addons/gdUnit4/src/core/execution/stages/single/GdUnitTestCaseSingleExecutionStage.gd:17)

	   [7] execute (res://addons/gdUnit4/src/core/execution/stages/IGdUnitExecutionStage.gd:19)

	   [8] _execute (res://addons/gdUnit4/src/core/execution/stages/GdUnitTestCaseExecutionStage.gd:24)

	   [9] execute (res://addons/gdUnit4/src/core/execution/stages/IGdUnitExecutionStage.gd:19)

	   [10] _execute (res://addons/gdUnit4/src/core/execution/stages/GdUnitTestSuiteExecutionStage.gd:31)

	   [11] execute (res://addons/gdUnit4/src/core/execution/stages/IGdUnitExecutionStage.gd:19)

	   [12] _execute (res://addons/gdUnit4/src/core/execution/stages/GdUnitTestCaseExecutionStage.gd:31)

	   [13] error_monitor_stop (res://addons/gdUnit4/src/core/execution/GdUnitExecutionContext.gd:128)

	   [14] scan (res://addons/gdUnit4/src/monitor/GodotGdErrorMonitor.gd:48)

SCRIPT ERROR: Invalid access to property or key '_unit_manager' on a base object of type 'Nil'.

   at: test_partner_initiation_allows_reverse_start (res://tests/test_dialogue_action_service.gd:158)

   GDScript backtrace (most recent call first):

	   [0] test_partner_initiation_allows_reverse_start (res://tests/test_dialogue_action_service.gd:158)

	   [1] _execute_test_case (res://addons/gdUnit4/src/core/_TestCase.gd:93)

	   [2] execute (res://addons/gdUnit4/src/core/_TestCase.gd:38)

	   [3] _execute (res://addons/gdUnit4/src/core/execution/stages/single/GdUnitTestCaseSingleTestStage.gd:10)

	   [4] execute (res://addons/gdUnit4/src/core/execution/stages/IGdUnitExecutionStage.gd:19)

	   [5] _execute (res://addons/gdUnit4/src/core/execution/stages/single/GdUnitTestCaseSingleExecutionStage.gd:17)

	   [6] execute (res://addons/gdUnit4/src/core/execution/stages/IGdUnitExecutionStage.gd:19)

	   [7] _execute (res://addons/gdUnit4/src/core/execution/stages/GdUnitTestCaseExecutionStage.gd:24)

	   [8] execute (res://addons/gdUnit4/src/core/execution/stages/IGdUnitExecutionStage.gd:19)

	   [9] _execute (res://addons/gdUnit4/src/core/execution/stages/GdUnitTestSuiteExecutionStage.gd:31)

	   [10] execute (res://addons/gdUnit4/src/core/execution/stages/IGdUnitExecutionStage.gd:19)

	   [11] _execute (res://addons/gdUnit4/src/core/execution/stages/GdUnitTestCaseExecutionStage.gd:31)

	   [12] error_monitor_stop (res://addons/gdUnit4/src/core/execution/GdUnitExecutionContext.gd:128)

	   [13] scan (res://addons/gdUnit4/src/monitor/GodotGdErrorMonitor.gd:48)

SCRIPT ERROR: Invalid assignment of property or key 'task_controller' with value of type 'RefCounted (FakeTaskController)' on a base object of type 'RefCounted (GameState)'.

   at: _make_service (res://tests/test_dialogue_action_service_extended.gd:29)

   GDScript backtrace (most recent call first):

	   [0] _make_service (res://tests/test_dialogue_action_service_extended.gd:29)

	   [1] test_prepare_for_level_replaces_active_triggers (res://tests/test_dialogue_action_service_extended.gd:39)

	   [2] _execute_test_case (res://addons/gdUnit4/src/core/_TestCase.gd:93)

	   [3] execute (res://addons/gdUnit4/src/core/_TestCase.gd:38)

	   [4] _execute (res://addons/gdUnit4/src/core/execution/stages/single/GdUnitTestCaseSingleTestStage.gd:10)

	   [5] execute (res://addons/gdUnit4/src/core/execution/stages/IGdUnitExecutionStage.gd:19)

	   [6] _execute (res://addons/gdUnit4/src/core/execution/stages/single/GdUnitTestCaseSingleExecutionStage.gd:17)

	   [7] execute (res://addons/gdUnit4/src/core/execution/stages/IGdUnitExecutionStage.gd:19)

	   [8] _execute (res://addons/gdUnit4/src/core/execution/stages/GdUnitTestCaseExecutionStage.gd:24)

	   [9] execute (res://addons/gdUnit4/src/core/execution/stages/IGdUnitExecutionStage.gd:19)

	   [10] _execute (res://addons/gdUnit4/src/core/execution/stages/GdUnitTestSuiteExecutionStage.gd:31)

	   [11] execute (res://addons/gdUnit4/src/core/execution/stages/IGdUnitExecutionStage.gd:19)

	   [12] execute (res://addons/gdUnit4/src/core/execution/GdUnitTestSuiteExecutor.gd:23)

SCRIPT ERROR: Invalid call. Nonexistent function 'set_level' in base 'Nil'.

   at: test_prepare_for_level_replaces_active_triggers (res://tests/test_dialogue_action_service_extended.gd:45)

   GDScript backtrace (most recent call first):

	   [0] test_prepare_for_level_replaces_active_triggers (res://tests/test_dialogue_action_service_extended.gd:45)

	   [1] _execute_test_case (res://addons/gdUnit4/src/core/_TestCase.gd:93)

	   [2] execute (res://addons/gdUnit4/src/core/_TestCase.gd:38)

	   [3] _execute (res://addons/gdUnit4/src/core/execution/stages/single/GdUnitTestCaseSingleTestStage.gd:10)

	   [4] execute (res://addons/gdUnit4/src/core/execution/stages/IGdUnitExecutionStage.gd:19)

	   [5] _execute (res://addons/gdUnit4/src/core/execution/stages/single/GdUnitTestCaseSingleExecutionStage.gd:17)

	   [6] execute (res://addons/gdUnit4/src/core/execution/stages/IGdUnitExecutionStage.gd:19)

	   [7] _execute (res://addons/gdUnit4/src/core/execution/stages/GdUnitTestCaseExecutionStage.gd:24)

	   [8] execute (res://addons/gdUnit4/src/core/execution/stages/IGdUnitExecutionStage.gd:19)

	   [9] _execute (res://addons/gdUnit4/src/core/execution/stages/GdUnitTestSuiteExecutionStage.gd:31)

	   [10] execute (res://addons/gdUnit4/src/core/execution/stages/IGdUnitExecutionStage.gd:19)

	   [11] execute (res://addons/gdUnit4/src/core/execution/GdUnitTestSuiteExecutor.gd:23)

SCRIPT ERROR: Invalid call. Nonexistent function 'id' in base 'Nil'.

   at: GdUnitTestCaseSingleExecutionStage._execute (res://addons/gdUnit4/src/core/execution/stages/single/GdUnitTestCaseSingleExecutionStage.gd:28)

   GDScript backtrace (most recent call first):

	   [0] _execute (res://addons/gdUnit4/src/core/execution/stages/single/GdUnitTestCaseSingleExecutionStage.gd:28)

	   [1] execute (res://addons/gdUnit4/src/core/execution/stages/IGdUnitExecutionStage.gd:19)

	   [2] _execute (res://addons/gdUnit4/src/core/execution/stages/GdUnitTestCaseAfterStage.gd:22)

	   [3] error_monitor_stop (res://addons/gdUnit4/src/core/execution/GdUnitExecutionContext.gd:130)

	   [4] scan (res://addons/gdUnit4/src/monitor/GodotGdErrorMonitor.gd:48)

SCRIPT ERROR: Invalid call. Nonexistent function 'is_interupted' in base 'previously freed'.

   at: GdUnitTestSuiteExecutionStage._execute (res://addons/gdUnit4/src/core/execution/stages/GdUnitTestSuiteExecutionStage.gd:35)

   GDScript backtrace (most recent call first):

	   [0] _execute (res://addons/gdUnit4/src/core/execution/stages/GdUnitTestSuiteExecutionStage.gd:35)

	   [1] execute (res://addons/gdUnit4/src/core/execution/stages/IGdUnitExecutionStage.gd:19)

	   [2] _execute (res://addons/gdUnit4/src/core/execution/stages/GdUnitTestCaseExecutionStage.gd:30)

	   [3] error_monitor_stop (res://addons/gdUnit4/src/core/execution/GdUnitExecutionContext.gd:130)

	   [4] scan (res://addons/gdUnit4/src/monitor/GodotGdErrorMonitor.gd:48)

SCRIPT ERROR: Invalid assignment of property or key 'dialogue_id' with value of type 'String' on a base object of type 'Node2D (DialogueTrigger)'.

   at: test_dialogue_action_trigger_at_coord (res://tests/test_dialogue_extended_2.gd:38)

   GDScript backtrace (most recent call first):

	   [0] test_dialogue_action_trigger_at_coord (res://tests/test_dialogue_extended_2.gd:38)

	   [1] _execute_test_case (res://addons/gdUnit4/src/core/_TestCase.gd:93)

	   [2] execute (res://addons/gdUnit4/src/core/_TestCase.gd:38)

	   [3] _execute (res://addons/gdUnit4/src/core/execution/stages/single/GdUnitTestCaseSingleTestStage.gd:10)

	   [4] execute (res://addons/gdUnit4/src/core/execution/stages/IGdUnitExecutionStage.gd:19)

	   [5] _execute (res://addons/gdUnit4/src/core/execution/stages/single/GdUnitTestCaseSingleExecutionStage.gd:17)

	   [6] execute (res://addons/gdUnit4/src/core/execution/stages/IGdUnitExecutionStage.gd:19)

	   [7] _execute (res://addons/gdUnit4/src/core/execution/stages/GdUnitTestCaseExecutionStage.gd:24)

	   [8] execute (res://addons/gdUnit4/src/core/execution/stages/IGdUnitExecutionStage.gd:19)

	   [9] _execute (res://addons/gdUnit4/src/core/execution/stages/GdUnitTestSuiteExecutionStage.gd:31)

	   [10] execute (res://addons/gdUnit4/src/core/execution/stages/IGdUnitExecutionStage.gd:19)

	   [11] execute (res://addons/gdUnit4/src/core/execution/GdUnitTestSuiteExecutor.gd:23)

ERROR: Failed to load dialogue resource at 'res://invalid_path.tres'

   at: push_error (core/variant/variant_utility.cpp:1024)

   GDScript backtrace (most recent call first):

	   [0] _start_direct_dialogue (res://Gameplay/narrative/dialogue/dialogue_action_service.gd:141)

	   [1] handle_dialogue_request (res://Gameplay/narrative/dialogue/dialogue_action_service.gd:136)

	   [2] test_dialogue_action_handle_dialogue_request (res://tests/test_dialogue_extended_2.gd:66)

	   [3] _execute_test_case (res://addons/gdUnit4/src/core/_TestCase.gd:93)

	   [4] execute (res://addons/gdUnit4/src/core/_TestCase.gd:38)

	   [5] _execute (res://addons/gdUnit4/src/core/execution/stages/single/GdUnitTestCaseSingleTestStage.gd:10)

	   [6] execute (res://addons/gdUnit4/src/core/execution/stages/IGdUnitExecutionStage.gd:19)

	   [7] _execute (res://addons/gdUnit4/src/core/execution/stages/single/GdUnitTestCaseSingleExecutionStage.gd:17)

	   [8] execute (res://addons/gdUnit4/src/core/execution/stages/IGdUnitExecutionStage.gd:19)

	   [9] _execute (res://addons/gdUnit4/src/core/execution/stages/GdUnitTestCaseExecutionStage.gd:24)

	   [10] execute (res://addons/gdUnit4/src/core/execution/stages/IGdUnitExecutionStage.gd:19)

	   [11] _execute (res://addons/gdUnit4/src/core/execution/stages/GdUnitTestSuiteExecutionStage.gd:31)

	   [12] execute (res://addons/gdUnit4/src/core/execution/stages/IGdUnitExecutionStage.gd:19)

	   [13] _execute (res://addons/gdUnit4/src/core/execution/stages/GdUnitTestCaseExecutionStage.gd:31)

	   [14] error_monitor_stop (res://addons/gdUnit4/src/core/execution/GdUnitExecutionContext.gd:128)

	   [15] scan (res://addons/gdUnit4/src/monitor/GodotGdErrorMonitor.gd:48)

ERROR: Failed to load dialogue resource at 'res://Dialogue/Missing.dialogue'

   at: push_error (core/variant/variant_utility.cpp:1024)

   GDScript backtrace (most recent call first):

	   [0] _start_direct_dialogue (res://Gameplay/narrative/dialogue/dialogue_action_service.gd:141)

	   [1] handle_dialogue_request (res://Gameplay/narrative/dialogue/dialogue_action_service.gd:136)

	   [2] test_dialogue_action_handle_dialogue_request (res://tests/test_dialogue_extended_2.gd:70)

	   [3] _execute_test_case (res://addons/gdUnit4/src/core/_TestCase.gd:93)

	   [4] execute (res://addons/gdUnit4/src/core/_TestCase.gd:38)

	   [5] _execute (res://addons/gdUnit4/src/core/execution/stages/single/GdUnitTestCaseSingleTestStage.gd:10)

	   [6] execute (res://addons/gdUnit4/src/core/execution/stages/IGdUnitExecutionStage.gd:19)

	   [7] _execute (res://addons/gdUnit4/src/core/execution/stages/single/GdUnitTestCaseSingleExecutionStage.gd:17)

	   [8] execute (res://addons/gdUnit4/src/core/execution/stages/IGdUnitExecutionStage.gd:19)

	   [9] _execute (res://addons/gdUnit4/src/core/execution/stages/GdUnitTestCaseExecutionStage.gd:24)

	   [10] execute (res://addons/gdUnit4/src/core/execution/stages/IGdUnitExecutionStage.gd:19)

	   [11] _execute (res://addons/gdUnit4/src/core/execution/stages/GdUnitTestSuiteExecutionStage.gd:31)

	   [12] execute (res://addons/gdUnit4/src/core/execution/stages/IGdUnitExecutionStage.gd:19)

	   [13] _execute (res://addons/gdUnit4/src/core/execution/stages/GdUnitTestCaseExecutionStage.gd:31)

	   [14] error_monitor_stop (res://addons/gdUnit4/src/core/execution/GdUnitExecutionContext.gd:128)

	   [15] scan (res://addons/gdUnit4/src/monitor/GodotGdErrorMonitor.gd:48)

SCRIPT ERROR: Invalid call. Nonexistent function 'id' in base 'Nil'.

   at: GdUnitTestCaseSingleExecutionStage._execute (res://addons/gdUnit4/src/core/execution/stages/single/GdUnitTestCaseSingleExecutionStage.gd:28)

   GDScript backtrace (most recent call first):

	   [0] _execute (res://addons/gdUnit4/src/core/execution/stages/single/GdUnitTestCaseSingleExecutionStage.gd:28)

	   [1] execute (res://addons/gdUnit4/src/core/execution/stages/IGdUnitExecutionStage.gd:19)

	   [2] _execute (res://addons/gdUnit4/src/core/execution/stages/GdUnitTestCaseAfterStage.gd:22)

	   [3] error_monitor_stop (res://addons/gdUnit4/src/core/execution/GdUnitExecutionContext.gd:128)

	   [4] scan (res://addons/gdUnit4/src/monitor/GodotGdErrorMonitor.gd:48)

SCRIPT ERROR: Invalid call. Nonexistent function 'is_interupted' in base 'previously freed'.

   at: GdUnitTestSuiteExecutionStage._execute (res://addons/gdUnit4/src/core/execution/stages/GdUnitTestSuiteExecutionStage.gd:35)

   GDScript backtrace (most recent call first):

	   [0] _execute (res://addons/gdUnit4/src/core/execution/stages/GdUnitTestSuiteExecutionStage.gd:35)

	   [1] execute (res://addons/gdUnit4/src/core/execution/stages/IGdUnitExecutionStage.gd:19)

	   [2] _execute (res://addons/gdUnit4/src/core/execution/stages/GdUnitTestCaseExecutionStage.gd:30)

	   [3] error_monitor_stop (res://addons/gdUnit4/src/core/execution/GdUnitExecutionContext.gd:130)

	   [4] scan (res://addons/gdUnit4/src/monitor/GodotGdErrorMonitor.gd:48)

SCRIPT ERROR: Invalid assignment of property or key 'dialogue_file' with value of type 'String' on a base object of type 'Node2D (DialogueTrigger)'.

   at: test_is_trigger_available (res://tests/test_dialogue_trigger_evaluator.gd:11)

   GDScript backtrace (most recent call first):

	   [0] test_is_trigger_available (res://tests/test_dialogue_trigger_evaluator.gd:11)

	   [1] _execute_test_case (res://addons/gdUnit4/src/core/_TestCase.gd:93)

	   [2] execute (res://addons/gdUnit4/src/core/_TestCase.gd:38)

	   [3] _execute (res://addons/gdUnit4/src/core/execution/stages/single/GdUnitTestCaseSingleTestStage.gd:10)

	   [4] execute (res://addons/gdUnit4/src/core/execution/stages/IGdUnitExecutionStage.gd:19)

	   [5] _execute (res://addons/gdUnit4/src/core/execution/stages/single/GdUnitTestCaseSingleExecutionStage.gd:17)

	   [6] execute (res://addons/gdUnit4/src/core/execution/stages/IGdUnitExecutionStage.gd:19)

	   [7] _execute (res://addons/gdUnit4/src/core/execution/stages/GdUnitTestCaseExecutionStage.gd:24)

	   [8] execute (res://addons/gdUnit4/src/core/execution/stages/IGdUnitExecutionStage.gd:19)

	   [9] _execute (res://addons/gdUnit4/src/core/execution/stages/GdUnitTestSuiteExecutionStage.gd:31)

	   [10] execute (res://addons/gdUnit4/src/core/execution/stages/IGdUnitExecutionStage.gd:19)

	   [11] execute (res://addons/gdUnit4/src/core/execution/GdUnitTestSuiteExecutor.gd:23)

SCRIPT ERROR: Invalid assignment of property or key 'dialogue_file' with value of type 'String' on a base object of type 'Node2D (DialogueTrigger)'.

   at: test_collect_partner_and_initiator_indices (res://tests/test_dialogue_trigger_evaluator.gd:30)

   GDScript backtrace (most recent call first):

	   [0] test_collect_partner_and_initiator_indices (res://tests/test_dialogue_trigger_evaluator.gd:30)

	   [1] _execute_test_case (res://addons/gdUnit4/src/core/_TestCase.gd:93)

	   [2] execute (res://addons/gdUnit4/src/core/_TestCase.gd:38)

	   [3] _execute (res://addons/gdUnit4/src/core/execution/stages/single/GdUnitTestCaseSingleTestStage.gd:10)

	   [4] execute (res://addons/gdUnit4/src/core/execution/stages/IGdUnitExecutionStage.gd:19)

	   [5] _execute (res://addons/gdUnit4/src/core/execution/stages/single/GdUnitTestCaseSingleExecutionStage.gd:17)

	   [6] execute (res://addons/gdUnit4/src/core/execution/stages/IGdUnitExecutionStage.gd:19)

	   [7] _execute (res://addons/gdUnit4/src/core/execution/stages/GdUnitTestCaseExecutionStage.gd:24)

	   [8] execute (res://addons/gdUnit4/src/core/execution/stages/IGdUnitExecutionStage.gd:19)

	   [9] _execute (res://addons/gdUnit4/src/core/execution/stages/GdUnitTestSuiteExecutionStage.gd:31)

	   [10] execute (res://addons/gdUnit4/src/core/execution/stages/IGdUnitExecutionStage.gd:19)

	   [11] _execute (res://addons/gdUnit4/src/core/execution/stages/GdUnitTestCaseExecutionStage.gd:31)

	   [12] error_monitor_stop (res://addons/gdUnit4/src/core/execution/GdUnitExecutionContext.gd:128)

	   [13] scan (res://addons/gdUnit4/src/monitor/GodotGdErrorMonitor.gd:48)

SCRIPT ERROR: Invalid assignment of property or key 'dialogue_file' with value of type 'String' on a base object of type 'Node2D (DialogueTrigger)'.

   at: test_build_dialogue_action (res://tests/test_dialogue_trigger_evaluator.gd:41)

   GDScript backtrace (most recent call first):

	   [0] test_build_dialogue_action (res://tests/test_dialogue_trigger_evaluator.gd:41)

	   [1] _execute_test_case (res://addons/gdUnit4/src/core/_TestCase.gd:93)

	   [2] execute (res://addons/gdUnit4/src/core/_TestCase.gd:38)

	   [3] _execute (res://addons/gdUnit4/src/core/execution/stages/single/GdUnitTestCaseSingleTestStage.gd:10)

	   [4] execute (res://addons/gdUnit4/src/core/execution/stages/IGdUnitExecutionStage.gd:19)

	   [5] _execute (res://addons/gdUnit4/src/core/execution/stages/single/GdUnitTestCaseSingleExecutionStage.gd:17)

	   [6] execute (res://addons/gdUnit4/src/core/execution/stages/IGdUnitExecutionStage.gd:19)

	   [7] _execute (res://addons/gdUnit4/src/core/execution/stages/GdUnitTestCaseExecutionStage.gd:24)

	   [8] execute (res://addons/gdUnit4/src/core/execution/stages/IGdUnitExecutionStage.gd:19)

	   [9] _execute (res://addons/gdUnit4/src/core/execution/stages/GdUnitTestSuiteExecutionStage.gd:31)

	   [10] execute (res://addons/gdUnit4/src/core/execution/stages/IGdUnitExecutionStage.gd:19)

	   [11] _execute (res://addons/gdUnit4/src/core/execution/stages/GdUnitTestCaseExecutionStage.gd:31)

	   [12] error_monitor_stop (res://addons/gdUnit4/src/core/execution/GdUnitExecutionContext.gd:128)

	   [13] scan (res://addons/gdUnit4/src/monitor/GodotGdErrorMonitor.gd:48)

SCRIPT ERROR: Invalid call. Nonexistent function 'id' in base 'Nil'.

   at: GdUnitTestCaseSingleExecutionStage._execute (res://addons/gdUnit4/src/core/execution/stages/single/GdUnitTestCaseSingleExecutionStage.gd:28)

   GDScript backtrace (most recent call first):

	   [0] _execute (res://addons/gdUnit4/src/core/execution/stages/single/GdUnitTestCaseSingleExecutionStage.gd:28)

	   [1] execute (res://addons/gdUnit4/src/core/execution/stages/IGdUnitExecutionStage.gd:19)

	   [2] _execute (res://addons/gdUnit4/src/core/execution/stages/GdUnitTestCaseAfterStage.gd:22)

	   [3] error_monitor_stop (res://addons/gdUnit4/src/core/execution/GdUnitExecutionContext.gd:128)

	   [4] scan (res://addons/gdUnit4/src/monitor/GodotGdErrorMonitor.gd:48)

SCRIPT ERROR: Invalid call. Nonexistent function 'is_interupted' in base 'previously freed'.

   at: GdUnitTestSuiteExecutionStage._execute (res://addons/gdUnit4/src/core/execution/stages/GdUnitTestSuiteExecutionStage.gd:35)

   GDScript backtrace (most recent call first):

	   [0] _execute (res://addons/gdUnit4/src/core/execution/stages/GdUnitTestSuiteExecutionStage.gd:35)

	   [1] execute (res://addons/gdUnit4/src/core/execution/stages/IGdUnitExecutionStage.gd:19)

	   [2] _execute (res://addons/gdUnit4/src/core/execution/stages/GdUnitTestCaseExecutionStage.gd:30)

	   [3] error_monitor_stop (res://addons/gdUnit4/src/core/execution/GdUnitExecutionContext.gd:130)

	   [4] scan (res://addons/gdUnit4/src/monitor/GodotGdErrorMonitor.gd:48)

WARNING: [ActionsPanel] No unit selected.

   at: push_warning (core/variant/variant_utility.cpp:1034)

   GDScript backtrace (most recent call first):

	   [0] _handle_invalid_states (res://GUI/actions_panel.gd:93)

	   [1] update_actions (res://GUI/actions_panel.gd:75)

	   [2] _on_unit_manager_selection_changed (res://GUI/HUD/hud_controller.gd:266)

	   [3] _update_initial_state (res://GUI/HUD/hud_controller.gd:124)

WARNING: [ActionsPanel] No unit selected.

   at: push_warning (core/variant/variant_utility.cpp:1034)

   GDScript backtrace (most recent call first):

	   [0] _handle_invalid_states (res://GUI/actions_panel.gd:93)

	   [1] update_actions (res://GUI/actions_panel.gd:75)

	   [2] _on_unit_manager_selection_changed (res://GUI/HUD/hud_controller.gd:266)

	   [3] _update_initial_state (res://GUI/HUD/hud_controller.gd:124)

WARNING: [LevelContentSpawner] Verification: Unit 'Assassin' is missing a CombatPriorityProfile.

   at: push_warning (core/variant/variant_utility.cpp:1034)

   GDScript backtrace (most recent call first):

	   [0] _verify_unit_components (res://level/level_content_spawner.gd:148)

	   [1] _spawn_unit (res://level/level_content_spawner.gd:136)

	   [2] _spawn_roster_units_at_coords (res://level/level_content_spawner.gd:74)

	   [3] _spawn_player_units (res://level/level_content_spawner.gd:37)

	   [4] spawn_global_content (res://level/level_content_spawner.gd:23)

	   [5] spawn_global_content (res://level/level_builder.gd:24)

	   [6] spawn_global_content (res://level/level_manager_gameplay.gd:99)

	   [7] run_initialization_pipeline (res://level/level_initialization_orchestrator.gd:43)

	   [8] apply_level_if_available (res://level/level_manager_gameplay.gd:120)

	   [9] set_level_and_rebuild (res://level/level_manager_gameplay.gd:167)

	   [10] set_level_and_rebuild (res://Gameplay/gameplay.gd:125)

	   [11] test_camera_rotate_and_zoom_do_not_affect_movement (res://tests/test_gameplay_camera.gd:69)

	   [12] _execute_test_case (res://addons/gdUnit4/src/core/_TestCase.gd:93)

	   [13] execute (res://addons/gdUnit4/src/core/_TestCase.gd:38)

	   [14] _execute (res://addons/gdUnit4/src/core/execution/stages/single/GdUnitTestCaseSingleTestStage.gd:10)

	   [15] execute (res://addons/gdUnit4/src/core/execution/stages/IGdUnitExecutionStage.gd:19)

	   [16] _execute (res://addons/gdUnit4/src/core/execution/stages/single/GdUnitTestCaseSingleExecutionStage.gd:17)

	   [17] execute (res://addons/gdUnit4/src/core/execution/stages/IGdUnitExecutionStage.gd:19)

	   [18] _execute (res://addons/gdUnit4/src/core/execution/stages/GdUnitTestCaseBeforeStage.gd:19)

	   [19] before_test (res://tests/test_gameplay_camera.gd:49)

	   [20] _simulate_frames (res://tests/base_test_suite.gd:29)

	   [21] simulate_frames (res://addons/gdUnit4/src/core/GdUnitSceneRunnerImpl.gd:416)

WARNING: CheckpointManager: Duplicate item UUID found on unit: 196cd286-78d8-1ae3-bd04-53b455d36fb8

   at: push_warning (core/variant/variant_utility.cpp:1034)

   GDScript backtrace (most recent call first):

	   [0] _validate_unique_items (res://Gameplay/turn/checkpoint_manager.gd:136)

	   [1] create_checkpoint (res://Gameplay/turn/checkpoint_manager.gd:46)

	   [2] on_checkpoint_requested (res://Gameplay/turn/checkpoint_manager.gd:14)

	   [3] on_turn_changed (res://Gameplay/turn/turn_controller.gd:214)

	   [4] _start_unit_turn (res://Gameplay/turn/turn_controller.gd:130)

	   [5] start_next_turn (res://Gameplay/turn/turn_controller.gd:94)

	   [6] _preserve_queue_state (res://Gameplay/turn/turn_controller.gd:188)

	   [7] rebuild_turn_roster (res://Gameplay/turn/turn_controller.gd:164)

	   [8] _update_turn_blocking (res://Gameplay/narrative/task/task_controller.gd:281)

	   [9] check_objective_conditions (res://Gameplay/narrative/task/task_controller.gd:234)

	   [10] finish_setup (res://Gameplay/narrative/task/task_controller.gd:69)

	   [11] finalize_setup (res://level/level_manager_gameplay.gd:113)

	   [12] run_initialization_pipeline (res://level/level_initialization_orchestrator.gd:54)

	   [13] apply_level_if_available (res://level/level_manager_gameplay.gd:120)

	   [14] set_level_and_rebuild (res://level/level_manager_gameplay.gd:167)

	   [15] set_level_and_rebuild (res://Gameplay/gameplay.gd:125)

	   [16] test_camera_rotate_and_zoom_do_not_affect_movement (res://tests/test_gameplay_camera.gd:69)

	   [17] _execute_test_case (res://addons/gdUnit4/src/core/_TestCase.gd:93)

	   [18] execute (res://addons/gdUnit4/src/core/_TestCase.gd:38)

	   [19] _execute (res://addons/gdUnit4/src/core/execution/stages/single/GdUnitTestCaseSingleTestStage.gd:10)

	   [20] execute (res://addons/gdUnit4/src/core/execution/stages/IGdUnitExecutionStage.gd:19)

	   [21] _execute (res://addons/gdUnit4/src/core/execution/stages/single/GdUnitTestCaseSingleExecutionStage.gd:17)

	   [22] execute (res://addons/gdUnit4/src/core/execution/stages/IGdUnitExecutionStage.gd:19)

	   [23] _execute (res://addons/gdUnit4/src/core/execution/stages/GdUnitTestCaseBeforeStage.gd:19)

	   [24] before_test (res://tests/test_gameplay_camera.gd:49)

	   [25] _simulate_frames (res://tests/base_test_suite.gd:29)

	   [26] simulate_frames (res://addons/gdUnit4/src/core/GdUnitSceneRunnerImpl.gd:416)

WARNING: [AnimationRequestService] Missing animation style 'unit_move'. Using default.

   at: push_warning (core/variant/variant_utility.cpp:1034)

   GDScript backtrace (most recent call first):

	   [0] _get_style (res://Gameplay/animation_request_service.gd:156)

	   [1] request_unit_move (res://Gameplay/animation_request_service.gd:45)

	   [2] on_unit_moved (res://Gameplay/animation_request_service.gd:87)

	   [3] set_coord (res://Gameplay/targets/unit_manager.gd:256)

	   [4] test_camera_rotate_and_zoom_do_not_affect_movement (res://tests/test_gameplay_camera.gd:98)

	   [5] _simulate_frames (res://tests/base_test_suite.gd:29)

	   [6] simulate_frames (res://addons/gdUnit4/src/core/GdUnitSceneRunnerImpl.gd:416)

WARNING: CheckpointManager: Duplicate item UUID found on unit: 196cd286-78d8-1ae3-bd04-53b455d36fb8

   at: push_warning (core/variant/variant_utility.cpp:1034)

   GDScript backtrace (most recent call first):

	   [0] _validate_unique_items (res://Gameplay/turn/checkpoint_manager.gd:136)

	   [1] create_checkpoint (res://Gameplay/turn/checkpoint_manager.gd:46)

	   [2] on_checkpoint_requested (res://Gameplay/turn/checkpoint_manager.gd:14)

	   [3] _execute_command (res://Gameplay/inputs/input_controller.gd:221)

	   [4] _on_primary_action_at (res://Gameplay/inputs/input_controller.gd:159)

	   [5] test_camera_rotate_and_zoom_do_not_affect_movement (res://tests/test_gameplay_camera.gd:107)

	   [6] _simulate_frames (res://tests/base_test_suite.gd:29)

	   [7] simulate_frames (res://addons/gdUnit4/src/core/GdUnitSceneRunnerImpl.gd:416)

WARNING: [AnimationRequestService] Missing animation style 'unit_move'. Using default.

   at: push_warning (core/variant/variant_utility.cpp:1034)

   GDScript backtrace (most recent call first):

	   [0] _get_style (res://Gameplay/animation_request_service.gd:156)

	   [1] request_unit_move (res://Gameplay/animation_request_service.gd:45)

	   [2] on_unit_moved (res://Gameplay/animation_request_service.gd:87)

	   [3] set_coord (res://Gameplay/targets/unit_manager.gd:256)

	   [4] set_coord (res://Gameplay/targets/unit_controller.gd:28)

	   [5] _execute_coordinate_move (res://Gameplay/map/move_controller.gd:301)

	   [6] request_move_to_coord (res://Gameplay/map/move_controller.gd:84)

	   [7] execute (res://Gameplay/commands/primary_action_command.gd:50)

	   [8] execute (res://Gameplay/commands/input_command_router.gd:34)

	   [9] _execute_command (res://Gameplay/inputs/input_controller.gd:227)

	   [10] _on_primary_action_at (res://Gameplay/inputs/input_controller.gd:159)

	   [11] test_camera_rotate_and_zoom_do_not_affect_movement (res://tests/test_gameplay_camera.gd:107)

	   [12] _simulate_frames (res://tests/base_test_suite.gd:29)

	   [13] simulate_frames (res://addons/gdUnit4/src/core/GdUnitSceneRunnerImpl.gd:416)

WARNING: [ActionsPanel] No unit selected.

   at: push_warning (core/variant/variant_utility.cpp:1034)

   GDScript backtrace (most recent call first):

	   [0] _handle_invalid_states (res://GUI/actions_panel.gd:93)

	   [1] update_actions (res://GUI/actions_panel.gd:75)

	   [2] _on_unit_manager_selection_changed (res://GUI/HUD/hud_controller.gd:266)

	   [3] _update_initial_state (res://GUI/HUD/hud_controller.gd:124)

WARNING: [ActionsPanel] No unit selected.

   at: push_warning (core/variant/variant_utility.cpp:1034)

   GDScript backtrace (most recent call first):

	   [0] _handle_invalid_states (res://GUI/actions_panel.gd:93)

	   [1] update_actions (res://GUI/actions_panel.gd:75)

	   [2] _on_unit_manager_selection_changed (res://GUI/HUD/hud_controller.gd:266)

	   [3] _update_initial_state (res://GUI/HUD/hud_controller.gd:124)

WARNING: [LevelContentSpawner] Verification: Unit 'Assassin' is missing a CombatPriorityProfile.

   at: push_warning (core/variant/variant_utility.cpp:1034)

   GDScript backtrace (most recent call first):

	   [0] _verify_unit_components (res://level/level_content_spawner.gd:148)

	   [1] _spawn_unit (res://level/level_content_spawner.gd:136)

	   [2] _spawn_roster_units_at_coords (res://level/level_content_spawner.gd:74)

	   [3] _spawn_player_units (res://level/level_content_spawner.gd:37)

	   [4] spawn_global_content (res://level/level_content_spawner.gd:23)

	   [5] spawn_global_content (res://level/level_builder.gd:24)

	   [6] spawn_global_content (res://level/level_manager_gameplay.gd:99)

	   [7] run_initialization_pipeline (res://level/level_initialization_orchestrator.gd:43)

	   [8] apply_level_if_available (res://level/level_manager_gameplay.gd:120)

	   [9] set_level_and_rebuild (res://level/level_manager_gameplay.gd:167)

	   [10] set_level_and_rebuild (res://Gameplay/gameplay.gd:125)

	   [11] test_free_cam_disables_centering_on_selection_cycle (res://tests/test_gameplay_freecam.gd:79)

	   [12] _execute_test_case (res://addons/gdUnit4/src/core/_TestCase.gd:93)

	   [13] execute (res://addons/gdUnit4/src/core/_TestCase.gd:38)

	   [14] _execute (res://addons/gdUnit4/src/core/execution/stages/single/GdUnitTestCaseSingleTestStage.gd:10)

	   [15] execute (res://addons/gdUnit4/src/core/execution/stages/IGdUnitExecutionStage.gd:19)

	   [16] _execute (res://addons/gdUnit4/src/core/execution/stages/single/GdUnitTestCaseSingleExecutionStage.gd:17)

	   [17] execute (res://addons/gdUnit4/src/core/execution/stages/IGdUnitExecutionStage.gd:19)

	   [18] _execute (res://addons/gdUnit4/src/core/execution/stages/GdUnitTestCaseBeforeStage.gd:19)

	   [19] before_test (res://tests/test_gameplay_freecam.gd:44)

	   [20] _simulate_frames (res://tests/base_test_suite.gd:29)

	   [21] simulate_frames (res://addons/gdUnit4/src/core/GdUnitSceneRunnerImpl.gd:416)

WARNING: [LevelContentSpawner] Verification: Unit 'Berserker' is missing a CombatPriorityProfile.

   at: push_warning (core/variant/variant_utility.cpp:1034)

   GDScript backtrace (most recent call first):

	   [0] _verify_unit_components (res://level/level_content_spawner.gd:148)

	   [1] _spawn_unit (res://level/level_content_spawner.gd:136)

	   [2] _spawn_roster_units_at_coords (res://level/level_content_spawner.gd:74)

	   [3] _spawn_player_units (res://level/level_content_spawner.gd:37)

	   [4] spawn_global_content (res://level/level_content_spawner.gd:23)

	   [5] spawn_global_content (res://level/level_builder.gd:24)

	   [6] spawn_global_content (res://level/level_manager_gameplay.gd:99)

	   [7] run_initialization_pipeline (res://level/level_initialization_orchestrator.gd:43)

	   [8] apply_level_if_available (res://level/level_manager_gameplay.gd:120)

	   [9] set_level_and_rebuild (res://level/level_manager_gameplay.gd:167)

	   [10] set_level_and_rebuild (res://Gameplay/gameplay.gd:125)

	   [11] test_free_cam_disables_centering_on_selection_cycle (res://tests/test_gameplay_freecam.gd:79)

	   [12] _execute_test_case (res://addons/gdUnit4/src/core/_TestCase.gd:93)

	   [13] execute (res://addons/gdUnit4/src/core/_TestCase.gd:38)

	   [14] _execute (res://addons/gdUnit4/src/core/execution/stages/single/GdUnitTestCaseSingleTestStage.gd:10)

	   [15] execute (res://addons/gdUnit4/src/core/execution/stages/IGdUnitExecutionStage.gd:19)

	   [16] _execute (res://addons/gdUnit4/src/core/execution/stages/single/GdUnitTestCaseSingleExecutionStage.gd:17)

	   [17] execute (res://addons/gdUnit4/src/core/execution/stages/IGdUnitExecutionStage.gd:19)

	   [18] _execute (res://addons/gdUnit4/src/core/execution/stages/GdUnitTestCaseBeforeStage.gd:19)

	   [19] before_test (res://tests/test_gameplay_freecam.gd:44)

	   [20] _simulate_frames (res://tests/base_test_suite.gd:29)

	   [21] simulate_frames (res://addons/gdUnit4/src/core/GdUnitSceneRunnerImpl.gd:416)

WARNING: CheckpointManager: Duplicate item UUID found on unit: 196cd286-78d8-1ae3-bd04-53b455d36fb8

   at: push_warning (core/variant/variant_utility.cpp:1034)

   GDScript backtrace (most recent call first):

	   [0] _validate_unique_items (res://Gameplay/turn/checkpoint_manager.gd:136)

	   [1] create_checkpoint (res://Gameplay/turn/checkpoint_manager.gd:46)

	   [2] on_checkpoint_requested (res://Gameplay/turn/checkpoint_manager.gd:14)

	   [3] on_turn_changed (res://Gameplay/turn/turn_controller.gd:214)

	   [4] _start_unit_turn (res://Gameplay/turn/turn_controller.gd:130)

	   [5] start_next_turn (res://Gameplay/turn/turn_controller.gd:94)

	   [6] _preserve_queue_state (res://Gameplay/turn/turn_controller.gd:188)

	   [7] rebuild_turn_roster (res://Gameplay/turn/turn_controller.gd:164)

	   [8] _update_turn_blocking (res://Gameplay/narrative/task/task_controller.gd:281)

	   [9] check_objective_conditions (res://Gameplay/narrative/task/task_controller.gd:234)

	   [10] finish_setup (res://Gameplay/narrative/task/task_controller.gd:69)

	   [11] finalize_setup (res://level/level_manager_gameplay.gd:113)

	   [12] run_initialization_pipeline (res://level/level_initialization_orchestrator.gd:54)

	   [13] apply_level_if_available (res://level/level_manager_gameplay.gd:120)

	   [14] set_level_and_rebuild (res://level/level_manager_gameplay.gd:167)

	   [15] set_level_and_rebuild (res://Gameplay/gameplay.gd:125)

	   [16] test_free_cam_disables_centering_on_selection_cycle (res://tests/test_gameplay_freecam.gd:79)

	   [17] _execute_test_case (res://addons/gdUnit4/src/core/_TestCase.gd:93)

	   [18] execute (res://addons/gdUnit4/src/core/_TestCase.gd:38)

	   [19] _execute (res://addons/gdUnit4/src/core/execution/stages/single/GdUnitTestCaseSingleTestStage.gd:10)

	   [20] execute (res://addons/gdUnit4/src/core/execution/stages/IGdUnitExecutionStage.gd:19)

	   [21] _execute (res://addons/gdUnit4/src/core/execution/stages/single/GdUnitTestCaseSingleExecutionStage.gd:17)

	   [22] execute (res://addons/gdUnit4/src/core/execution/stages/IGdUnitExecutionStage.gd:19)

	   [23] _execute (res://addons/gdUnit4/src/core/execution/stages/GdUnitTestCaseBeforeStage.gd:19)

	   [24] before_test (res://tests/test_gameplay_freecam.gd:44)

	   [25] _simulate_frames (res://tests/base_test_suite.gd:29)

	   [26] simulate_frames (res://addons/gdUnit4/src/core/GdUnitSceneRunnerImpl.gd:416)

WARNING: CheckpointManager: Duplicate item UUID found on unit: a7d9def5-12fd-a94f-1397-2f89cbd84f9b

   at: push_warning (core/variant/variant_utility.cpp:1034)

   GDScript backtrace (most recent call first):

	   [0] _validate_unique_items (res://Gameplay/turn/checkpoint_manager.gd:136)

	   [1] create_checkpoint (res://Gameplay/turn/checkpoint_manager.gd:46)

	   [2] on_checkpoint_requested (res://Gameplay/turn/checkpoint_manager.gd:14)

	   [3] on_turn_changed (res://Gameplay/turn/turn_controller.gd:214)

	   [4] _start_unit_turn (res://Gameplay/turn/turn_controller.gd:130)

	   [5] start_next_turn (res://Gameplay/turn/turn_controller.gd:94)

	   [6] _preserve_queue_state (res://Gameplay/turn/turn_controller.gd:188)

	   [7] rebuild_turn_roster (res://Gameplay/turn/turn_controller.gd:164)

	   [8] _update_turn_blocking (res://Gameplay/narrative/task/task_controller.gd:281)

	   [9] check_objective_conditions (res://Gameplay/narrative/task/task_controller.gd:234)

	   [10] finish_setup (res://Gameplay/narrative/task/task_controller.gd:69)

	   [11] finalize_setup (res://level/level_manager_gameplay.gd:113)

	   [12] run_initialization_pipeline (res://level/level_initialization_orchestrator.gd:54)

	   [13] apply_level_if_available (res://level/level_manager_gameplay.gd:120)

	   [14] set_level_and_rebuild (res://level/level_manager_gameplay.gd:167)

	   [15] set_level_and_rebuild (res://Gameplay/gameplay.gd:125)

	   [16] test_free_cam_disables_centering_on_selection_cycle (res://tests/test_gameplay_freecam.gd:79)

	   [17] _execute_test_case (res://addons/gdUnit4/src/core/_TestCase.gd:93)

	   [18] execute (res://addons/gdUnit4/src/core/_TestCase.gd:38)

	   [19] _execute (res://addons/gdUnit4/src/core/execution/stages/single/GdUnitTestCaseSingleTestStage.gd:10)

	   [20] execute (res://addons/gdUnit4/src/core/execution/stages/IGdUnitExecutionStage.gd:19)

	   [21] _execute (res://addons/gdUnit4/src/core/execution/stages/single/GdUnitTestCaseSingleExecutionStage.gd:17)

	   [22] execute (res://addons/gdUnit4/src/core/execution/stages/IGdUnitExecutionStage.gd:19)

	   [23] _execute (res://addons/gdUnit4/src/core/execution/stages/GdUnitTestCaseBeforeStage.gd:19)

	   [24] before_test (res://tests/test_gameplay_freecam.gd:44)

	   [25] _simulate_frames (res://tests/base_test_suite.gd:29)

	   [26] simulate_frames (res://addons/gdUnit4/src/core/GdUnitSceneRunnerImpl.gd:416)

WARNING: CheckpointManager: Duplicate item UUID found on unit: dbf4972b-0e4d-8f43-efb1-3dae8ada8519

   at: push_warning (core/variant/variant_utility.cpp:1034)

   GDScript backtrace (most recent call first):

	   [0] _validate_unique_items (res://Gameplay/turn/checkpoint_manager.gd:136)

	   [1] create_checkpoint (res://Gameplay/turn/checkpoint_manager.gd:46)

	   [2] on_checkpoint_requested (res://Gameplay/turn/checkpoint_manager.gd:14)

	   [3] on_turn_changed (res://Gameplay/turn/turn_controller.gd:214)

	   [4] _start_unit_turn (res://Gameplay/turn/turn_controller.gd:130)

	   [5] start_next_turn (res://Gameplay/turn/turn_controller.gd:94)

	   [6] _preserve_queue_state (res://Gameplay/turn/turn_controller.gd:188)

	   [7] rebuild_turn_roster (res://Gameplay/turn/turn_controller.gd:164)

	   [8] _update_turn_blocking (res://Gameplay/narrative/task/task_controller.gd:281)

	   [9] check_objective_conditions (res://Gameplay/narrative/task/task_controller.gd:234)

	   [10] finish_setup (res://Gameplay/narrative/task/task_controller.gd:69)

	   [11] finalize_setup (res://level/level_manager_gameplay.gd:113)

	   [12] run_initialization_pipeline (res://level/level_initialization_orchestrator.gd:54)

	   [13] apply_level_if_available (res://level/level_manager_gameplay.gd:120)

	   [14] set_level_and_rebuild (res://level/level_manager_gameplay.gd:167)

	   [15] set_level_and_rebuild (res://Gameplay/gameplay.gd:125)

	   [16] test_free_cam_disables_centering_on_selection_cycle (res://tests/test_gameplay_freecam.gd:79)

	   [17] _execute_test_case (res://addons/gdUnit4/src/core/_TestCase.gd:93)

	   [18] execute (res://addons/gdUnit4/src/core/_TestCase.gd:38)

	   [19] _execute (res://addons/gdUnit4/src/core/execution/stages/single/GdUnitTestCaseSingleTestStage.gd:10)

	   [20] execute (res://addons/gdUnit4/src/core/execution/stages/IGdUnitExecutionStage.gd:19)

	   [21] _execute (res://addons/gdUnit4/src/core/execution/stages/single/GdUnitTestCaseSingleExecutionStage.gd:17)

	   [22] execute (res://addons/gdUnit4/src/core/execution/stages/IGdUnitExecutionStage.gd:19)

	   [23] _execute (res://addons/gdUnit4/src/core/execution/stages/GdUnitTestCaseBeforeStage.gd:19)

	   [24] before_test (res://tests/test_gameplay_freecam.gd:44)

	   [25] _simulate_frames (res://tests/base_test_suite.gd:29)

	   [26] simulate_frames (res://addons/gdUnit4/src/core/GdUnitSceneRunnerImpl.gd:416)

WARNING: [ActionsPanel] No unit selected.

   at: push_warning (core/variant/variant_utility.cpp:1034)

   GDScript backtrace (most recent call first):

	   [0] _handle_invalid_states (res://GUI/actions_panel.gd:93)

	   [1] update_actions (res://GUI/actions_panel.gd:75)

	   [2] _on_unit_manager_selection_changed (res://GUI/HUD/hud_controller.gd:266)

	   [3] _update_initial_state (res://GUI/HUD/hud_controller.gd:124)

WARNING: [ActionsPanel] No unit selected.

   at: push_warning (core/variant/variant_utility.cpp:1034)

   GDScript backtrace (most recent call first):

	   [0] _handle_invalid_states (res://GUI/actions_panel.gd:93)

	   [1] update_actions (res://GUI/actions_panel.gd:75)

	   [2] _on_unit_manager_selection_changed (res://GUI/HUD/hud_controller.gd:266)

	   [3] _update_initial_state (res://GUI/HUD/hud_controller.gd:124)

WARNING: [ActionsPanel] No unit selected.

   at: push_warning (core/variant/variant_utility.cpp:1034)

   GDScript backtrace (most recent call first):

	   [0] _handle_invalid_states (res://GUI/actions_panel.gd:93)

	   [1] update_actions (res://GUI/actions_panel.gd:75)

	   [2] _on_unit_manager_selection_changed (res://GUI/HUD/hud_controller.gd:266)

	   [3] _update_initial_state (res://GUI/HUD/hud_controller.gd:124)

WARNING: [LevelContentSpawner] Verification: Unit 'Assassin' is missing a CombatPriorityProfile.

   at: push_warning (core/variant/variant_utility.cpp:1034)

   GDScript backtrace (most recent call first):

	   [0] _verify_unit_components (res://level/level_content_spawner.gd:148)

	   [1] _spawn_unit (res://level/level_content_spawner.gd:136)

	   [2] _spawn_roster_units_at_coords (res://level/level_content_spawner.gd:74)

	   [3] _spawn_player_units (res://level/level_content_spawner.gd:37)

	   [4] spawn_global_content (res://level/level_content_spawner.gd:23)

	   [5] spawn_global_content (res://level/level_builder.gd:24)

	   [6] spawn_global_content (res://level/level_manager_gameplay.gd:99)

	   [7] run_initialization_pipeline (res://level/level_initialization_orchestrator.gd:43)

	   [8] apply_level_if_available (res://level/level_manager_gameplay.gd:120)

	   [9] set_level_and_rebuild (res://level/level_manager_gameplay.gd:167)

	   [10] set_level_and_rebuild (res://Gameplay/gameplay.gd:125)

	   [11] test_primary_action_moves_unit (res://tests/test_gameplay_selection_mouse.gd:59)

	   [12] _execute_test_case (res://addons/gdUnit4/src/core/_TestCase.gd:93)

	   [13] execute (res://addons/gdUnit4/src/core/_TestCase.gd:38)

	   [14] _execute (res://addons/gdUnit4/src/core/execution/stages/single/GdUnitTestCaseSingleTestStage.gd:10)

	   [15] execute (res://addons/gdUnit4/src/core/execution/stages/IGdUnitExecutionStage.gd:19)

	   [16] _execute (res://addons/gdUnit4/src/core/execution/stages/single/GdUnitTestCaseSingleExecutionStage.gd:17)

	   [17] execute (res://addons/gdUnit4/src/core/execution/stages/IGdUnitExecutionStage.gd:19)

	   [18] _execute (res://addons/gdUnit4/src/core/execution/stages/GdUnitTestCaseBeforeStage.gd:19)

	   [19] before_test (res://tests/test_gameplay_selection_mouse.gd:36)

	   [20] _simulate_frames (res://tests/base_test_suite.gd:29)

	   [21] simulate_frames (res://addons/gdUnit4/src/core/GdUnitSceneRunnerImpl.gd:416)

WARNING: CheckpointManager: Duplicate item UUID found on unit: 196cd286-78d8-1ae3-bd04-53b455d36fb8

   at: push_warning (core/variant/variant_utility.cpp:1034)

   GDScript backtrace (most recent call first):

	   [0] _validate_unique_items (res://Gameplay/turn/checkpoint_manager.gd:136)

	   [1] create_checkpoint (res://Gameplay/turn/checkpoint_manager.gd:46)

	   [2] on_checkpoint_requested (res://Gameplay/turn/checkpoint_manager.gd:14)

	   [3] on_turn_changed (res://Gameplay/turn/turn_controller.gd:214)

	   [4] _start_unit_turn (res://Gameplay/turn/turn_controller.gd:130)

	   [5] start_next_turn (res://Gameplay/turn/turn_controller.gd:94)

	   [6] _preserve_queue_state (res://Gameplay/turn/turn_controller.gd:188)

	   [7] rebuild_turn_roster (res://Gameplay/turn/turn_controller.gd:164)

	   [8] _update_turn_blocking (res://Gameplay/narrative/task/task_controller.gd:281)

	   [9] check_objective_conditions (res://Gameplay/narrative/task/task_controller.gd:234)

	   [10] finish_setup (res://Gameplay/narrative/task/task_controller.gd:69)

	   [11] finalize_setup (res://level/level_manager_gameplay.gd:113)

	   [12] run_initialization_pipeline (res://level/level_initialization_orchestrator.gd:54)

	   [13] apply_level_if_available (res://level/level_manager_gameplay.gd:120)

	   [14] set_level_and_rebuild (res://level/level_manager_gameplay.gd:167)

	   [15] set_level_and_rebuild (res://Gameplay/gameplay.gd:125)

	   [16] test_primary_action_moves_unit (res://tests/test_gameplay_selection_mouse.gd:59)

	   [17] _execute_test_case (res://addons/gdUnit4/src/core/_TestCase.gd:93)

	   [18] execute (res://addons/gdUnit4/src/core/_TestCase.gd:38)

	   [19] _execute (res://addons/gdUnit4/src/core/execution/stages/single/GdUnitTestCaseSingleTestStage.gd:10)

	   [20] execute (res://addons/gdUnit4/src/core/execution/stages/IGdUnitExecutionStage.gd:19)

	   [21] _execute (res://addons/gdUnit4/src/core/execution/stages/single/GdUnitTestCaseSingleExecutionStage.gd:17)

	   [22] execute (res://addons/gdUnit4/src/core/execution/stages/IGdUnitExecutionStage.gd:19)

	   [23] _execute (res://addons/gdUnit4/src/core/execution/stages/GdUnitTestCaseBeforeStage.gd:19)

	   [24] before_test (res://tests/test_gameplay_selection_mouse.gd:36)

	   [25] _simulate_frames (res://tests/base_test_suite.gd:29)

	   [26] simulate_frames (res://addons/gdUnit4/src/core/GdUnitSceneRunnerImpl.gd:416)

SCRIPT ERROR: Invalid access to property or key '_hex_navigator' on a base object of type 'Node2D (gameplay.gd)'.

   at: test_primary_action_moves_unit (res://tests/test_gameplay_selection_mouse.gd:63)

   GDScript backtrace (most recent call first):

	   [0] test_primary_action_moves_unit (res://tests/test_gameplay_selection_mouse.gd:63)

	   [1] _simulate_frames (res://tests/base_test_suite.gd:29)

	   [2] simulate_frames (res://addons/gdUnit4/src/core/GdUnitSceneRunnerImpl.gd:416)

WARNING: [ActionsPanel] No unit selected.

   at: push_warning (core/variant/variant_utility.cpp:1034)

   GDScript backtrace (most recent call first):

	   [0] _handle_invalid_states (res://GUI/actions_panel.gd:93)

	   [1] update_actions (res://GUI/actions_panel.gd:75)

	   [2] _on_unit_manager_selection_changed (res://GUI/HUD/hud_controller.gd:266)

	   [3] _update_initial_state (res://GUI/HUD/hud_controller.gd:124)

SCRIPT ERROR: Invalid assignment of property or key 'active_tasks' with value of type 'Array' on a base object of type 'Resource (Stage)'.

   at: _make_level (res://tests/test_gameplay_task.gd:61)

   GDScript backtrace (most recent call first):

	   [0] _make_level (res://tests/test_gameplay_task.gd:61)

	   [1] test_gameplay_scene_builds_locations (res://tests/test_gameplay_task.gd:73)

	   [2] simulate_frames (res://addons/gdUnit4/src/core/GdUnitSceneRunnerImpl.gd:416)

WARNING: [ActionsPanel] No unit selected.

   at: push_warning (core/variant/variant_utility.cpp:1034)

   GDScript backtrace (most recent call first):

	   [0] _handle_invalid_states (res://GUI/actions_panel.gd:93)

	   [1] update_actions (res://GUI/actions_panel.gd:75)

	   [2] _on_unit_manager_selection_changed (res://GUI/HUD/hud_controller.gd:266)

	   [3] _update_initial_state (res://GUI/HUD/hud_controller.gd:124)

SCRIPT ERROR: Invalid assignment of property or key 'active_tasks' with value of type 'Array' on a base object of type 'Resource (Stage)'.

   at: _make_level (res://tests/test_gameplay_task.gd:61)

   GDScript backtrace (most recent call first):

	   [0] _make_level (res://tests/test_gameplay_task.gd:61)

	   [1] test_interact_location_triggers_task_manager (res://tests/test_gameplay_task.gd:92)

	   [2] simulate_frames (res://addons/gdUnit4/src/core/GdUnitSceneRunnerImpl.gd:416)

SCRIPT ERROR: Invalid assignment of property or key 'coord' with value of type 'Vector2i' on a base object of type 'Nil'.

   at: test_interact_location_triggers_task_manager (res://tests/test_gameplay_task.gd:101)

   GDScript backtrace (most recent call first):

	   [0] test_interact_location_triggers_task_manager (res://tests/test_gameplay_task.gd:101)

	   [1] simulate_frames (res://addons/gdUnit4/src/core/GdUnitSceneRunnerImpl.gd:416)

WARNING: [ActionsPanel] No unit selected.

   at: push_warning (core/variant/variant_utility.cpp:1034)

   GDScript backtrace (most recent call first):

	   [0] _handle_invalid_states (res://GUI/actions_panel.gd:93)

	   [1] update_actions (res://GUI/actions_panel.gd:75)

	   [2] _on_unit_manager_selection_changed (res://GUI/HUD/hud_controller.gd:266)

	   [3] _update_initial_state (res://GUI/HUD/hud_controller.gd:124)

WARNING: [ActionsPanel] No unit selected.

   at: push_warning (core/variant/variant_utility.cpp:1034)

   GDScript backtrace (most recent call first):

	   [0] _handle_invalid_states (res://GUI/actions_panel.gd:93)

	   [1] update_actions (res://GUI/actions_panel.gd:75)

	   [2] _on_unit_manager_selection_changed (res://GUI/HUD/hud_controller.gd:266)

	   [3] _update_initial_state (res://GUI/HUD/hud_controller.gd:124)

WARNING: [ActionsPanel] No unit selected.

   at: push_warning (core/variant/variant_utility.cpp:1034)

   GDScript backtrace (most recent call first):

	   [0] _handle_invalid_states (res://GUI/actions_panel.gd:93)

	   [1] update_actions (res://GUI/actions_panel.gd:75)

	   [2] _on_unit_manager_selection_changed (res://GUI/HUD/hud_controller.gd:266)

	   [3] _update_initial_state (res://GUI/HUD/hud_controller.gd:124)

WARNING: [ActionsPanel] No unit selected.

   at: push_warning (core/variant/variant_utility.cpp:1034)

   GDScript backtrace (most recent call first):

	   [0] _handle_invalid_states (res://GUI/actions_panel.gd:93)

	   [1] update_actions (res://GUI/actions_panel.gd:75)

	   [2] _on_unit_manager_selection_changed (res://GUI/HUD/hud_controller.gd:266)

	   [3] _update_initial_state (res://GUI/HUD/hud_controller.gd:124)

WARNING: [ActionsPanel] No unit selected.

   at: push_warning (core/variant/variant_utility.cpp:1034)

   GDScript backtrace (most recent call first):

	   [0] _handle_invalid_states (res://GUI/actions_panel.gd:93)

	   [1] update_actions (res://GUI/actions_panel.gd:75)

	   [2] _on_unit_manager_selection_changed (res://GUI/HUD/hud_controller.gd:266)

	   [3] _update_initial_state (res://GUI/HUD/hud_controller.gd:124)

WARNING: [ActionsPanel] No unit selected.

   at: push_warning (core/variant/variant_utility.cpp:1034)

   GDScript backtrace (most recent call first):

	   [0] _handle_invalid_states (res://GUI/actions_panel.gd:93)

	   [1] update_actions (res://GUI/actions_panel.gd:75)

	   [2] _on_unit_manager_selection_changed (res://GUI/HUD/hud_controller.gd:266)

	   [3] _update_initial_state (res://GUI/HUD/hud_controller.gd:124)

WARNING: [ActionsPanel] No unit selected.

   at: push_warning (core/variant/variant_utility.cpp:1034)

   GDScript backtrace (most recent call first):

	   [0] _handle_invalid_states (res://GUI/actions_panel.gd:93)

	   [1] update_actions (res://GUI/actions_panel.gd:75)

	   [2] _on_unit_manager_selection_changed (res://GUI/HUD/hud_controller.gd:266)

	   [3] _update_initial_state (res://GUI/HUD/hud_controller.gd:124)

WARNING: [ActionsPanel] No unit selected.

   at: push_warning (core/variant/variant_utility.cpp:1034)

   GDScript backtrace (most recent call first):

	   [0] _handle_invalid_states (res://GUI/actions_panel.gd:93)

	   [1] update_actions (res://GUI/actions_panel.gd:75)

	   [2] _on_unit_manager_selection_changed (res://GUI/HUD/hud_controller.gd:266)

	   [3] _update_initial_state (res://GUI/HUD/hud_controller.gd:124)

WARNING: [LevelContentSpawner] Verification: Unit 'Assassin' is missing a CombatPriorityProfile.

   at: push_warning (core/variant/variant_utility.cpp:1034)

   GDScript backtrace (most recent call first):

	   [0] _verify_unit_components (res://level/level_content_spawner.gd:148)

	   [1] _spawn_unit (res://level/level_content_spawner.gd:136)

	   [2] _spawn_roster_units_at_coords (res://level/level_content_spawner.gd:74)

	   [3] _spawn_player_units (res://level/level_content_spawner.gd:37)

	   [4] spawn_global_content (res://level/level_content_spawner.gd:23)

	   [5] spawn_global_content (res://level/level_builder.gd:24)

	   [6] spawn_global_content (res://level/level_manager_gameplay.gd:99)

	   [7] run_initialization_pipeline (res://level/level_initialization_orchestrator.gd:43)

	   [8] apply_level_if_available (res://level/level_manager_gameplay.gd:120)

	   [9] set_level_and_rebuild (res://level/level_manager_gameplay.gd:167)

	   [10] set_level_and_rebuild (res://Gameplay/gameplay.gd:125)

	   [11] test_enemies_spawn_from_level_resource (res://tests/test_gameplay_units.gd:81)

	   [12] _execute_test_case (res://addons/gdUnit4/src/core/_TestCase.gd:93)

	   [13] execute (res://addons/gdUnit4/src/core/_TestCase.gd:38)

	   [14] _execute (res://addons/gdUnit4/src/core/execution/stages/single/GdUnitTestCaseSingleTestStage.gd:10)

	   [15] execute (res://addons/gdUnit4/src/core/execution/stages/IGdUnitExecutionStage.gd:19)

	   [16] _execute (res://addons/gdUnit4/src/core/execution/stages/single/GdUnitTestCaseSingleExecutionStage.gd:17)

	   [17] execute (res://addons/gdUnit4/src/core/execution/stages/IGdUnitExecutionStage.gd:19)

	   [18] _execute (res://addons/gdUnit4/src/core/execution/stages/GdUnitTestCaseBeforeStage.gd:19)

	   [19] before_test (res://tests/test_gameplay_units.gd:38)

	   [20] _simulate_frames (res://tests/base_test_suite.gd:29)

	   [21] simulate_frames (res://addons/gdUnit4/src/core/GdUnitSceneRunnerImpl.gd:416)

WARNING: [LevelContentSpawner] Verification: Unit 'Enemy' is missing a CombatPriorityProfile.

   at: push_warning (core/variant/variant_utility.cpp:1034)

   GDScript backtrace (most recent call first):

	   [0] _verify_unit_components (res://level/level_content_spawner.gd:148)

	   [1] _spawn_unit (res://level/level_content_spawner.gd:136)

	   [2] _spawn_enemy_units (res://level/level_content_spawner.gd:91)

	   [3] spawn_global_content (res://level/level_content_spawner.gd:24)

	   [4] spawn_global_content (res://level/level_builder.gd:24)

	   [5] spawn_global_content (res://level/level_manager_gameplay.gd:99)

	   [6] run_initialization_pipeline (res://level/level_initialization_orchestrator.gd:43)

	   [7] apply_level_if_available (res://level/level_manager_gameplay.gd:120)

	   [8] set_level_and_rebuild (res://level/level_manager_gameplay.gd:167)

	   [9] set_level_and_rebuild (res://Gameplay/gameplay.gd:125)

	   [10] test_enemies_spawn_from_level_resource (res://tests/test_gameplay_units.gd:81)

	   [11] _execute_test_case (res://addons/gdUnit4/src/core/_TestCase.gd:93)

	   [12] execute (res://addons/gdUnit4/src/core/_TestCase.gd:38)

	   [13] _execute (res://addons/gdUnit4/src/core/execution/stages/single/GdUnitTestCaseSingleTestStage.gd:10)

	   [14] execute (res://addons/gdUnit4/src/core/execution/stages/IGdUnitExecutionStage.gd:19)

	   [15] _execute (res://addons/gdUnit4/src/core/execution/stages/single/GdUnitTestCaseSingleExecutionStage.gd:17)

	   [16] execute (res://addons/gdUnit4/src/core/execution/stages/IGdUnitExecutionStage.gd:19)

	   [17] _execute (res://addons/gdUnit4/src/core/execution/stages/GdUnitTestCaseBeforeStage.gd:19)

	   [18] before_test (res://tests/test_gameplay_units.gd:38)

	   [19] _simulate_frames (res://tests/base_test_suite.gd:29)

	   [20] simulate_frames (res://addons/gdUnit4/src/core/GdUnitSceneRunnerImpl.gd:416)

WARNING: [LevelContentSpawner] Verification: Unit 'Enemy' is missing a CombatPriorityProfile.

   at: push_warning (core/variant/variant_utility.cpp:1034)

   GDScript backtrace (most recent call first):

	   [0] _verify_unit_components (res://level/level_content_spawner.gd:148)

	   [1] _spawn_unit (res://level/level_content_spawner.gd:136)

	   [2] _spawn_enemy_units (res://level/level_content_spawner.gd:91)

	   [3] spawn_global_content (res://level/level_content_spawner.gd:24)

	   [4] spawn_global_content (res://level/level_builder.gd:24)

	   [5] spawn_global_content (res://level/level_manager_gameplay.gd:99)

	   [6] run_initialization_pipeline (res://level/level_initialization_orchestrator.gd:43)

	   [7] apply_level_if_available (res://level/level_manager_gameplay.gd:120)

	   [8] set_level_and_rebuild (res://level/level_manager_gameplay.gd:167)

	   [9] set_level_and_rebuild (res://Gameplay/gameplay.gd:125)

	   [10] test_enemies_spawn_from_level_resource (res://tests/test_gameplay_units.gd:81)

	   [11] _execute_test_case (res://addons/gdUnit4/src/core/_TestCase.gd:93)

	   [12] execute (res://addons/gdUnit4/src/core/_TestCase.gd:38)

	   [13] _execute (res://addons/gdUnit4/src/core/execution/stages/single/GdUnitTestCaseSingleTestStage.gd:10)

	   [14] execute (res://addons/gdUnit4/src/core/execution/stages/IGdUnitExecutionStage.gd:19)

	   [15] _execute (res://addons/gdUnit4/src/core/execution/stages/single/GdUnitTestCaseSingleExecutionStage.gd:17)

	   [16] execute (res://addons/gdUnit4/src/core/execution/stages/IGdUnitExecutionStage.gd:19)

	   [17] _execute (res://addons/gdUnit4/src/core/execution/stages/GdUnitTestCaseBeforeStage.gd:19)

	   [18] before_test (res://tests/test_gameplay_units.gd:38)

	   [19] _simulate_frames (res://tests/base_test_suite.gd:29)

	   [20] simulate_frames (res://addons/gdUnit4/src/core/GdUnitSceneRunnerImpl.gd:416)

WARNING: CheckpointManager: Duplicate item UUID found on unit: 196cd286-78d8-1ae3-bd04-53b455d36fb8

   at: push_warning (core/variant/variant_utility.cpp:1034)

   GDScript backtrace (most recent call first):

	   [0] _validate_unique_items (res://Gameplay/turn/checkpoint_manager.gd:136)

	   [1] create_checkpoint (res://Gameplay/turn/checkpoint_manager.gd:46)

	   [2] on_checkpoint_requested (res://Gameplay/turn/checkpoint_manager.gd:14)

	   [3] on_turn_changed (res://Gameplay/turn/turn_controller.gd:214)

	   [4] _start_unit_turn (res://Gameplay/turn/turn_controller.gd:130)

	   [5] start_next_turn (res://Gameplay/turn/turn_controller.gd:94)

	   [6] _preserve_queue_state (res://Gameplay/turn/turn_controller.gd:188)

	   [7] rebuild_turn_roster (res://Gameplay/turn/turn_controller.gd:164)

	   [8] _update_turn_blocking (res://Gameplay/narrative/task/task_controller.gd:281)

	   [9] check_objective_conditions (res://Gameplay/narrative/task/task_controller.gd:234)

	   [10] finish_setup (res://Gameplay/narrative/task/task_controller.gd:69)

	   [11] finalize_setup (res://level/level_manager_gameplay.gd:113)

	   [12] run_initialization_pipeline (res://level/level_initialization_orchestrator.gd:54)

	   [13] apply_level_if_available (res://level/level_manager_gameplay.gd:120)

	   [14] set_level_and_rebuild (res://level/level_manager_gameplay.gd:167)

	   [15] set_level_and_rebuild (res://Gameplay/gameplay.gd:125)

	   [16] test_enemies_spawn_from_level_resource (res://tests/test_gameplay_units.gd:81)

	   [17] _execute_test_case (res://addons/gdUnit4/src/core/_TestCase.gd:93)

	   [18] execute (res://addons/gdUnit4/src/core/_TestCase.gd:38)

	   [19] _execute (res://addons/gdUnit4/src/core/execution/stages/single/GdUnitTestCaseSingleTestStage.gd:10)

	   [20] execute (res://addons/gdUnit4/src/core/execution/stages/IGdUnitExecutionStage.gd:19)

	   [21] _execute (res://addons/gdUnit4/src/core/execution/stages/single/GdUnitTestCaseSingleExecutionStage.gd:17)

	   [22] execute (res://addons/gdUnit4/src/core/execution/stages/IGdUnitExecutionStage.gd:19)

	   [23] _execute (res://addons/gdUnit4/src/core/execution/stages/GdUnitTestCaseBeforeStage.gd:19)

	   [24] before_test (res://tests/test_gameplay_units.gd:38)

	   [25] _simulate_frames (res://tests/base_test_suite.gd:29)

	   [26] simulate_frames (res://addons/gdUnit4/src/core/GdUnitSceneRunnerImpl.gd:416)

WARNING: [ActionsPanel] No unit selected.

   at: push_warning (core/variant/variant_utility.cpp:1034)

   GDScript backtrace (most recent call first):

	   [0] _handle_invalid_states (res://GUI/actions_panel.gd:93)

	   [1] update_actions (res://GUI/actions_panel.gd:75)

	   [2] _on_unit_manager_selection_changed (res://GUI/HUD/hud_controller.gd:266)

	   [3] _update_initial_state (res://GUI/HUD/hud_controller.gd:124)

SCRIPT ERROR: Invalid call. Nonexistent function 'set_unit_controlled_by_player' in base 'Node2D (gameplay.gd)'.

   at: test_gameplay_set_unit_controlled_by_player_updates_unit_manager_and_roster (res://tests/test_gameplay_units.gd:124)

   GDScript backtrace (most recent call first):

	   [0] test_gameplay_set_unit_controlled_by_player_updates_unit_manager_and_roster (res://tests/test_gameplay_units.gd:124)

	   [1] _execute_test_case (res://addons/gdUnit4/src/core/_TestCase.gd:93)

	   [2] execute (res://addons/gdUnit4/src/core/_TestCase.gd:38)

	   [3] _execute (res://addons/gdUnit4/src/core/execution/stages/single/GdUnitTestCaseSingleTestStage.gd:10)

	   [4] execute (res://addons/gdUnit4/src/core/execution/stages/IGdUnitExecutionStage.gd:19)

	   [5] _execute (res://addons/gdUnit4/src/core/execution/stages/single/GdUnitTestCaseSingleExecutionStage.gd:17)

	   [6] execute (res://addons/gdUnit4/src/core/execution/stages/IGdUnitExecutionStage.gd:19)

	   [7] _execute (res://addons/gdUnit4/src/core/execution/stages/GdUnitTestCaseBeforeStage.gd:19)

	   [8] before_test (res://tests/test_gameplay_units.gd:38)

	   [9] _simulate_frames (res://tests/base_test_suite.gd:29)

	   [10] simulate_frames (res://addons/gdUnit4/src/core/GdUnitSceneRunnerImpl.gd:416)

SCRIPT ERROR: Assertion failed: GameSessionBuilder requires a grid reference.

   at: GameSessionBuilder.build (res://Gameplay/game_session_builder.gd:50)

   GDScript backtrace (most recent call first):

	   [0] build (res://Gameplay/game_session_builder.gd:50)

	   [1] _init (res://Gameplay/game_session.gd:14)

	   [2] test_game_session_handle_pause_state_changed (res://tests/test_game_session_extended.gd:40)

	   [3] _execute_test_case (res://addons/gdUnit4/src/core/_TestCase.gd:93)

	   [4] execute (res://addons/gdUnit4/src/core/_TestCase.gd:38)

	   [5] _execute (res://addons/gdUnit4/src/core/execution/stages/single/GdUnitTestCaseSingleTestStage.gd:10)

	   [6] execute (res://addons/gdUnit4/src/core/execution/stages/IGdUnitExecutionStage.gd:19)

	   [7] _execute (res://addons/gdUnit4/src/core/execution/stages/single/GdUnitTestCaseSingleExecutionStage.gd:17)

	   [8] execute (res://addons/gdUnit4/src/core/execution/stages/IGdUnitExecutionStage.gd:19)

	   [9] _execute (res://addons/gdUnit4/src/core/execution/stages/GdUnitTestCaseExecutionStage.gd:24)

	   [10] execute (res://addons/gdUnit4/src/core/execution/stages/IGdUnitExecutionStage.gd:19)

	   [11] _execute (res://addons/gdUnit4/src/core/execution/stages/GdUnitTestSuiteExecutionStage.gd:31)

	   [12] execute (res://addons/gdUnit4/src/core/execution/stages/IGdUnitExecutionStage.gd:19)

	   [13] execute (res://addons/gdUnit4/src/core/execution/GdUnitTestSuiteExecutor.gd:23)

SCRIPT ERROR: Assertion failed: GameSessionBuilder requires a grid reference.

   at: GameSessionBuilder.build (res://Gameplay/game_session_builder.gd:50)

   GDScript backtrace (most recent call first):

	   [0] build (res://Gameplay/game_session_builder.gd:50)

	   [1] _init (res://Gameplay/game_session.gd:14)

	   [2] test_game_session_disable_gameplay (res://tests/test_game_session_extended.gd:68)

	   [3] _execute_test_case (res://addons/gdUnit4/src/core/_TestCase.gd:93)

	   [4] execute (res://addons/gdUnit4/src/core/_TestCase.gd:38)

	   [5] _execute (res://addons/gdUnit4/src/core/execution/stages/single/GdUnitTestCaseSingleTestStage.gd:10)

	   [6] execute (res://addons/gdUnit4/src/core/execution/stages/IGdUnitExecutionStage.gd:19)

	   [7] _execute (res://addons/gdUnit4/src/core/execution/stages/single/GdUnitTestCaseSingleExecutionStage.gd:17)

	   [8] execute (res://addons/gdUnit4/src/core/execution/stages/IGdUnitExecutionStage.gd:19)

	   [9] _execute (res://addons/gdUnit4/src/core/execution/stages/GdUnitTestCaseExecutionStage.gd:24)

	   [10] execute (res://addons/gdUnit4/src/core/execution/stages/IGdUnitExecutionStage.gd:19)

	   [11] _execute (res://addons/gdUnit4/src/core/execution/stages/GdUnitTestSuiteExecutionStage.gd:31)

	   [12] execute (res://addons/gdUnit4/src/core/execution/stages/IGdUnitExecutionStage.gd:19)

	   [13] _execute (res://addons/gdUnit4/src/core/execution/stages/GdUnitTestCaseExecutionStage.gd:31)

	   [14] error_monitor_stop (res://addons/gdUnit4/src/core/execution/GdUnitExecutionContext.gd:128)

	   [15] scan (res://addons/gdUnit4/src/monitor/GodotGdErrorMonitor.gd:48)

ERROR: Condition "tile_set.is_null()" is true. Returning: Vector2()

   at: map_to_local (scene/2d/tile_map_layer.cpp:3150)

   GDScript backtrace (most recent call first):

	   [0] on_loot_added (res://Gameplay/map/map_controller.gd:29)

	   [1] test_map_controller_on_loot_added (res://tests/test_grid_extended.gd:21)

	   [2] _execute_test_case (res://addons/gdUnit4/src/core/_TestCase.gd:93)

	   [3] execute (res://addons/gdUnit4/src/core/_TestCase.gd:38)

	   [4] _execute (res://addons/gdUnit4/src/core/execution/stages/single/GdUnitTestCaseSingleTestStage.gd:10)

	   [5] execute (res://addons/gdUnit4/src/core/execution/stages/IGdUnitExecutionStage.gd:19)

	   [6] _execute (res://addons/gdUnit4/src/core/execution/stages/single/GdUnitTestCaseSingleExecutionStage.gd:17)

	   [7] execute (res://addons/gdUnit4/src/core/execution/stages/IGdUnitExecutionStage.gd:19)

	   [8] _execute (res://addons/gdUnit4/src/core/execution/stages/GdUnitTestCaseExecutionStage.gd:24)

	   [9] execute (res://addons/gdUnit4/src/core/execution/stages/IGdUnitExecutionStage.gd:19)

	   [10] _execute (res://addons/gdUnit4/src/core/execution/stages/GdUnitTestSuiteExecutionStage.gd:31)

	   [11] execute (res://addons/gdUnit4/src/core/execution/stages/IGdUnitExecutionStage.gd:19)

	   [12] execute (res://addons/gdUnit4/src/core/execution/GdUnitTestSuiteExecutor.gd:23)

SCRIPT ERROR: Invalid type in function 'update_dialogue_indicators' in base 'Node2D (GridVisuals)'. The Object-derived class of argument 2 (Node (FakeUnitManager)) is not a subclass of the expected argument class.

   at: test_grid_visuals_methods (res://tests/test_grid_extended.gd:67)

   GDScript backtrace (most recent call first):

	   [0] test_grid_visuals_methods (res://tests/test_grid_extended.gd:67)

	   [1] _execute_test_case (res://addons/gdUnit4/src/core/_TestCase.gd:93)

	   [2] execute (res://addons/gdUnit4/src/core/_TestCase.gd:38)

	   [3] _execute (res://addons/gdUnit4/src/core/execution/stages/single/GdUnitTestCaseSingleTestStage.gd:10)

	   [4] execute (res://addons/gdUnit4/src/core/execution/stages/IGdUnitExecutionStage.gd:19)

	   [5] _execute (res://addons/gdUnit4/src/core/execution/stages/single/GdUnitTestCaseSingleExecutionStage.gd:17)

	   [6] execute (res://addons/gdUnit4/src/core/execution/stages/IGdUnitExecutionStage.gd:19)

	   [7] _execute (res://addons/gdUnit4/src/core/execution/stages/GdUnitTestCaseExecutionStage.gd:24)

	   [8] execute (res://addons/gdUnit4/src/core/execution/stages/IGdUnitExecutionStage.gd:19)

	   [9] _execute (res://addons/gdUnit4/src/core/execution/stages/GdUnitTestSuiteExecutionStage.gd:31)

	   [10] execute (res://addons/gdUnit4/src/core/execution/stages/IGdUnitExecutionStage.gd:19)

	   [11] _execute (res://addons/gdUnit4/src/core/execution/stages/GdUnitTestCaseExecutionStage.gd:31)

	   [12] error_monitor_stop (res://addons/gdUnit4/src/core/execution/GdUnitExecutionContext.gd:128)

	   [13] scan (res://addons/gdUnit4/src/monitor/GodotGdErrorMonitor.gd:48)

ERROR: Script inherits from native type 'RefCounted', so it can't be assigned to an object of type 'Node'.

   at: instance_create (modules/gdscript/gdscript.cpp:415)

   GDScript backtrace (most recent call first):

	   [0] test_update_hover_indicator (res://tests/test_grid_visuals_extended.gd:25)

	   [1] _execute_test_case (res://addons/gdUnit4/src/core/_TestCase.gd:93)

	   [2] execute (res://addons/gdUnit4/src/core/_TestCase.gd:38)

	   [3] _execute (res://addons/gdUnit4/src/core/execution/stages/single/GdUnitTestCaseSingleTestStage.gd:10)

	   [4] execute (res://addons/gdUnit4/src/core/execution/stages/IGdUnitExecutionStage.gd:19)

	   [5] _execute (res://addons/gdUnit4/src/core/execution/stages/single/GdUnitTestCaseSingleExecutionStage.gd:17)

	   [6] execute (res://addons/gdUnit4/src/core/execution/stages/IGdUnitExecutionStage.gd:19)

	   [7] _execute (res://addons/gdUnit4/src/core/execution/stages/GdUnitTestCaseExecutionStage.gd:24)

	   [8] execute (res://addons/gdUnit4/src/core/execution/stages/IGdUnitExecutionStage.gd:19)

	   [9] _execute (res://addons/gdUnit4/src/core/execution/stages/GdUnitTestSuiteExecutionStage.gd:31)

	   [10] execute (res://addons/gdUnit4/src/core/execution/stages/IGdUnitExecutionStage.gd:19)

	   [11] execute (res://addons/gdUnit4/src/core/execution/GdUnitTestSuiteExecutor.gd:23)

SCRIPT ERROR: Invalid call. Nonexistent function 'new' in base 'Nil'.

   at: test_update_hover_indicator (res://tests/test_grid_visuals_extended.gd:26)

   GDScript backtrace (most recent call first):

	   [0] test_update_hover_indicator (res://tests/test_grid_visuals_extended.gd:26)

	   [1] _execute_test_case (res://addons/gdUnit4/src/core/_TestCase.gd:93)

	   [2] execute (res://addons/gdUnit4/src/core/_TestCase.gd:38)

	   [3] _execute (res://addons/gdUnit4/src/core/execution/stages/single/GdUnitTestCaseSingleTestStage.gd:10)

	   [4] execute (res://addons/gdUnit4/src/core/execution/stages/IGdUnitExecutionStage.gd:19)

	   [5] _execute (res://addons/gdUnit4/src/core/execution/stages/single/GdUnitTestCaseSingleExecutionStage.gd:17)

	   [6] execute (res://addons/gdUnit4/src/core/execution/stages/IGdUnitExecutionStage.gd:19)

	   [7] _execute (res://addons/gdUnit4/src/core/execution/stages/GdUnitTestCaseExecutionStage.gd:24)

	   [8] execute (res://addons/gdUnit4/src/core/execution/stages/IGdUnitExecutionStage.gd:19)

	   [9] _execute (res://addons/gdUnit4/src/core/execution/stages/GdUnitTestSuiteExecutionStage.gd:31)

	   [10] execute (res://addons/gdUnit4/src/core/execution/stages/IGdUnitExecutionStage.gd:19)

	   [11] execute (res://addons/gdUnit4/src/core/execution/GdUnitTestSuiteExecutor.gd:23)

SCRIPT ERROR: Invalid call. Nonexistent function 'id' in base 'Nil'.

   at: GdUnitTestCaseSingleExecutionStage._execute (res://addons/gdUnit4/src/core/execution/stages/single/GdUnitTestCaseSingleExecutionStage.gd:28)

   GDScript backtrace (most recent call first):

	   [0] _execute (res://addons/gdUnit4/src/core/execution/stages/single/GdUnitTestCaseSingleExecutionStage.gd:28)

	   [1] execute (res://addons/gdUnit4/src/core/execution/stages/IGdUnitExecutionStage.gd:19)

	   [2] _execute (res://addons/gdUnit4/src/core/execution/stages/GdUnitTestCaseAfterStage.gd:22)

	   [3] error_monitor_stop (res://addons/gdUnit4/src/core/execution/GdUnitExecutionContext.gd:130)

	   [4] scan (res://addons/gdUnit4/src/monitor/GodotGdErrorMonitor.gd:48)

SCRIPT ERROR: Invalid call. Nonexistent function 'is_interupted' in base 'previously freed'.

   at: GdUnitTestSuiteExecutionStage._execute (res://addons/gdUnit4/src/core/execution/stages/GdUnitTestSuiteExecutionStage.gd:35)

   GDScript backtrace (most recent call first):

	   [0] _execute (res://addons/gdUnit4/src/core/execution/stages/GdUnitTestSuiteExecutionStage.gd:35)

	   [1] execute (res://addons/gdUnit4/src/core/execution/stages/IGdUnitExecutionStage.gd:19)

	   [2] _execute (res://addons/gdUnit4/src/core/execution/stages/GdUnitTestCaseExecutionStage.gd:30)

	   [3] error_monitor_stop (res://addons/gdUnit4/src/core/execution/GdUnitExecutionContext.gd:130)

	   [4] scan (res://addons/gdUnit4/src/monitor/GodotGdErrorMonitor.gd:48)

ERROR: Node not found: "%ActionsContainer" (relative to "/root/test_gui_extended/@PanelContainer@3356").

   at: get_node (scene/main/node.cpp:1963)

   GDScript backtrace (most recent call first):

	   [0] @implicit_ready (res://GUI/actions_panel.gd:11)

	   [1] _add_and_free (res://tests/test_gui_extended.gd:6)

	   [2] test_action_panel_focus_first_button (res://tests/test_gui_extended.gd:18)

	   [3] _execute_test_case (res://addons/gdUnit4/src/core/_TestCase.gd:93)

	   [4] execute (res://addons/gdUnit4/src/core/_TestCase.gd:38)

	   [5] _execute (res://addons/gdUnit4/src/core/execution/stages/single/GdUnitTestCaseSingleTestStage.gd:10)

	   [6] execute (res://addons/gdUnit4/src/core/execution/stages/IGdUnitExecutionStage.gd:19)

	   [7] _execute (res://addons/gdUnit4/src/core/execution/stages/single/GdUnitTestCaseSingleExecutionStage.gd:17)

	   [8] execute (res://addons/gdUnit4/src/core/execution/stages/IGdUnitExecutionStage.gd:19)

	   [9] _execute (res://addons/gdUnit4/src/core/execution/stages/GdUnitTestCaseExecutionStage.gd:24)

	   [10] execute (res://addons/gdUnit4/src/core/execution/stages/IGdUnitExecutionStage.gd:19)

	   [11] _execute (res://addons/gdUnit4/src/core/execution/stages/GdUnitTestSuiteExecutionStage.gd:31)

	   [12] execute (res://addons/gdUnit4/src/core/execution/stages/IGdUnitExecutionStage.gd:19)

	   [13] execute (res://addons/gdUnit4/src/core/execution/GdUnitTestSuiteExecutor.gd:23)

ERROR: Node not found: "%HintLabel" (relative to "/root/test_gui_extended/@PanelContainer@3356").

   at: get_node (scene/main/node.cpp:1963)

   GDScript backtrace (most recent call first):

	   [0] @implicit_ready (res://GUI/actions_panel.gd:12)

	   [1] _add_and_free (res://tests/test_gui_extended.gd:6)

	   [2] test_action_panel_focus_first_button (res://tests/test_gui_extended.gd:18)

	   [3] _execute_test_case (res://addons/gdUnit4/src/core/_TestCase.gd:93)

	   [4] execute (res://addons/gdUnit4/src/core/_TestCase.gd:38)

	   [5] _execute (res://addons/gdUnit4/src/core/execution/stages/single/GdUnitTestCaseSingleTestStage.gd:10)

	   [6] execute (res://addons/gdUnit4/src/core/execution/stages/IGdUnitExecutionStage.gd:19)

	   [7] _execute (res://addons/gdUnit4/src/core/execution/stages/single/GdUnitTestCaseSingleExecutionStage.gd:17)

	   [8] execute (res://addons/gdUnit4/src/core/execution/stages/IGdUnitExecutionStage.gd:19)

	   [9] _execute (res://addons/gdUnit4/src/core/execution/stages/GdUnitTestCaseExecutionStage.gd:24)

	   [10] execute (res://addons/gdUnit4/src/core/execution/stages/IGdUnitExecutionStage.gd:19)

	   [11] _execute (res://addons/gdUnit4/src/core/execution/stages/GdUnitTestSuiteExecutionStage.gd:31)

	   [12] execute (res://addons/gdUnit4/src/core/execution/stages/IGdUnitExecutionStage.gd:19)

	   [13] execute (res://addons/gdUnit4/src/core/execution/GdUnitTestSuiteExecutor.gd:23)

SCRIPT ERROR: Invalid call. Nonexistent function 'focus_first_button' in base 'PanelContainer (ActionsPanel)'.

   at: test_action_panel_focus_first_button (res://tests/test_gui_extended.gd:21)

   GDScript backtrace (most recent call first):

	   [0] test_action_panel_focus_first_button (res://tests/test_gui_extended.gd:21)

	   [1] _execute_test_case (res://addons/gdUnit4/src/core/_TestCase.gd:93)

	   [2] execute (res://addons/gdUnit4/src/core/_TestCase.gd:38)

	   [3] _execute (res://addons/gdUnit4/src/core/execution/stages/single/GdUnitTestCaseSingleTestStage.gd:10)

	   [4] execute (res://addons/gdUnit4/src/core/execution/stages/IGdUnitExecutionStage.gd:19)

	   [5] _execute (res://addons/gdUnit4/src/core/execution/stages/single/GdUnitTestCaseSingleExecutionStage.gd:17)

	   [6] execute (res://addons/gdUnit4/src/core/execution/stages/IGdUnitExecutionStage.gd:19)

	   [7] _execute (res://addons/gdUnit4/src/core/execution/stages/GdUnitTestCaseExecutionStage.gd:24)

	   [8] execute (res://addons/gdUnit4/src/core/execution/stages/IGdUnitExecutionStage.gd:19)

	   [9] _execute (res://addons/gdUnit4/src/core/execution/stages/GdUnitTestSuiteExecutionStage.gd:31)

	   [10] execute (res://addons/gdUnit4/src/core/execution/stages/IGdUnitExecutionStage.gd:19)

	   [11] execute (res://addons/gdUnit4/src/core/execution/GdUnitTestSuiteExecutor.gd:23)

SCRIPT ERROR: Invalid assignment of property or key 'hint_label' with value of type 'Label' on a base object of type 'PanelContainer (ActionsPanel)'.

   at: test_action_panel_update_actions_missing_unit (res://tests/test_gui_extended.gd:42)

   GDScript backtrace (most recent call first):

	   [0] test_action_panel_update_actions_missing_unit (res://tests/test_gui_extended.gd:42)

	   [1] _execute_test_case (res://addons/gdUnit4/src/core/_TestCase.gd:93)

	   [2] execute (res://addons/gdUnit4/src/core/_TestCase.gd:38)

	   [3] _execute (res://addons/gdUnit4/src/core/execution/stages/single/GdUnitTestCaseSingleTestStage.gd:10)

	   [4] execute (res://addons/gdUnit4/src/core/execution/stages/IGdUnitExecutionStage.gd:19)

	   [5] _execute (res://addons/gdUnit4/src/core/execution/stages/single/GdUnitTestCaseSingleExecutionStage.gd:17)

	   [6] execute (res://addons/gdUnit4/src/core/execution/stages/IGdUnitExecutionStage.gd:19)

	   [7] _execute (res://addons/gdUnit4/src/core/execution/stages/GdUnitTestCaseExecutionStage.gd:24)

	   [8] execute (res://addons/gdUnit4/src/core/execution/stages/IGdUnitExecutionStage.gd:19)

	   [9] _execute (res://addons/gdUnit4/src/core/execution/stages/GdUnitTestSuiteExecutionStage.gd:31)

	   [10] execute (res://addons/gdUnit4/src/core/execution/stages/IGdUnitExecutionStage.gd:19)

	   [11] _execute (res://addons/gdUnit4/src/core/execution/stages/GdUnitTestCaseExecutionStage.gd:31)

	   [12] error_monitor_stop (res://addons/gdUnit4/src/core/execution/GdUnitExecutionContext.gd:128)

	   [13] scan (res://addons/gdUnit4/src/monitor/GodotGdErrorMonitor.gd:48)

ERROR: Node not found: "%VBoxContainer" (relative to "/root/test_gui_extended/@PanelContainer@3359").

   at: get_node (scene/main/node.cpp:1963)

   GDScript backtrace (most recent call first):

	   [0] @implicit_ready (res://GUI/combat_preview_panel.gd:6)

	   [1] _add_and_free (res://tests/test_gui_extended.gd:6)

	   [2] test_combat_preview_panel_show_forecast (res://tests/test_gui_extended.gd:75)

	   [3] _execute_test_case (res://addons/gdUnit4/src/core/_TestCase.gd:93)

	   [4] execute (res://addons/gdUnit4/src/core/_TestCase.gd:38)

	   [5] _execute (res://addons/gdUnit4/src/core/execution/stages/single/GdUnitTestCaseSingleTestStage.gd:10)

	   [6] execute (res://addons/gdUnit4/src/core/execution/stages/IGdUnitExecutionStage.gd:19)

	   [7] _execute (res://addons/gdUnit4/src/core/execution/stages/single/GdUnitTestCaseSingleExecutionStage.gd:17)

	   [8] execute (res://addons/gdUnit4/src/core/execution/stages/IGdUnitExecutionStage.gd:19)

	   [9] _execute (res://addons/gdUnit4/src/core/execution/stages/GdUnitTestCaseExecutionStage.gd:24)

	   [10] execute (res://addons/gdUnit4/src/core/execution/stages/IGdUnitExecutionStage.gd:19)

	   [11] _execute (res://addons/gdUnit4/src/core/execution/stages/GdUnitTestSuiteExecutionStage.gd:31)

	   [12] execute (res://addons/gdUnit4/src/core/execution/stages/IGdUnitExecutionStage.gd:19)

	   [13] _execute (res://addons/gdUnit4/src/core/execution/stages/GdUnitTestCaseExecutionStage.gd:31)

	   [14] error_monitor_stop (res://addons/gdUnit4/src/core/execution/GdUnitExecutionContext.gd:128)

	   [15] scan (res://addons/gdUnit4/src/monitor/GodotGdErrorMonitor.gd:48)

SCRIPT ERROR: Cannot call method 'get_node' on a null value.

   at: CombatPreviewPanel.@implicit_ready (res://GUI/combat_preview_panel.gd:7)

   GDScript backtrace (most recent call first):

	   [0] @implicit_ready (res://GUI/combat_preview_panel.gd:7)

	   [1] _add_and_free (res://tests/test_gui_extended.gd:6)

	   [2] test_combat_preview_panel_show_forecast (res://tests/test_gui_extended.gd:75)

	   [3] _execute_test_case (res://addons/gdUnit4/src/core/_TestCase.gd:93)

	   [4] execute (res://addons/gdUnit4/src/core/_TestCase.gd:38)

	   [5] _execute (res://addons/gdUnit4/src/core/execution/stages/single/GdUnitTestCaseSingleTestStage.gd:10)

	   [6] execute (res://addons/gdUnit4/src/core/execution/stages/IGdUnitExecutionStage.gd:19)

	   [7] _execute (res://addons/gdUnit4/src/core/execution/stages/single/GdUnitTestCaseSingleExecutionStage.gd:17)

	   [8] execute (res://addons/gdUnit4/src/core/execution/stages/IGdUnitExecutionStage.gd:19)

	   [9] _execute (res://addons/gdUnit4/src/core/execution/stages/GdUnitTestCaseExecutionStage.gd:24)

	   [10] execute (res://addons/gdUnit4/src/core/execution/stages/IGdUnitExecutionStage.gd:19)

	   [11] _execute (res://addons/gdUnit4/src/core/execution/stages/GdUnitTestSuiteExecutionStage.gd:31)

	   [12] execute (res://addons/gdUnit4/src/core/execution/stages/IGdUnitExecutionStage.gd:19)

	   [13] _execute (res://addons/gdUnit4/src/core/execution/stages/GdUnitTestCaseExecutionStage.gd:31)

	   [14] error_monitor_stop (res://addons/gdUnit4/src/core/execution/GdUnitExecutionContext.gd:128)

	   [15] scan (res://addons/gdUnit4/src/monitor/GodotGdErrorMonitor.gd:48)

SCRIPT ERROR: Cannot call method 'add_theme_constant_override' on a null value.

   at: CombatPreviewPanel._ready (res://GUI/combat_preview_panel.gd:20)

   GDScript backtrace (most recent call first):

	   [0] _ready (res://GUI/combat_preview_panel.gd:20)

	   [1] _add_and_free (res://tests/test_gui_extended.gd:6)

	   [2] test_combat_preview_panel_show_forecast (res://tests/test_gui_extended.gd:75)

	   [3] _execute_test_case (res://addons/gdUnit4/src/core/_TestCase.gd:93)

	   [4] execute (res://addons/gdUnit4/src/core/_TestCase.gd:38)

	   [5] _execute (res://addons/gdUnit4/src/core/execution/stages/single/GdUnitTestCaseSingleTestStage.gd:10)

	   [6] execute (res://addons/gdUnit4/src/core/execution/stages/IGdUnitExecutionStage.gd:19)

	   [7] _execute (res://addons/gdUnit4/src/core/execution/stages/single/GdUnitTestCaseSingleExecutionStage.gd:17)

	   [8] execute (res://addons/gdUnit4/src/core/execution/stages/IGdUnitExecutionStage.gd:19)

	   [9] _execute (res://addons/gdUnit4/src/core/execution/stages/GdUnitTestCaseExecutionStage.gd:24)

	   [10] execute (res://addons/gdUnit4/src/core/execution/stages/IGdUnitExecutionStage.gd:19)

	   [11] _execute (res://addons/gdUnit4/src/core/execution/stages/GdUnitTestSuiteExecutionStage.gd:31)

	   [12] execute (res://addons/gdUnit4/src/core/execution/stages/IGdUnitExecutionStage.gd:19)

	   [13] _execute (res://addons/gdUnit4/src/core/execution/stages/GdUnitTestCaseExecutionStage.gd:31)

	   [14] error_monitor_stop (res://addons/gdUnit4/src/core/execution/GdUnitExecutionContext.gd:128)

	   [15] scan (res://addons/gdUnit4/src/monitor/GodotGdErrorMonitor.gd:48)

ERROR: Node not found: "%SectionsList" (relative to "/root/test_gui_extended/@Control@3364").

   at: get_node (scene/main/node.cpp:1963)

   GDScript backtrace (most recent call first):

	   [0] @implicit_ready (res://GUI/journal_ui.gd:7)

	   [1] _add_and_free (res://tests/test_gui_extended.gd:6)

	   [2] test_journal_ui_find_item (res://tests/test_gui_extended.gd:116)

	   [3] _execute_test_case (res://addons/gdUnit4/src/core/_TestCase.gd:93)

	   [4] execute (res://addons/gdUnit4/src/core/_TestCase.gd:38)

	   [5] _execute (res://addons/gdUnit4/src/core/execution/stages/single/GdUnitTestCaseSingleTestStage.gd:10)

	   [6] execute (res://addons/gdUnit4/src/core/execution/stages/IGdUnitExecutionStage.gd:19)

	   [7] _execute (res://addons/gdUnit4/src/core/execution/stages/single/GdUnitTestCaseSingleExecutionStage.gd:17)

	   [8] execute (res://addons/gdUnit4/src/core/execution/stages/IGdUnitExecutionStage.gd:19)

	   [9] _execute (res://addons/gdUnit4/src/core/execution/stages/GdUnitTestCaseExecutionStage.gd:24)

	   [10] execute (res://addons/gdUnit4/src/core/execution/stages/IGdUnitExecutionStage.gd:19)

	   [11] _execute (res://addons/gdUnit4/src/core/execution/stages/GdUnitTestSuiteExecutionStage.gd:31)

	   [12] execute (res://addons/gdUnit4/src/core/execution/stages/IGdUnitExecutionStage.gd:19)

	   [13] _execute (res://addons/gdUnit4/src/core/execution/stages/GdUnitTestCaseExecutionStage.gd:31)

	   [14] error_monitor_stop (res://addons/gdUnit4/src/core/execution/GdUnitExecutionContext.gd:128)

	   [15] scan (res://addons/gdUnit4/src/monitor/GodotGdErrorMonitor.gd:48)

ERROR: Node not found: "%EntriesList" (relative to "/root/test_gui_extended/@Control@3364").

   at: get_node (scene/main/node.cpp:1963)

   GDScript backtrace (most recent call first):

	   [0] @implicit_ready (res://GUI/journal_ui.gd:8)

	   [1] _add_and_free (res://tests/test_gui_extended.gd:6)

	   [2] test_journal_ui_find_item (res://tests/test_gui_extended.gd:116)

	   [3] _execute_test_case (res://addons/gdUnit4/src/core/_TestCase.gd:93)

	   [4] execute (res://addons/gdUnit4/src/core/_TestCase.gd:38)

	   [5] _execute (res://addons/gdUnit4/src/core/execution/stages/single/GdUnitTestCaseSingleTestStage.gd:10)

	   [6] execute (res://addons/gdUnit4/src/core/execution/stages/IGdUnitExecutionStage.gd:19)

	   [7] _execute (res://addons/gdUnit4/src/core/execution/stages/single/GdUnitTestCaseSingleExecutionStage.gd:17)

	   [8] execute (res://addons/gdUnit4/src/core/execution/stages/IGdUnitExecutionStage.gd:19)

	   [9] _execute (res://addons/gdUnit4/src/core/execution/stages/GdUnitTestCaseExecutionStage.gd:24)

	   [10] execute (res://addons/gdUnit4/src/core/execution/stages/IGdUnitExecutionStage.gd:19)

	   [11] _execute (res://addons/gdUnit4/src/core/execution/stages/GdUnitTestSuiteExecutionStage.gd:31)

	   [12] execute (res://addons/gdUnit4/src/core/execution/stages/IGdUnitExecutionStage.gd:19)

	   [13] _execute (res://addons/gdUnit4/src/core/execution/stages/GdUnitTestCaseExecutionStage.gd:31)

	   [14] error_monitor_stop (res://addons/gdUnit4/src/core/execution/GdUnitExecutionContext.gd:128)

	   [15] scan (res://addons/gdUnit4/src/monitor/GodotGdErrorMonitor.gd:48)

ERROR: Node not found: "%EntryTitleLabel" (relative to "/root/test_gui_extended/@Control@3364").

   at: get_node (scene/main/node.cpp:1963)

   GDScript backtrace (most recent call first):

	   [0] @implicit_ready (res://GUI/journal_ui.gd:9)

	   [1] _add_and_free (res://tests/test_gui_extended.gd:6)

	   [2] test_journal_ui_find_item (res://tests/test_gui_extended.gd:116)

	   [3] _execute_test_case (res://addons/gdUnit4/src/core/_TestCase.gd:93)

	   [4] execute (res://addons/gdUnit4/src/core/_TestCase.gd:38)

	   [5] _execute (res://addons/gdUnit4/src/core/execution/stages/single/GdUnitTestCaseSingleTestStage.gd:10)

	   [6] execute (res://addons/gdUnit4/src/core/execution/stages/IGdUnitExecutionStage.gd:19)

	   [7] _execute (res://addons/gdUnit4/src/core/execution/stages/single/GdUnitTestCaseSingleExecutionStage.gd:17)

	   [8] execute (res://addons/gdUnit4/src/core/execution/stages/IGdUnitExecutionStage.gd:19)

	   [9] _execute (res://addons/gdUnit4/src/core/execution/stages/GdUnitTestCaseExecutionStage.gd:24)

	   [10] execute (res://addons/gdUnit4/src/core/execution/stages/IGdUnitExecutionStage.gd:19)

	   [11] _execute (res://addons/gdUnit4/src/core/execution/stages/GdUnitTestSuiteExecutionStage.gd:31)

	   [12] execute (res://addons/gdUnit4/src/core/execution/stages/IGdUnitExecutionStage.gd:19)

	   [13] _execute (res://addons/gdUnit4/src/core/execution/stages/GdUnitTestCaseExecutionStage.gd:31)

	   [14] error_monitor_stop (res://addons/gdUnit4/src/core/execution/GdUnitExecutionContext.gd:128)

	   [15] scan (res://addons/gdUnit4/src/monitor/GodotGdErrorMonitor.gd:48)

ERROR: Node not found: "%EntryContentLabel" (relative to "/root/test_gui_extended/@Control@3364").

   at: get_node (scene/main/node.cpp:1963)

   GDScript backtrace (most recent call first):

	   [0] @implicit_ready (res://GUI/journal_ui.gd:10)

	   [1] _add_and_free (res://tests/test_gui_extended.gd:6)

	   [2] test_journal_ui_find_item (res://tests/test_gui_extended.gd:116)

	   [3] _execute_test_case (res://addons/gdUnit4/src/core/_TestCase.gd:93)

	   [4] execute (res://addons/gdUnit4/src/core/_TestCase.gd:38)

	   [5] _execute (res://addons/gdUnit4/src/core/execution/stages/single/GdUnitTestCaseSingleTestStage.gd:10)

	   [6] execute (res://addons/gdUnit4/src/core/execution/stages/IGdUnitExecutionStage.gd:19)

	   [7] _execute (res://addons/gdUnit4/src/core/execution/stages/single/GdUnitTestCaseSingleExecutionStage.gd:17)

	   [8] execute (res://addons/gdUnit4/src/core/execution/stages/IGdUnitExecutionStage.gd:19)

	   [9] _execute (res://addons/gdUnit4/src/core/execution/stages/GdUnitTestCaseExecutionStage.gd:24)

	   [10] execute (res://addons/gdUnit4/src/core/execution/stages/IGdUnitExecutionStage.gd:19)

	   [11] _execute (res://addons/gdUnit4/src/core/execution/stages/GdUnitTestSuiteExecutionStage.gd:31)

	   [12] execute (res://addons/gdUnit4/src/core/execution/stages/IGdUnitExecutionStage.gd:19)

	   [13] _execute (res://addons/gdUnit4/src/core/execution/stages/GdUnitTestCaseExecutionStage.gd:31)

	   [14] error_monitor_stop (res://addons/gdUnit4/src/core/execution/GdUnitExecutionContext.gd:128)

	   [15] scan (res://addons/gdUnit4/src/monitor/GodotGdErrorMonitor.gd:48)

ERROR: Node not found: "%BackButton" (relative to "/root/test_gui_extended/@Control@3364").

   at: get_node (scene/main/node.cpp:1963)

   GDScript backtrace (most recent call first):

	   [0] @implicit_ready (res://GUI/journal_ui.gd:11)

	   [1] _add_and_free (res://tests/test_gui_extended.gd:6)

	   [2] test_journal_ui_find_item (res://tests/test_gui_extended.gd:116)

	   [3] _execute_test_case (res://addons/gdUnit4/src/core/_TestCase.gd:93)

	   [4] execute (res://addons/gdUnit4/src/core/_TestCase.gd:38)

	   [5] _execute (res://addons/gdUnit4/src/core/execution/stages/single/GdUnitTestCaseSingleTestStage.gd:10)

	   [6] execute (res://addons/gdUnit4/src/core/execution/stages/IGdUnitExecutionStage.gd:19)

	   [7] _execute (res://addons/gdUnit4/src/core/execution/stages/single/GdUnitTestCaseSingleExecutionStage.gd:17)

	   [8] execute (res://addons/gdUnit4/src/core/execution/stages/IGdUnitExecutionStage.gd:19)

	   [9] _execute (res://addons/gdUnit4/src/core/execution/stages/GdUnitTestCaseExecutionStage.gd:24)

	   [10] execute (res://addons/gdUnit4/src/core/execution/stages/IGdUnitExecutionStage.gd:19)

	   [11] _execute (res://addons/gdUnit4/src/core/execution/stages/GdUnitTestSuiteExecutionStage.gd:31)

	   [12] execute (res://addons/gdUnit4/src/core/execution/stages/IGdUnitExecutionStage.gd:19)

	   [13] _execute (res://addons/gdUnit4/src/core/execution/stages/GdUnitTestCaseExecutionStage.gd:31)

	   [14] error_monitor_stop (res://addons/gdUnit4/src/core/execution/GdUnitExecutionContext.gd:128)

	   [15] scan (res://addons/gdUnit4/src/monitor/GodotGdErrorMonitor.gd:48)

SCRIPT ERROR: Invalid access to property or key 'item_selected' on a base object of type 'null instance'.

   at: JournalUI._ready (res://GUI/journal_ui.gd:28)

   GDScript backtrace (most recent call first):

	   [0] _ready (res://GUI/journal_ui.gd:28)

	   [1] _add_and_free (res://tests/test_gui_extended.gd:6)

	   [2] test_journal_ui_find_item (res://tests/test_gui_extended.gd:116)

	   [3] _execute_test_case (res://addons/gdUnit4/src/core/_TestCase.gd:93)

	   [4] execute (res://addons/gdUnit4/src/core/_TestCase.gd:38)

	   [5] _execute (res://addons/gdUnit4/src/core/execution/stages/single/GdUnitTestCaseSingleTestStage.gd:10)

	   [6] execute (res://addons/gdUnit4/src/core/execution/stages/IGdUnitExecutionStage.gd:19)

	   [7] _execute (res://addons/gdUnit4/src/core/execution/stages/single/GdUnitTestCaseSingleExecutionStage.gd:17)

	   [8] execute (res://addons/gdUnit4/src/core/execution/stages/IGdUnitExecutionStage.gd:19)

	   [9] _execute (res://addons/gdUnit4/src/core/execution/stages/GdUnitTestCaseExecutionStage.gd:24)

	   [10] execute (res://addons/gdUnit4/src/core/execution/stages/IGdUnitExecutionStage.gd:19)

	   [11] _execute (res://addons/gdUnit4/src/core/execution/stages/GdUnitTestSuiteExecutionStage.gd:31)

	   [12] execute (res://addons/gdUnit4/src/core/execution/stages/IGdUnitExecutionStage.gd:19)

	   [13] _execute (res://addons/gdUnit4/src/core/execution/stages/GdUnitTestCaseExecutionStage.gd:31)

	   [14] error_monitor_stop (res://addons/gdUnit4/src/core/execution/GdUnitExecutionContext.gd:128)

	   [15] scan (res://addons/gdUnit4/src/monitor/GodotGdErrorMonitor.gd:48)

ERROR: Node not found: "MarginContainer/VBoxContainer/TitleRow" (relative to "/root/test_gui_extended/@PanelContainer@3372").

   at: get_node (scene/main/node.cpp:1963)

   GDScript backtrace (most recent call first):

	   [0] @implicit_ready (res://GUI/task_list_item.gd:10)

	   [1] _add_and_free (res://tests/test_gui_extended.gd:6)

	   [2] test_task_list_item (res://tests/test_gui_extended.gd:189)

	   [3] _execute_test_case (res://addons/gdUnit4/src/core/_TestCase.gd:93)

	   [4] execute (res://addons/gdUnit4/src/core/_TestCase.gd:38)

	   [5] _execute (res://addons/gdUnit4/src/core/execution/stages/single/GdUnitTestCaseSingleTestStage.gd:10)

	   [6] execute (res://addons/gdUnit4/src/core/execution/stages/IGdUnitExecutionStage.gd:19)

	   [7] _execute (res://addons/gdUnit4/src/core/execution/stages/single/GdUnitTestCaseSingleExecutionStage.gd:17)

	   [8] execute (res://addons/gdUnit4/src/core/execution/stages/IGdUnitExecutionStage.gd:19)

	   [9] _execute (res://addons/gdUnit4/src/core/execution/stages/GdUnitTestCaseExecutionStage.gd:24)

	   [10] execute (res://addons/gdUnit4/src/core/execution/stages/IGdUnitExecutionStage.gd:19)

	   [11] _execute (res://addons/gdUnit4/src/core/execution/stages/GdUnitTestSuiteExecutionStage.gd:31)

	   [12] execute (res://addons/gdUnit4/src/core/execution/stages/IGdUnitExecutionStage.gd:19)

	   [13] _execute (res://addons/gdUnit4/src/core/execution/stages/GdUnitTestCaseExecutionStage.gd:31)

	   [14] error_monitor_stop (res://addons/gdUnit4/src/core/execution/GdUnitExecutionContext.gd:128)

	   [15] scan (res://addons/gdUnit4/src/monitor/GodotGdErrorMonitor.gd:48)

ERROR: Node not found: "MarginContainer/VBoxContainer/TitleRow/TitleLabel" (relative to "/root/test_gui_extended/@PanelContainer@3372").

   at: get_node (scene/main/node.cpp:1963)

   GDScript backtrace (most recent call first):

	   [0] @implicit_ready (res://GUI/task_list_item.gd:11)

	   [1] _add_and_free (res://tests/test_gui_extended.gd:6)

	   [2] test_task_list_item (res://tests/test_gui_extended.gd:189)

	   [3] _execute_test_case (res://addons/gdUnit4/src/core/_TestCase.gd:93)

	   [4] execute (res://addons/gdUnit4/src/core/_TestCase.gd:38)

	   [5] _execute (res://addons/gdUnit4/src/core/execution/stages/single/GdUnitTestCaseSingleTestStage.gd:10)

	   [6] execute (res://addons/gdUnit4/src/core/execution/stages/IGdUnitExecutionStage.gd:19)

	   [7] _execute (res://addons/gdUnit4/src/core/execution/stages/single/GdUnitTestCaseSingleExecutionStage.gd:17)

	   [8] execute (res://addons/gdUnit4/src/core/execution/stages/IGdUnitExecutionStage.gd:19)

	   [9] _execute (res://addons/gdUnit4/src/core/execution/stages/GdUnitTestCaseExecutionStage.gd:24)

	   [10] execute (res://addons/gdUnit4/src/core/execution/stages/IGdUnitExecutionStage.gd:19)

	   [11] _execute (res://addons/gdUnit4/src/core/execution/stages/GdUnitTestSuiteExecutionStage.gd:31)

	   [12] execute (res://addons/gdUnit4/src/core/execution/stages/IGdUnitExecutionStage.gd:19)

	   [13] _execute (res://addons/gdUnit4/src/core/execution/stages/GdUnitTestCaseExecutionStage.gd:31)

	   [14] error_monitor_stop (res://addons/gdUnit4/src/core/execution/GdUnitExecutionContext.gd:128)

	   [15] scan (res://addons/gdUnit4/src/monitor/GodotGdErrorMonitor.gd:48)

SCRIPT ERROR: Cannot call method 'add_child' on a null value.

   at: TaskListItem._setup_debug_button (res://GUI/task_list_item.gd:34)

   GDScript backtrace (most recent call first):

	   [0] _setup_debug_button (res://GUI/task_list_item.gd:34)

	   [1] _ready (res://GUI/task_list_item.gd:21)

	   [2] _add_and_free (res://tests/test_gui_extended.gd:6)

	   [3] test_task_list_item (res://tests/test_gui_extended.gd:189)

	   [4] _execute_test_case (res://addons/gdUnit4/src/core/_TestCase.gd:93)

	   [5] execute (res://addons/gdUnit4/src/core/_TestCase.gd:38)

	   [6] _execute (res://addons/gdUnit4/src/core/execution/stages/single/GdUnitTestCaseSingleTestStage.gd:10)

	   [7] execute (res://addons/gdUnit4/src/core/execution/stages/IGdUnitExecutionStage.gd:19)

	   [8] _execute (res://addons/gdUnit4/src/core/execution/stages/single/GdUnitTestCaseSingleExecutionStage.gd:17)

	   [9] execute (res://addons/gdUnit4/src/core/execution/stages/IGdUnitExecutionStage.gd:19)

	   [10] _execute (res://addons/gdUnit4/src/core/execution/stages/GdUnitTestCaseExecutionStage.gd:24)

	   [11] execute (res://addons/gdUnit4/src/core/execution/stages/IGdUnitExecutionStage.gd:19)

	   [12] _execute (res://addons/gdUnit4/src/core/execution/stages/GdUnitTestSuiteExecutionStage.gd:31)

	   [13] execute (res://addons/gdUnit4/src/core/execution/stages/IGdUnitExecutionStage.gd:19)

	   [14] _execute (res://addons/gdUnit4/src/core/execution/stages/GdUnitTestCaseExecutionStage.gd:31)

	   [15] error_monitor_stop (res://addons/gdUnit4/src/core/execution/GdUnitExecutionContext.gd:128)

	   [16] scan (res://addons/gdUnit4/src/monitor/GodotGdErrorMonitor.gd:48)

SCRIPT ERROR: Invalid assignment of property or key 'text' with value of type 'String' on a base object of type 'null instance'.

   at: TaskListItem.update_task (res://GUI/task_list_item.gd:52)

   GDScript backtrace (most recent call first):

	   [0] update_task (res://GUI/task_list_item.gd:52)

	   [1] test_task_list_item (res://tests/test_gui_extended.gd:191)

	   [2] _execute_test_case (res://addons/gdUnit4/src/core/_TestCase.gd:93)

	   [3] execute (res://addons/gdUnit4/src/core/_TestCase.gd:38)

	   [4] _execute (res://addons/gdUnit4/src/core/execution/stages/single/GdUnitTestCaseSingleTestStage.gd:10)

	   [5] execute (res://addons/gdUnit4/src/core/execution/stages/IGdUnitExecutionStage.gd:19)

	   [6] _execute (res://addons/gdUnit4/src/core/execution/stages/single/GdUnitTestCaseSingleExecutionStage.gd:17)

	   [7] execute (res://addons/gdUnit4/src/core/execution/stages/IGdUnitExecutionStage.gd:19)

	   [8] _execute (res://addons/gdUnit4/src/core/execution/stages/GdUnitTestCaseExecutionStage.gd:24)

	   [9] execute (res://addons/gdUnit4/src/core/execution/stages/IGdUnitExecutionStage.gd:19)

	   [10] _execute (res://addons/gdUnit4/src/core/execution/stages/GdUnitTestSuiteExecutionStage.gd:31)

	   [11] execute (res://addons/gdUnit4/src/core/execution/stages/IGdUnitExecutionStage.gd:19)

	   [12] _execute (res://addons/gdUnit4/src/core/execution/stages/GdUnitTestCaseExecutionStage.gd:31)

	   [13] error_monitor_stop (res://addons/gdUnit4/src/core/execution/GdUnitExecutionContext.gd:128)

	   [14] scan (res://addons/gdUnit4/src/monitor/GodotGdErrorMonitor.gd:48)

ERROR: Node not found: "%locationsVBox" (relative to "/root/test_gui_extended/LocationsListPanel").

   at: get_node (scene/main/node.cpp:1963)

   GDScript backtrace (most recent call first):

	   [0] @implicit_ready (res://GUI/locations_list_panel.gd:4)

	   [1] _add_and_free (res://tests/test_gui_extended.gd:6)

	   [2] test_lists_panels_empty (res://tests/test_gui_extended.gd:213)

	   [3] _execute_test_case (res://addons/gdUnit4/src/core/_TestCase.gd:93)

	   [4] execute (res://addons/gdUnit4/src/core/_TestCase.gd:38)

	   [5] _execute (res://addons/gdUnit4/src/core/execution/stages/single/GdUnitTestCaseSingleTestStage.gd:10)

	   [6] execute (res://addons/gdUnit4/src/core/execution/stages/IGdUnitExecutionStage.gd:19)

	   [7] _execute (res://addons/gdUnit4/src/core/execution/stages/single/GdUnitTestCaseSingleExecutionStage.gd:17)

	   [8] execute (res://addons/gdUnit4/src/core/execution/stages/IGdUnitExecutionStage.gd:19)

	   [9] _execute (res://addons/gdUnit4/src/core/execution/stages/GdUnitTestCaseExecutionStage.gd:24)

	   [10] execute (res://addons/gdUnit4/src/core/execution/stages/IGdUnitExecutionStage.gd:19)

	   [11] _execute (res://addons/gdUnit4/src/core/execution/stages/GdUnitTestSuiteExecutionStage.gd:31)

	   [12] execute (res://addons/gdUnit4/src/core/execution/stages/IGdUnitExecutionStage.gd:19)

	   [13] _execute (res://addons/gdUnit4/src/core/execution/stages/GdUnitTestCaseExecutionStage.gd:31)

	   [14] error_monitor_stop (res://addons/gdUnit4/src/core/execution/GdUnitExecutionContext.gd:128)

	   [15] scan (res://addons/gdUnit4/src/monitor/GodotGdErrorMonitor.gd:48)

SCRIPT ERROR: Cannot call method 'get_children' on a null value.

   at: LocationsListPanel.update_locations (res://GUI/locations_list_panel.gd:18)

   GDScript backtrace (most recent call first):

	   [0] update_locations (res://GUI/locations_list_panel.gd:18)

	   [1] test_lists_panels_empty (res://tests/test_gui_extended.gd:217)

	   [2] _execute_test_case (res://addons/gdUnit4/src/core/_TestCase.gd:93)

	   [3] execute (res://addons/gdUnit4/src/core/_TestCase.gd:38)

	   [4] _execute (res://addons/gdUnit4/src/core/execution/stages/single/GdUnitTestCaseSingleTestStage.gd:10)

	   [5] execute (res://addons/gdUnit4/src/core/execution/stages/IGdUnitExecutionStage.gd:19)

	   [6] _execute (res://addons/gdUnit4/src/core/execution/stages/single/GdUnitTestCaseSingleExecutionStage.gd:17)

	   [7] execute (res://addons/gdUnit4/src/core/execution/stages/IGdUnitExecutionStage.gd:19)

	   [8] _execute (res://addons/gdUnit4/src/core/execution/stages/GdUnitTestCaseExecutionStage.gd:24)

	   [9] execute (res://addons/gdUnit4/src/core/execution/stages/IGdUnitExecutionStage.gd:19)

	   [10] _execute (res://addons/gdUnit4/src/core/execution/stages/GdUnitTestSuiteExecutionStage.gd:31)

	   [11] execute (res://addons/gdUnit4/src/core/execution/stages/IGdUnitExecutionStage.gd:19)

	   [12] _execute (res://addons/gdUnit4/src/core/execution/stages/GdUnitTestCaseExecutionStage.gd:31)

	   [13] error_monitor_stop (res://addons/gdUnit4/src/core/execution/GdUnitExecutionContext.gd:128)

	   [14] scan (res://addons/gdUnit4/src/monitor/GodotGdErrorMonitor.gd:48)

   at: call (modules/gdscript/gdscript_lambda_callable.cpp:110)

SCRIPT ERROR: Invalid call. Nonexistent function 'id' in base 'Nil'.

   at: GdUnitTestCaseSingleExecutionStage._execute (res://addons/gdUnit4/src/core/execution/stages/single/GdUnitTestCaseSingleExecutionStage.gd:28)

   GDScript backtrace (most recent call first):

	   [0] _execute (res://addons/gdUnit4/src/core/execution/stages/single/GdUnitTestCaseSingleExecutionStage.gd:28)

	   [1] execute (res://addons/gdUnit4/src/core/execution/stages/IGdUnitExecutionStage.gd:19)

	   [2] _execute (res://addons/gdUnit4/src/core/execution/stages/GdUnitTestCaseAfterStage.gd:22)

	   [3] error_monitor_stop (res://addons/gdUnit4/src/core/execution/GdUnitExecutionContext.gd:128)

	   [4] scan (res://addons/gdUnit4/src/monitor/GodotGdErrorMonitor.gd:48)

SCRIPT ERROR: Invalid call. Nonexistent function 'is_interupted' in base 'previously freed'.

   at: GdUnitTestSuiteExecutionStage._execute (res://addons/gdUnit4/src/core/execution/stages/GdUnitTestSuiteExecutionStage.gd:35)

   GDScript backtrace (most recent call first):

	   [0] _execute (res://addons/gdUnit4/src/core/execution/stages/GdUnitTestSuiteExecutionStage.gd:35)

	   [1] execute (res://addons/gdUnit4/src/core/execution/stages/IGdUnitExecutionStage.gd:19)

	   [2] _execute (res://addons/gdUnit4/src/core/execution/stages/GdUnitTestCaseExecutionStage.gd:30)

	   [3] error_monitor_stop (res://addons/gdUnit4/src/core/execution/GdUnitExecutionContext.gd:130)

	   [4] scan (res://addons/gdUnit4/src/monitor/GodotGdErrorMonitor.gd:48)

SCRIPT ERROR: Invalid type in function 'sort_skits_by_level' in base 'RefCounted (HometownProgressionService)'. The array of argument 1 (Array) does not have the same element type as the expected typed array argument.

   at: test_sort_skits_does_not_mutate_original_array (res://tests/test_hometown_progression_service.gd:89)

   GDScript backtrace (most recent call first):

	   [0] test_sort_skits_does_not_mutate_original_array (res://tests/test_hometown_progression_service.gd:89)

	   [1] _execute_test_case (res://addons/gdUnit4/src/core/_TestCase.gd:93)

	   [2] execute (res://addons/gdUnit4/src/core/_TestCase.gd:38)

	   [3] _execute (res://addons/gdUnit4/src/core/execution/stages/single/GdUnitTestCaseSingleTestStage.gd:10)

	   [4] execute (res://addons/gdUnit4/src/core/execution/stages/IGdUnitExecutionStage.gd:19)

	   [5] _execute (res://addons/gdUnit4/src/core/execution/stages/single/GdUnitTestCaseSingleExecutionStage.gd:17)

	   [6] execute (res://addons/gdUnit4/src/core/execution/stages/IGdUnitExecutionStage.gd:19)

	   [7] _execute (res://addons/gdUnit4/src/core/execution/stages/GdUnitTestCaseExecutionStage.gd:24)

	   [8] execute (res://addons/gdUnit4/src/core/execution/stages/IGdUnitExecutionStage.gd:19)

	   [9] _execute (res://addons/gdUnit4/src/core/execution/stages/GdUnitTestSuiteExecutionStage.gd:31)

	   [10] execute (res://addons/gdUnit4/src/core/execution/stages/IGdUnitExecutionStage.gd:19)

	   [11] _execute (res://addons/gdUnit4/src/core/execution/stages/GdUnitTestCaseExecutionStage.gd:31)

	   [12] error_monitor_stop (res://addons/gdUnit4/src/core/execution/GdUnitExecutionContext.gd:128)

	   [13] scan (res://addons/gdUnit4/src/monitor/GodotGdErrorMonitor.gd:48)

ERROR: Parameter "get_viewport()" is null.

   at: get_global_mouse_position (scene/main/canvas_item.cpp:1270)

   GDScript backtrace (most recent call first):

	   [0] get_hex_occupants_at_mouse_position (res://GUI/HUD/hover_info_manager.gd:143)

	   [1] test_hover_info_manager_get_occupants (res://tests/test_hover_manager_extended.gd:35)

	   [2] _execute_test_case (res://addons/gdUnit4/src/core/_TestCase.gd:93)

	   [3] execute (res://addons/gdUnit4/src/core/_TestCase.gd:38)

	   [4] _execute (res://addons/gdUnit4/src/core/execution/stages/single/GdUnitTestCaseSingleTestStage.gd:10)

	   [5] execute (res://addons/gdUnit4/src/core/execution/stages/IGdUnitExecutionStage.gd:19)

	   [6] _execute (res://addons/gdUnit4/src/core/execution/stages/single/GdUnitTestCaseSingleExecutionStage.gd:17)

	   [7] execute (res://addons/gdUnit4/src/core/execution/stages/IGdUnitExecutionStage.gd:19)

	   [8] _execute (res://addons/gdUnit4/src/core/execution/stages/GdUnitTestCaseExecutionStage.gd:24)

	   [9] execute (res://addons/gdUnit4/src/core/execution/stages/IGdUnitExecutionStage.gd:19)

	   [10] _execute (res://addons/gdUnit4/src/core/execution/stages/GdUnitTestSuiteExecutionStage.gd:31)

	   [11] execute (res://addons/gdUnit4/src/core/execution/stages/IGdUnitExecutionStage.gd:19)

	   [12] execute (res://addons/gdUnit4/src/core/execution/GdUnitTestSuiteExecutor.gd:23)

ERROR: Condition "tile_set.is_null()" is true. Returning: Vector2i()

   at: local_to_map (scene/2d/tile_map_layer.cpp:3155)

   GDScript backtrace (most recent call first):

	   [0] get_hex_occupants_at_mouse_position (res://GUI/HUD/hover_info_manager.gd:145)

	   [1] test_hover_info_manager_get_occupants (res://tests/test_hover_manager_extended.gd:35)

	   [2] _execute_test_case (res://addons/gdUnit4/src/core/_TestCase.gd:93)

	   [3] execute (res://addons/gdUnit4/src/core/_TestCase.gd:38)

	   [4] _execute (res://addons/gdUnit4/src/core/execution/stages/single/GdUnitTestCaseSingleTestStage.gd:10)

	   [5] execute (res://addons/gdUnit4/src/core/execution/stages/IGdUnitExecutionStage.gd:19)

	   [6] _execute (res://addons/gdUnit4/src/core/execution/stages/single/GdUnitTestCaseSingleExecutionStage.gd:17)

	   [7] execute (res://addons/gdUnit4/src/core/execution/stages/IGdUnitExecutionStage.gd:19)

	   [8] _execute (res://addons/gdUnit4/src/core/execution/stages/GdUnitTestCaseExecutionStage.gd:24)

	   [9] execute (res://addons/gdUnit4/src/core/execution/stages/IGdUnitExecutionStage.gd:19)

	   [10] _execute (res://addons/gdUnit4/src/core/execution/stages/GdUnitTestSuiteExecutionStage.gd:31)

	   [11] execute (res://addons/gdUnit4/src/core/execution/stages/IGdUnitExecutionStage.gd:19)

	   [12] execute (res://addons/gdUnit4/src/core/execution/GdUnitTestSuiteExecutor.gd:23)

ERROR: Condition "tile_set.is_null()" is true. Returning: Vector2i()

   at: local_to_map (scene/2d/tile_map_layer.cpp:3155)

   GDScript backtrace (most recent call first):

	   [0] get_hex_occupants_at_mouse_position (res://GUI/HUD/hover_info_manager.gd:149)

	   [1] test_hover_info_manager_get_occupants (res://tests/test_hover_manager_extended.gd:35)

	   [2] _execute_test_case (res://addons/gdUnit4/src/core/_TestCase.gd:93)

	   [3] execute (res://addons/gdUnit4/src/core/_TestCase.gd:38)

	   [4] _execute (res://addons/gdUnit4/src/core/execution/stages/single/GdUnitTestCaseSingleTestStage.gd:10)

	   [5] execute (res://addons/gdUnit4/src/core/execution/stages/IGdUnitExecutionStage.gd:19)

	   [6] _execute (res://addons/gdUnit4/src/core/execution/stages/single/GdUnitTestCaseSingleExecutionStage.gd:17)

	   [7] execute (res://addons/gdUnit4/src/core/execution/stages/IGdUnitExecutionStage.gd:19)

	   [8] _execute (res://addons/gdUnit4/src/core/execution/stages/GdUnitTestCaseExecutionStage.gd:24)

	   [9] execute (res://addons/gdUnit4/src/core/execution/stages/IGdUnitExecutionStage.gd:19)

	   [10] _execute (res://addons/gdUnit4/src/core/execution/stages/GdUnitTestSuiteExecutionStage.gd:31)

	   [11] execute (res://addons/gdUnit4/src/core/execution/stages/IGdUnitExecutionStage.gd:19)

	   [12] execute (res://addons/gdUnit4/src/core/execution/GdUnitTestSuiteExecutor.gd:23)

ERROR: Parameter "get_viewport()" is null.

   at: get_global_mouse_position (scene/main/canvas_item.cpp:1270)

   GDScript backtrace (most recent call first):

	   [0] get_hex_occupants_at_mouse_position (res://GUI/HUD/hover_info_manager.gd:143)

	   [1] get_unit_at_mouse_position (res://GUI/HUD/hover_info_manager.gd:155)

	   [2] test_hover_info_manager_get_occupants (res://tests/test_hover_manager_extended.gd:39)

	   [3] _execute_test_case (res://addons/gdUnit4/src/core/_TestCase.gd:93)

	   [4] execute (res://addons/gdUnit4/src/core/_TestCase.gd:38)

	   [5] _execute (res://addons/gdUnit4/src/core/execution/stages/single/GdUnitTestCaseSingleTestStage.gd:10)

	   [6] execute (res://addons/gdUnit4/src/core/execution/stages/IGdUnitExecutionStage.gd:19)

	   [7] _execute (res://addons/gdUnit4/src/core/execution/stages/single/GdUnitTestCaseSingleExecutionStage.gd:17)

	   [8] execute (res://addons/gdUnit4/src/core/execution/stages/IGdUnitExecutionStage.gd:19)

	   [9] _execute (res://addons/gdUnit4/src/core/execution/stages/GdUnitTestCaseExecutionStage.gd:24)

	   [10] execute (res://addons/gdUnit4/src/core/execution/stages/IGdUnitExecutionStage.gd:19)

	   [11] _execute (res://addons/gdUnit4/src/core/execution/stages/GdUnitTestSuiteExecutionStage.gd:31)

	   [12] execute (res://addons/gdUnit4/src/core/execution/stages/IGdUnitExecutionStage.gd:19)

	   [13] execute (res://addons/gdUnit4/src/core/execution/GdUnitTestSuiteExecutor.gd:23)

ERROR: Condition "tile_set.is_null()" is true. Returning: Vector2i()

   at: local_to_map (scene/2d/tile_map_layer.cpp:3155)

   GDScript backtrace (most recent call first):

	   [0] get_hex_occupants_at_mouse_position (res://GUI/HUD/hover_info_manager.gd:145)

	   [1] get_unit_at_mouse_position (res://GUI/HUD/hover_info_manager.gd:155)

	   [2] test_hover_info_manager_get_occupants (res://tests/test_hover_manager_extended.gd:39)

	   [3] _execute_test_case (res://addons/gdUnit4/src/core/_TestCase.gd:93)

	   [4] execute (res://addons/gdUnit4/src/core/_TestCase.gd:38)

	   [5] _execute (res://addons/gdUnit4/src/core/execution/stages/single/GdUnitTestCaseSingleTestStage.gd:10)

	   [6] execute (res://addons/gdUnit4/src/core/execution/stages/IGdUnitExecutionStage.gd:19)

	   [7] _execute (res://addons/gdUnit4/src/core/execution/stages/single/GdUnitTestCaseSingleExecutionStage.gd:17)

	   [8] execute (res://addons/gdUnit4/src/core/execution/stages/IGdUnitExecutionStage.gd:19)

	   [9] _execute (res://addons/gdUnit4/src/core/execution/stages/GdUnitTestCaseExecutionStage.gd:24)

	   [10] execute (res://addons/gdUnit4/src/core/execution/stages/IGdUnitExecutionStage.gd:19)

	   [11] _execute (res://addons/gdUnit4/src/core/execution/stages/GdUnitTestSuiteExecutionStage.gd:31)

	   [12] execute (res://addons/gdUnit4/src/core/execution/stages/IGdUnitExecutionStage.gd:19)

	   [13] execute (res://addons/gdUnit4/src/core/execution/GdUnitTestSuiteExecutor.gd:23)

ERROR: Condition "tile_set.is_null()" is true. Returning: Vector2i()

   at: local_to_map (scene/2d/tile_map_layer.cpp:3155)

   GDScript backtrace (most recent call first):

	   [0] get_hex_occupants_at_mouse_position (res://GUI/HUD/hover_info_manager.gd:149)

	   [1] get_unit_at_mouse_position (res://GUI/HUD/hover_info_manager.gd:155)

	   [2] test_hover_info_manager_get_occupants (res://tests/test_hover_manager_extended.gd:39)

	   [3] _execute_test_case (res://addons/gdUnit4/src/core/_TestCase.gd:93)

	   [4] execute (res://addons/gdUnit4/src/core/_TestCase.gd:38)

	   [5] _execute (res://addons/gdUnit4/src/core/execution/stages/single/GdUnitTestCaseSingleTestStage.gd:10)

	   [6] execute (res://addons/gdUnit4/src/core/execution/stages/IGdUnitExecutionStage.gd:19)

	   [7] _execute (res://addons/gdUnit4/src/core/execution/stages/single/GdUnitTestCaseSingleExecutionStage.gd:17)

	   [8] execute (res://addons/gdUnit4/src/core/execution/stages/IGdUnitExecutionStage.gd:19)

	   [9] _execute (res://addons/gdUnit4/src/core/execution/stages/GdUnitTestCaseExecutionStage.gd:24)

	   [10] execute (res://addons/gdUnit4/src/core/execution/stages/IGdUnitExecutionStage.gd:19)

	   [11] _execute (res://addons/gdUnit4/src/core/execution/stages/GdUnitTestSuiteExecutionStage.gd:31)

	   [12] execute (res://addons/gdUnit4/src/core/execution/stages/IGdUnitExecutionStage.gd:19)

	   [13] execute (res://addons/gdUnit4/src/core/execution/GdUnitTestSuiteExecutor.gd:23)

ERROR: Parameter "get_viewport()" is null.

   at: get_global_mouse_position (scene/main/canvas_item.cpp:1270)

   GDScript backtrace (most recent call first):

	   [0] get_hex_occupants_at_mouse_position (res://GUI/HUD/hover_info_manager.gd:143)

	   [1] get_unit_at_mouse_position (res://GUI/HUD/hover_info_manager.gd:155)

	   [2] test_hover_info_manager_get_occupants (res://tests/test_hover_manager_extended.gd:44)

	   [3] _execute_test_case (res://addons/gdUnit4/src/core/_TestCase.gd:93)

	   [4] execute (res://addons/gdUnit4/src/core/_TestCase.gd:38)

	   [5] _execute (res://addons/gdUnit4/src/core/execution/stages/single/GdUnitTestCaseSingleTestStage.gd:10)

	   [6] execute (res://addons/gdUnit4/src/core/execution/stages/IGdUnitExecutionStage.gd:19)

	   [7] _execute (res://addons/gdUnit4/src/core/execution/stages/single/GdUnitTestCaseSingleExecutionStage.gd:17)

	   [8] execute (res://addons/gdUnit4/src/core/execution/stages/IGdUnitExecutionStage.gd:19)

	   [9] _execute (res://addons/gdUnit4/src/core/execution/stages/GdUnitTestCaseExecutionStage.gd:24)

	   [10] execute (res://addons/gdUnit4/src/core/execution/stages/IGdUnitExecutionStage.gd:19)

	   [11] _execute (res://addons/gdUnit4/src/core/execution/stages/GdUnitTestSuiteExecutionStage.gd:31)

	   [12] execute (res://addons/gdUnit4/src/core/execution/stages/IGdUnitExecutionStage.gd:19)

	   [13] execute (res://addons/gdUnit4/src/core/execution/GdUnitTestSuiteExecutor.gd:23)

ERROR: Condition "tile_set.is_null()" is true. Returning: Vector2i()

   at: local_to_map (scene/2d/tile_map_layer.cpp:3155)

   GDScript backtrace (most recent call first):

	   [0] get_hex_occupants_at_mouse_position (res://GUI/HUD/hover_info_manager.gd:145)

	   [1] get_unit_at_mouse_position (res://GUI/HUD/hover_info_manager.gd:155)

	   [2] test_hover_info_manager_get_occupants (res://tests/test_hover_manager_extended.gd:44)

	   [3] _execute_test_case (res://addons/gdUnit4/src/core/_TestCase.gd:93)

	   [4] execute (res://addons/gdUnit4/src/core/_TestCase.gd:38)

	   [5] _execute (res://addons/gdUnit4/src/core/execution/stages/single/GdUnitTestCaseSingleTestStage.gd:10)

	   [6] execute (res://addons/gdUnit4/src/core/execution/stages/IGdUnitExecutionStage.gd:19)

	   [7] _execute (res://addons/gdUnit4/src/core/execution/stages/single/GdUnitTestCaseSingleExecutionStage.gd:17)

	   [8] execute (res://addons/gdUnit4/src/core/execution/stages/IGdUnitExecutionStage.gd:19)

	   [9] _execute (res://addons/gdUnit4/src/core/execution/stages/GdUnitTestCaseExecutionStage.gd:24)

	   [10] execute (res://addons/gdUnit4/src/core/execution/stages/IGdUnitExecutionStage.gd:19)

	   [11] _execute (res://addons/gdUnit4/src/core/execution/stages/GdUnitTestSuiteExecutionStage.gd:31)

	   [12] execute (res://addons/gdUnit4/src/core/execution/stages/IGdUnitExecutionStage.gd:19)

	   [13] execute (res://addons/gdUnit4/src/core/execution/GdUnitTestSuiteExecutor.gd:23)

ERROR: Condition "tile_set.is_null()" is true. Returning: Vector2i()

   at: local_to_map (scene/2d/tile_map_layer.cpp:3155)

   GDScript backtrace (most recent call first):

	   [0] get_hex_occupants_at_mouse_position (res://GUI/HUD/hover_info_manager.gd:149)

	   [1] get_unit_at_mouse_position (res://GUI/HUD/hover_info_manager.gd:155)

	   [2] test_hover_info_manager_get_occupants (res://tests/test_hover_manager_extended.gd:44)

	   [3] _execute_test_case (res://addons/gdUnit4/src/core/_TestCase.gd:93)

	   [4] execute (res://addons/gdUnit4/src/core/_TestCase.gd:38)

	   [5] _execute (res://addons/gdUnit4/src/core/execution/stages/single/GdUnitTestCaseSingleTestStage.gd:10)

	   [6] execute (res://addons/gdUnit4/src/core/execution/stages/IGdUnitExecutionStage.gd:19)

	   [7] _execute (res://addons/gdUnit4/src/core/execution/stages/single/GdUnitTestCaseSingleExecutionStage.gd:17)

	   [8] execute (res://addons/gdUnit4/src/core/execution/stages/IGdUnitExecutionStage.gd:19)

	   [9] _execute (res://addons/gdUnit4/src/core/execution/stages/GdUnitTestCaseExecutionStage.gd:24)

	   [10] execute (res://addons/gdUnit4/src/core/execution/stages/IGdUnitExecutionStage.gd:19)

	   [11] _execute (res://addons/gdUnit4/src/core/execution/stages/GdUnitTestSuiteExecutionStage.gd:31)

	   [12] execute (res://addons/gdUnit4/src/core/execution/stages/IGdUnitExecutionStage.gd:19)

	   [13] execute (res://addons/gdUnit4/src/core/execution/GdUnitTestSuiteExecutor.gd:23)

ERROR: Node not found: "%CurrentName" (relative to "/root/test_hud_and_weather_extended/@PanelContainer@3471").

   at: get_node (scene/main/node.cpp:1963)

   GDScript backtrace (most recent call first):

	   [0] @implicit_ready (res://GUI/weather_panel.gd:7)

	   [1] _add_and_free (res://tests/test_hud_and_weather_extended.gd:9)

	   [2] test_weather_panel_update_compass (res://tests/test_hud_and_weather_extended.gd:19)

	   [3] _execute_test_case (res://addons/gdUnit4/src/core/_TestCase.gd:93)

	   [4] execute (res://addons/gdUnit4/src/core/_TestCase.gd:38)

	   [5] _execute (res://addons/gdUnit4/src/core/execution/stages/single/GdUnitTestCaseSingleTestStage.gd:10)

	   [6] execute (res://addons/gdUnit4/src/core/execution/stages/IGdUnitExecutionStage.gd:19)

	   [7] _execute (res://addons/gdUnit4/src/core/execution/stages/single/GdUnitTestCaseSingleExecutionStage.gd:17)

	   [8] execute (res://addons/gdUnit4/src/core/execution/stages/IGdUnitExecutionStage.gd:19)

	   [9] _execute (res://addons/gdUnit4/src/core/execution/stages/GdUnitTestCaseExecutionStage.gd:24)

	   [10] execute (res://addons/gdUnit4/src/core/execution/stages/IGdUnitExecutionStage.gd:19)

	   [11] _execute (res://addons/gdUnit4/src/core/execution/stages/GdUnitTestSuiteExecutionStage.gd:31)

	   [12] execute (res://addons/gdUnit4/src/core/execution/stages/IGdUnitExecutionStage.gd:19)

	   [13] execute (res://addons/gdUnit4/src/core/execution/GdUnitTestSuiteExecutor.gd:23)

ERROR: Node not found: "%CurrentEffect" (relative to "/root/test_hud_and_weather_extended/@PanelContainer@3471").

   at: get_node (scene/main/node.cpp:1963)

   GDScript backtrace (most recent call first):

	   [0] @implicit_ready (res://GUI/weather_panel.gd:8)

	   [1] _add_and_free (res://tests/test_hud_and_weather_extended.gd:9)

	   [2] test_weather_panel_update_compass (res://tests/test_hud_and_weather_extended.gd:19)

	   [3] _execute_test_case (res://addons/gdUnit4/src/core/_TestCase.gd:93)

	   [4] execute (res://addons/gdUnit4/src/core/_TestCase.gd:38)

	   [5] _execute (res://addons/gdUnit4/src/core/execution/stages/single/GdUnitTestCaseSingleTestStage.gd:10)

	   [6] execute (res://addons/gdUnit4/src/core/execution/stages/IGdUnitExecutionStage.gd:19)

	   [7] _execute (res://addons/gdUnit4/src/core/execution/stages/single/GdUnitTestCaseSingleExecutionStage.gd:17)

	   [8] execute (res://addons/gdUnit4/src/core/execution/stages/IGdUnitExecutionStage.gd:19)

	   [9] _execute (res://addons/gdUnit4/src/core/execution/stages/GdUnitTestCaseExecutionStage.gd:24)

	   [10] execute (res://addons/gdUnit4/src/core/execution/stages/IGdUnitExecutionStage.gd:19)

	   [11] _execute (res://addons/gdUnit4/src/core/execution/stages/GdUnitTestSuiteExecutionStage.gd:31)

	   [12] execute (res://addons/gdUnit4/src/core/execution/stages/IGdUnitExecutionStage.gd:19)

	   [13] execute (res://addons/gdUnit4/src/core/execution/GdUnitTestSuiteExecutor.gd:23)

ERROR: Node not found: "%NextName" (relative to "/root/test_hud_and_weather_extended/@PanelContainer@3471").

   at: get_node (scene/main/node.cpp:1963)

   GDScript backtrace (most recent call first):

	   [0] @implicit_ready (res://GUI/weather_panel.gd:9)

	   [1] _add_and_free (res://tests/test_hud_and_weather_extended.gd:9)

	   [2] test_weather_panel_update_compass (res://tests/test_hud_and_weather_extended.gd:19)

	   [3] _execute_test_case (res://addons/gdUnit4/src/core/_TestCase.gd:93)

	   [4] execute (res://addons/gdUnit4/src/core/_TestCase.gd:38)

	   [5] _execute (res://addons/gdUnit4/src/core/execution/stages/single/GdUnitTestCaseSingleTestStage.gd:10)

	   [6] execute (res://addons/gdUnit4/src/core/execution/stages/IGdUnitExecutionStage.gd:19)

	   [7] _execute (res://addons/gdUnit4/src/core/execution/stages/single/GdUnitTestCaseSingleExecutionStage.gd:17)

	   [8] execute (res://addons/gdUnit4/src/core/execution/stages/IGdUnitExecutionStage.gd:19)

	   [9] _execute (res://addons/gdUnit4/src/core/execution/stages/GdUnitTestCaseExecutionStage.gd:24)

	   [10] execute (res://addons/gdUnit4/src/core/execution/stages/IGdUnitExecutionStage.gd:19)

	   [11] _execute (res://addons/gdUnit4/src/core/execution/stages/GdUnitTestSuiteExecutionStage.gd:31)

	   [12] execute (res://addons/gdUnit4/src/core/execution/stages/IGdUnitExecutionStage.gd:19)

	   [13] execute (res://addons/gdUnit4/src/core/execution/GdUnitTestSuiteExecutor.gd:23)

ERROR: Node not found: "%NextMetaphor" (relative to "/root/test_hud_and_weather_extended/@PanelContainer@3471").

   at: get_node (scene/main/node.cpp:1963)

   GDScript backtrace (most recent call first):

	   [0] @implicit_ready (res://GUI/weather_panel.gd:10)

	   [1] _add_and_free (res://tests/test_hud_and_weather_extended.gd:9)

	   [2] test_weather_panel_update_compass (res://tests/test_hud_and_weather_extended.gd:19)

	   [3] _execute_test_case (res://addons/gdUnit4/src/core/_TestCase.gd:93)

	   [4] execute (res://addons/gdUnit4/src/core/_TestCase.gd:38)

	   [5] _execute (res://addons/gdUnit4/src/core/execution/stages/single/GdUnitTestCaseSingleTestStage.gd:10)

	   [6] execute (res://addons/gdUnit4/src/core/execution/stages/IGdUnitExecutionStage.gd:19)

	   [7] _execute (res://addons/gdUnit4/src/core/execution/stages/single/GdUnitTestCaseSingleExecutionStage.gd:17)

	   [8] execute (res://addons/gdUnit4/src/core/execution/stages/IGdUnitExecutionStage.gd:19)

	   [9] _execute (res://addons/gdUnit4/src/core/execution/stages/GdUnitTestCaseExecutionStage.gd:24)

	   [10] execute (res://addons/gdUnit4/src/core/execution/stages/IGdUnitExecutionStage.gd:19)

	   [11] _execute (res://addons/gdUnit4/src/core/execution/stages/GdUnitTestSuiteExecutionStage.gd:31)

	   [12] execute (res://addons/gdUnit4/src/core/execution/stages/IGdUnitExecutionStage.gd:19)

	   [13] execute (res://addons/gdUnit4/src/core/execution/GdUnitTestSuiteExecutor.gd:23)

ERROR: Node not found: "%CompassLabel" (relative to "/root/test_hud_and_weather_extended/@PanelContainer@3471").

   at: get_node (scene/main/node.cpp:1963)

   GDScript backtrace (most recent call first):

	   [0] @implicit_ready (res://GUI/weather_panel.gd:11)

	   [1] _add_and_free (res://tests/test_hud_and_weather_extended.gd:9)

	   [2] test_weather_panel_update_compass (res://tests/test_hud_and_weather_extended.gd:19)

	   [3] _execute_test_case (res://addons/gdUnit4/src/core/_TestCase.gd:93)

	   [4] execute (res://addons/gdUnit4/src/core/_TestCase.gd:38)

	   [5] _execute (res://addons/gdUnit4/src/core/execution/stages/single/GdUnitTestCaseSingleTestStage.gd:10)

	   [6] execute (res://addons/gdUnit4/src/core/execution/stages/IGdUnitExecutionStage.gd:19)

	   [7] _execute (res://addons/gdUnit4/src/core/execution/stages/single/GdUnitTestCaseSingleExecutionStage.gd:17)

	   [8] execute (res://addons/gdUnit4/src/core/execution/stages/IGdUnitExecutionStage.gd:19)

	   [9] _execute (res://addons/gdUnit4/src/core/execution/stages/GdUnitTestCaseExecutionStage.gd:24)

	   [10] execute (res://addons/gdUnit4/src/core/execution/stages/IGdUnitExecutionStage.gd:19)

	   [11] _execute (res://addons/gdUnit4/src/core/execution/stages/GdUnitTestSuiteExecutionStage.gd:31)

	   [12] execute (res://addons/gdUnit4/src/core/execution/stages/IGdUnitExecutionStage.gd:19)

	   [13] execute (res://addons/gdUnit4/src/core/execution/GdUnitTestSuiteExecutor.gd:23)

SCRIPT ERROR: Invalid assignment of property or key 'text' with value of type 'String' on a base object of type 'null instance'.

   at: WeatherPanel._update_ui (res://GUI/weather_panel.gd:60)

   GDScript backtrace (most recent call first):

	   [0] _update_ui (res://GUI/weather_panel.gd:60)

	   [1] _ready (res://GUI/weather_panel.gd:24)

	   [2] _add_and_free (res://tests/test_hud_and_weather_extended.gd:9)

	   [3] test_weather_panel_update_compass (res://tests/test_hud_and_weather_extended.gd:19)

	   [4] _execute_test_case (res://addons/gdUnit4/src/core/_TestCase.gd:93)

	   [5] execute (res://addons/gdUnit4/src/core/_TestCase.gd:38)

	   [6] _execute (res://addons/gdUnit4/src/core/execution/stages/single/GdUnitTestCaseSingleTestStage.gd:10)

	   [7] execute (res://addons/gdUnit4/src/core/execution/stages/IGdUnitExecutionStage.gd:19)

	   [8] _execute (res://addons/gdUnit4/src/core/execution/stages/single/GdUnitTestCaseSingleExecutionStage.gd:17)

	   [9] execute (res://addons/gdUnit4/src/core/execution/stages/IGdUnitExecutionStage.gd:19)

	   [10] _execute (res://addons/gdUnit4/src/core/execution/stages/GdUnitTestCaseExecutionStage.gd:24)

	   [11] execute (res://addons/gdUnit4/src/core/execution/stages/IGdUnitExecutionStage.gd:19)

	   [12] _execute (res://addons/gdUnit4/src/core/execution/stages/GdUnitTestSuiteExecutionStage.gd:31)

	   [13] execute (res://addons/gdUnit4/src/core/execution/stages/IGdUnitExecutionStage.gd:19)

	   [14] execute (res://addons/gdUnit4/src/core/execution/GdUnitTestSuiteExecutor.gd:23)

SCRIPT ERROR: Invalid assignment of property or key 'text' with value of type 'String' on a base object of type 'null instance'.

   at: WeatherPanel._update_ui (res://GUI/weather_panel.gd:49)

   GDScript backtrace (most recent call first):

	   [0] _update_ui (res://GUI/weather_panel.gd:49)

	   [1] _ready (res://GUI/weather_panel.gd:25)

	   [2] _add_and_free (res://tests/test_hud_and_weather_extended.gd:9)

	   [3] test_weather_panel_update_compass (res://tests/test_hud_and_weather_extended.gd:19)

	   [4] _execute_test_case (res://addons/gdUnit4/src/core/_TestCase.gd:93)

	   [5] execute (res://addons/gdUnit4/src/core/_TestCase.gd:38)

	   [6] _execute (res://addons/gdUnit4/src/core/execution/stages/single/GdUnitTestCaseSingleTestStage.gd:10)

	   [7] execute (res://addons/gdUnit4/src/core/execution/stages/IGdUnitExecutionStage.gd:19)

	   [8] _execute (res://addons/gdUnit4/src/core/execution/stages/single/GdUnitTestCaseSingleExecutionStage.gd:17)

	   [9] execute (res://addons/gdUnit4/src/core/execution/stages/IGdUnitExecutionStage.gd:19)

	   [10] _execute (res://addons/gdUnit4/src/core/execution/stages/GdUnitTestCaseExecutionStage.gd:24)

	   [11] execute (res://addons/gdUnit4/src/core/execution/stages/IGdUnitExecutionStage.gd:19)

	   [12] _execute (res://addons/gdUnit4/src/core/execution/stages/GdUnitTestSuiteExecutionStage.gd:31)

	   [13] execute (res://addons/gdUnit4/src/core/execution/stages/IGdUnitExecutionStage.gd:19)

	   [14] execute (res://addons/gdUnit4/src/core/execution/GdUnitTestSuiteExecutor.gd:23)

SCRIPT ERROR: Invalid access to property or key '_grid' on a base object of type 'Node2D (FakeHUDController)'.

   at: HUDHoverService.process_hover (res://GUI/HUD/hud_hover_service.gd:31)

   GDScript backtrace (most recent call first):

	   [0] process_hover (res://GUI/HUD/hud_hover_service.gd:31)

	   [1] test_hud_hover_service_process_hover (res://tests/test_hud_and_weather_extended.gd:64)

	   [2] _execute_test_case (res://addons/gdUnit4/src/core/_TestCase.gd:93)

	   [3] execute (res://addons/gdUnit4/src/core/_TestCase.gd:38)

	   [4] _execute (res://addons/gdUnit4/src/core/execution/stages/single/GdUnitTestCaseSingleTestStage.gd:10)

	   [5] execute (res://addons/gdUnit4/src/core/execution/stages/IGdUnitExecutionStage.gd:19)

	   [6] _execute (res://addons/gdUnit4/src/core/execution/stages/single/GdUnitTestCaseSingleExecutionStage.gd:17)

	   [7] execute (res://addons/gdUnit4/src/core/execution/stages/IGdUnitExecutionStage.gd:19)

	   [8] _execute (res://addons/gdUnit4/src/core/execution/stages/GdUnitTestCaseExecutionStage.gd:24)

	   [9] execute (res://addons/gdUnit4/src/core/execution/stages/IGdUnitExecutionStage.gd:19)

	   [10] _execute (res://addons/gdUnit4/src/core/execution/stages/GdUnitTestSuiteExecutionStage.gd:31)

	   [11] execute (res://addons/gdUnit4/src/core/execution/stages/IGdUnitExecutionStage.gd:19)

	   [12] _execute (res://addons/gdUnit4/src/core/execution/stages/GdUnitTestCaseExecutionStage.gd:31)

	   [13] error_monitor_stop (res://addons/gdUnit4/src/core/execution/GdUnitExecutionContext.gd:128)

	   [14] scan (res://addons/gdUnit4/src/monitor/GodotGdErrorMonitor.gd:48)

ERROR: Error calling from signal 'actions_updated' to callable: 'GDScript::<anonymous lambda>': Method expected 3 argument(s), but called with 4.

   at: emit_signalp (core/object/object.cpp:1406)

   GDScript backtrace (most recent call first):

	   [0] handle_actions_updated (res://GUI/HUD/hud_controller.gd:153)

	   [1] test_hud_controller_handle_actions_updated (res://tests/test_hud_and_weather_extended.gd:77)

	   [2] _execute_test_case (res://addons/gdUnit4/src/core/_TestCase.gd:93)

	   [3] execute (res://addons/gdUnit4/src/core/_TestCase.gd:38)

	   [4] _execute (res://addons/gdUnit4/src/core/execution/stages/single/GdUnitTestCaseSingleTestStage.gd:10)

	   [5] execute (res://addons/gdUnit4/src/core/execution/stages/IGdUnitExecutionStage.gd:19)

	   [6] _execute (res://addons/gdUnit4/src/core/execution/stages/single/GdUnitTestCaseSingleExecutionStage.gd:17)

	   [7] execute (res://addons/gdUnit4/src/core/execution/stages/IGdUnitExecutionStage.gd:19)

	   [8] _execute (res://addons/gdUnit4/src/core/execution/stages/GdUnitTestCaseExecutionStage.gd:24)

	   [9] execute (res://addons/gdUnit4/src/core/execution/stages/IGdUnitExecutionStage.gd:19)

	   [10] _execute (res://addons/gdUnit4/src/core/execution/stages/GdUnitTestSuiteExecutionStage.gd:31)

	   [11] execute (res://addons/gdUnit4/src/core/execution/stages/IGdUnitExecutionStage.gd:19)

	   [12] _execute (res://addons/gdUnit4/src/core/execution/stages/GdUnitTestCaseExecutionStage.gd:31)

	   [13] error_monitor_stop (res://addons/gdUnit4/src/core/execution/GdUnitExecutionContext.gd:128)

	   [14] scan (res://addons/gdUnit4/src/monitor/GodotGdErrorMonitor.gd:48)

WARNING: [HUDController] Cannot update locations; location service is missing.

   at: push_warning (core/variant/variant_utility.cpp:1034)

   GDScript backtrace (most recent call first):

	   [0] _update_task_progress (res://GUI/HUD/hud_controller.gd:255)

	   [1] refresh_after_state_restore (res://GUI/HUD/hud_controller.gd:169)

	   [2] test_hud_controller_refresh_after_state_restore (res://tests/test_hud_and_weather_extended.gd:85)

	   [3] _execute_test_case (res://addons/gdUnit4/src/core/_TestCase.gd:93)

	   [4] execute (res://addons/gdUnit4/src/core/_TestCase.gd:38)

	   [5] _execute (res://addons/gdUnit4/src/core/execution/stages/single/GdUnitTestCaseSingleTestStage.gd:10)

	   [6] execute (res://addons/gdUnit4/src/core/execution/stages/IGdUnitExecutionStage.gd:19)

	   [7] _execute (res://addons/gdUnit4/src/core/execution/stages/single/GdUnitTestCaseSingleExecutionStage.gd:17)

	   [8] execute (res://addons/gdUnit4/src/core/execution/stages/IGdUnitExecutionStage.gd:19)

	   [9] _execute (res://addons/gdUnit4/src/core/execution/stages/GdUnitTestCaseExecutionStage.gd:24)

	   [10] execute (res://addons/gdUnit4/src/core/execution/stages/IGdUnitExecutionStage.gd:19)

	   [11] _execute (res://addons/gdUnit4/src/core/execution/stages/GdUnitTestSuiteExecutionStage.gd:31)

	   [12] execute (res://addons/gdUnit4/src/core/execution/stages/IGdUnitExecutionStage.gd:19)

	   [13] _execute (res://addons/gdUnit4/src/core/execution/stages/GdUnitTestCaseExecutionStage.gd:31)

	   [14] error_monitor_stop (res://addons/gdUnit4/src/core/execution/GdUnitExecutionContext.gd:128)

	   [15] scan (res://addons/gdUnit4/src/monitor/GodotGdErrorMonitor.gd:48)

SCRIPT ERROR: Invalid call. Nonexistent function '_connect_components' in base 'Node2D (HUDController)'.

   at: before (res://tests/test_hud_controller_auto_battle.gd:23)

   GDScript backtrace (most recent call first):

	   [0] before (res://tests/test_hud_controller_auto_battle.gd:23)

	   [1] _execute (res://addons/gdUnit4/src/core/execution/stages/GdUnitTestSuiteBeforeStage.gd:14)

	   [2] execute (res://addons/gdUnit4/src/core/execution/stages/IGdUnitExecutionStage.gd:19)

	   [3] _execute (res://addons/gdUnit4/src/core/execution/stages/GdUnitTestSuiteExecutionStage.gd:24)

	   [4] execute (res://addons/gdUnit4/src/core/execution/stages/IGdUnitExecutionStage.gd:19)

	   [5] execute (res://addons/gdUnit4/src/core/execution/GdUnitTestSuiteExecutor.gd:23)

SCRIPT ERROR: Out of bounds get index '0' (on base: 'Array[bool]')

   at: test_auto_battle_button_emits_toggle_signal (res://tests/test_hud_controller_auto_battle.gd:42)

   GDScript backtrace (most recent call first):

	   [0] test_auto_battle_button_emits_toggle_signal (res://tests/test_hud_controller_auto_battle.gd:42)

SCRIPT ERROR: Trying to assign a non-object value to a variable of type 'game_state.gd'.

   at: test_hud_signal_connector_connect_all (res://tests/test_hud_controller_extended_2.gd:23)

   GDScript backtrace (most recent call first):

	   [0] test_hud_signal_connector_connect_all (res://tests/test_hud_controller_extended_2.gd:23)

	   [1] _execute_test_case (res://addons/gdUnit4/src/core/_TestCase.gd:93)

	   [2] execute (res://addons/gdUnit4/src/core/_TestCase.gd:38)

	   [3] _execute (res://addons/gdUnit4/src/core/execution/stages/single/GdUnitTestCaseSingleTestStage.gd:10)

	   [4] execute (res://addons/gdUnit4/src/core/execution/stages/IGdUnitExecutionStage.gd:19)

	   [5] _execute (res://addons/gdUnit4/src/core/execution/stages/single/GdUnitTestCaseSingleExecutionStage.gd:17)

	   [6] execute (res://addons/gdUnit4/src/core/execution/stages/IGdUnitExecutionStage.gd:19)

	   [7] _execute (res://addons/gdUnit4/src/core/execution/stages/GdUnitTestCaseExecutionStage.gd:24)

	   [8] execute (res://addons/gdUnit4/src/core/execution/stages/IGdUnitExecutionStage.gd:19)

	   [9] _execute (res://addons/gdUnit4/src/core/execution/stages/GdUnitTestSuiteExecutionStage.gd:31)

	   [10] execute (res://addons/gdUnit4/src/core/execution/stages/IGdUnitExecutionStage.gd:19)

	   [11] _execute (res://addons/gdUnit4/src/core/execution/stages/GdUnitTestCaseExecutionStage.gd:31)

	   [12] error_monitor_stop (res://addons/gdUnit4/src/core/execution/GdUnitExecutionContext.gd:128)

	   [13] scan (res://addons/gdUnit4/src/monitor/GodotGdErrorMonitor.gd:48)

SCRIPT ERROR: Invalid assignment of property or key 'combat_preview' with value of type 'Control' on a base object of type 'RefCounted (Components)'.

   at: test_safe_zone_mode_hides_combat_panels (res://tests/test_hud_controller_nav.gd:32)

   GDScript backtrace (most recent call first):

	   [0] test_safe_zone_mode_hides_combat_panels (res://tests/test_hud_controller_nav.gd:32)

	   [1] _execute_test_case (res://addons/gdUnit4/src/core/_TestCase.gd:93)

	   [2] execute (res://addons/gdUnit4/src/core/_TestCase.gd:38)

	   [3] _execute (res://addons/gdUnit4/src/core/execution/stages/single/GdUnitTestCaseSingleTestStage.gd:10)

	   [4] execute (res://addons/gdUnit4/src/core/execution/stages/IGdUnitExecutionStage.gd:19)

	   [5] _execute (res://addons/gdUnit4/src/core/execution/stages/single/GdUnitTestCaseSingleExecutionStage.gd:17)

	   [6] execute (res://addons/gdUnit4/src/core/execution/stages/IGdUnitExecutionStage.gd:19)

	   [7] _execute (res://addons/gdUnit4/src/core/execution/stages/GdUnitTestCaseExecutionStage.gd:24)

	   [8] execute (res://addons/gdUnit4/src/core/execution/stages/IGdUnitExecutionStage.gd:19)

	   [9] _execute (res://addons/gdUnit4/src/core/execution/stages/GdUnitTestSuiteExecutionStage.gd:31)

	   [10] execute (res://addons/gdUnit4/src/core/execution/stages/IGdUnitExecutionStage.gd:19)

	   [11] _execute (res://addons/gdUnit4/src/core/execution/stages/GdUnitTestCaseExecutionStage.gd:31)

	   [12] error_monitor_stop (res://addons/gdUnit4/src/core/execution/GdUnitExecutionContext.gd:128)

	   [13] scan (res://addons/gdUnit4/src/monitor/GodotGdErrorMonitor.gd:48)

SCRIPT ERROR: Invalid assignment of property or key 'combat_preview' with value of type 'Control' on a base object of type 'RefCounted (Components)'.

   at: test_safe_zone_mode_restores_panels_when_disabled (res://tests/test_hud_controller_nav.gd:44)

   GDScript backtrace (most recent call first):

	   [0] test_safe_zone_mode_restores_panels_when_disabled (res://tests/test_hud_controller_nav.gd:44)

	   [1] _execute_test_case (res://addons/gdUnit4/src/core/_TestCase.gd:93)

	   [2] execute (res://addons/gdUnit4/src/core/_TestCase.gd:38)

	   [3] _execute (res://addons/gdUnit4/src/core/execution/stages/single/GdUnitTestCaseSingleTestStage.gd:10)

	   [4] execute (res://addons/gdUnit4/src/core/execution/stages/IGdUnitExecutionStage.gd:19)

	   [5] _execute (res://addons/gdUnit4/src/core/execution/stages/single/GdUnitTestCaseSingleExecutionStage.gd:17)

	   [6] execute (res://addons/gdUnit4/src/core/execution/stages/IGdUnitExecutionStage.gd:19)

	   [7] _execute (res://addons/gdUnit4/src/core/execution/stages/GdUnitTestCaseExecutionStage.gd:24)

	   [8] execute (res://addons/gdUnit4/src/core/execution/stages/IGdUnitExecutionStage.gd:19)

	   [9] _execute (res://addons/gdUnit4/src/core/execution/stages/GdUnitTestSuiteExecutionStage.gd:31)

	   [10] execute (res://addons/gdUnit4/src/core/execution/stages/IGdUnitExecutionStage.gd:19)

	   [11] _execute (res://addons/gdUnit4/src/core/execution/stages/GdUnitTestCaseExecutionStage.gd:31)

	   [12] error_monitor_stop (res://addons/gdUnit4/src/core/execution/GdUnitExecutionContext.gd:128)

	   [13] scan (res://addons/gdUnit4/src/monitor/GodotGdErrorMonitor.gd:48)

SCRIPT ERROR: Invalid assignment of property or key 'player_indices' with value of type 'Array' on a base object of type 'Node (TestUnitManager)'.

   at: test_calculate_faction_turn_counts (res://tests/test_hud_controller_turn_counts.gd:38)

   GDScript backtrace (most recent call first):

	   [0] test_calculate_faction_turn_counts (res://tests/test_hud_controller_turn_counts.gd:38)

	   [1] _execute_test_case (res://addons/gdUnit4/src/core/_TestCase.gd:93)

	   [2] execute (res://addons/gdUnit4/src/core/_TestCase.gd:38)

	   [3] _execute (res://addons/gdUnit4/src/core/execution/stages/single/GdUnitTestCaseSingleTestStage.gd:10)

	   [4] execute (res://addons/gdUnit4/src/core/execution/stages/IGdUnitExecutionStage.gd:19)

	   [5] _execute (res://addons/gdUnit4/src/core/execution/stages/single/GdUnitTestCaseSingleExecutionStage.gd:17)

	   [6] execute (res://addons/gdUnit4/src/core/execution/stages/IGdUnitExecutionStage.gd:19)

	   [7] _execute (res://addons/gdUnit4/src/core/execution/stages/GdUnitTestCaseExecutionStage.gd:24)

	   [8] execute (res://addons/gdUnit4/src/core/execution/stages/IGdUnitExecutionStage.gd:19)

	   [9] _execute (res://addons/gdUnit4/src/core/execution/stages/GdUnitTestSuiteExecutionStage.gd:31)

	   [10] execute (res://addons/gdUnit4/src/core/execution/stages/IGdUnitExecutionStage.gd:19)

	   [11] execute (res://addons/gdUnit4/src/core/execution/GdUnitTestSuiteExecutor.gd:23)

SCRIPT ERROR: Invalid call. Nonexistent function '_command_success' in base 'CanvasLayer (Hud)'.

   at: test_command_success_helper_detects_status (res://tests/test_hud_helpers.gd:66)

   GDScript backtrace (most recent call first):

	   [0] test_command_success_helper_detects_status (res://tests/test_hud_helpers.gd:66)

	   [1] _execute_test_case (res://addons/gdUnit4/src/core/_TestCase.gd:93)

	   [2] execute (res://addons/gdUnit4/src/core/_TestCase.gd:38)

	   [3] _execute (res://addons/gdUnit4/src/core/execution/stages/single/GdUnitTestCaseSingleTestStage.gd:10)

	   [4] execute (res://addons/gdUnit4/src/core/execution/stages/IGdUnitExecutionStage.gd:19)

	   [5] _execute (res://addons/gdUnit4/src/core/execution/stages/single/GdUnitTestCaseSingleExecutionStage.gd:17)

	   [6] execute (res://addons/gdUnit4/src/core/execution/stages/IGdUnitExecutionStage.gd:19)

	   [7] _execute (res://addons/gdUnit4/src/core/execution/stages/GdUnitTestCaseExecutionStage.gd:24)

	   [8] execute (res://addons/gdUnit4/src/core/execution/stages/IGdUnitExecutionStage.gd:19)

	   [9] _execute (res://addons/gdUnit4/src/core/execution/stages/GdUnitTestSuiteExecutionStage.gd:31)

	   [10] execute (res://addons/gdUnit4/src/core/execution/stages/IGdUnitExecutionStage.gd:19)

	   [11] _execute (res://addons/gdUnit4/src/core/execution/stages/GdUnitTestCaseExecutionStage.gd:31)

	   [12] error_monitor_stop (res://addons/gdUnit4/src/core/execution/GdUnitExecutionContext.gd:128)

	   [13] scan (res://addons/gdUnit4/src/monitor/GodotGdErrorMonitor.gd:48)

SCRIPT ERROR: Invalid call. Nonexistent function '_run_input_command' in base 'CanvasLayer (Hud)'.

   at: test_run_input_command_returns_null_without_controller (res://tests/test_hud_helpers.gd:71)

   GDScript backtrace (most recent call first):

	   [0] test_run_input_command_returns_null_without_controller (res://tests/test_hud_helpers.gd:71)

	   [1] _execute_test_case (res://addons/gdUnit4/src/core/_TestCase.gd:93)

	   [2] execute (res://addons/gdUnit4/src/core/_TestCase.gd:38)

	   [3] _execute (res://addons/gdUnit4/src/core/execution/stages/single/GdUnitTestCaseSingleTestStage.gd:10)

	   [4] execute (res://addons/gdUnit4/src/core/execution/stages/IGdUnitExecutionStage.gd:19)

	   [5] _execute (res://addons/gdUnit4/src/core/execution/stages/single/GdUnitTestCaseSingleExecutionStage.gd:17)

	   [6] execute (res://addons/gdUnit4/src/core/execution/stages/IGdUnitExecutionStage.gd:19)

	   [7] _execute (res://addons/gdUnit4/src/core/execution/stages/GdUnitTestCaseExecutionStage.gd:24)

	   [8] execute (res://addons/gdUnit4/src/core/execution/stages/IGdUnitExecutionStage.gd:19)

	   [9] _execute (res://addons/gdUnit4/src/core/execution/stages/GdUnitTestSuiteExecutionStage.gd:31)

	   [10] execute (res://addons/gdUnit4/src/core/execution/stages/IGdUnitExecutionStage.gd:19)

	   [11] _execute (res://addons/gdUnit4/src/core/execution/stages/GdUnitTestCaseExecutionStage.gd:31)

	   [12] error_monitor_stop (res://addons/gdUnit4/src/core/execution/GdUnitExecutionContext.gd:128)

	   [13] scan (res://addons/gdUnit4/src/monitor/GodotGdErrorMonitor.gd:48)

SCRIPT ERROR: Invalid call. Nonexistent function '_execute_attack_command' in base 'CanvasLayer (Hud)'.

   at: test_execute_attack_and_support_commands_route_payloads (res://tests/test_hud_helpers.gd:84)

   GDScript backtrace (most recent call first):

	   [0] test_execute_attack_and_support_commands_route_payloads (res://tests/test_hud_helpers.gd:84)

	   [1] _execute_test_case (res://addons/gdUnit4/src/core/_TestCase.gd:93)

	   [2] execute (res://addons/gdUnit4/src/core/_TestCase.gd:38)

	   [3] _execute (res://addons/gdUnit4/src/core/execution/stages/single/GdUnitTestCaseSingleTestStage.gd:10)

	   [4] execute (res://addons/gdUnit4/src/core/execution/stages/IGdUnitExecutionStage.gd:19)

	   [5] _execute (res://addons/gdUnit4/src/core/execution/stages/single/GdUnitTestCaseSingleExecutionStage.gd:17)

	   [6] execute (res://addons/gdUnit4/src/core/execution/stages/IGdUnitExecutionStage.gd:19)

	   [7] _execute (res://addons/gdUnit4/src/core/execution/stages/GdUnitTestCaseExecutionStage.gd:24)

	   [8] execute (res://addons/gdUnit4/src/core/execution/stages/IGdUnitExecutionStage.gd:19)

	   [9] _execute (res://addons/gdUnit4/src/core/execution/stages/GdUnitTestSuiteExecutionStage.gd:31)

	   [10] execute (res://addons/gdUnit4/src/core/execution/stages/IGdUnitExecutionStage.gd:19)

	   [11] _execute (res://addons/gdUnit4/src/core/execution/stages/GdUnitTestCaseExecutionStage.gd:31)

	   [12] error_monitor_stop (res://addons/gdUnit4/src/core/execution/GdUnitExecutionContext.gd:128)

	   [13] scan (res://addons/gdUnit4/src/monitor/GodotGdErrorMonitor.gd:48)

SCRIPT ERROR: Invalid call. Nonexistent function '_execute_loot_command' in base 'CanvasLayer (Hud)'.

   at: test_execute_loot_skill_and_talk_commands (res://tests/test_hud_helpers.gd:93)

   GDScript backtrace (most recent call first):

	   [0] test_execute_loot_skill_and_talk_commands (res://tests/test_hud_helpers.gd:93)

	   [1] _execute_test_case (res://addons/gdUnit4/src/core/_TestCase.gd:93)

	   [2] execute (res://addons/gdUnit4/src/core/_TestCase.gd:38)

	   [3] _execute (res://addons/gdUnit4/src/core/execution/stages/single/GdUnitTestCaseSingleTestStage.gd:10)

	   [4] execute (res://addons/gdUnit4/src/core/execution/stages/IGdUnitExecutionStage.gd:19)

	   [5] _execute (res://addons/gdUnit4/src/core/execution/stages/single/GdUnitTestCaseSingleExecutionStage.gd:17)

	   [6] execute (res://addons/gdUnit4/src/core/execution/stages/IGdUnitExecutionStage.gd:19)

	   [7] _execute (res://addons/gdUnit4/src/core/execution/stages/GdUnitTestCaseExecutionStage.gd:24)

	   [8] execute (res://addons/gdUnit4/src/core/execution/stages/IGdUnitExecutionStage.gd:19)

	   [9] _execute (res://addons/gdUnit4/src/core/execution/stages/GdUnitTestSuiteExecutionStage.gd:31)

	   [10] execute (res://addons/gdUnit4/src/core/execution/stages/IGdUnitExecutionStage.gd:19)

	   [11] _execute (res://addons/gdUnit4/src/core/execution/stages/GdUnitTestCaseExecutionStage.gd:31)

	   [12] error_monitor_stop (res://addons/gdUnit4/src/core/execution/GdUnitExecutionContext.gd:128)

	   [13] scan (res://addons/gdUnit4/src/monitor/GodotGdErrorMonitor.gd:48)

WARNING: [HUDController] Cannot force hover update; Grid is missing.

   at: push_warning (core/variant/variant_utility.cpp:1034)

   GDScript backtrace (most recent call first):

	   [0] force_hover_update (res://GUI/HUD/hud_hover_service.gd:97)

	   [1] test_force_hover_update_does_nothing_when_grid_invalid (res://tests/test_hud_hover_service.gd:164)

	   [2] _execute_test_case (res://addons/gdUnit4/src/core/_TestCase.gd:93)

	   [3] execute (res://addons/gdUnit4/src/core/_TestCase.gd:38)

	   [4] _execute (res://addons/gdUnit4/src/core/execution/stages/single/GdUnitTestCaseSingleTestStage.gd:10)

	   [5] execute (res://addons/gdUnit4/src/core/execution/stages/IGdUnitExecutionStage.gd:19)

	   [6] _execute (res://addons/gdUnit4/src/core/execution/stages/single/GdUnitTestCaseSingleExecutionStage.gd:17)

	   [7] execute (res://addons/gdUnit4/src/core/execution/stages/IGdUnitExecutionStage.gd:19)

	   [8] _execute (res://addons/gdUnit4/src/core/execution/stages/GdUnitTestCaseExecutionStage.gd:24)

	   [9] execute (res://addons/gdUnit4/src/core/execution/stages/IGdUnitExecutionStage.gd:19)

	   [10] _execute (res://addons/gdUnit4/src/core/execution/stages/GdUnitTestSuiteExecutionStage.gd:31)

	   [11] execute (res://addons/gdUnit4/src/core/execution/stages/IGdUnitExecutionStage.gd:19)

	   [12] _execute (res://addons/gdUnit4/src/core/execution/stages/GdUnitTestCaseExecutionStage.gd:31)

	   [13] error_monitor_stop (res://addons/gdUnit4/src/core/execution/GdUnitExecutionContext.gd:128)

	   [14] scan (res://addons/gdUnit4/src/monitor/GodotGdErrorMonitor.gd:48)

ERROR: The InputMap action "test_action" doesn't exist. Did you mean "secondary_action"?

   at: action_erase_events (core/input/input_map.cpp:230)

   GDScript backtrace (most recent call first):

	   [0] save_bindings (res://Gameplay/inputs/input_binding_service.gd:51)

	   [1] test_save_bindings_persists_to_file (res://tests/test_input_binding_service.gd:107)

	   [2] _execute_test_case (res://addons/gdUnit4/src/core/_TestCase.gd:93)

	   [3] execute (res://addons/gdUnit4/src/core/_TestCase.gd:38)

	   [4] _execute (res://addons/gdUnit4/src/core/execution/stages/single/GdUnitTestCaseSingleTestStage.gd:10)

	   [5] execute (res://addons/gdUnit4/src/core/execution/stages/IGdUnitExecutionStage.gd:19)

	   [6] _execute (res://addons/gdUnit4/src/core/execution/stages/single/GdUnitTestCaseSingleExecutionStage.gd:17)

	   [7] execute (res://addons/gdUnit4/src/core/execution/stages/IGdUnitExecutionStage.gd:19)

	   [8] _execute (res://addons/gdUnit4/src/core/execution/stages/GdUnitTestCaseExecutionStage.gd:24)

	   [9] execute (res://addons/gdUnit4/src/core/execution/stages/IGdUnitExecutionStage.gd:19)

	   [10] _execute (res://addons/gdUnit4/src/core/execution/stages/GdUnitTestSuiteExecutionStage.gd:31)

	   [11] execute (res://addons/gdUnit4/src/core/execution/stages/IGdUnitExecutionStage.gd:19)

	   [12] _execute (res://addons/gdUnit4/src/core/execution/stages/GdUnitTestCaseExecutionStage.gd:31)

	   [13] error_monitor_stop (res://addons/gdUnit4/src/core/execution/GdUnitExecutionContext.gd:128)

	   [14] scan (res://addons/gdUnit4/src/monitor/GodotGdErrorMonitor.gd:48)

ERROR: The InputMap action "test_action" doesn't exist. Did you mean "secondary_action"?

   at: action_add_event (core/input/input_map.cpp:201)

   GDScript backtrace (most recent call first):

	   [0] _register_events (res://Gameplay/inputs/input_binding_service.gd:63)

	   [1] save_bindings (res://Gameplay/inputs/input_binding_service.gd:52)

	   [2] test_save_bindings_persists_to_file (res://tests/test_input_binding_service.gd:107)

	   [3] _execute_test_case (res://addons/gdUnit4/src/core/_TestCase.gd:93)

	   [4] execute (res://addons/gdUnit4/src/core/_TestCase.gd:38)

	   [5] _execute (res://addons/gdUnit4/src/core/execution/stages/single/GdUnitTestCaseSingleTestStage.gd:10)

	   [6] execute (res://addons/gdUnit4/src/core/execution/stages/IGdUnitExecutionStage.gd:19)

	   [7] _execute (res://addons/gdUnit4/src/core/execution/stages/single/GdUnitTestCaseSingleExecutionStage.gd:17)

	   [8] execute (res://addons/gdUnit4/src/core/execution/stages/IGdUnitExecutionStage.gd:19)

	   [9] _execute (res://addons/gdUnit4/src/core/execution/stages/GdUnitTestCaseExecutionStage.gd:24)

	   [10] execute (res://addons/gdUnit4/src/core/execution/stages/IGdUnitExecutionStage.gd:19)

	   [11] _execute (res://addons/gdUnit4/src/core/execution/stages/GdUnitTestSuiteExecutionStage.gd:31)

	   [12] execute (res://addons/gdUnit4/src/core/execution/stages/IGdUnitExecutionStage.gd:19)

	   [13] _execute (res://addons/gdUnit4/src/core/execution/stages/GdUnitTestCaseExecutionStage.gd:31)

	   [14] error_monitor_stop (res://addons/gdUnit4/src/core/execution/GdUnitExecutionContext.gd:128)

	   [15] scan (res://addons/gdUnit4/src/monitor/GodotGdErrorMonitor.gd:48)

ERROR: The InputMap action "custom_action" doesn't exist. Did you mean "secondary_action"?

   at: action_erase_events (core/input/input_map.cpp:230)

   GDScript backtrace (most recent call first):

	   [0] save_bindings (res://Gameplay/inputs/input_binding_service.gd:51)

	   [1] test_restore_defaults_overwrites_with_empty_config (res://tests/test_input_binding_service.gd:119)

	   [2] _execute_test_case (res://addons/gdUnit4/src/core/_TestCase.gd:93)

	   [3] execute (res://addons/gdUnit4/src/core/_TestCase.gd:38)

	   [4] _execute (res://addons/gdUnit4/src/core/execution/stages/single/GdUnitTestCaseSingleTestStage.gd:10)

	   [5] execute (res://addons/gdUnit4/src/core/execution/stages/IGdUnitExecutionStage.gd:19)

	   [6] _execute (res://addons/gdUnit4/src/core/execution/stages/single/GdUnitTestCaseSingleExecutionStage.gd:17)

	   [7] execute (res://addons/gdUnit4/src/core/execution/stages/IGdUnitExecutionStage.gd:19)

	   [8] _execute (res://addons/gdUnit4/src/core/execution/stages/GdUnitTestCaseExecutionStage.gd:24)

	   [9] execute (res://addons/gdUnit4/src/core/execution/stages/IGdUnitExecutionStage.gd:19)

	   [10] _execute (res://addons/gdUnit4/src/core/execution/stages/GdUnitTestSuiteExecutionStage.gd:31)

	   [11] execute (res://addons/gdUnit4/src/core/execution/stages/IGdUnitExecutionStage.gd:19)

	   [12] _execute (res://addons/gdUnit4/src/core/execution/stages/GdUnitTestCaseExecutionStage.gd:31)

	   [13] error_monitor_stop (res://addons/gdUnit4/src/core/execution/GdUnitExecutionContext.gd:128)

	   [14] scan (res://addons/gdUnit4/src/monitor/GodotGdErrorMonitor.gd:48)

ERROR: The InputMap action "custom_action" doesn't exist. Did you mean "secondary_action"?

   at: action_add_event (core/input/input_map.cpp:201)

   GDScript backtrace (most recent call first):

	   [0] _register_events (res://Gameplay/inputs/input_binding_service.gd:63)

	   [1] save_bindings (res://Gameplay/inputs/input_binding_service.gd:52)

	   [2] test_restore_defaults_overwrites_with_empty_config (res://tests/test_input_binding_service.gd:119)

	   [3] _execute_test_case (res://addons/gdUnit4/src/core/_TestCase.gd:93)

	   [4] execute (res://addons/gdUnit4/src/core/_TestCase.gd:38)

	   [5] _execute (res://addons/gdUnit4/src/core/execution/stages/single/GdUnitTestCaseSingleTestStage.gd:10)

	   [6] execute (res://addons/gdUnit4/src/core/execution/stages/IGdUnitExecutionStage.gd:19)

	   [7] _execute (res://addons/gdUnit4/src/core/execution/stages/single/GdUnitTestCaseSingleExecutionStage.gd:17)

	   [8] execute (res://addons/gdUnit4/src/core/execution/stages/IGdUnitExecutionStage.gd:19)

	   [9] _execute (res://addons/gdUnit4/src/core/execution/stages/GdUnitTestCaseExecutionStage.gd:24)

	   [10] execute (res://addons/gdUnit4/src/core/execution/stages/IGdUnitExecutionStage.gd:19)

	   [11] _execute (res://addons/gdUnit4/src/core/execution/stages/GdUnitTestSuiteExecutionStage.gd:31)

	   [12] execute (res://addons/gdUnit4/src/core/execution/stages/IGdUnitExecutionStage.gd:19)

	   [13] _execute (res://addons/gdUnit4/src/core/execution/stages/GdUnitTestCaseExecutionStage.gd:31)

	   [14] error_monitor_stop (res://addons/gdUnit4/src/core/execution/GdUnitExecutionContext.gd:128)

	   [15] scan (res://addons/gdUnit4/src/monitor/GodotGdErrorMonitor.gd:48)

SCRIPT ERROR: Invalid call. Nonexistent function 'get_camera_rotation' in base 'Node (StubCameraController)'.

   at: MoveActionCommand.execute (res://Gameplay/commands/move_action_command.gd:30)

   GDScript backtrace (most recent call first):

	   [0] execute (res://Gameplay/commands/move_action_command.gd:30)

	   [1] test_move_action_command_requests_mapped_direction_tentative (res://tests/test_input_commands.gd:159)

	   [2] _execute_test_case (res://addons/gdUnit4/src/core/_TestCase.gd:93)

	   [3] execute (res://addons/gdUnit4/src/core/_TestCase.gd:38)

	   [4] _execute (res://addons/gdUnit4/src/core/execution/stages/single/GdUnitTestCaseSingleTestStage.gd:10)

	   [5] execute (res://addons/gdUnit4/src/core/execution/stages/IGdUnitExecutionStage.gd:19)

	   [6] _execute (res://addons/gdUnit4/src/core/execution/stages/single/GdUnitTestCaseSingleExecutionStage.gd:17)

	   [7] execute (res://addons/gdUnit4/src/core/execution/stages/IGdUnitExecutionStage.gd:19)

	   [8] _execute (res://addons/gdUnit4/src/core/execution/stages/GdUnitTestCaseExecutionStage.gd:24)

	   [9] execute (res://addons/gdUnit4/src/core/execution/stages/IGdUnitExecutionStage.gd:19)

	   [10] _execute (res://addons/gdUnit4/src/core/execution/stages/GdUnitTestSuiteExecutionStage.gd:31)

	   [11] execute (res://addons/gdUnit4/src/core/execution/stages/IGdUnitExecutionStage.gd:19)

	   [12] execute (res://addons/gdUnit4/src/core/execution/GdUnitTestSuiteExecutor.gd:23)

SCRIPT ERROR: Invalid call. Nonexistent function 'has_tentative_move' in base 'Nil'.

   at: WaitCommand.execute (res://Gameplay/commands/wait_command.gd:38)

   GDScript backtrace (most recent call first):

	   [0] execute (res://Gameplay/commands/wait_command.gd:38)

	   [1] test_wait_command_respects_location_and_turn_state (res://tests/test_input_commands.gd:186)

	   [2] _execute_test_case (res://addons/gdUnit4/src/core/_TestCase.gd:93)

	   [3] execute (res://addons/gdUnit4/src/core/_TestCase.gd:38)

	   [4] _execute (res://addons/gdUnit4/src/core/execution/stages/single/GdUnitTestCaseSingleTestStage.gd:10)

	   [5] execute (res://addons/gdUnit4/src/core/execution/stages/IGdUnitExecutionStage.gd:19)

	   [6] _execute (res://addons/gdUnit4/src/core/execution/stages/single/GdUnitTestCaseSingleExecutionStage.gd:17)

	   [7] execute (res://addons/gdUnit4/src/core/execution/stages/IGdUnitExecutionStage.gd:19)

	   [8] _execute (res://addons/gdUnit4/src/core/execution/stages/GdUnitTestCaseExecutionStage.gd:24)

	   [9] execute (res://addons/gdUnit4/src/core/execution/stages/IGdUnitExecutionStage.gd:19)

	   [10] _execute (res://addons/gdUnit4/src/core/execution/stages/GdUnitTestSuiteExecutionStage.gd:31)

	   [11] execute (res://addons/gdUnit4/src/core/execution/stages/IGdUnitExecutionStage.gd:19)

	   [12] _execute (res://addons/gdUnit4/src/core/execution/stages/GdUnitTestCaseExecutionStage.gd:31)

	   [13] error_monitor_stop (res://addons/gdUnit4/src/core/execution/GdUnitExecutionContext.gd:128)

	   [14] scan (res://addons/gdUnit4/src/monitor/GodotGdErrorMonitor.gd:48)

SCRIPT ERROR: Invalid call. Nonexistent function 'has_tentative_move' in base 'Nil'.

   at: WaitCommand.execute (res://Gameplay/commands/wait_command.gd:38)

   GDScript backtrace (most recent call first):

	   [0] execute (res://Gameplay/commands/wait_command.gd:38)

	   [1] test_wait_command_respects_location_and_turn_state (res://tests/test_input_commands.gd:190)

	   [2] _execute_test_case (res://addons/gdUnit4/src/core/_TestCase.gd:93)

	   [3] execute (res://addons/gdUnit4/src/core/_TestCase.gd:38)

	   [4] _execute (res://addons/gdUnit4/src/core/execution/stages/single/GdUnitTestCaseSingleTestStage.gd:10)

	   [5] execute (res://addons/gdUnit4/src/core/execution/stages/IGdUnitExecutionStage.gd:19)

	   [6] _execute (res://addons/gdUnit4/src/core/execution/stages/single/GdUnitTestCaseSingleExecutionStage.gd:17)

	   [7] execute (res://addons/gdUnit4/src/core/execution/stages/IGdUnitExecutionStage.gd:19)

	   [8] _execute (res://addons/gdUnit4/src/core/execution/stages/GdUnitTestCaseExecutionStage.gd:24)

	   [9] execute (res://addons/gdUnit4/src/core/execution/stages/IGdUnitExecutionStage.gd:19)

	   [10] _execute (res://addons/gdUnit4/src/core/execution/stages/GdUnitTestSuiteExecutionStage.gd:31)

	   [11] execute (res://addons/gdUnit4/src/core/execution/stages/IGdUnitExecutionStage.gd:19)

	   [12] _execute (res://addons/gdUnit4/src/core/execution/stages/GdUnitTestCaseExecutionStage.gd:31)

	   [13] error_monitor_stop (res://addons/gdUnit4/src/core/execution/GdUnitExecutionContext.gd:128)

	   [14] scan (res://addons/gdUnit4/src/monitor/GodotGdErrorMonitor.gd:48)

SCRIPT ERROR: Invalid call. Nonexistent function 'has_tentative_move' in base 'Nil'.

   at: WaitCommand.execute (res://Gameplay/commands/wait_command.gd:38)

   GDScript backtrace (most recent call first):

	   [0] execute (res://Gameplay/commands/wait_command.gd:38)

	   [1] test_wait_command_blocks_actions_and_updates_ui (res://tests/test_input_commands.gd:383)

	   [2] _execute_test_case (res://addons/gdUnit4/src/core/_TestCase.gd:93)

	   [3] execute (res://addons/gdUnit4/src/core/_TestCase.gd:38)

	   [4] _execute (res://addons/gdUnit4/src/core/execution/stages/single/GdUnitTestCaseSingleTestStage.gd:10)

	   [5] execute (res://addons/gdUnit4/src/core/execution/stages/IGdUnitExecutionStage.gd:19)

	   [6] _execute (res://addons/gdUnit4/src/core/execution/stages/single/GdUnitTestCaseSingleExecutionStage.gd:17)

	   [7] execute (res://addons/gdUnit4/src/core/execution/stages/IGdUnitExecutionStage.gd:19)

	   [8] _execute (res://addons/gdUnit4/src/core/execution/stages/GdUnitTestCaseExecutionStage.gd:24)

	   [9] execute (res://addons/gdUnit4/src/core/execution/stages/IGdUnitExecutionStage.gd:19)

	   [10] _execute (res://addons/gdUnit4/src/core/execution/stages/GdUnitTestSuiteExecutionStage.gd:31)

	   [11] execute (res://addons/gdUnit4/src/core/execution/stages/IGdUnitExecutionStage.gd:19)

	   [12] _execute (res://addons/gdUnit4/src/core/execution/stages/GdUnitTestCaseExecutionStage.gd:31)

	   [13] error_monitor_stop (res://addons/gdUnit4/src/core/execution/GdUnitExecutionContext.gd:128)

	   [14] scan (res://addons/gdUnit4/src/monitor/GodotGdErrorMonitor.gd:48)

SCRIPT ERROR: Invalid call. Nonexistent function 'is_success' in base 'Nil'.

   at: test_wait_command_blocks_actions_and_updates_ui (res://tests/test_input_commands.gd:384)

   GDScript backtrace (most recent call first):

	   [0] test_wait_command_blocks_actions_and_updates_ui (res://tests/test_input_commands.gd:384)

	   [1] _execute_test_case (res://addons/gdUnit4/src/core/_TestCase.gd:93)

	   [2] execute (res://addons/gdUnit4/src/core/_TestCase.gd:38)

	   [3] _execute (res://addons/gdUnit4/src/core/execution/stages/single/GdUnitTestCaseSingleTestStage.gd:10)

	   [4] execute (res://addons/gdUnit4/src/core/execution/stages/IGdUnitExecutionStage.gd:19)

	   [5] _execute (res://addons/gdUnit4/src/core/execution/stages/single/GdUnitTestCaseSingleExecutionStage.gd:17)

	   [6] execute (res://addons/gdUnit4/src/core/execution/stages/IGdUnitExecutionStage.gd:19)

	   [7] _execute (res://addons/gdUnit4/src/core/execution/stages/GdUnitTestCaseExecutionStage.gd:24)

	   [8] execute (res://addons/gdUnit4/src/core/execution/stages/IGdUnitExecutionStage.gd:19)

	   [9] _execute (res://addons/gdUnit4/src/core/execution/stages/GdUnitTestSuiteExecutionStage.gd:31)

	   [10] execute (res://addons/gdUnit4/src/core/execution/stages/IGdUnitExecutionStage.gd:19)

	   [11] _execute (res://addons/gdUnit4/src/core/execution/stages/GdUnitTestCaseExecutionStage.gd:31)

	   [12] error_monitor_stop (res://addons/gdUnit4/src/core/execution/GdUnitExecutionContext.gd:128)

	   [13] scan (res://addons/gdUnit4/src/monitor/GodotGdErrorMonitor.gd:48)

SCRIPT ERROR: Invalid call. Nonexistent function 'has_tentative_move' in base 'Nil'.

   at: CancelMoveCommand.execute (res://Gameplay/commands/cancel_move_command.gd:20)

   GDScript backtrace (most recent call first):

	   [0] execute (res://Gameplay/commands/cancel_move_command.gd:20)

	   [1] execute (res://Gameplay/commands/input_command_router.gd:34)

	   [2] _execute_command (res://Gameplay/inputs/input_controller.gd:227)

	   [3] test_execute_command_skips_lock_for_cancel_move (res://tests/test_input_commands.gd:436)

	   [4] _execute_test_case (res://addons/gdUnit4/src/core/_TestCase.gd:93)

	   [5] execute (res://addons/gdUnit4/src/core/_TestCase.gd:38)

	   [6] _execute (res://addons/gdUnit4/src/core/execution/stages/single/GdUnitTestCaseSingleTestStage.gd:10)

	   [7] execute (res://addons/gdUnit4/src/core/execution/stages/IGdUnitExecutionStage.gd:19)

	   [8] _execute (res://addons/gdUnit4/src/core/execution/stages/single/GdUnitTestCaseSingleExecutionStage.gd:17)

	   [9] execute (res://addons/gdUnit4/src/core/execution/stages/IGdUnitExecutionStage.gd:19)

	   [10] _execute (res://addons/gdUnit4/src/core/execution/stages/GdUnitTestCaseExecutionStage.gd:24)

	   [11] execute (res://addons/gdUnit4/src/core/execution/stages/IGdUnitExecutionStage.gd:19)

	   [12] _execute (res://addons/gdUnit4/src/core/execution/stages/GdUnitTestSuiteExecutionStage.gd:31)

	   [13] execute (res://addons/gdUnit4/src/core/execution/stages/IGdUnitExecutionStage.gd:19)

	   [14] _execute (res://addons/gdUnit4/src/core/execution/stages/GdUnitTestCaseExecutionStage.gd:31)

	   [15] error_monitor_stop (res://addons/gdUnit4/src/core/execution/GdUnitExecutionContext.gd:128)

	   [16] scan (res://addons/gdUnit4/src/monitor/GodotGdErrorMonitor.gd:48)

SCRIPT ERROR: Invalid call. Nonexistent function 'get_description' in base 'Nil'.

   at: InputCommandRouter.execute (res://Gameplay/commands/input_command_router.gd:35)

   GDScript backtrace (most recent call first):

	   [0] execute (res://Gameplay/commands/input_command_router.gd:35)

	   [1] _execute_command (res://Gameplay/inputs/input_controller.gd:227)

	   [2] test_execute_command_skips_lock_for_cancel_move (res://tests/test_input_commands.gd:436)

	   [3] _execute_test_case (res://addons/gdUnit4/src/core/_TestCase.gd:93)

	   [4] execute (res://addons/gdUnit4/src/core/_TestCase.gd:38)

	   [5] _execute (res://addons/gdUnit4/src/core/execution/stages/single/GdUnitTestCaseSingleTestStage.gd:10)

	   [6] execute (res://addons/gdUnit4/src/core/execution/stages/IGdUnitExecutionStage.gd:19)

	   [7] _execute (res://addons/gdUnit4/src/core/execution/stages/single/GdUnitTestCaseSingleExecutionStage.gd:17)

	   [8] execute (res://addons/gdUnit4/src/core/execution/stages/IGdUnitExecutionStage.gd:19)

	   [9] _execute (res://addons/gdUnit4/src/core/execution/stages/GdUnitTestCaseExecutionStage.gd:24)

	   [10] execute (res://addons/gdUnit4/src/core/execution/stages/IGdUnitExecutionStage.gd:19)

	   [11] _execute (res://addons/gdUnit4/src/core/execution/stages/GdUnitTestSuiteExecutionStage.gd:31)

	   [12] execute (res://addons/gdUnit4/src/core/execution/stages/IGdUnitExecutionStage.gd:19)

	   [13] _execute (res://addons/gdUnit4/src/core/execution/stages/GdUnitTestCaseExecutionStage.gd:31)

	   [14] error_monitor_stop (res://addons/gdUnit4/src/core/execution/GdUnitExecutionContext.gd:128)

	   [15] scan (res://addons/gdUnit4/src/monitor/GodotGdErrorMonitor.gd:48)

SCRIPT ERROR: Invalid call. Nonexistent function 'has_tentative_move' in base 'Nil'.

   at: ConfirmMoveCommand.execute (res://Gameplay/commands/confirm_move_command.gd:20)

   GDScript backtrace (most recent call first):

	   [0] execute (res://Gameplay/commands/confirm_move_command.gd:20)

	   [1] execute (res://Gameplay/commands/input_command_router.gd:34)

	   [2] _execute_command (res://Gameplay/inputs/input_controller.gd:227)

	   [3] test_execute_command_locks_after_confirm_move (res://tests/test_input_commands.gd:446)

	   [4] _execute_test_case (res://addons/gdUnit4/src/core/_TestCase.gd:93)

	   [5] execute (res://addons/gdUnit4/src/core/_TestCase.gd:38)

	   [6] _execute (res://addons/gdUnit4/src/core/execution/stages/single/GdUnitTestCaseSingleTestStage.gd:10)

	   [7] execute (res://addons/gdUnit4/src/core/execution/stages/IGdUnitExecutionStage.gd:19)

	   [8] _execute (res://addons/gdUnit4/src/core/execution/stages/single/GdUnitTestCaseSingleExecutionStage.gd:17)

	   [9] execute (res://addons/gdUnit4/src/core/execution/stages/IGdUnitExecutionStage.gd:19)

	   [10] _execute (res://addons/gdUnit4/src/core/execution/stages/GdUnitTestCaseExecutionStage.gd:24)

	   [11] execute (res://addons/gdUnit4/src/core/execution/stages/IGdUnitExecutionStage.gd:19)

	   [12] _execute (res://addons/gdUnit4/src/core/execution/stages/GdUnitTestSuiteExecutionStage.gd:31)

	   [13] execute (res://addons/gdUnit4/src/core/execution/stages/IGdUnitExecutionStage.gd:19)

	   [14] _execute (res://addons/gdUnit4/src/core/execution/stages/GdUnitTestCaseExecutionStage.gd:31)

	   [15] error_monitor_stop (res://addons/gdUnit4/src/core/execution/GdUnitExecutionContext.gd:128)

	   [16] scan (res://addons/gdUnit4/src/monitor/GodotGdErrorMonitor.gd:48)

SCRIPT ERROR: Invalid call. Nonexistent function 'get_description' in base 'Nil'.

   at: InputCommandRouter.execute (res://Gameplay/commands/input_command_router.gd:35)

   GDScript backtrace (most recent call first):

	   [0] execute (res://Gameplay/commands/input_command_router.gd:35)

	   [1] _execute_command (res://Gameplay/inputs/input_controller.gd:227)

	   [2] test_execute_command_locks_after_confirm_move (res://tests/test_input_commands.gd:446)

	   [3] _execute_test_case (res://addons/gdUnit4/src/core/_TestCase.gd:93)

	   [4] execute (res://addons/gdUnit4/src/core/_TestCase.gd:38)

	   [5] _execute (res://addons/gdUnit4/src/core/execution/stages/single/GdUnitTestCaseSingleTestStage.gd:10)

	   [6] execute (res://addons/gdUnit4/src/core/execution/stages/IGdUnitExecutionStage.gd:19)

	   [7] _execute (res://addons/gdUnit4/src/core/execution/stages/single/GdUnitTestCaseSingleExecutionStage.gd:17)

	   [8] execute (res://addons/gdUnit4/src/core/execution/stages/IGdUnitExecutionStage.gd:19)

	   [9] _execute (res://addons/gdUnit4/src/core/execution/stages/GdUnitTestCaseExecutionStage.gd:24)

	   [10] execute (res://addons/gdUnit4/src/core/execution/stages/IGdUnitExecutionStage.gd:19)

	   [11] _execute (res://addons/gdUnit4/src/core/execution/stages/GdUnitTestSuiteExecutionStage.gd:31)

	   [12] execute (res://addons/gdUnit4/src/core/execution/stages/IGdUnitExecutionStage.gd:19)

	   [13] _execute (res://addons/gdUnit4/src/core/execution/stages/GdUnitTestCaseExecutionStage.gd:31)

	   [14] error_monitor_stop (res://addons/gdUnit4/src/core/execution/GdUnitExecutionContext.gd:128)

	   [15] scan (res://addons/gdUnit4/src/monitor/GodotGdErrorMonitor.gd:48)

ERROR: The InputMap action "toggle_ui_nav" doesn't exist. Did you mean "toggle_free_cam"?

   at: event_get_action_status (core/input/input_map.cpp:273)

   GDScript backtrace (most recent call first):

	   [0] _event_matches_action (res://Gameplay/inputs/input_handler.gd:280)

	   [1] _handle_ui_nav_toggle (res://Gameplay/inputs/input_handler.gd:324)

	   [2] _unhandled_input (res://Gameplay/inputs/input_handler.gd:110)

	   [3] _send_input (res://tests/test_input_handler.gd:16)

	   [4] test_primary_action_emits_primary_action_at (res://tests/test_input_handler.gd:87)

	   [5] _execute_test_case (res://addons/gdUnit4/src/core/_TestCase.gd:93)

	   [6] execute (res://addons/gdUnit4/src/core/_TestCase.gd:38)

	   [7] _execute (res://addons/gdUnit4/src/core/execution/stages/single/GdUnitTestCaseSingleTestStage.gd:10)

	   [8] execute (res://addons/gdUnit4/src/core/execution/stages/IGdUnitExecutionStage.gd:19)

	   [9] _execute (res://addons/gdUnit4/src/core/execution/stages/single/GdUnitTestCaseSingleExecutionStage.gd:17)

	   [10] execute (res://addons/gdUnit4/src/core/execution/stages/IGdUnitExecutionStage.gd:19)

	   [11] _execute (res://addons/gdUnit4/src/core/execution/stages/GdUnitTestCaseBeforeStage.gd:19)

	   [12] before_test (res://tests/test_input_handler.gd:51)

ERROR: The InputMap action "toggle_auto_battle" doesn't exist. Did you mean "toggle_free_cam"?

   at: event_get_action_status (core/input/input_map.cpp:273)

   GDScript backtrace (most recent call first):

	   [0] _event_matches_action (res://Gameplay/inputs/input_handler.gd:280)

	   [1] _unhandled_input (res://Gameplay/inputs/input_handler.gd:113)

	   [2] _send_input (res://tests/test_input_handler.gd:16)

	   [3] test_primary_action_emits_primary_action_at (res://tests/test_input_handler.gd:87)

	   [4] _execute_test_case (res://addons/gdUnit4/src/core/_TestCase.gd:93)

	   [5] execute (res://addons/gdUnit4/src/core/_TestCase.gd:38)

	   [6] _execute (res://addons/gdUnit4/src/core/execution/stages/single/GdUnitTestCaseSingleTestStage.gd:10)

	   [7] execute (res://addons/gdUnit4/src/core/execution/stages/IGdUnitExecutionStage.gd:19)

	   [8] _execute (res://addons/gdUnit4/src/core/execution/stages/single/GdUnitTestCaseSingleExecutionStage.gd:17)

	   [9] execute (res://addons/gdUnit4/src/core/execution/stages/IGdUnitExecutionStage.gd:19)

	   [10] _execute (res://addons/gdUnit4/src/core/execution/stages/GdUnitTestCaseBeforeStage.gd:19)

	   [11] before_test (res://tests/test_input_handler.gd:51)

WARNING: [ActionsPanel] No unit selected.

   at: push_warning (core/variant/variant_utility.cpp:1034)

   GDScript backtrace (most recent call first):

	   [0] _handle_invalid_states (res://GUI/actions_panel.gd:93)

	   [1] update_actions (res://GUI/actions_panel.gd:75)

	   [2] _on_unit_manager_selection_changed (res://GUI/HUD/hud_controller.gd:266)

	   [3] _update_initial_state (res://GUI/HUD/hud_controller.gd:124)

WARNING: JournalData: Section with ID 'lore' already exists.

   at: push_warning (core/variant/variant_utility.cpp:1034)

   GDScript backtrace (most recent call first):

	   [0] add_section (res://Gameplay/narrative/journal/journal_data.gd:15)

	   [1] test_add_section_duplicate_id_ignored (res://tests/test_journal_data.gd:52)

	   [2] _execute_test_case (res://addons/gdUnit4/src/core/_TestCase.gd:93)

	   [3] execute (res://addons/gdUnit4/src/core/_TestCase.gd:38)

	   [4] _execute (res://addons/gdUnit4/src/core/execution/stages/single/GdUnitTestCaseSingleTestStage.gd:10)

	   [5] execute (res://addons/gdUnit4/src/core/execution/stages/IGdUnitExecutionStage.gd:19)

	   [6] _execute (res://addons/gdUnit4/src/core/execution/stages/single/GdUnitTestCaseSingleExecutionStage.gd:17)

	   [7] execute (res://addons/gdUnit4/src/core/execution/stages/IGdUnitExecutionStage.gd:19)

	   [8] _execute (res://addons/gdUnit4/src/core/execution/stages/GdUnitTestCaseExecutionStage.gd:24)

	   [9] execute (res://addons/gdUnit4/src/core/execution/stages/IGdUnitExecutionStage.gd:19)

	   [10] _execute (res://addons/gdUnit4/src/core/execution/stages/GdUnitTestSuiteExecutionStage.gd:31)

	   [11] execute (res://addons/gdUnit4/src/core/execution/stages/IGdUnitExecutionStage.gd:19)

	   [12] _execute (res://addons/gdUnit4/src/core/execution/stages/GdUnitTestCaseExecutionStage.gd:31)

	   [13] error_monitor_stop (res://addons/gdUnit4/src/core/execution/GdUnitExecutionContext.gd:128)

	   [14] scan (res://addons/gdUnit4/src/monitor/GodotGdErrorMonitor.gd:48)

SCRIPT ERROR: Invalid access to property or key 'is_in_bounds' on a base object of type 'Dictionary'.

   at: test_build_context_exposes_helpers (res://tests/test_level_auto_fix_service.gd:67)

   GDScript backtrace (most recent call first):

	   [0] test_build_context_exposes_helpers (res://tests/test_level_auto_fix_service.gd:67)

	   [1] _execute_test_case (res://addons/gdUnit4/src/core/_TestCase.gd:93)

	   [2] execute (res://addons/gdUnit4/src/core/_TestCase.gd:38)

	   [3] _execute (res://addons/gdUnit4/src/core/execution/stages/single/GdUnitTestCaseSingleTestStage.gd:10)

	   [4] execute (res://addons/gdUnit4/src/core/execution/stages/IGdUnitExecutionStage.gd:19)

	   [5] _execute (res://addons/gdUnit4/src/core/execution/stages/single/GdUnitTestCaseSingleExecutionStage.gd:17)

	   [6] execute (res://addons/gdUnit4/src/core/execution/stages/IGdUnitExecutionStage.gd:19)

	   [7] _execute (res://addons/gdUnit4/src/core/execution/stages/GdUnitTestCaseExecutionStage.gd:24)

	   [8] execute (res://addons/gdUnit4/src/core/execution/stages/IGdUnitExecutionStage.gd:19)

	   [9] _execute (res://addons/gdUnit4/src/core/execution/stages/GdUnitTestSuiteExecutionStage.gd:31)

	   [10] execute (res://addons/gdUnit4/src/core/execution/stages/IGdUnitExecutionStage.gd:19)

	   [11] _execute (res://addons/gdUnit4/src/core/execution/stages/GdUnitTestCaseExecutionStage.gd:31)

	   [12] error_monitor_stop (res://addons/gdUnit4/src/core/execution/GdUnitExecutionContext.gd:128)

	   [13] scan (res://addons/gdUnit4/src/monitor/GodotGdErrorMonitor.gd:48)

SCRIPT ERROR: Out of bounds get index '0' (on base: 'Array[LevelUnitSpawnEntry]')

   at: test_repair_neutral_starts_updates_entries (res://tests/test_level_auto_fix_service.gd:125)

   GDScript backtrace (most recent call first):

	   [0] test_repair_neutral_starts_updates_entries (res://tests/test_level_auto_fix_service.gd:125)

	   [1] _execute_test_case (res://addons/gdUnit4/src/core/_TestCase.gd:93)

	   [2] execute (res://addons/gdUnit4/src/core/_TestCase.gd:38)

	   [3] _execute (res://addons/gdUnit4/src/core/execution/stages/single/GdUnitTestCaseSingleTestStage.gd:10)

	   [4] execute (res://addons/gdUnit4/src/core/execution/stages/IGdUnitExecutionStage.gd:19)

	   [5] _execute (res://addons/gdUnit4/src/core/execution/stages/single/GdUnitTestCaseSingleExecutionStage.gd:17)

	   [6] execute (res://addons/gdUnit4/src/core/execution/stages/IGdUnitExecutionStage.gd:19)

	   [7] _execute (res://addons/gdUnit4/src/core/execution/stages/GdUnitTestCaseExecutionStage.gd:24)

	   [8] execute (res://addons/gdUnit4/src/core/execution/stages/IGdUnitExecutionStage.gd:19)

	   [9] _execute (res://addons/gdUnit4/src/core/execution/stages/GdUnitTestSuiteExecutionStage.gd:31)

	   [10] execute (res://addons/gdUnit4/src/core/execution/stages/IGdUnitExecutionStage.gd:19)

	   [11] _execute (res://addons/gdUnit4/src/core/execution/stages/GdUnitTestCaseExecutionStage.gd:31)

	   [12] error_monitor_stop (res://addons/gdUnit4/src/core/execution/GdUnitExecutionContext.gd:128)

	   [13] scan (res://addons/gdUnit4/src/monitor/GodotGdErrorMonitor.gd:48)

SCRIPT ERROR: Invalid call. Nonexistent function 'is_at_least' in base 'RefCounted (GdUnitIntAssertImpl.gd)'.

   at: test_repair_task_metadata_handles_missing_params (res://tests/test_level_auto_fix_service.gd:172)

   GDScript backtrace (most recent call first):

	   [0] test_repair_task_metadata_handles_missing_params (res://tests/test_level_auto_fix_service.gd:172)

	   [1] _execute_test_case (res://addons/gdUnit4/src/core/_TestCase.gd:93)

	   [2] execute (res://addons/gdUnit4/src/core/_TestCase.gd:38)

	   [3] _execute (res://addons/gdUnit4/src/core/execution/stages/single/GdUnitTestCaseSingleTestStage.gd:10)

	   [4] execute (res://addons/gdUnit4/src/core/execution/stages/IGdUnitExecutionStage.gd:19)

	   [5] _execute (res://addons/gdUnit4/src/core/execution/stages/single/GdUnitTestCaseSingleExecutionStage.gd:17)

	   [6] execute (res://addons/gdUnit4/src/core/execution/stages/IGdUnitExecutionStage.gd:19)

	   [7] _execute (res://addons/gdUnit4/src/core/execution/stages/GdUnitTestCaseExecutionStage.gd:24)

	   [8] execute (res://addons/gdUnit4/src/core/execution/stages/IGdUnitExecutionStage.gd:19)

	   [9] _execute (res://addons/gdUnit4/src/core/execution/stages/GdUnitTestSuiteExecutionStage.gd:31)

	   [10] execute (res://addons/gdUnit4/src/core/execution/stages/IGdUnitExecutionStage.gd:19)

	   [11] _execute (res://addons/gdUnit4/src/core/execution/stages/GdUnitTestCaseExecutionStage.gd:31)

	   [12] error_monitor_stop (res://addons/gdUnit4/src/core/execution/GdUnitExecutionContext.gd:128)

	   [13] scan (res://addons/gdUnit4/src/monitor/GodotGdErrorMonitor.gd:48)

SCRIPT ERROR: Invalid call. Nonexistent function '_spawn_player_units' in base 'RefCounted (RecordingLevelBuilder)'.

   at: test_spawn_player_units_exhausts_roster (res://tests/test_level_builder.gd:48)

   GDScript backtrace (most recent call first):

	   [0] test_spawn_player_units_exhausts_roster (res://tests/test_level_builder.gd:48)

	   [1] _execute_test_case (res://addons/gdUnit4/src/core/_TestCase.gd:93)

	   [2] execute (res://addons/gdUnit4/src/core/_TestCase.gd:38)

	   [3] _execute (res://addons/gdUnit4/src/core/execution/stages/single/GdUnitTestCaseSingleTestStage.gd:10)

	   [4] execute (res://addons/gdUnit4/src/core/execution/stages/IGdUnitExecutionStage.gd:19)

	   [5] _execute (res://addons/gdUnit4/src/core/execution/stages/single/GdUnitTestCaseSingleExecutionStage.gd:17)

	   [6] execute (res://addons/gdUnit4/src/core/execution/stages/IGdUnitExecutionStage.gd:19)

	   [7] _execute (res://addons/gdUnit4/src/core/execution/stages/GdUnitTestCaseExecutionStage.gd:24)

	   [8] execute (res://addons/gdUnit4/src/core/execution/stages/IGdUnitExecutionStage.gd:19)

	   [9] _execute (res://addons/gdUnit4/src/core/execution/stages/GdUnitTestSuiteExecutionStage.gd:31)

	   [10] execute (res://addons/gdUnit4/src/core/execution/stages/IGdUnitExecutionStage.gd:19)

	   [11] execute (res://addons/gdUnit4/src/core/execution/GdUnitTestSuiteExecutor.gd:23)

SCRIPT ERROR: Invalid call. Nonexistent function '_spawn_unit' in base 'RefCounted (LevelBuilder)'.

   at: test_spawn_unit_resets_player_willpower_to_max (res://tests/test_level_builder.gd:56)

   GDScript backtrace (most recent call first):

	   [0] test_spawn_unit_resets_player_willpower_to_max (res://tests/test_level_builder.gd:56)

	   [1] _execute_test_case (res://addons/gdUnit4/src/core/_TestCase.gd:93)

	   [2] execute (res://addons/gdUnit4/src/core/_TestCase.gd:38)

	   [3] _execute (res://addons/gdUnit4/src/core/execution/stages/single/GdUnitTestCaseSingleTestStage.gd:10)

	   [4] execute (res://addons/gdUnit4/src/core/execution/stages/IGdUnitExecutionStage.gd:19)

	   [5] _execute (res://addons/gdUnit4/src/core/execution/stages/single/GdUnitTestCaseSingleExecutionStage.gd:17)

	   [6] execute (res://addons/gdUnit4/src/core/execution/stages/IGdUnitExecutionStage.gd:19)

	   [7] _execute (res://addons/gdUnit4/src/core/execution/stages/GdUnitTestCaseExecutionStage.gd:24)

	   [8] execute (res://addons/gdUnit4/src/core/execution/stages/IGdUnitExecutionStage.gd:19)

	   [9] _execute (res://addons/gdUnit4/src/core/execution/stages/GdUnitTestSuiteExecutionStage.gd:31)

	   [10] execute (res://addons/gdUnit4/src/core/execution/stages/IGdUnitExecutionStage.gd:19)

	   [11] _execute (res://addons/gdUnit4/src/core/execution/stages/GdUnitTestCaseExecutionStage.gd:31)

	   [12] error_monitor_stop (res://addons/gdUnit4/src/core/execution/GdUnitExecutionContext.gd:128)

	   [13] scan (res://addons/gdUnit4/src/monitor/GodotGdErrorMonitor.gd:48)

SCRIPT ERROR: Invalid call. Nonexistent function '_spawn_unit' in base 'RefCounted (LevelBuilder)'.

   at: test_spawn_unit_does_not_change_enemy_willpower (res://tests/test_level_builder.gd:67)

   GDScript backtrace (most recent call first):

	   [0] test_spawn_unit_does_not_change_enemy_willpower (res://tests/test_level_builder.gd:67)

	   [1] _execute_test_case (res://addons/gdUnit4/src/core/_TestCase.gd:93)

	   [2] execute (res://addons/gdUnit4/src/core/_TestCase.gd:38)

	   [3] _execute (res://addons/gdUnit4/src/core/execution/stages/single/GdUnitTestCaseSingleTestStage.gd:10)

	   [4] execute (res://addons/gdUnit4/src/core/execution/stages/IGdUnitExecutionStage.gd:19)

	   [5] _execute (res://addons/gdUnit4/src/core/execution/stages/single/GdUnitTestCaseSingleExecutionStage.gd:17)

	   [6] execute (res://addons/gdUnit4/src/core/execution/stages/IGdUnitExecutionStage.gd:19)

	   [7] _execute (res://addons/gdUnit4/src/core/execution/stages/GdUnitTestCaseExecutionStage.gd:24)

	   [8] execute (res://addons/gdUnit4/src/core/execution/stages/IGdUnitExecutionStage.gd:19)

	   [9] _execute (res://addons/gdUnit4/src/core/execution/stages/GdUnitTestSuiteExecutionStage.gd:31)

	   [10] execute (res://addons/gdUnit4/src/core/execution/stages/IGdUnitExecutionStage.gd:19)

	   [11] _execute (res://addons/gdUnit4/src/core/execution/stages/GdUnitTestCaseExecutionStage.gd:31)

	   [12] error_monitor_stop (res://addons/gdUnit4/src/core/execution/GdUnitExecutionContext.gd:128)

	   [13] scan (res://addons/gdUnit4/src/monitor/GodotGdErrorMonitor.gd:48)

SCRIPT ERROR: Invalid call. Nonexistent function 'build' in base 'RefCounted (LevelBuilder)'.

   at: test_build_resets_loot_manager_before_spawning (res://tests/test_level_builder.gd:109)

   GDScript backtrace (most recent call first):

	   [0] test_build_resets_loot_manager_before_spawning (res://tests/test_level_builder.gd:109)

	   [1] _execute_test_case (res://addons/gdUnit4/src/core/_TestCase.gd:93)

	   [2] execute (res://addons/gdUnit4/src/core/_TestCase.gd:38)

	   [3] _execute (res://addons/gdUnit4/src/core/execution/stages/single/GdUnitTestCaseSingleTestStage.gd:10)

	   [4] execute (res://addons/gdUnit4/src/core/execution/stages/IGdUnitExecutionStage.gd:19)

	   [5] _execute (res://addons/gdUnit4/src/core/execution/stages/single/GdUnitTestCaseSingleExecutionStage.gd:17)

	   [6] execute (res://addons/gdUnit4/src/core/execution/stages/IGdUnitExecutionStage.gd:19)

	   [7] _execute (res://addons/gdUnit4/src/core/execution/stages/GdUnitTestCaseExecutionStage.gd:24)

	   [8] execute (res://addons/gdUnit4/src/core/execution/stages/IGdUnitExecutionStage.gd:19)

	   [9] _execute (res://addons/gdUnit4/src/core/execution/stages/GdUnitTestSuiteExecutionStage.gd:31)

	   [10] execute (res://addons/gdUnit4/src/core/execution/stages/IGdUnitExecutionStage.gd:19)

	   [11] _execute (res://addons/gdUnit4/src/core/execution/stages/GdUnitTestCaseExecutionStage.gd:31)

	   [12] error_monitor_stop (res://addons/gdUnit4/src/core/execution/GdUnitExecutionContext.gd:128)

	   [13] scan (res://addons/gdUnit4/src/monitor/GodotGdErrorMonitor.gd:48)

SCRIPT ERROR: Invalid assignment of property or key 'level_path' with value of type 'String' on a base object of type 'RefCounted (LevelBuildContext)'.

   at: test_hometown_neutral_roster_skips_by_unit_name (res://tests/test_level_builder.gd:119)

   GDScript backtrace (most recent call first):

	   [0] test_hometown_neutral_roster_skips_by_unit_name (res://tests/test_level_builder.gd:119)

	   [1] _execute_test_case (res://addons/gdUnit4/src/core/_TestCase.gd:93)

	   [2] execute (res://addons/gdUnit4/src/core/_TestCase.gd:38)

	   [3] _execute (res://addons/gdUnit4/src/core/execution/stages/single/GdUnitTestCaseSingleTestStage.gd:10)

	   [4] execute (res://addons/gdUnit4/src/core/execution/stages/IGdUnitExecutionStage.gd:19)

	   [5] _execute (res://addons/gdUnit4/src/core/execution/stages/single/GdUnitTestCaseSingleExecutionStage.gd:17)

	   [6] execute (res://addons/gdUnit4/src/core/execution/stages/IGdUnitExecutionStage.gd:19)

	   [7] _execute (res://addons/gdUnit4/src/core/execution/stages/GdUnitTestCaseExecutionStage.gd:24)

	   [8] execute (res://addons/gdUnit4/src/core/execution/stages/IGdUnitExecutionStage.gd:19)

	   [9] _execute (res://addons/gdUnit4/src/core/execution/stages/GdUnitTestSuiteExecutionStage.gd:31)

	   [10] execute (res://addons/gdUnit4/src/core/execution/stages/IGdUnitExecutionStage.gd:19)

	   [11] _execute (res://addons/gdUnit4/src/core/execution/stages/GdUnitTestCaseExecutionStage.gd:31)

	   [12] error_monitor_stop (res://addons/gdUnit4/src/core/execution/GdUnitExecutionContext.gd:128)

	   [13] scan (res://addons/gdUnit4/src/monitor/GodotGdErrorMonitor.gd:48)

SCRIPT ERROR: Invalid call. Nonexistent function '_should_skip_neutral_spawn' in base 'RefCounted (LevelBuilder)'.

   at: test_should_skip_neutral_spawn_by_hometown_coord (res://tests/test_level_builder.gd:137)

   GDScript backtrace (most recent call first):

	   [0] test_should_skip_neutral_spawn_by_hometown_coord (res://tests/test_level_builder.gd:137)

	   [1] _execute_test_case (res://addons/gdUnit4/src/core/_TestCase.gd:93)

	   [2] execute (res://addons/gdUnit4/src/core/_TestCase.gd:38)

	   [3] _execute (res://addons/gdUnit4/src/core/execution/stages/single/GdUnitTestCaseSingleTestStage.gd:10)

	   [4] execute (res://addons/gdUnit4/src/core/execution/stages/IGdUnitExecutionStage.gd:19)

	   [5] _execute (res://addons/gdUnit4/src/core/execution/stages/single/GdUnitTestCaseSingleExecutionStage.gd:17)

	   [6] execute (res://addons/gdUnit4/src/core/execution/stages/IGdUnitExecutionStage.gd:19)

	   [7] _execute (res://addons/gdUnit4/src/core/execution/stages/GdUnitTestCaseExecutionStage.gd:24)

	   [8] execute (res://addons/gdUnit4/src/core/execution/stages/IGdUnitExecutionStage.gd:19)

	   [9] _execute (res://addons/gdUnit4/src/core/execution/stages/GdUnitTestSuiteExecutionStage.gd:31)

	   [10] execute (res://addons/gdUnit4/src/core/execution/stages/IGdUnitExecutionStage.gd:19)

	   [11] _execute (res://addons/gdUnit4/src/core/execution/stages/GdUnitTestCaseExecutionStage.gd:31)

	   [12] error_monitor_stop (res://addons/gdUnit4/src/core/execution/GdUnitExecutionContext.gd:128)

	   [13] scan (res://addons/gdUnit4/src/monitor/GodotGdErrorMonitor.gd:48)

SCRIPT ERROR: Invalid assignment of property or key 'level_path' with value of type 'String' on a base object of type 'RefCounted (LevelBuildContext)'.

   at: test_hometown_spawns_player_leader_unit (res://tests/test_level_builder.gd:142)

   GDScript backtrace (most recent call first):

	   [0] test_hometown_spawns_player_leader_unit (res://tests/test_level_builder.gd:142)

	   [1] _execute_test_case (res://addons/gdUnit4/src/core/_TestCase.gd:93)

	   [2] execute (res://addons/gdUnit4/src/core/_TestCase.gd:38)

	   [3] _execute (res://addons/gdUnit4/src/core/execution/stages/single/GdUnitTestCaseSingleTestStage.gd:10)

	   [4] execute (res://addons/gdUnit4/src/core/execution/stages/IGdUnitExecutionStage.gd:19)

	   [5] _execute (res://addons/gdUnit4/src/core/execution/stages/single/GdUnitTestCaseSingleExecutionStage.gd:17)

	   [6] execute (res://addons/gdUnit4/src/core/execution/stages/IGdUnitExecutionStage.gd:19)

	   [7] _execute (res://addons/gdUnit4/src/core/execution/stages/GdUnitTestCaseExecutionStage.gd:24)

	   [8] execute (res://addons/gdUnit4/src/core/execution/stages/IGdUnitExecutionStage.gd:19)

	   [9] _execute (res://addons/gdUnit4/src/core/execution/stages/GdUnitTestSuiteExecutionStage.gd:31)

	   [10] execute (res://addons/gdUnit4/src/core/execution/stages/IGdUnitExecutionStage.gd:19)

	   [11] _execute (res://addons/gdUnit4/src/core/execution/stages/GdUnitTestCaseExecutionStage.gd:31)

	   [12] error_monitor_stop (res://addons/gdUnit4/src/core/execution/GdUnitExecutionContext.gd:128)

	   [13] scan (res://addons/gdUnit4/src/monitor/GodotGdErrorMonitor.gd:48)

SCRIPT ERROR: Invalid assignment of property or key 'terrain_rows' with value of type 'Array' on a base object of type 'Resource (LevelTerrainData)'.

   at: test_build_environment (res://tests/test_level_builder_extended.gd:25)

   GDScript backtrace (most recent call first):

	   [0] test_build_environment (res://tests/test_level_builder_extended.gd:25)

	   [1] _execute_test_case (res://addons/gdUnit4/src/core/_TestCase.gd:93)

	   [2] execute (res://addons/gdUnit4/src/core/_TestCase.gd:38)

	   [3] _execute (res://addons/gdUnit4/src/core/execution/stages/single/GdUnitTestCaseSingleTestStage.gd:10)

	   [4] execute (res://addons/gdUnit4/src/core/execution/stages/IGdUnitExecutionStage.gd:19)

	   [5] _execute (res://addons/gdUnit4/src/core/execution/stages/single/GdUnitTestCaseSingleExecutionStage.gd:17)

	   [6] execute (res://addons/gdUnit4/src/core/execution/stages/IGdUnitExecutionStage.gd:19)

	   [7] _execute (res://addons/gdUnit4/src/core/execution/stages/GdUnitTestCaseExecutionStage.gd:24)

	   [8] execute (res://addons/gdUnit4/src/core/execution/stages/IGdUnitExecutionStage.gd:19)

	   [9] _execute (res://addons/gdUnit4/src/core/execution/stages/GdUnitTestSuiteExecutionStage.gd:31)

	   [10] execute (res://addons/gdUnit4/src/core/execution/stages/IGdUnitExecutionStage.gd:19)

	   [11] execute (res://addons/gdUnit4/src/core/execution/GdUnitTestSuiteExecutor.gd:23)

ERROR: LevelFlowController: No SceneTree available to change scene to res://Gameplay/gameplay.tscn

   at: push_error (core/variant/variant_utility.cpp:1024)

   GDScript backtrace (most recent call first):

	   [0] _change_scene (res://level/level_flow_controller.gd:105)

	   [1] start_level (res://level/level_flow_controller.gd:31)

	   [2] test_start_level (res://tests/test_level_flow_controller_extended.gd:9)

	   [3] _execute_test_case (res://addons/gdUnit4/src/core/_TestCase.gd:93)

	   [4] execute (res://addons/gdUnit4/src/core/_TestCase.gd:38)

	   [5] _execute (res://addons/gdUnit4/src/core/execution/stages/single/GdUnitTestCaseSingleTestStage.gd:10)

	   [6] execute (res://addons/gdUnit4/src/core/execution/stages/IGdUnitExecutionStage.gd:19)

	   [7] _execute (res://addons/gdUnit4/src/core/execution/stages/single/GdUnitTestCaseSingleExecutionStage.gd:17)

	   [8] execute (res://addons/gdUnit4/src/core/execution/stages/IGdUnitExecutionStage.gd:19)

	   [9] _execute (res://addons/gdUnit4/src/core/execution/stages/GdUnitTestCaseExecutionStage.gd:24)

	   [10] execute (res://addons/gdUnit4/src/core/execution/stages/IGdUnitExecutionStage.gd:19)

	   [11] _execute (res://addons/gdUnit4/src/core/execution/stages/GdUnitTestSuiteExecutionStage.gd:31)

	   [12] execute (res://addons/gdUnit4/src/core/execution/stages/IGdUnitExecutionStage.gd:19)

	   [13] execute (res://addons/gdUnit4/src/core/execution/GdUnitTestSuiteExecutor.gd:23)

ERROR: LevelFlowController: No SceneTree available to change scene to res://Gameplay/gameplay.tscn

   at: push_error (core/variant/variant_utility.cpp:1024)

   GDScript backtrace (most recent call first):

	   [0] _change_scene (res://level/level_flow_controller.gd:105)

	   [1] start_level (res://level/level_flow_controller.gd:31)

	   [2] start_first_level (res://level/level_flow_controller.gd:40)

	   [3] test_start_first_level (res://tests/test_level_flow_controller_extended.gd:15)

	   [4] _execute_test_case (res://addons/gdUnit4/src/core/_TestCase.gd:93)

	   [5] execute (res://addons/gdUnit4/src/core/_TestCase.gd:38)

	   [6] _execute (res://addons/gdUnit4/src/core/execution/stages/single/GdUnitTestCaseSingleTestStage.gd:10)

	   [7] execute (res://addons/gdUnit4/src/core/execution/stages/IGdUnitExecutionStage.gd:19)

	   [8] _execute (res://addons/gdUnit4/src/core/execution/stages/single/GdUnitTestCaseSingleExecutionStage.gd:17)

	   [9] execute (res://addons/gdUnit4/src/core/execution/stages/IGdUnitExecutionStage.gd:19)

	   [10] _execute (res://addons/gdUnit4/src/core/execution/stages/GdUnitTestCaseExecutionStage.gd:24)

	   [11] execute (res://addons/gdUnit4/src/core/execution/stages/IGdUnitExecutionStage.gd:19)

	   [12] _execute (res://addons/gdUnit4/src/core/execution/stages/GdUnitTestSuiteExecutionStage.gd:31)

	   [13] execute (res://addons/gdUnit4/src/core/execution/stages/IGdUnitExecutionStage.gd:19)

	   [14] _execute (res://addons/gdUnit4/src/core/execution/stages/GdUnitTestCaseExecutionStage.gd:31)

	   [15] error_monitor_stop (res://addons/gdUnit4/src/core/execution/GdUnitExecutionContext.gd:128)

	   [16] scan (res://addons/gdUnit4/src/monitor/GodotGdErrorMonitor.gd:48)

ERROR: LevelFlowController: No SceneTree available to change scene to res://Menus/level_select.tscn

   at: push_error (core/variant/variant_utility.cpp:1024)

   GDScript backtrace (most recent call first):

	   [0] _change_scene (res://level/level_flow_controller.gd:105)

	   [1] handle_level_complete (res://level/level_flow_controller.gd:83)

	   [2] test_handle_level_complete (res://tests/test_level_flow_controller_extended.gd:24)

	   [3] _execute_test_case (res://addons/gdUnit4/src/core/_TestCase.gd:93)

	   [4] execute (res://addons/gdUnit4/src/core/_TestCase.gd:38)

	   [5] _execute (res://addons/gdUnit4/src/core/execution/stages/single/GdUnitTestCaseSingleTestStage.gd:10)

	   [6] execute (res://addons/gdUnit4/src/core/execution/stages/IGdUnitExecutionStage.gd:19)

	   [7] _execute (res://addons/gdUnit4/src/core/execution/stages/single/GdUnitTestCaseSingleExecutionStage.gd:17)

	   [8] execute (res://addons/gdUnit4/src/core/execution/stages/IGdUnitExecutionStage.gd:19)

	   [9] _execute (res://addons/gdUnit4/src/core/execution/stages/GdUnitTestCaseExecutionStage.gd:24)

	   [10] execute (res://addons/gdUnit4/src/core/execution/stages/IGdUnitExecutionStage.gd:19)

	   [11] _execute (res://addons/gdUnit4/src/core/execution/stages/GdUnitTestSuiteExecutionStage.gd:31)

	   [12] execute (res://addons/gdUnit4/src/core/execution/stages/IGdUnitExecutionStage.gd:19)

	   [13] _execute (res://addons/gdUnit4/src/core/execution/stages/GdUnitTestCaseExecutionStage.gd:31)

	   [14] error_monitor_stop (res://addons/gdUnit4/src/core/execution/GdUnitExecutionContext.gd:128)

	   [15] scan (res://addons/gdUnit4/src/monitor/GodotGdErrorMonitor.gd:48)

ERROR: LevelFlowController: No SceneTree available to change scene to res://Menus/level_select.tscn

   at: push_error (core/variant/variant_utility.cpp:1024)

   GDScript backtrace (most recent call first):

	   [0] _change_scene (res://level/level_flow_controller.gd:105)

	   [1] handle_level_complete (res://level/level_flow_controller.gd:83)

	   [2] test_handle_level_complete (res://tests/test_level_flow_controller_extended.gd:27)

	   [3] _execute_test_case (res://addons/gdUnit4/src/core/_TestCase.gd:93)

	   [4] execute (res://addons/gdUnit4/src/core/_TestCase.gd:38)

	   [5] _execute (res://addons/gdUnit4/src/core/execution/stages/single/GdUnitTestCaseSingleTestStage.gd:10)

	   [6] execute (res://addons/gdUnit4/src/core/execution/stages/IGdUnitExecutionStage.gd:19)

	   [7] _execute (res://addons/gdUnit4/src/core/execution/stages/single/GdUnitTestCaseSingleExecutionStage.gd:17)

	   [8] execute (res://addons/gdUnit4/src/core/execution/stages/IGdUnitExecutionStage.gd:19)

	   [9] _execute (res://addons/gdUnit4/src/core/execution/stages/GdUnitTestCaseExecutionStage.gd:24)

	   [10] execute (res://addons/gdUnit4/src/core/execution/stages/IGdUnitExecutionStage.gd:19)

	   [11] _execute (res://addons/gdUnit4/src/core/execution/stages/GdUnitTestSuiteExecutionStage.gd:31)

	   [12] execute (res://addons/gdUnit4/src/core/execution/stages/IGdUnitExecutionStage.gd:19)

	   [13] _execute (res://addons/gdUnit4/src/core/execution/stages/GdUnitTestCaseExecutionStage.gd:31)

	   [14] error_monitor_stop (res://addons/gdUnit4/src/core/execution/GdUnitExecutionContext.gd:128)

	   [15] scan (res://addons/gdUnit4/src/monitor/GodotGdErrorMonitor.gd:48)

ERROR: LevelFlowController: No SceneTree available to change scene to res://Menus/title_screen.tscn

   at: push_error (core/variant/variant_utility.cpp:1024)

   GDScript backtrace (most recent call first):

	   [0] _change_scene (res://level/level_flow_controller.gd:105)

	   [1] handle_quit_to_title (res://level/level_flow_controller.gd:92)

	   [2] test_handle_quit_to_title (res://tests/test_level_flow_controller_extended.gd:37)

	   [3] _execute_test_case (res://addons/gdUnit4/src/core/_TestCase.gd:93)

	   [4] execute (res://addons/gdUnit4/src/core/_TestCase.gd:38)

	   [5] _execute (res://addons/gdUnit4/src/core/execution/stages/single/GdUnitTestCaseSingleTestStage.gd:10)

	   [6] execute (res://addons/gdUnit4/src/core/execution/stages/IGdUnitExecutionStage.gd:19)

	   [7] _execute (res://addons/gdUnit4/src/core/execution/stages/single/GdUnitTestCaseSingleExecutionStage.gd:17)

	   [8] execute (res://addons/gdUnit4/src/core/execution/stages/IGdUnitExecutionStage.gd:19)

	   [9] _execute (res://addons/gdUnit4/src/core/execution/stages/GdUnitTestCaseExecutionStage.gd:24)

	   [10] execute (res://addons/gdUnit4/src/core/execution/stages/IGdUnitExecutionStage.gd:19)

	   [11] _execute (res://addons/gdUnit4/src/core/execution/stages/GdUnitTestSuiteExecutionStage.gd:31)

	   [12] execute (res://addons/gdUnit4/src/core/execution/stages/IGdUnitExecutionStage.gd:19)

	   [13] _execute (res://addons/gdUnit4/src/core/execution/stages/GdUnitTestCaseExecutionStage.gd:31)

	   [14] error_monitor_stop (res://addons/gdUnit4/src/core/execution/GdUnitExecutionContext.gd:128)

	   [15] scan (res://addons/gdUnit4/src/monitor/GodotGdErrorMonitor.gd:48)

SCRIPT ERROR: Invalid assignment of property or key '_level_resource' with value of type 'Resource' on a base object of type 'RefCounted (StubLevelManagerGameplay)'.

   at: _make_manager (res://tests/test_level_manager_gameplay.gd:86)

   GDScript backtrace (most recent call first):

	   [0] _make_manager (res://tests/test_level_manager_gameplay.gd:86)

	   [1] test_handle_selected_unit_move_emits_once_exit (res://tests/test_level_manager_gameplay.gd:41)

	   [2] _execute_test_case (res://addons/gdUnit4/src/core/_TestCase.gd:93)

	   [3] execute (res://addons/gdUnit4/src/core/_TestCase.gd:38)

	   [4] _execute (res://addons/gdUnit4/src/core/execution/stages/single/GdUnitTestCaseSingleTestStage.gd:10)

	   [5] execute (res://addons/gdUnit4/src/core/execution/stages/IGdUnitExecutionStage.gd:19)

	   [6] _execute (res://addons/gdUnit4/src/core/execution/stages/single/GdUnitTestCaseSingleExecutionStage.gd:17)

	   [7] execute (res://addons/gdUnit4/src/core/execution/stages/IGdUnitExecutionStage.gd:19)

	   [8] _execute (res://addons/gdUnit4/src/core/execution/stages/GdUnitTestCaseExecutionStage.gd:24)

	   [9] execute (res://addons/gdUnit4/src/core/execution/stages/IGdUnitExecutionStage.gd:19)

	   [10] _execute (res://addons/gdUnit4/src/core/execution/stages/GdUnitTestSuiteExecutionStage.gd:31)

	   [11] execute (res://addons/gdUnit4/src/core/execution/stages/IGdUnitExecutionStage.gd:19)

	   [12] execute (res://addons/gdUnit4/src/core/execution/GdUnitTestSuiteExecutor.gd:23)

SCRIPT ERROR: Invalid assignment of property or key 'hometown' with value of type 'bool' on a base object of type 'Nil'.

   at: test_handle_selected_unit_move_emits_once_exit (res://tests/test_level_manager_gameplay.gd:42)

   GDScript backtrace (most recent call first):

	   [0] test_handle_selected_unit_move_emits_once_exit (res://tests/test_level_manager_gameplay.gd:42)

	   [1] _execute_test_case (res://addons/gdUnit4/src/core/_TestCase.gd:93)

	   [2] execute (res://addons/gdUnit4/src/core/_TestCase.gd:38)

	   [3] _execute (res://addons/gdUnit4/src/core/execution/stages/single/GdUnitTestCaseSingleTestStage.gd:10)

	   [4] execute (res://addons/gdUnit4/src/core/execution/stages/IGdUnitExecutionStage.gd:19)

	   [5] _execute (res://addons/gdUnit4/src/core/execution/stages/single/GdUnitTestCaseSingleExecutionStage.gd:17)

	   [6] execute (res://addons/gdUnit4/src/core/execution/stages/IGdUnitExecutionStage.gd:19)

	   [7] _execute (res://addons/gdUnit4/src/core/execution/stages/GdUnitTestCaseExecutionStage.gd:24)

	   [8] execute (res://addons/gdUnit4/src/core/execution/stages/IGdUnitExecutionStage.gd:19)

	   [9] _execute (res://addons/gdUnit4/src/core/execution/stages/GdUnitTestSuiteExecutionStage.gd:31)

	   [10] execute (res://addons/gdUnit4/src/core/execution/stages/IGdUnitExecutionStage.gd:19)

	   [11] execute (res://addons/gdUnit4/src/core/execution/GdUnitTestSuiteExecutor.gd:23)

SCRIPT ERROR: Invalid assignment of property or key '_level_resource' with value of type 'Resource' on a base object of type 'RefCounted (StubLevelManagerGameplay)'.

   at: _make_manager (res://tests/test_level_manager_gameplay.gd:86)

   GDScript backtrace (most recent call first):

	   [0] _make_manager (res://tests/test_level_manager_gameplay.gd:86)

	   [1] test_handle_selected_unit_move_ignores_non_hometown_or_coord (res://tests/test_level_manager_gameplay.gd:55)

	   [2] _execute_test_case (res://addons/gdUnit4/src/core/_TestCase.gd:93)

	   [3] execute (res://addons/gdUnit4/src/core/_TestCase.gd:38)

	   [4] _execute (res://addons/gdUnit4/src/core/execution/stages/single/GdUnitTestCaseSingleTestStage.gd:10)

	   [5] execute (res://addons/gdUnit4/src/core/execution/stages/IGdUnitExecutionStage.gd:19)

	   [6] _execute (res://addons/gdUnit4/src/core/execution/stages/single/GdUnitTestCaseSingleExecutionStage.gd:17)

	   [7] execute (res://addons/gdUnit4/src/core/execution/stages/IGdUnitExecutionStage.gd:19)

	   [8] _execute (res://addons/gdUnit4/src/core/execution/stages/GdUnitTestCaseExecutionStage.gd:24)

	   [9] execute (res://addons/gdUnit4/src/core/execution/stages/IGdUnitExecutionStage.gd:19)

	   [10] _execute (res://addons/gdUnit4/src/core/execution/stages/GdUnitTestSuiteExecutionStage.gd:31)

	   [11] execute (res://addons/gdUnit4/src/core/execution/stages/IGdUnitExecutionStage.gd:19)

	   [12] _execute (res://addons/gdUnit4/src/core/execution/stages/GdUnitTestCaseExecutionStage.gd:31)

	   [13] error_monitor_stop (res://addons/gdUnit4/src/core/execution/GdUnitExecutionContext.gd:128)

	   [14] scan (res://addons/gdUnit4/src/monitor/GodotGdErrorMonitor.gd:48)

SCRIPT ERROR: Invalid access to property or key 'quit_to_level_select' on a base object of type 'Nil'.

   at: test_handle_selected_unit_move_ignores_non_hometown_or_coord (res://tests/test_level_manager_gameplay.gd:57)

   GDScript backtrace (most recent call first):

	   [0] test_handle_selected_unit_move_ignores_non_hometown_or_coord (res://tests/test_level_manager_gameplay.gd:57)

	   [1] _execute_test_case (res://addons/gdUnit4/src/core/_TestCase.gd:93)

	   [2] execute (res://addons/gdUnit4/src/core/_TestCase.gd:38)

	   [3] _execute (res://addons/gdUnit4/src/core/execution/stages/single/GdUnitTestCaseSingleTestStage.gd:10)

	   [4] execute (res://addons/gdUnit4/src/core/execution/stages/IGdUnitExecutionStage.gd:19)

	   [5] _execute (res://addons/gdUnit4/src/core/execution/stages/single/GdUnitTestCaseSingleExecutionStage.gd:17)

	   [6] execute (res://addons/gdUnit4/src/core/execution/stages/IGdUnitExecutionStage.gd:19)

	   [7] _execute (res://addons/gdUnit4/src/core/execution/stages/GdUnitTestCaseExecutionStage.gd:24)

	   [8] execute (res://addons/gdUnit4/src/core/execution/stages/IGdUnitExecutionStage.gd:19)

	   [9] _execute (res://addons/gdUnit4/src/core/execution/stages/GdUnitTestSuiteExecutionStage.gd:31)

	   [10] execute (res://addons/gdUnit4/src/core/execution/stages/IGdUnitExecutionStage.gd:19)

	   [11] _execute (res://addons/gdUnit4/src/core/execution/stages/GdUnitTestCaseExecutionStage.gd:31)

	   [12] error_monitor_stop (res://addons/gdUnit4/src/core/execution/GdUnitExecutionContext.gd:128)

	   [13] scan (res://addons/gdUnit4/src/monitor/GodotGdErrorMonitor.gd:48)

SCRIPT ERROR: Invalid assignment of property or key '_level_resource' with value of type 'Resource' on a base object of type 'RefCounted (StubLevelManagerGameplay)'.

   at: _make_manager (res://tests/test_level_manager_gameplay.gd:86)

   GDScript backtrace (most recent call first):

	   [0] _make_manager (res://tests/test_level_manager_gameplay.gd:86)

	   [1] test_apply_hometown_rules_toggle_free_roam_for_player_unit (res://tests/test_level_manager_gameplay.gd:69)

	   [2] _execute_test_case (res://addons/gdUnit4/src/core/_TestCase.gd:93)

	   [3] execute (res://addons/gdUnit4/src/core/_TestCase.gd:38)

	   [4] _execute (res://addons/gdUnit4/src/core/execution/stages/single/GdUnitTestCaseSingleTestStage.gd:10)

	   [5] execute (res://addons/gdUnit4/src/core/execution/stages/IGdUnitExecutionStage.gd:19)

	   [6] _execute (res://addons/gdUnit4/src/core/execution/stages/single/GdUnitTestCaseSingleExecutionStage.gd:17)

	   [7] execute (res://addons/gdUnit4/src/core/execution/stages/IGdUnitExecutionStage.gd:19)

	   [8] _execute (res://addons/gdUnit4/src/core/execution/stages/GdUnitTestCaseExecutionStage.gd:24)

	   [9] execute (res://addons/gdUnit4/src/core/execution/stages/IGdUnitExecutionStage.gd:19)

	   [10] _execute (res://addons/gdUnit4/src/core/execution/stages/GdUnitTestSuiteExecutionStage.gd:31)

	   [11] execute (res://addons/gdUnit4/src/core/execution/stages/IGdUnitExecutionStage.gd:19)

	   [12] _execute (res://addons/gdUnit4/src/core/execution/stages/GdUnitTestCaseExecutionStage.gd:31)

	   [13] error_monitor_stop (res://addons/gdUnit4/src/core/execution/GdUnitExecutionContext.gd:128)

	   [14] scan (res://addons/gdUnit4/src/monitor/GodotGdErrorMonitor.gd:48)

SCRIPT ERROR: Invalid assignment of property or key '_game_state' with value of type 'RefCounted (FakeGameState)' on a base object of type 'Nil'.

   at: test_apply_hometown_rules_toggle_free_roam_for_player_unit (res://tests/test_level_manager_gameplay.gd:74)

   GDScript backtrace (most recent call first):

	   [0] test_apply_hometown_rules_toggle_free_roam_for_player_unit (res://tests/test_level_manager_gameplay.gd:74)

	   [1] _execute_test_case (res://addons/gdUnit4/src/core/_TestCase.gd:93)

	   [2] execute (res://addons/gdUnit4/src/core/_TestCase.gd:38)

	   [3] _execute (res://addons/gdUnit4/src/core/execution/stages/single/GdUnitTestCaseSingleTestStage.gd:10)

	   [4] execute (res://addons/gdUnit4/src/core/execution/stages/IGdUnitExecutionStage.gd:19)

	   [5] _execute (res://addons/gdUnit4/src/core/execution/stages/single/GdUnitTestCaseSingleExecutionStage.gd:17)

	   [6] execute (res://addons/gdUnit4/src/core/execution/stages/IGdUnitExecutionStage.gd:19)

	   [7] _execute (res://addons/gdUnit4/src/core/execution/stages/GdUnitTestCaseExecutionStage.gd:24)

	   [8] execute (res://addons/gdUnit4/src/core/execution/stages/IGdUnitExecutionStage.gd:19)

	   [9] _execute (res://addons/gdUnit4/src/core/execution/stages/GdUnitTestSuiteExecutionStage.gd:31)

	   [10] execute (res://addons/gdUnit4/src/core/execution/stages/IGdUnitExecutionStage.gd:19)

	   [11] _execute (res://addons/gdUnit4/src/core/execution/stages/GdUnitTestCaseExecutionStage.gd:31)

	   [12] error_monitor_stop (res://addons/gdUnit4/src/core/execution/GdUnitExecutionContext.gd:128)

	   [13] scan (res://addons/gdUnit4/src/monitor/GodotGdErrorMonitor.gd:48)

SCRIPT ERROR: Invalid call. Nonexistent function 'id' in base 'Nil'.

   at: GdUnitTestCaseSingleExecutionStage._execute (res://addons/gdUnit4/src/core/execution/stages/single/GdUnitTestCaseSingleExecutionStage.gd:28)

   GDScript backtrace (most recent call first):

	   [0] _execute (res://addons/gdUnit4/src/core/execution/stages/single/GdUnitTestCaseSingleExecutionStage.gd:28)

	   [1] execute (res://addons/gdUnit4/src/core/execution/stages/IGdUnitExecutionStage.gd:19)

	   [2] _execute (res://addons/gdUnit4/src/core/execution/stages/GdUnitTestCaseAfterStage.gd:22)

	   [3] error_monitor_stop (res://addons/gdUnit4/src/core/execution/GdUnitExecutionContext.gd:128)

	   [4] scan (res://addons/gdUnit4/src/monitor/GodotGdErrorMonitor.gd:48)

SCRIPT ERROR: Invalid call. Nonexistent function 'is_interupted' in base 'previously freed'.

   at: GdUnitTestSuiteExecutionStage._execute (res://addons/gdUnit4/src/core/execution/stages/GdUnitTestSuiteExecutionStage.gd:35)

   GDScript backtrace (most recent call first):

	   [0] _execute (res://addons/gdUnit4/src/core/execution/stages/GdUnitTestSuiteExecutionStage.gd:35)

	   [1] execute (res://addons/gdUnit4/src/core/execution/stages/IGdUnitExecutionStage.gd:19)

	   [2] _execute (res://addons/gdUnit4/src/core/execution/stages/GdUnitTestCaseExecutionStage.gd:30)

	   [3] error_monitor_stop (res://addons/gdUnit4/src/core/execution/GdUnitExecutionContext.gd:130)

	   [4] scan (res://addons/gdUnit4/src/monitor/GodotGdErrorMonitor.gd:48)

SCRIPT ERROR: Invalid assignment of property or key 'items' with value of type 'Array' on a base object of type 'Resource (LevelLootEntry)'.

   at: _create_loot_entry (res://tests/test_level_row_loader.gd:66)

   GDScript backtrace (most recent call first):

	   [0] _create_loot_entry (res://tests/test_level_row_loader.gd:66)

	   [1] test_apply_rows_populates_spawns_and_entries (res://tests/test_level_row_loader.gd:43)

	   [2] _execute_test_case (res://addons/gdUnit4/src/core/_TestCase.gd:93)

	   [3] execute (res://addons/gdUnit4/src/core/_TestCase.gd:38)

	   [4] _execute (res://addons/gdUnit4/src/core/execution/stages/single/GdUnitTestCaseSingleTestStage.gd:10)

	   [5] execute (res://addons/gdUnit4/src/core/execution/stages/IGdUnitExecutionStage.gd:19)

	   [6] _execute (res://addons/gdUnit4/src/core/execution/stages/single/GdUnitTestCaseSingleExecutionStage.gd:17)

	   [7] execute (res://addons/gdUnit4/src/core/execution/stages/IGdUnitExecutionStage.gd:19)

	   [8] _execute (res://addons/gdUnit4/src/core/execution/stages/GdUnitTestCaseExecutionStage.gd:24)

	   [9] execute (res://addons/gdUnit4/src/core/execution/stages/IGdUnitExecutionStage.gd:19)

	   [10] _execute (res://addons/gdUnit4/src/core/execution/stages/GdUnitTestSuiteExecutionStage.gd:31)

	   [11] execute (res://addons/gdUnit4/src/core/execution/stages/IGdUnitExecutionStage.gd:19)

	   [12] execute (res://addons/gdUnit4/src/core/execution/GdUnitTestSuiteExecutor.gd:23)

SCRIPT ERROR: Out of bounds get index '0' (on base: 'Array[LevelLootEntry]')

   at: _verify_level_entities (res://tests/test_level_row_loader.gd:103)

   GDScript backtrace (most recent call first):

	   [0] _verify_level_entities (res://tests/test_level_row_loader.gd:103)

	   [1] test_apply_rows_populates_spawns_and_entries (res://tests/test_level_row_loader.gd:60)

	   [2] _execute_test_case (res://addons/gdUnit4/src/core/_TestCase.gd:93)

	   [3] execute (res://addons/gdUnit4/src/core/_TestCase.gd:38)

	   [4] _execute (res://addons/gdUnit4/src/core/execution/stages/single/GdUnitTestCaseSingleTestStage.gd:10)

	   [5] execute (res://addons/gdUnit4/src/core/execution/stages/IGdUnitExecutionStage.gd:19)

	   [6] _execute (res://addons/gdUnit4/src/core/execution/stages/single/GdUnitTestCaseSingleExecutionStage.gd:17)

	   [7] execute (res://addons/gdUnit4/src/core/execution/stages/IGdUnitExecutionStage.gd:19)

	   [8] _execute (res://addons/gdUnit4/src/core/execution/stages/GdUnitTestCaseExecutionStage.gd:24)

	   [9] execute (res://addons/gdUnit4/src/core/execution/stages/IGdUnitExecutionStage.gd:19)

	   [10] _execute (res://addons/gdUnit4/src/core/execution/stages/GdUnitTestSuiteExecutionStage.gd:31)

	   [11] execute (res://addons/gdUnit4/src/core/execution/stages/IGdUnitExecutionStage.gd:19)

	   [12] execute (res://addons/gdUnit4/src/core/execution/GdUnitTestSuiteExecutor.gd:23)

WARNING: [LevelRows] Duplicate roster coordinate (1, 1) found at 1,1 (first defined in , then in ) for demo

   at: push_warning (core/variant/variant_utility.cpp:1034)

   GDScript backtrace (most recent call first):

	   [0] warn (res://level/level_log.gd:17)

	   [1] validate (res://level/level_row_validator.gd:36)

	   [2] _validate_and_autofix (res://level/level_row_loader.gd:154)

	   [3] apply_rows_to_level (res://level/level_row_loader.gd:103)

	   [4] test_duplicate_roster_rows_reported (res://tests/test_level_row_loader.gd:138)

	   [5] _execute_test_case (res://addons/gdUnit4/src/core/_TestCase.gd:93)

	   [6] execute (res://addons/gdUnit4/src/core/_TestCase.gd:38)

	   [7] _execute (res://addons/gdUnit4/src/core/execution/stages/single/GdUnitTestCaseSingleTestStage.gd:10)

	   [8] execute (res://addons/gdUnit4/src/core/execution/stages/IGdUnitExecutionStage.gd:19)

	   [9] _execute (res://addons/gdUnit4/src/core/execution/stages/single/GdUnitTestCaseSingleExecutionStage.gd:17)

	   [10] execute (res://addons/gdUnit4/src/core/execution/stages/IGdUnitExecutionStage.gd:19)

	   [11] _execute (res://addons/gdUnit4/src/core/execution/stages/GdUnitTestCaseExecutionStage.gd:24)

	   [12] execute (res://addons/gdUnit4/src/core/execution/stages/IGdUnitExecutionStage.gd:19)

	   [13] _execute (res://addons/gdUnit4/src/core/execution/stages/GdUnitTestSuiteExecutionStage.gd:31)

	   [14] execute (res://addons/gdUnit4/src/core/execution/stages/IGdUnitExecutionStage.gd:19)

	   [15] _execute (res://addons/gdUnit4/src/core/execution/stages/GdUnitTestCaseExecutionStage.gd:31)

	   [16] error_monitor_stop (res://addons/gdUnit4/src/core/execution/GdUnitExecutionContext.gd:128)

	   [17] scan (res://addons/gdUnit4/src/monitor/GodotGdErrorMonitor.gd:48)

WARNING: [LevelRows] location row  is out of bounds for demo

   at: push_warning (core/variant/variant_utility.cpp:1034)

   GDScript backtrace (most recent call first):

	   [0] warn (res://level/level_log.gd:17)

	   [1] validate (res://level/level_row_validator.gd:36)

	   [2] _validate_and_autofix (res://level/level_row_loader.gd:154)

	   [3] apply_rows_to_level (res://level/level_row_loader.gd:103)

	   [4] test_out_of_bounds_location_reported (res://tests/test_level_row_loader.gd:155)

	   [5] _execute_test_case (res://addons/gdUnit4/src/core/_TestCase.gd:93)

	   [6] execute (res://addons/gdUnit4/src/core/_TestCase.gd:38)

	   [7] _execute (res://addons/gdUnit4/src/core/execution/stages/single/GdUnitTestCaseSingleTestStage.gd:10)

	   [8] execute (res://addons/gdUnit4/src/core/execution/stages/IGdUnitExecutionStage.gd:19)

	   [9] _execute (res://addons/gdUnit4/src/core/execution/stages/single/GdUnitTestCaseSingleExecutionStage.gd:17)

	   [10] execute (res://addons/gdUnit4/src/core/execution/stages/IGdUnitExecutionStage.gd:19)

	   [11] _execute (res://addons/gdUnit4/src/core/execution/stages/GdUnitTestCaseExecutionStage.gd:24)

	   [12] execute (res://addons/gdUnit4/src/core/execution/stages/IGdUnitExecutionStage.gd:19)

	   [13] _execute (res://addons/gdUnit4/src/core/execution/stages/GdUnitTestSuiteExecutionStage.gd:31)

	   [14] execute (res://addons/gdUnit4/src/core/execution/stages/IGdUnitExecutionStage.gd:19)

	   [15] _execute (res://addons/gdUnit4/src/core/execution/stages/GdUnitTestCaseExecutionStage.gd:31)

	   [16] error_monitor_stop (res://addons/gdUnit4/src/core/execution/GdUnitExecutionContext.gd:128)

	   [17] scan (res://addons/gdUnit4/src/monitor/GodotGdErrorMonitor.gd:48)

WARNING: [LevelRows] Duplicate start slot player:0 found at (0, 0) (first defined in , then in ) for demo

   at: push_warning (core/variant/variant_utility.cpp:1034)

   GDScript backtrace (most recent call first):

	   [0] warn (res://level/level_log.gd:17)

	   [1] validate (res://level/level_row_validator.gd:36)

	   [2] _validate_and_autofix (res://level/level_row_loader.gd:154)

	   [3] apply_rows_to_level (res://level/level_row_loader.gd:103)

	   [4] test_duplicate_start_coordinate_reported (res://tests/test_level_row_loader.gd:172)

	   [5] _execute_test_case (res://addons/gdUnit4/src/core/_TestCase.gd:93)

	   [6] execute (res://addons/gdUnit4/src/core/_TestCase.gd:38)

	   [7] _execute (res://addons/gdUnit4/src/core/execution/stages/single/GdUnitTestCaseSingleTestStage.gd:10)

	   [8] execute (res://addons/gdUnit4/src/core/execution/stages/IGdUnitExecutionStage.gd:19)

	   [9] _execute (res://addons/gdUnit4/src/core/execution/stages/single/GdUnitTestCaseSingleExecutionStage.gd:17)

	   [10] execute (res://addons/gdUnit4/src/core/execution/stages/IGdUnitExecutionStage.gd:19)

	   [11] _execute (res://addons/gdUnit4/src/core/execution/stages/GdUnitTestCaseExecutionStage.gd:24)

	   [12] execute (res://addons/gdUnit4/src/core/execution/stages/IGdUnitExecutionStage.gd:19)

	   [13] _execute (res://addons/gdUnit4/src/core/execution/stages/GdUnitTestSuiteExecutionStage.gd:31)

	   [14] execute (res://addons/gdUnit4/src/core/execution/stages/IGdUnitExecutionStage.gd:19)

	   [15] _execute (res://addons/gdUnit4/src/core/execution/stages/GdUnitTestCaseExecutionStage.gd:31)

	   [16] error_monitor_stop (res://addons/gdUnit4/src/core/execution/GdUnitExecutionContext.gd:128)

	   [17] scan (res://addons/gdUnit4/src/monitor/GodotGdErrorMonitor.gd:48)

WARNING: [LevelRows] Duplicate start coordinate (0, 0) found at 0,0 (first defined in , then in ) for demo

   at: push_warning (core/variant/variant_utility.cpp:1034)

   GDScript backtrace (most recent call first):

	   [0] warn (res://level/level_log.gd:17)

	   [1] validate (res://level/level_row_validator.gd:36)

	   [2] _validate_and_autofix (res://level/level_row_loader.gd:154)

	   [3] apply_rows_to_level (res://level/level_row_loader.gd:103)

	   [4] test_duplicate_start_coordinate_reported (res://tests/test_level_row_loader.gd:172)

	   [5] _execute_test_case (res://addons/gdUnit4/src/core/_TestCase.gd:93)

	   [6] execute (res://addons/gdUnit4/src/core/_TestCase.gd:38)

	   [7] _execute (res://addons/gdUnit4/src/core/execution/stages/single/GdUnitTestCaseSingleTestStage.gd:10)

	   [8] execute (res://addons/gdUnit4/src/core/execution/stages/IGdUnitExecutionStage.gd:19)

	   [9] _execute (res://addons/gdUnit4/src/core/execution/stages/single/GdUnitTestCaseSingleExecutionStage.gd:17)

	   [10] execute (res://addons/gdUnit4/src/core/execution/stages/IGdUnitExecutionStage.gd:19)

	   [11] _execute (res://addons/gdUnit4/src/core/execution/stages/GdUnitTestCaseExecutionStage.gd:24)

	   [12] execute (res://addons/gdUnit4/src/core/execution/stages/IGdUnitExecutionStage.gd:19)

	   [13] _execute (res://addons/gdUnit4/src/core/execution/stages/GdUnitTestSuiteExecutionStage.gd:31)

	   [14] execute (res://addons/gdUnit4/src/core/execution/stages/IGdUnitExecutionStage.gd:19)

	   [15] _execute (res://addons/gdUnit4/src/core/execution/stages/GdUnitTestCaseExecutionStage.gd:31)

	   [16] error_monitor_stop (res://addons/gdUnit4/src/core/execution/GdUnitExecutionContext.gd:128)

	   [17] scan (res://addons/gdUnit4/src/monitor/GodotGdErrorMonitor.gd:48)

WARNING: [LevelRows] Dialogue row  is missing dialogue resource for demo

   at: push_warning (core/variant/variant_utility.cpp:1034)

   GDScript backtrace (most recent call first):

	   [0] warn (res://level/level_log.gd:17)

	   [1] validate (res://level/level_row_validator.gd:36)

	   [2] _validate_and_autofix (res://level/level_row_loader.gd:154)

	   [3] apply_rows_to_level (res://level/level_row_loader.gd:103)

	   [4] test_dialogue_missing_timeline_reported (res://tests/test_level_row_loader.gd:188)

	   [5] _execute_test_case (res://addons/gdUnit4/src/core/_TestCase.gd:93)

	   [6] execute (res://addons/gdUnit4/src/core/_TestCase.gd:38)

	   [7] _execute (res://addons/gdUnit4/src/core/execution/stages/single/GdUnitTestCaseSingleTestStage.gd:10)

	   [8] execute (res://addons/gdUnit4/src/core/execution/stages/IGdUnitExecutionStage.gd:19)

	   [9] _execute (res://addons/gdUnit4/src/core/execution/stages/single/GdUnitTestCaseSingleExecutionStage.gd:17)

	   [10] execute (res://addons/gdUnit4/src/core/execution/stages/IGdUnitExecutionStage.gd:19)

	   [11] _execute (res://addons/gdUnit4/src/core/execution/stages/GdUnitTestCaseExecutionStage.gd:24)

	   [12] execute (res://addons/gdUnit4/src/core/execution/stages/IGdUnitExecutionStage.gd:19)

	   [13] _execute (res://addons/gdUnit4/src/core/execution/stages/GdUnitTestSuiteExecutionStage.gd:31)

	   [14] execute (res://addons/gdUnit4/src/core/execution/stages/IGdUnitExecutionStage.gd:19)

	   [15] _execute (res://addons/gdUnit4/src/core/execution/stages/GdUnitTestCaseExecutionStage.gd:31)

	   [16] error_monitor_stop (res://addons/gdUnit4/src/core/execution/GdUnitExecutionContext.gd:128)

	   [17] scan (res://addons/gdUnit4/src/monitor/GodotGdErrorMonitor.gd:48)

WARNING: [LevelRows] Dialogue entry_id missing missing related journal entry for demo

   at: push_warning (core/variant/variant_utility.cpp:1034)

   GDScript backtrace (most recent call first):

	   [0] warn (res://level/level_log.gd:17)

	   [1] validate (res://level/level_row_validator.gd:36)

	   [2] _validate_and_autofix (res://level/level_row_loader.gd:154)

	   [3] apply_rows_to_level (res://level/level_row_loader.gd:103)

	   [4] test_dialogue_missing_timeline_reported (res://tests/test_level_row_loader.gd:188)

	   [5] _execute_test_case (res://addons/gdUnit4/src/core/_TestCase.gd:93)

	   [6] execute (res://addons/gdUnit4/src/core/_TestCase.gd:38)

	   [7] _execute (res://addons/gdUnit4/src/core/execution/stages/single/GdUnitTestCaseSingleTestStage.gd:10)

	   [8] execute (res://addons/gdUnit4/src/core/execution/stages/IGdUnitExecutionStage.gd:19)

	   [9] _execute (res://addons/gdUnit4/src/core/execution/stages/single/GdUnitTestCaseSingleExecutionStage.gd:17)

	   [10] execute (res://addons/gdUnit4/src/core/execution/stages/IGdUnitExecutionStage.gd:19)

	   [11] _execute (res://addons/gdUnit4/src/core/execution/stages/GdUnitTestCaseExecutionStage.gd:24)

	   [12] execute (res://addons/gdUnit4/src/core/execution/stages/IGdUnitExecutionStage.gd:19)

	   [13] _execute (res://addons/gdUnit4/src/core/execution/stages/GdUnitTestSuiteExecutionStage.gd:31)

	   [14] execute (res://addons/gdUnit4/src/core/execution/stages/IGdUnitExecutionStage.gd:19)

	   [15] _execute (res://addons/gdUnit4/src/core/execution/stages/GdUnitTestCaseExecutionStage.gd:31)

	   [16] error_monitor_stop (res://addons/gdUnit4/src/core/execution/GdUnitExecutionContext.gd:128)

	   [17] scan (res://addons/gdUnit4/src/monitor/GodotGdErrorMonitor.gd:48)

SCRIPT ERROR: Invalid call. Nonexistent function 'id' in base 'Nil'.

   at: GdUnitTestCaseSingleExecutionStage._execute (res://addons/gdUnit4/src/core/execution/stages/single/GdUnitTestCaseSingleExecutionStage.gd:28)

   GDScript backtrace (most recent call first):

	   [0] _execute (res://addons/gdUnit4/src/core/execution/stages/single/GdUnitTestCaseSingleExecutionStage.gd:28)

	   [1] execute (res://addons/gdUnit4/src/core/execution/stages/IGdUnitExecutionStage.gd:19)

	   [2] _execute (res://addons/gdUnit4/src/core/execution/stages/GdUnitTestCaseAfterStage.gd:22)

	   [3] error_monitor_stop (res://addons/gdUnit4/src/core/execution/GdUnitExecutionContext.gd:128)

	   [4] scan (res://addons/gdUnit4/src/monitor/GodotGdErrorMonitor.gd:48)

SCRIPT ERROR: Invalid call. Nonexistent function 'is_interupted' in base 'previously freed'.

   at: GdUnitTestSuiteExecutionStage._execute (res://addons/gdUnit4/src/core/execution/stages/GdUnitTestSuiteExecutionStage.gd:35)

   GDScript backtrace (most recent call first):

	   [0] _execute (res://addons/gdUnit4/src/core/execution/stages/GdUnitTestSuiteExecutionStage.gd:35)

	   [1] execute (res://addons/gdUnit4/src/core/execution/stages/IGdUnitExecutionStage.gd:19)

	   [2] _execute (res://addons/gdUnit4/src/core/execution/stages/GdUnitTestCaseExecutionStage.gd:30)

	   [3] error_monitor_stop (res://addons/gdUnit4/src/core/execution/GdUnitExecutionContext.gd:130)

	   [4] scan (res://addons/gdUnit4/src/monitor/GodotGdErrorMonitor.gd:48)

SCRIPT ERROR: Invalid call to function 'append_location_action' in base 'RefCounted (LocationActionProvider)'. Expected 3 argument(s).

   at: test_location_action_provider_append_location_action (res://tests/test_location_action_provider_extended.gd:17)

   GDScript backtrace (most recent call first):

	   [0] test_location_action_provider_append_location_action (res://tests/test_location_action_provider_extended.gd:17)

	   [1] _execute_test_case (res://addons/gdUnit4/src/core/_TestCase.gd:93)

	   [2] execute (res://addons/gdUnit4/src/core/_TestCase.gd:38)

	   [3] _execute (res://addons/gdUnit4/src/core/execution/stages/single/GdUnitTestCaseSingleTestStage.gd:10)

	   [4] execute (res://addons/gdUnit4/src/core/execution/stages/IGdUnitExecutionStage.gd:19)

	   [5] _execute (res://addons/gdUnit4/src/core/execution/stages/single/GdUnitTestCaseSingleExecutionStage.gd:17)

	   [6] execute (res://addons/gdUnit4/src/core/execution/stages/IGdUnitExecutionStage.gd:19)

	   [7] _execute (res://addons/gdUnit4/src/core/execution/stages/GdUnitTestCaseExecutionStage.gd:24)

	   [8] execute (res://addons/gdUnit4/src/core/execution/stages/IGdUnitExecutionStage.gd:19)

	   [9] _execute (res://addons/gdUnit4/src/core/execution/stages/GdUnitTestSuiteExecutionStage.gd:31)

	   [10] execute (res://addons/gdUnit4/src/core/execution/stages/IGdUnitExecutionStage.gd:19)

	   [11] execute (res://addons/gdUnit4/src/core/execution/GdUnitTestSuiteExecutor.gd:23)

SCRIPT ERROR: Invalid call to function 'explore_location' in base 'RefCounted (LocationService)'. Expected 3 argument(s).

   at: test_location_service_explore_location (res://tests/test_location_service_extended.gd:10)

   GDScript backtrace (most recent call first):

	   [0] test_location_service_explore_location (res://tests/test_location_service_extended.gd:10)

	   [1] _execute_test_case (res://addons/gdUnit4/src/core/_TestCase.gd:93)

	   [2] execute (res://addons/gdUnit4/src/core/_TestCase.gd:38)

	   [3] _execute (res://addons/gdUnit4/src/core/execution/stages/single/GdUnitTestCaseSingleTestStage.gd:10)

	   [4] execute (res://addons/gdUnit4/src/core/execution/stages/IGdUnitExecutionStage.gd:19)

	   [5] _execute (res://addons/gdUnit4/src/core/execution/stages/single/GdUnitTestCaseSingleExecutionStage.gd:17)

	   [6] execute (res://addons/gdUnit4/src/core/execution/stages/IGdUnitExecutionStage.gd:19)

	   [7] _execute (res://addons/gdUnit4/src/core/execution/stages/GdUnitTestCaseExecutionStage.gd:24)

	   [8] execute (res://addons/gdUnit4/src/core/execution/stages/IGdUnitExecutionStage.gd:19)

	   [9] _execute (res://addons/gdUnit4/src/core/execution/stages/GdUnitTestSuiteExecutionStage.gd:31)

	   [10] execute (res://addons/gdUnit4/src/core/execution/stages/IGdUnitExecutionStage.gd:19)

	   [11] execute (res://addons/gdUnit4/src/core/execution/GdUnitTestSuiteExecutor.gd:23)

SCRIPT ERROR: Invalid type in function 'visit_location' in base 'RefCounted (LocationService)'. The Object-derived class of argument 1 (Node2D (Unit)) is not a subclass of the expected argument class.

   at: test_location_service_visit_location (res://tests/test_location_service_extended.gd:18)

   GDScript backtrace (most recent call first):

	   [0] test_location_service_visit_location (res://tests/test_location_service_extended.gd:18)

	   [1] _execute_test_case (res://addons/gdUnit4/src/core/_TestCase.gd:93)

	   [2] execute (res://addons/gdUnit4/src/core/_TestCase.gd:38)

	   [3] _execute (res://addons/gdUnit4/src/core/execution/stages/single/GdUnitTestCaseSingleTestStage.gd:10)

	   [4] execute (res://addons/gdUnit4/src/core/execution/stages/IGdUnitExecutionStage.gd:19)

	   [5] _execute (res://addons/gdUnit4/src/core/execution/stages/single/GdUnitTestCaseSingleExecutionStage.gd:17)

	   [6] execute (res://addons/gdUnit4/src/core/execution/stages/IGdUnitExecutionStage.gd:19)

	   [7] _execute (res://addons/gdUnit4/src/core/execution/stages/GdUnitTestCaseExecutionStage.gd:24)

	   [8] execute (res://addons/gdUnit4/src/core/execution/stages/IGdUnitExecutionStage.gd:19)

	   [9] _execute (res://addons/gdUnit4/src/core/execution/stages/GdUnitTestSuiteExecutionStage.gd:31)

	   [10] execute (res://addons/gdUnit4/src/core/execution/stages/IGdUnitExecutionStage.gd:19)

	   [11] _execute (res://addons/gdUnit4/src/core/execution/stages/GdUnitTestCaseExecutionStage.gd:31)

	   [12] error_monitor_stop (res://addons/gdUnit4/src/core/execution/GdUnitExecutionContext.gd:128)

	   [13] scan (res://addons/gdUnit4/src/monitor/GodotGdErrorMonitor.gd:48)

SCRIPT ERROR: Invalid call. Nonexistent function 'id' in base 'Nil'.

   at: GdUnitTestCaseSingleExecutionStage._execute (res://addons/gdUnit4/src/core/execution/stages/single/GdUnitTestCaseSingleExecutionStage.gd:28)

   GDScript backtrace (most recent call first):

	   [0] _execute (res://addons/gdUnit4/src/core/execution/stages/single/GdUnitTestCaseSingleExecutionStage.gd:28)

	   [1] execute (res://addons/gdUnit4/src/core/execution/stages/IGdUnitExecutionStage.gd:19)

	   [2] _execute (res://addons/gdUnit4/src/core/execution/stages/GdUnitTestCaseAfterStage.gd:22)

	   [3] error_monitor_stop (res://addons/gdUnit4/src/core/execution/GdUnitExecutionContext.gd:128)

	   [4] scan (res://addons/gdUnit4/src/monitor/GodotGdErrorMonitor.gd:48)

SCRIPT ERROR: Invalid call. Nonexistent function 'is_interupted' in base 'previously freed'.

   at: GdUnitTestSuiteExecutionStage._execute (res://addons/gdUnit4/src/core/execution/stages/GdUnitTestSuiteExecutionStage.gd:35)

   GDScript backtrace (most recent call first):

	   [0] _execute (res://addons/gdUnit4/src/core/execution/stages/GdUnitTestSuiteExecutionStage.gd:35)

	   [1] execute (res://addons/gdUnit4/src/core/execution/stages/IGdUnitExecutionStage.gd:19)

	   [2] _execute (res://addons/gdUnit4/src/core/execution/stages/GdUnitTestCaseExecutionStage.gd:30)

	   [3] error_monitor_stop (res://addons/gdUnit4/src/core/execution/GdUnitExecutionContext.gd:130)

	   [4] scan (res://addons/gdUnit4/src/monitor/GodotGdErrorMonitor.gd:48)

SCRIPT ERROR: Invalid assignment of property or key '_locations' with value of type 'Array' on a base object of type 'Node (TaskManager)'.

   at: test_location_service_get_all_locations_data (res://tests/test_managers_extended.gd:14)

   GDScript backtrace (most recent call first):

	   [0] test_location_service_get_all_locations_data (res://tests/test_managers_extended.gd:14)

	   [1] _execute_test_case (res://addons/gdUnit4/src/core/_TestCase.gd:93)

	   [2] execute (res://addons/gdUnit4/src/core/_TestCase.gd:38)

	   [3] _execute (res://addons/gdUnit4/src/core/execution/stages/single/GdUnitTestCaseSingleTestStage.gd:10)

	   [4] execute (res://addons/gdUnit4/src/core/execution/stages/IGdUnitExecutionStage.gd:19)

	   [5] _execute (res://addons/gdUnit4/src/core/execution/stages/single/GdUnitTestCaseSingleExecutionStage.gd:17)

	   [6] execute (res://addons/gdUnit4/src/core/execution/stages/IGdUnitExecutionStage.gd:19)

	   [7] _execute (res://addons/gdUnit4/src/core/execution/stages/GdUnitTestCaseExecutionStage.gd:24)

	   [8] execute (res://addons/gdUnit4/src/core/execution/stages/IGdUnitExecutionStage.gd:19)

	   [9] _execute (res://addons/gdUnit4/src/core/execution/stages/GdUnitTestSuiteExecutionStage.gd:31)

	   [10] execute (res://addons/gdUnit4/src/core/execution/stages/IGdUnitExecutionStage.gd:19)

	   [11] execute (res://addons/gdUnit4/src/core/execution/GdUnitTestSuiteExecutor.gd:23)

SCRIPT ERROR: Invalid assignment of property or key 'unit_manager' with value of type 'Node (MockUnitManager)' on a base object of type 'RefCounted (GameState)'.

   at: test_checkpoint_manager_history_and_redo (res://tests/test_managers_extended.gd:56)

   GDScript backtrace (most recent call first):

	   [0] test_checkpoint_manager_history_and_redo (res://tests/test_managers_extended.gd:56)

	   [1] _execute_test_case (res://addons/gdUnit4/src/core/_TestCase.gd:93)

	   [2] execute (res://addons/gdUnit4/src/core/_TestCase.gd:38)

	   [3] _execute (res://addons/gdUnit4/src/core/execution/stages/single/GdUnitTestCaseSingleTestStage.gd:10)

	   [4] execute (res://addons/gdUnit4/src/core/execution/stages/IGdUnitExecutionStage.gd:19)

	   [5] _execute (res://addons/gdUnit4/src/core/execution/stages/single/GdUnitTestCaseSingleExecutionStage.gd:17)

	   [6] execute (res://addons/gdUnit4/src/core/execution/stages/IGdUnitExecutionStage.gd:19)

	   [7] _execute (res://addons/gdUnit4/src/core/execution/stages/GdUnitTestCaseExecutionStage.gd:24)

	   [8] execute (res://addons/gdUnit4/src/core/execution/stages/IGdUnitExecutionStage.gd:19)

	   [9] _execute (res://addons/gdUnit4/src/core/execution/stages/GdUnitTestSuiteExecutionStage.gd:31)

	   [10] execute (res://addons/gdUnit4/src/core/execution/stages/IGdUnitExecutionStage.gd:19)

	   [11] _execute (res://addons/gdUnit4/src/core/execution/stages/GdUnitTestCaseExecutionStage.gd:31)

	   [12] error_monitor_stop (res://addons/gdUnit4/src/core/execution/GdUnitExecutionContext.gd:128)

	   [13] scan (res://addons/gdUnit4/src/monitor/GodotGdErrorMonitor.gd:48)

SCRIPT ERROR: Invalid assignment of property or key 'terrain_map' with value of type 'Node' on a base object of type 'Node (MapController)'.

   at: test_map_controller_build_grid (res://tests/test_map_controller_extended.gd:13)

   GDScript backtrace (most recent call first):

	   [0] test_map_controller_build_grid (res://tests/test_map_controller_extended.gd:13)

	   [1] _execute_test_case (res://addons/gdUnit4/src/core/_TestCase.gd:93)

	   [2] execute (res://addons/gdUnit4/src/core/_TestCase.gd:38)

	   [3] _execute (res://addons/gdUnit4/src/core/execution/stages/single/GdUnitTestCaseSingleTestStage.gd:10)

	   [4] execute (res://addons/gdUnit4/src/core/execution/stages/IGdUnitExecutionStage.gd:19)

	   [5] _execute (res://addons/gdUnit4/src/core/execution/stages/single/GdUnitTestCaseSingleExecutionStage.gd:17)

	   [6] execute (res://addons/gdUnit4/src/core/execution/stages/IGdUnitExecutionStage.gd:19)

	   [7] _execute (res://addons/gdUnit4/src/core/execution/stages/GdUnitTestCaseExecutionStage.gd:24)

	   [8] execute (res://addons/gdUnit4/src/core/execution/stages/IGdUnitExecutionStage.gd:19)

	   [9] _execute (res://addons/gdUnit4/src/core/execution/stages/GdUnitTestSuiteExecutionStage.gd:31)

	   [10] execute (res://addons/gdUnit4/src/core/execution/stages/IGdUnitExecutionStage.gd:19)

	   [11] execute (res://addons/gdUnit4/src/core/execution/GdUnitTestSuiteExecutor.gd:23)

SCRIPT ERROR: Invalid access to property or key 'unit_manager' on a base object of type 'Nil'.

   at: TaskStageSpawner._init (res://Gameplay/narrative/task/task_stage_spawner.gd:13)

   GDScript backtrace (most recent call first):

	   [0] _init (res://Gameplay/narrative/task/task_stage_spawner.gd:13)

	   [1] test_task_stage_spawner_methods (res://tests/test_misc_coverage.gd:15)

	   [2] _execute_test_case (res://addons/gdUnit4/src/core/_TestCase.gd:93)

	   [3] execute (res://addons/gdUnit4/src/core/_TestCase.gd:38)

	   [4] _execute (res://addons/gdUnit4/src/core/execution/stages/single/GdUnitTestCaseSingleTestStage.gd:10)

	   [5] execute (res://addons/gdUnit4/src/core/execution/stages/IGdUnitExecutionStage.gd:19)

	   [6] _execute (res://addons/gdUnit4/src/core/execution/stages/single/GdUnitTestCaseSingleExecutionStage.gd:17)

	   [7] execute (res://addons/gdUnit4/src/core/execution/stages/IGdUnitExecutionStage.gd:19)

	   [8] _execute (res://addons/gdUnit4/src/core/execution/stages/GdUnitTestCaseExecutionStage.gd:24)

	   [9] execute (res://addons/gdUnit4/src/core/execution/stages/IGdUnitExecutionStage.gd:19)

	   [10] _execute (res://addons/gdUnit4/src/core/execution/stages/GdUnitTestSuiteExecutionStage.gd:31)

	   [11] execute (res://addons/gdUnit4/src/core/execution/stages/IGdUnitExecutionStage.gd:19)

	   [12] _execute (res://addons/gdUnit4/src/core/execution/stages/GdUnitTestCaseExecutionStage.gd:31)

	   [13] error_monitor_stop (res://addons/gdUnit4/src/core/execution/GdUnitExecutionContext.gd:128)

	   [14] scan (res://addons/gdUnit4/src/monitor/GodotGdErrorMonitor.gd:48)

SCRIPT ERROR: Invalid assignment of property or key 'unit_manager' with value of type 'Node (MockUnitManager)' on a base object of type 'RefCounted (GameState)'.

   at: test_morale_panel_initial_state (res://tests/test_morale_system.gd:224)

   GDScript backtrace (most recent call first):

	   [0] test_morale_panel_initial_state (res://tests/test_morale_system.gd:224)

	   [1] _execute_test_case (res://addons/gdUnit4/src/core/_TestCase.gd:93)

	   [2] execute (res://addons/gdUnit4/src/core/_TestCase.gd:38)

	   [3] _execute (res://addons/gdUnit4/src/core/execution/stages/single/GdUnitTestCaseSingleTestStage.gd:10)

	   [4] execute (res://addons/gdUnit4/src/core/execution/stages/IGdUnitExecutionStage.gd:19)

	   [5] _execute (res://addons/gdUnit4/src/core/execution/stages/single/GdUnitTestCaseSingleExecutionStage.gd:17)

	   [6] execute (res://addons/gdUnit4/src/core/execution/stages/IGdUnitExecutionStage.gd:19)

	   [7] _execute (res://addons/gdUnit4/src/core/execution/stages/GdUnitTestCaseExecutionStage.gd:24)

	   [8] execute (res://addons/gdUnit4/src/core/execution/stages/IGdUnitExecutionStage.gd:19)

	   [9] _execute (res://addons/gdUnit4/src/core/execution/stages/GdUnitTestSuiteExecutionStage.gd:31)

	   [10] execute (res://addons/gdUnit4/src/core/execution/stages/IGdUnitExecutionStage.gd:19)

	   [11] _execute (res://addons/gdUnit4/src/core/execution/stages/GdUnitTestCaseExecutionStage.gd:31)

	   [12] error_monitor_stop (res://addons/gdUnit4/src/core/execution/GdUnitExecutionContext.gd:128)

	   [13] scan (res://addons/gdUnit4/src/monitor/GodotGdErrorMonitor.gd:48)

SCRIPT ERROR: Invalid assignment of property or key 'unit_manager' with value of type 'Node (MockUnitManager)' on a base object of type 'RefCounted (GameState)'.

   at: test_morale_panel_updates_on_willpower_change (res://tests/test_morale_system.gd:249)

   GDScript backtrace (most recent call first):

	   [0] test_morale_panel_updates_on_willpower_change (res://tests/test_morale_system.gd:249)

	   [1] _execute_test_case (res://addons/gdUnit4/src/core/_TestCase.gd:93)

	   [2] execute (res://addons/gdUnit4/src/core/_TestCase.gd:38)

	   [3] _execute (res://addons/gdUnit4/src/core/execution/stages/single/GdUnitTestCaseSingleTestStage.gd:10)

	   [4] execute (res://addons/gdUnit4/src/core/execution/stages/IGdUnitExecutionStage.gd:19)

	   [5] _execute (res://addons/gdUnit4/src/core/execution/stages/single/GdUnitTestCaseSingleExecutionStage.gd:17)

	   [6] execute (res://addons/gdUnit4/src/core/execution/stages/IGdUnitExecutionStage.gd:19)

	   [7] _execute (res://addons/gdUnit4/src/core/execution/stages/GdUnitTestCaseExecutionStage.gd:24)

	   [8] execute (res://addons/gdUnit4/src/core/execution/stages/IGdUnitExecutionStage.gd:19)

	   [9] _execute (res://addons/gdUnit4/src/core/execution/stages/GdUnitTestSuiteExecutionStage.gd:31)

	   [10] execute (res://addons/gdUnit4/src/core/execution/stages/IGdUnitExecutionStage.gd:19)

	   [11] _execute (res://addons/gdUnit4/src/core/execution/stages/GdUnitTestCaseExecutionStage.gd:31)

	   [12] error_monitor_stop (res://addons/gdUnit4/src/core/execution/GdUnitExecutionContext.gd:128)

	   [13] scan (res://addons/gdUnit4/src/monitor/GodotGdErrorMonitor.gd:48)

SCRIPT ERROR: Invalid assignment of property or key 'unit_manager' with value of type 'Node (MockUnitManager)' on a base object of type 'RefCounted (GameState)'.

   at: test_morale_panel_player_retreat_trigger (res://tests/test_morale_system.gd:273)

   GDScript backtrace (most recent call first):

	   [0] test_morale_panel_player_retreat_trigger (res://tests/test_morale_system.gd:273)

	   [1] _execute_test_case (res://addons/gdUnit4/src/core/_TestCase.gd:93)

	   [2] execute (res://addons/gdUnit4/src/core/_TestCase.gd:38)

	   [3] _execute (res://addons/gdUnit4/src/core/execution/stages/single/GdUnitTestCaseSingleTestStage.gd:10)

	   [4] execute (res://addons/gdUnit4/src/core/execution/stages/IGdUnitExecutionStage.gd:19)

	   [5] _execute (res://addons/gdUnit4/src/core/execution/stages/single/GdUnitTestCaseSingleExecutionStage.gd:17)

	   [6] execute (res://addons/gdUnit4/src/core/execution/stages/IGdUnitExecutionStage.gd:19)

	   [7] _execute (res://addons/gdUnit4/src/core/execution/stages/GdUnitTestCaseExecutionStage.gd:24)

	   [8] execute (res://addons/gdUnit4/src/core/execution/stages/IGdUnitExecutionStage.gd:19)

	   [9] _execute (res://addons/gdUnit4/src/core/execution/stages/GdUnitTestSuiteExecutionStage.gd:31)

	   [10] execute (res://addons/gdUnit4/src/core/execution/stages/IGdUnitExecutionStage.gd:19)

	   [11] _execute (res://addons/gdUnit4/src/core/execution/stages/GdUnitTestCaseExecutionStage.gd:31)

	   [12] error_monitor_stop (res://addons/gdUnit4/src/core/execution/GdUnitExecutionContext.gd:128)

	   [13] scan (res://addons/gdUnit4/src/monitor/GodotGdErrorMonitor.gd:48)

SCRIPT ERROR: Invalid assignment of property or key 'unit_manager' with value of type 'Node (MockUnitManager)' on a base object of type 'RefCounted (GameState)'.

   at: test_morale_panel_enemy_retreat_trigger (res://tests/test_morale_system.gd:298)

   GDScript backtrace (most recent call first):

	   [0] test_morale_panel_enemy_retreat_trigger (res://tests/test_morale_system.gd:298)

	   [1] _execute_test_case (res://addons/gdUnit4/src/core/_TestCase.gd:93)

	   [2] execute (res://addons/gdUnit4/src/core/_TestCase.gd:38)

	   [3] _execute (res://addons/gdUnit4/src/core/execution/stages/single/GdUnitTestCaseSingleTestStage.gd:10)

	   [4] execute (res://addons/gdUnit4/src/core/execution/stages/IGdUnitExecutionStage.gd:19)

	   [5] _execute (res://addons/gdUnit4/src/core/execution/stages/single/GdUnitTestCaseSingleExecutionStage.gd:17)

	   [6] execute (res://addons/gdUnit4/src/core/execution/stages/IGdUnitExecutionStage.gd:19)

	   [7] _execute (res://addons/gdUnit4/src/core/execution/stages/GdUnitTestCaseExecutionStage.gd:24)

	   [8] execute (res://addons/gdUnit4/src/core/execution/stages/IGdUnitExecutionStage.gd:19)

	   [9] _execute (res://addons/gdUnit4/src/core/execution/stages/GdUnitTestSuiteExecutionStage.gd:31)

	   [10] execute (res://addons/gdUnit4/src/core/execution/stages/IGdUnitExecutionStage.gd:19)

	   [11] _execute (res://addons/gdUnit4/src/core/execution/stages/GdUnitTestCaseExecutionStage.gd:31)

	   [12] error_monitor_stop (res://addons/gdUnit4/src/core/execution/GdUnitExecutionContext.gd:128)

	   [13] scan (res://addons/gdUnit4/src/monitor/GodotGdErrorMonitor.gd:48)

SCRIPT ERROR: Invalid assignment of property or key 'unit_manager' with value of type 'Node (MockUnitManager)' on a base object of type 'RefCounted (GameState)'.

   at: test_morale_panel_neutral_ratio_and_signal (res://tests/test_morale_system.gd:323)

   GDScript backtrace (most recent call first):

	   [0] test_morale_panel_neutral_ratio_and_signal (res://tests/test_morale_system.gd:323)

	   [1] _execute_test_case (res://addons/gdUnit4/src/core/_TestCase.gd:93)

	   [2] execute (res://addons/gdUnit4/src/core/_TestCase.gd:38)

	   [3] _execute (res://addons/gdUnit4/src/core/execution/stages/single/GdUnitTestCaseSingleTestStage.gd:10)

	   [4] execute (res://addons/gdUnit4/src/core/execution/stages/IGdUnitExecutionStage.gd:19)

	   [5] _execute (res://addons/gdUnit4/src/core/execution/stages/single/GdUnitTestCaseSingleExecutionStage.gd:17)

	   [6] execute (res://addons/gdUnit4/src/core/execution/stages/IGdUnitExecutionStage.gd:19)

	   [7] _execute (res://addons/gdUnit4/src/core/execution/stages/GdUnitTestCaseExecutionStage.gd:24)

	   [8] execute (res://addons/gdUnit4/src/core/execution/stages/IGdUnitExecutionStage.gd:19)

	   [9] _execute (res://addons/gdUnit4/src/core/execution/stages/GdUnitTestSuiteExecutionStage.gd:31)

	   [10] execute (res://addons/gdUnit4/src/core/execution/stages/IGdUnitExecutionStage.gd:19)

	   [11] _execute (res://addons/gdUnit4/src/core/execution/stages/GdUnitTestCaseExecutionStage.gd:31)

	   [12] error_monitor_stop (res://addons/gdUnit4/src/core/execution/GdUnitExecutionContext.gd:128)

	   [13] scan (res://addons/gdUnit4/src/monitor/GodotGdErrorMonitor.gd:48)

SCRIPT ERROR: Invalid assignment of property or key 'check_location_progress' with value of type 'Callable' on a base object of type 'Node'.

   at: MockGameState._init (res://tests/test_morale_system.gd:101)

   GDScript backtrace (most recent call first):

	   [0] _init (res://tests/test_morale_system.gd:101)

	   [1] test_level_manager_gameplay_handles_player_retreat (res://tests/test_morale_system.gd:339)

	   [2] _execute_test_case (res://addons/gdUnit4/src/core/_TestCase.gd:93)

	   [3] execute (res://addons/gdUnit4/src/core/_TestCase.gd:38)

	   [4] _execute (res://addons/gdUnit4/src/core/execution/stages/single/GdUnitTestCaseSingleTestStage.gd:10)

	   [5] execute (res://addons/gdUnit4/src/core/execution/stages/IGdUnitExecutionStage.gd:19)

	   [6] _execute (res://addons/gdUnit4/src/core/execution/stages/single/GdUnitTestCaseSingleExecutionStage.gd:17)

	   [7] execute (res://addons/gdUnit4/src/core/execution/stages/IGdUnitExecutionStage.gd:19)

	   [8] _execute (res://addons/gdUnit4/src/core/execution/stages/GdUnitTestCaseExecutionStage.gd:24)

	   [9] execute (res://addons/gdUnit4/src/core/execution/stages/IGdUnitExecutionStage.gd:19)

	   [10] _execute (res://addons/gdUnit4/src/core/execution/stages/GdUnitTestSuiteExecutionStage.gd:31)

	   [11] execute (res://addons/gdUnit4/src/core/execution/stages/IGdUnitExecutionStage.gd:19)

	   [12] _execute (res://addons/gdUnit4/src/core/execution/stages/GdUnitTestCaseExecutionStage.gd:31)

	   [13] error_monitor_stop (res://addons/gdUnit4/src/core/execution/GdUnitExecutionContext.gd:128)

	   [14] scan (res://addons/gdUnit4/src/monitor/GodotGdErrorMonitor.gd:48)

ERROR: Error constructing a GDScriptInstance: 'RefCounted(level_manager_gameplay.gd)::_init': Cannot convert argument 1 from Object to Object

   at: _create_instance (modules/gdscript/gdscript.cpp:200)

   GDScript backtrace (most recent call first):

	   [0] test_level_manager_gameplay_handles_player_retreat (res://tests/test_morale_system.gd:343)

	   [1] _execute_test_case (res://addons/gdUnit4/src/core/_TestCase.gd:93)

	   [2] execute (res://addons/gdUnit4/src/core/_TestCase.gd:38)

	   [3] _execute (res://addons/gdUnit4/src/core/execution/stages/single/GdUnitTestCaseSingleTestStage.gd:10)

	   [4] execute (res://addons/gdUnit4/src/core/execution/stages/IGdUnitExecutionStage.gd:19)

	   [5] _execute (res://addons/gdUnit4/src/core/execution/stages/single/GdUnitTestCaseSingleExecutionStage.gd:17)

	   [6] execute (res://addons/gdUnit4/src/core/execution/stages/IGdUnitExecutionStage.gd:19)

	   [7] _execute (res://addons/gdUnit4/src/core/execution/stages/GdUnitTestCaseExecutionStage.gd:24)

	   [8] execute (res://addons/gdUnit4/src/core/execution/stages/IGdUnitExecutionStage.gd:19)

	   [9] _execute (res://addons/gdUnit4/src/core/execution/stages/GdUnitTestSuiteExecutionStage.gd:31)

	   [10] execute (res://addons/gdUnit4/src/core/execution/stages/IGdUnitExecutionStage.gd:19)

	   [11] _execute (res://addons/gdUnit4/src/core/execution/stages/GdUnitTestCaseExecutionStage.gd:31)

	   [12] error_monitor_stop (res://addons/gdUnit4/src/core/execution/GdUnitExecutionContext.gd:128)

	   [13] scan (res://addons/gdUnit4/src/monitor/GodotGdErrorMonitor.gd:48)

SCRIPT ERROR: Invalid type in function 'new' in base 'GDScript'. The Object-derived class of argument 1 (Node (MockGameState)) is not a subclass of the expected argument class.

   at: test_level_manager_gameplay_handles_player_retreat (res://tests/test_morale_system.gd:343)

   GDScript backtrace (most recent call first):

	   [0] test_level_manager_gameplay_handles_player_retreat (res://tests/test_morale_system.gd:343)

	   [1] _execute_test_case (res://addons/gdUnit4/src/core/_TestCase.gd:93)

	   [2] execute (res://addons/gdUnit4/src/core/_TestCase.gd:38)

	   [3] _execute (res://addons/gdUnit4/src/core/execution/stages/single/GdUnitTestCaseSingleTestStage.gd:10)

	   [4] execute (res://addons/gdUnit4/src/core/execution/stages/IGdUnitExecutionStage.gd:19)

	   [5] _execute (res://addons/gdUnit4/src/core/execution/stages/single/GdUnitTestCaseSingleExecutionStage.gd:17)

	   [6] execute (res://addons/gdUnit4/src/core/execution/stages/IGdUnitExecutionStage.gd:19)

	   [7] _execute (res://addons/gdUnit4/src/core/execution/stages/GdUnitTestCaseExecutionStage.gd:24)

	   [8] execute (res://addons/gdUnit4/src/core/execution/stages/IGdUnitExecutionStage.gd:19)

	   [9] _execute (res://addons/gdUnit4/src/core/execution/stages/GdUnitTestSuiteExecutionStage.gd:31)

	   [10] execute (res://addons/gdUnit4/src/core/execution/stages/IGdUnitExecutionStage.gd:19)

	   [11] _execute (res://addons/gdUnit4/src/core/execution/stages/GdUnitTestCaseExecutionStage.gd:31)

	   [12] error_monitor_stop (res://addons/gdUnit4/src/core/execution/GdUnitExecutionContext.gd:128)

	   [13] scan (res://addons/gdUnit4/src/monitor/GodotGdErrorMonitor.gd:48)

SCRIPT ERROR: Invalid assignment of property or key 'check_location_progress' with value of type 'Callable' on a base object of type 'Node'.

   at: MockGameState._init (res://tests/test_morale_system.gd:101)

   GDScript backtrace (most recent call first):

	   [0] _init (res://tests/test_morale_system.gd:101)

	   [1] test_level_manager_gameplay_handles_enemy_retreat (res://tests/test_morale_system.gd:381)

	   [2] _execute_test_case (res://addons/gdUnit4/src/core/_TestCase.gd:93)

	   [3] execute (res://addons/gdUnit4/src/core/_TestCase.gd:38)

	   [4] _execute (res://addons/gdUnit4/src/core/execution/stages/single/GdUnitTestCaseSingleTestStage.gd:10)

	   [5] execute (res://addons/gdUnit4/src/core/execution/stages/IGdUnitExecutionStage.gd:19)

	   [6] _execute (res://addons/gdUnit4/src/core/execution/stages/single/GdUnitTestCaseSingleExecutionStage.gd:17)

	   [7] execute (res://addons/gdUnit4/src/core/execution/stages/IGdUnitExecutionStage.gd:19)

	   [8] _execute (res://addons/gdUnit4/src/core/execution/stages/GdUnitTestCaseExecutionStage.gd:24)

	   [9] execute (res://addons/gdUnit4/src/core/execution/stages/IGdUnitExecutionStage.gd:19)

	   [10] _execute (res://addons/gdUnit4/src/core/execution/stages/GdUnitTestSuiteExecutionStage.gd:31)

	   [11] execute (res://addons/gdUnit4/src/core/execution/stages/IGdUnitExecutionStage.gd:19)

	   [12] _execute (res://addons/gdUnit4/src/core/execution/stages/GdUnitTestCaseExecutionStage.gd:31)

	   [13] error_monitor_stop (res://addons/gdUnit4/src/core/execution/GdUnitExecutionContext.gd:128)

	   [14] scan (res://addons/gdUnit4/src/monitor/GodotGdErrorMonitor.gd:48)

ERROR: Error constructing a GDScriptInstance: 'RefCounted(level_manager_gameplay.gd)::_init': Cannot convert argument 1 from Object to Object

   at: _create_instance (modules/gdscript/gdscript.cpp:200)

   GDScript backtrace (most recent call first):

	   [0] test_level_manager_gameplay_handles_enemy_retreat (res://tests/test_morale_system.gd:385)

	   [1] _execute_test_case (res://addons/gdUnit4/src/core/_TestCase.gd:93)

	   [2] execute (res://addons/gdUnit4/src/core/_TestCase.gd:38)

	   [3] _execute (res://addons/gdUnit4/src/core/execution/stages/single/GdUnitTestCaseSingleTestStage.gd:10)

	   [4] execute (res://addons/gdUnit4/src/core/execution/stages/IGdUnitExecutionStage.gd:19)

	   [5] _execute (res://addons/gdUnit4/src/core/execution/stages/single/GdUnitTestCaseSingleExecutionStage.gd:17)

	   [6] execute (res://addons/gdUnit4/src/core/execution/stages/IGdUnitExecutionStage.gd:19)

	   [7] _execute (res://addons/gdUnit4/src/core/execution/stages/GdUnitTestCaseExecutionStage.gd:24)

	   [8] execute (res://addons/gdUnit4/src/core/execution/stages/IGdUnitExecutionStage.gd:19)

	   [9] _execute (res://addons/gdUnit4/src/core/execution/stages/GdUnitTestSuiteExecutionStage.gd:31)

	   [10] execute (res://addons/gdUnit4/src/core/execution/stages/IGdUnitExecutionStage.gd:19)

	   [11] _execute (res://addons/gdUnit4/src/core/execution/stages/GdUnitTestCaseExecutionStage.gd:31)

	   [12] error_monitor_stop (res://addons/gdUnit4/src/core/execution/GdUnitExecutionContext.gd:128)

	   [13] scan (res://addons/gdUnit4/src/monitor/GodotGdErrorMonitor.gd:48)

SCRIPT ERROR: Invalid type in function 'new' in base 'GDScript'. The Object-derived class of argument 1 (Node (MockGameState)) is not a subclass of the expected argument class.

   at: test_level_manager_gameplay_handles_enemy_retreat (res://tests/test_morale_system.gd:385)

   GDScript backtrace (most recent call first):

	   [0] test_level_manager_gameplay_handles_enemy_retreat (res://tests/test_morale_system.gd:385)

	   [1] _execute_test_case (res://addons/gdUnit4/src/core/_TestCase.gd:93)

	   [2] execute (res://addons/gdUnit4/src/core/_TestCase.gd:38)

	   [3] _execute (res://addons/gdUnit4/src/core/execution/stages/single/GdUnitTestCaseSingleTestStage.gd:10)

	   [4] execute (res://addons/gdUnit4/src/core/execution/stages/IGdUnitExecutionStage.gd:19)

	   [5] _execute (res://addons/gdUnit4/src/core/execution/stages/single/GdUnitTestCaseSingleExecutionStage.gd:17)

	   [6] execute (res://addons/gdUnit4/src/core/execution/stages/IGdUnitExecutionStage.gd:19)

	   [7] _execute (res://addons/gdUnit4/src/core/execution/stages/GdUnitTestCaseExecutionStage.gd:24)

	   [8] execute (res://addons/gdUnit4/src/core/execution/stages/IGdUnitExecutionStage.gd:19)

	   [9] _execute (res://addons/gdUnit4/src/core/execution/stages/GdUnitTestSuiteExecutionStage.gd:31)

	   [10] execute (res://addons/gdUnit4/src/core/execution/stages/IGdUnitExecutionStage.gd:19)

	   [11] _execute (res://addons/gdUnit4/src/core/execution/stages/GdUnitTestCaseExecutionStage.gd:31)

	   [12] error_monitor_stop (res://addons/gdUnit4/src/core/execution/GdUnitExecutionContext.gd:128)

	   [13] scan (res://addons/gdUnit4/src/monitor/GodotGdErrorMonitor.gd:48)

SCRIPT ERROR: Invalid assignment of property or key 'check_location_progress' with value of type 'Callable' on a base object of type 'Node'.

   at: MockGameState._init (res://tests/test_morale_system.gd:101)

   GDScript backtrace (most recent call first):

	   [0] _init (res://tests/test_morale_system.gd:101)

	   [1] test_level_manager_gameplay_handles_neutral_retreat (res://tests/test_morale_system.gd:416)

	   [2] _execute_test_case (res://addons/gdUnit4/src/core/_TestCase.gd:93)

	   [3] execute (res://addons/gdUnit4/src/core/_TestCase.gd:38)

	   [4] _execute (res://addons/gdUnit4/src/core/execution/stages/single/GdUnitTestCaseSingleTestStage.gd:10)

	   [5] execute (res://addons/gdUnit4/src/core/execution/stages/IGdUnitExecutionStage.gd:19)

	   [6] _execute (res://addons/gdUnit4/src/core/execution/stages/single/GdUnitTestCaseSingleExecutionStage.gd:17)

	   [7] execute (res://addons/gdUnit4/src/core/execution/stages/IGdUnitExecutionStage.gd:19)

	   [8] _execute (res://addons/gdUnit4/src/core/execution/stages/GdUnitTestCaseExecutionStage.gd:24)

	   [9] execute (res://addons/gdUnit4/src/core/execution/stages/IGdUnitExecutionStage.gd:19)

	   [10] _execute (res://addons/gdUnit4/src/core/execution/stages/GdUnitTestSuiteExecutionStage.gd:31)

	   [11] execute (res://addons/gdUnit4/src/core/execution/stages/IGdUnitExecutionStage.gd:19)

	   [12] _execute (res://addons/gdUnit4/src/core/execution/stages/GdUnitTestCaseExecutionStage.gd:31)

	   [13] error_monitor_stop (res://addons/gdUnit4/src/core/execution/GdUnitExecutionContext.gd:128)

	   [14] scan (res://addons/gdUnit4/src/monitor/GodotGdErrorMonitor.gd:48)

ERROR: Error constructing a GDScriptInstance: 'RefCounted(level_manager_gameplay.gd)::_init': Cannot convert argument 1 from Object to Object

   at: _create_instance (modules/gdscript/gdscript.cpp:200)

   GDScript backtrace (most recent call first):

	   [0] test_level_manager_gameplay_handles_neutral_retreat (res://tests/test_morale_system.gd:420)

	   [1] _execute_test_case (res://addons/gdUnit4/src/core/_TestCase.gd:93)

	   [2] execute (res://addons/gdUnit4/src/core/_TestCase.gd:38)

	   [3] _execute (res://addons/gdUnit4/src/core/execution/stages/single/GdUnitTestCaseSingleTestStage.gd:10)

	   [4] execute (res://addons/gdUnit4/src/core/execution/stages/IGdUnitExecutionStage.gd:19)

	   [5] _execute (res://addons/gdUnit4/src/core/execution/stages/single/GdUnitTestCaseSingleExecutionStage.gd:17)

	   [6] execute (res://addons/gdUnit4/src/core/execution/stages/IGdUnitExecutionStage.gd:19)

	   [7] _execute (res://addons/gdUnit4/src/core/execution/stages/GdUnitTestCaseExecutionStage.gd:24)

	   [8] execute (res://addons/gdUnit4/src/core/execution/stages/IGdUnitExecutionStage.gd:19)

	   [9] _execute (res://addons/gdUnit4/src/core/execution/stages/GdUnitTestSuiteExecutionStage.gd:31)

	   [10] execute (res://addons/gdUnit4/src/core/execution/stages/IGdUnitExecutionStage.gd:19)

	   [11] _execute (res://addons/gdUnit4/src/core/execution/stages/GdUnitTestCaseExecutionStage.gd:31)

	   [12] error_monitor_stop (res://addons/gdUnit4/src/core/execution/GdUnitExecutionContext.gd:128)

	   [13] scan (res://addons/gdUnit4/src/monitor/GodotGdErrorMonitor.gd:48)

SCRIPT ERROR: Invalid type in function 'new' in base 'GDScript'. The Object-derived class of argument 1 (Node (MockGameState)) is not a subclass of the expected argument class.

   at: test_level_manager_gameplay_handles_neutral_retreat (res://tests/test_morale_system.gd:420)

   GDScript backtrace (most recent call first):

	   [0] test_level_manager_gameplay_handles_neutral_retreat (res://tests/test_morale_system.gd:420)

	   [1] _execute_test_case (res://addons/gdUnit4/src/core/_TestCase.gd:93)

	   [2] execute (res://addons/gdUnit4/src/core/_TestCase.gd:38)

	   [3] _execute (res://addons/gdUnit4/src/core/execution/stages/single/GdUnitTestCaseSingleTestStage.gd:10)

	   [4] execute (res://addons/gdUnit4/src/core/execution/stages/IGdUnitExecutionStage.gd:19)

	   [5] _execute (res://addons/gdUnit4/src/core/execution/stages/single/GdUnitTestCaseSingleExecutionStage.gd:17)

	   [6] execute (res://addons/gdUnit4/src/core/execution/stages/IGdUnitExecutionStage.gd:19)

	   [7] _execute (res://addons/gdUnit4/src/core/execution/stages/GdUnitTestCaseExecutionStage.gd:24)

	   [8] execute (res://addons/gdUnit4/src/core/execution/stages/IGdUnitExecutionStage.gd:19)

	   [9] _execute (res://addons/gdUnit4/src/core/execution/stages/GdUnitTestSuiteExecutionStage.gd:31)

	   [10] execute (res://addons/gdUnit4/src/core/execution/stages/IGdUnitExecutionStage.gd:19)

	   [11] _execute (res://addons/gdUnit4/src/core/execution/stages/GdUnitTestCaseExecutionStage.gd:31)

	   [12] error_monitor_stop (res://addons/gdUnit4/src/core/execution/GdUnitExecutionContext.gd:128)

	   [13] scan (res://addons/gdUnit4/src/monitor/GodotGdErrorMonitor.gd:48)

SCRIPT ERROR: Invalid assignment of property or key 'check_location_progress' with value of type 'Callable' on a base object of type 'Node'.

   at: MockGameState._init (res://tests/test_morale_system.gd:101)

   GDScript backtrace (most recent call first):

	   [0] _init (res://tests/test_morale_system.gd:101)

	   [1] test_level_manager_gameplay_handles_location_failure_signal (res://tests/test_morale_system.gd:441)

	   [2] _execute_test_case (res://addons/gdUnit4/src/core/_TestCase.gd:93)

	   [3] execute (res://addons/gdUnit4/src/core/_TestCase.gd:38)

	   [4] _execute (res://addons/gdUnit4/src/core/execution/stages/single/GdUnitTestCaseSingleTestStage.gd:10)

	   [5] execute (res://addons/gdUnit4/src/core/execution/stages/IGdUnitExecutionStage.gd:19)

	   [6] _execute (res://addons/gdUnit4/src/core/execution/stages/single/GdUnitTestCaseSingleExecutionStage.gd:17)

	   [7] execute (res://addons/gdUnit4/src/core/execution/stages/IGdUnitExecutionStage.gd:19)

	   [8] _execute (res://addons/gdUnit4/src/core/execution/stages/GdUnitTestCaseExecutionStage.gd:24)

	   [9] execute (res://addons/gdUnit4/src/core/execution/stages/IGdUnitExecutionStage.gd:19)

	   [10] _execute (res://addons/gdUnit4/src/core/execution/stages/GdUnitTestSuiteExecutionStage.gd:31)

	   [11] execute (res://addons/gdUnit4/src/core/execution/stages/IGdUnitExecutionStage.gd:19)

	   [12] _execute (res://addons/gdUnit4/src/core/execution/stages/GdUnitTestCaseExecutionStage.gd:31)

	   [13] error_monitor_stop (res://addons/gdUnit4/src/core/execution/GdUnitExecutionContext.gd:128)

	   [14] scan (res://addons/gdUnit4/src/monitor/GodotGdErrorMonitor.gd:48)

ERROR: Error constructing a GDScriptInstance: 'RefCounted(level_manager_gameplay.gd)::_init': Cannot convert argument 1 from Object to Object

   at: _create_instance (modules/gdscript/gdscript.cpp:200)

   GDScript backtrace (most recent call first):

	   [0] test_level_manager_gameplay_handles_location_failure_signal (res://tests/test_morale_system.gd:443)

	   [1] _execute_test_case (res://addons/gdUnit4/src/core/_TestCase.gd:93)

	   [2] execute (res://addons/gdUnit4/src/core/_TestCase.gd:38)

	   [3] _execute (res://addons/gdUnit4/src/core/execution/stages/single/GdUnitTestCaseSingleTestStage.gd:10)

	   [4] execute (res://addons/gdUnit4/src/core/execution/stages/IGdUnitExecutionStage.gd:19)

	   [5] _execute (res://addons/gdUnit4/src/core/execution/stages/single/GdUnitTestCaseSingleExecutionStage.gd:17)

	   [6] execute (res://addons/gdUnit4/src/core/execution/stages/IGdUnitExecutionStage.gd:19)

	   [7] _execute (res://addons/gdUnit4/src/core/execution/stages/GdUnitTestCaseExecutionStage.gd:24)

	   [8] execute (res://addons/gdUnit4/src/core/execution/stages/IGdUnitExecutionStage.gd:19)

	   [9] _execute (res://addons/gdUnit4/src/core/execution/stages/GdUnitTestSuiteExecutionStage.gd:31)

	   [10] execute (res://addons/gdUnit4/src/core/execution/stages/IGdUnitExecutionStage.gd:19)

	   [11] _execute (res://addons/gdUnit4/src/core/execution/stages/GdUnitTestCaseExecutionStage.gd:31)

	   [12] error_monitor_stop (res://addons/gdUnit4/src/core/execution/GdUnitExecutionContext.gd:128)

	   [13] scan (res://addons/gdUnit4/src/monitor/GodotGdErrorMonitor.gd:48)

SCRIPT ERROR: Invalid type in function 'new' in base 'GDScript'. The Object-derived class of argument 1 (Node (MockGameState)) is not a subclass of the expected argument class.

   at: test_level_manager_gameplay_handles_location_failure_signal (res://tests/test_morale_system.gd:443)

   GDScript backtrace (most recent call first):

	   [0] test_level_manager_gameplay_handles_location_failure_signal (res://tests/test_morale_system.gd:443)

	   [1] _execute_test_case (res://addons/gdUnit4/src/core/_TestCase.gd:93)

	   [2] execute (res://addons/gdUnit4/src/core/_TestCase.gd:38)

	   [3] _execute (res://addons/gdUnit4/src/core/execution/stages/single/GdUnitTestCaseSingleTestStage.gd:10)

	   [4] execute (res://addons/gdUnit4/src/core/execution/stages/IGdUnitExecutionStage.gd:19)

	   [5] _execute (res://addons/gdUnit4/src/core/execution/stages/single/GdUnitTestCaseSingleExecutionStage.gd:17)

	   [6] execute (res://addons/gdUnit4/src/core/execution/stages/IGdUnitExecutionStage.gd:19)

	   [7] _execute (res://addons/gdUnit4/src/core/execution/stages/GdUnitTestCaseExecutionStage.gd:24)

	   [8] execute (res://addons/gdUnit4/src/core/execution/stages/IGdUnitExecutionStage.gd:19)

	   [9] _execute (res://addons/gdUnit4/src/core/execution/stages/GdUnitTestSuiteExecutionStage.gd:31)

	   [10] execute (res://addons/gdUnit4/src/core/execution/stages/IGdUnitExecutionStage.gd:19)

	   [11] _execute (res://addons/gdUnit4/src/core/execution/stages/GdUnitTestCaseExecutionStage.gd:31)

	   [12] error_monitor_stop (res://addons/gdUnit4/src/core/execution/GdUnitExecutionContext.gd:128)

	   [13] scan (res://addons/gdUnit4/src/monitor/GodotGdErrorMonitor.gd:48)

SCRIPT ERROR: Trying to return an array of type "Array" where expected return type is "Array[Vector2i]".

   at: ThreatGraphTerrainMap.get_neighbors (res://tests/test_movement_range_calculator.gd:46)

   GDScript backtrace (most recent call first):

	   [0] get_neighbors (res://tests/test_movement_range_calculator.gd:46)

	   [1] find_path (res://Gameplay/map/movement_range_calculator.gd:74)

	   [2] test_find_path_prefers_non_threatened_hexes (res://tests/test_movement_range_calculator.gd:88)

	   [3] _execute_test_case (res://addons/gdUnit4/src/core/_TestCase.gd:93)

	   [4] execute (res://addons/gdUnit4/src/core/_TestCase.gd:38)

	   [5] _execute (res://addons/gdUnit4/src/core/execution/stages/single/GdUnitTestCaseSingleTestStage.gd:10)

	   [6] execute (res://addons/gdUnit4/src/core/execution/stages/IGdUnitExecutionStage.gd:19)

	   [7] _execute (res://addons/gdUnit4/src/core/execution/stages/single/GdUnitTestCaseSingleExecutionStage.gd:17)

	   [8] execute (res://addons/gdUnit4/src/core/execution/stages/IGdUnitExecutionStage.gd:19)

	   [9] _execute (res://addons/gdUnit4/src/core/execution/stages/GdUnitTestCaseExecutionStage.gd:24)

	   [10] execute (res://addons/gdUnit4/src/core/execution/stages/IGdUnitExecutionStage.gd:19)

	   [11] _execute (res://addons/gdUnit4/src/core/execution/stages/GdUnitTestSuiteExecutionStage.gd:31)

	   [12] execute (res://addons/gdUnit4/src/core/execution/stages/IGdUnitExecutionStage.gd:19)

	   [13] _execute (res://addons/gdUnit4/src/core/execution/stages/GdUnitTestCaseExecutionStage.gd:31)

	   [14] error_monitor_stop (res://addons/gdUnit4/src/core/execution/GdUnitExecutionContext.gd:128)

	   [15] scan (res://addons/gdUnit4/src/monitor/GodotGdErrorMonitor.gd:48)

SCRIPT ERROR: Trying to return an array of type "Array" where expected return type is "Array[Vector2i]".

   at: ThreatGraphTerrainMap.get_neighbors (res://tests/test_movement_range_calculator.gd:46)

   GDScript backtrace (most recent call first):

	   [0] get_neighbors (res://tests/test_movement_range_calculator.gd:46)

	   [1] find_path (res://Gameplay/map/movement_range_calculator.gd:74)

	   [2] test_find_path_avoids_blocked_hexes (res://tests/test_movement_range_calculator.gd:102)

	   [3] _execute_test_case (res://addons/gdUnit4/src/core/_TestCase.gd:93)

	   [4] execute (res://addons/gdUnit4/src/core/_TestCase.gd:38)

	   [5] _execute (res://addons/gdUnit4/src/core/execution/stages/single/GdUnitTestCaseSingleTestStage.gd:10)

	   [6] execute (res://addons/gdUnit4/src/core/execution/stages/IGdUnitExecutionStage.gd:19)

	   [7] _execute (res://addons/gdUnit4/src/core/execution/stages/single/GdUnitTestCaseSingleExecutionStage.gd:17)

	   [8] execute (res://addons/gdUnit4/src/core/execution/stages/IGdUnitExecutionStage.gd:19)

	   [9] _execute (res://addons/gdUnit4/src/core/execution/stages/GdUnitTestCaseExecutionStage.gd:24)

	   [10] execute (res://addons/gdUnit4/src/core/execution/stages/IGdUnitExecutionStage.gd:19)

	   [11] _execute (res://addons/gdUnit4/src/core/execution/stages/GdUnitTestSuiteExecutionStage.gd:31)

	   [12] execute (res://addons/gdUnit4/src/core/execution/stages/IGdUnitExecutionStage.gd:19)

	   [13] _execute (res://addons/gdUnit4/src/core/execution/stages/GdUnitTestCaseExecutionStage.gd:31)

	   [14] error_monitor_stop (res://addons/gdUnit4/src/core/execution/GdUnitExecutionContext.gd:128)

	   [15] scan (res://addons/gdUnit4/src/monitor/GodotGdErrorMonitor.gd:48)

SCRIPT ERROR: Invalid access to property or key 'movement' on a base object of type 'Node (FakeUnit)'.

   at: MoveController.cancel_tentative_move_for_index (res://Gameplay/map/move_controller.gd:112)

   GDScript backtrace (most recent call first):

	   [0] cancel_tentative_move_for_index (res://Gameplay/map/move_controller.gd:112)

	   [1] test_cancel_tentative_move_for_index_clears_pending_move (res://tests/test_move_controller_cancel.gd:48)

	   [2] _execute_test_case (res://addons/gdUnit4/src/core/_TestCase.gd:93)

	   [3] execute (res://addons/gdUnit4/src/core/_TestCase.gd:38)

	   [4] _execute (res://addons/gdUnit4/src/core/execution/stages/single/GdUnitTestCaseSingleTestStage.gd:10)

	   [5] execute (res://addons/gdUnit4/src/core/execution/stages/IGdUnitExecutionStage.gd:19)

	   [6] _execute (res://addons/gdUnit4/src/core/execution/stages/single/GdUnitTestCaseSingleExecutionStage.gd:17)

	   [7] execute (res://addons/gdUnit4/src/core/execution/stages/IGdUnitExecutionStage.gd:19)

	   [8] _execute (res://addons/gdUnit4/src/core/execution/stages/GdUnitTestCaseExecutionStage.gd:24)

	   [9] execute (res://addons/gdUnit4/src/core/execution/stages/IGdUnitExecutionStage.gd:19)

	   [10] _execute (res://addons/gdUnit4/src/core/execution/stages/GdUnitTestSuiteExecutionStage.gd:31)

	   [11] execute (res://addons/gdUnit4/src/core/execution/stages/IGdUnitExecutionStage.gd:19)

	   [12] execute (res://addons/gdUnit4/src/core/execution/GdUnitTestSuiteExecutor.gd:23)

SCRIPT ERROR: Invalid access to property or key 'movement' on a base object of type 'Node (FakeUnit)'.

   at: test_cancel_tentative_move_for_index_clears_pending_move (res://tests/test_move_controller_cancel.gd:49)

   GDScript backtrace (most recent call first):

	   [0] test_cancel_tentative_move_for_index_clears_pending_move (res://tests/test_move_controller_cancel.gd:49)

	   [1] _execute_test_case (res://addons/gdUnit4/src/core/_TestCase.gd:93)

	   [2] execute (res://addons/gdUnit4/src/core/_TestCase.gd:38)

	   [3] _execute (res://addons/gdUnit4/src/core/execution/stages/single/GdUnitTestCaseSingleTestStage.gd:10)

	   [4] execute (res://addons/gdUnit4/src/core/execution/stages/IGdUnitExecutionStage.gd:19)

	   [5] _execute (res://addons/gdUnit4/src/core/execution/stages/single/GdUnitTestCaseSingleExecutionStage.gd:17)

	   [6] execute (res://addons/gdUnit4/src/core/execution/stages/IGdUnitExecutionStage.gd:19)

	   [7] _execute (res://addons/gdUnit4/src/core/execution/stages/GdUnitTestCaseExecutionStage.gd:24)

	   [8] execute (res://addons/gdUnit4/src/core/execution/stages/IGdUnitExecutionStage.gd:19)

	   [9] _execute (res://addons/gdUnit4/src/core/execution/stages/GdUnitTestSuiteExecutionStage.gd:31)

	   [10] execute (res://addons/gdUnit4/src/core/execution/stages/IGdUnitExecutionStage.gd:19)

	   [11] execute (res://addons/gdUnit4/src/core/execution/GdUnitTestSuiteExecutor.gd:23)

SCRIPT ERROR: Invalid call. Nonexistent function 'is_within_bounds' in base 'RefCounted (StubTerrainMap)'.

   at: MoveRequestValidator.validate_direction_move (res://Gameplay/map/move_request_validator.gd:26)

   GDScript backtrace (most recent call first):

	   [0] validate_direction_move (res://Gameplay/map/move_request_validator.gd:26)

	   [1] test_validate_direction_move_accepts_open_hex (res://tests/test_move_services.gd:11)

	   [2] _execute_test_case (res://addons/gdUnit4/src/core/_TestCase.gd:93)

	   [3] execute (res://addons/gdUnit4/src/core/_TestCase.gd:38)

	   [4] _execute (res://addons/gdUnit4/src/core/execution/stages/single/GdUnitTestCaseSingleTestStage.gd:10)

	   [5] execute (res://addons/gdUnit4/src/core/execution/stages/IGdUnitExecutionStage.gd:19)

	   [6] _execute (res://addons/gdUnit4/src/core/execution/stages/single/GdUnitTestCaseSingleExecutionStage.gd:17)

	   [7] execute (res://addons/gdUnit4/src/core/execution/stages/IGdUnitExecutionStage.gd:19)

	   [8] _execute (res://addons/gdUnit4/src/core/execution/stages/GdUnitTestCaseExecutionStage.gd:24)

	   [9] execute (res://addons/gdUnit4/src/core/execution/stages/IGdUnitExecutionStage.gd:19)

	   [10] _execute (res://addons/gdUnit4/src/core/execution/stages/GdUnitTestSuiteExecutionStage.gd:31)

	   [11] execute (res://addons/gdUnit4/src/core/execution/stages/IGdUnitExecutionStage.gd:19)

	   [12] execute (res://addons/gdUnit4/src/core/execution/GdUnitTestSuiteExecutor.gd:23)

SCRIPT ERROR: Invalid access to property or key 'success' on a base object of type 'Dictionary'.

   at: test_validate_direction_move_accepts_open_hex (res://tests/test_move_services.gd:12)

   GDScript backtrace (most recent call first):

	   [0] test_validate_direction_move_accepts_open_hex (res://tests/test_move_services.gd:12)

	   [1] _execute_test_case (res://addons/gdUnit4/src/core/_TestCase.gd:93)

	   [2] execute (res://addons/gdUnit4/src/core/_TestCase.gd:38)

	   [3] _execute (res://addons/gdUnit4/src/core/execution/stages/single/GdUnitTestCaseSingleTestStage.gd:10)

	   [4] execute (res://addons/gdUnit4/src/core/execution/stages/IGdUnitExecutionStage.gd:19)

	   [5] _execute (res://addons/gdUnit4/src/core/execution/stages/single/GdUnitTestCaseSingleExecutionStage.gd:17)

	   [6] execute (res://addons/gdUnit4/src/core/execution/stages/IGdUnitExecutionStage.gd:19)

	   [7] _execute (res://addons/gdUnit4/src/core/execution/stages/GdUnitTestCaseExecutionStage.gd:24)

	   [8] execute (res://addons/gdUnit4/src/core/execution/stages/IGdUnitExecutionStage.gd:19)

	   [9] _execute (res://addons/gdUnit4/src/core/execution/stages/GdUnitTestSuiteExecutionStage.gd:31)

	   [10] execute (res://addons/gdUnit4/src/core/execution/stages/IGdUnitExecutionStage.gd:19)

	   [11] execute (res://addons/gdUnit4/src/core/execution/GdUnitTestSuiteExecutor.gd:23)

SCRIPT ERROR: Invalid call. Nonexistent function 'is_within_bounds' in base 'RefCounted (StubTerrainMap)'.

   at: MoveRequestValidator.validate_coordinate_move (res://Gameplay/map/move_request_validator.gd:78)

   GDScript backtrace (most recent call first):

	   [0] validate_coordinate_move (res://Gameplay/map/move_request_validator.gd:78)

	   [1] test_validate_coordinate_move_includes_path_cost (res://tests/test_move_services.gd:23)

	   [2] _execute_test_case (res://addons/gdUnit4/src/core/_TestCase.gd:93)

	   [3] execute (res://addons/gdUnit4/src/core/_TestCase.gd:38)

	   [4] _execute (res://addons/gdUnit4/src/core/execution/stages/single/GdUnitTestCaseSingleTestStage.gd:10)

	   [5] execute (res://addons/gdUnit4/src/core/execution/stages/IGdUnitExecutionStage.gd:19)

	   [6] _execute (res://addons/gdUnit4/src/core/execution/stages/single/GdUnitTestCaseSingleExecutionStage.gd:17)

	   [7] execute (res://addons/gdUnit4/src/core/execution/stages/IGdUnitExecutionStage.gd:19)

	   [8] _execute (res://addons/gdUnit4/src/core/execution/stages/GdUnitTestCaseExecutionStage.gd:24)

	   [9] execute (res://addons/gdUnit4/src/core/execution/stages/IGdUnitExecutionStage.gd:19)

	   [10] _execute (res://addons/gdUnit4/src/core/execution/stages/GdUnitTestSuiteExecutionStage.gd:31)

	   [11] execute (res://addons/gdUnit4/src/core/execution/stages/IGdUnitExecutionStage.gd:19)

	   [12] _execute (res://addons/gdUnit4/src/core/execution/stages/GdUnitTestCaseExecutionStage.gd:31)

	   [13] error_monitor_stop (res://addons/gdUnit4/src/core/execution/GdUnitExecutionContext.gd:128)

	   [14] scan (res://addons/gdUnit4/src/monitor/GodotGdErrorMonitor.gd:48)

SCRIPT ERROR: Invalid access to property or key 'success' on a base object of type 'Dictionary'.

   at: test_validate_coordinate_move_includes_path_cost (res://tests/test_move_services.gd:24)

   GDScript backtrace (most recent call first):

	   [0] test_validate_coordinate_move_includes_path_cost (res://tests/test_move_services.gd:24)

	   [1] _execute_test_case (res://addons/gdUnit4/src/core/_TestCase.gd:93)

	   [2] execute (res://addons/gdUnit4/src/core/_TestCase.gd:38)

	   [3] _execute (res://addons/gdUnit4/src/core/execution/stages/single/GdUnitTestCaseSingleTestStage.gd:10)

	   [4] execute (res://addons/gdUnit4/src/core/execution/stages/IGdUnitExecutionStage.gd:19)

	   [5] _execute (res://addons/gdUnit4/src/core/execution/stages/single/GdUnitTestCaseSingleExecutionStage.gd:17)

	   [6] execute (res://addons/gdUnit4/src/core/execution/stages/IGdUnitExecutionStage.gd:19)

	   [7] _execute (res://addons/gdUnit4/src/core/execution/stages/GdUnitTestCaseExecutionStage.gd:24)

	   [8] execute (res://addons/gdUnit4/src/core/execution/stages/IGdUnitExecutionStage.gd:19)

	   [9] _execute (res://addons/gdUnit4/src/core/execution/stages/GdUnitTestSuiteExecutionStage.gd:31)

	   [10] execute (res://addons/gdUnit4/src/core/execution/stages/IGdUnitExecutionStage.gd:19)

	   [11] _execute (res://addons/gdUnit4/src/core/execution/stages/GdUnitTestCaseExecutionStage.gd:31)

	   [12] error_monitor_stop (res://addons/gdUnit4/src/core/execution/GdUnitExecutionContext.gd:128)

	   [13] scan (res://addons/gdUnit4/src/monitor/GodotGdErrorMonitor.gd:48)

SCRIPT ERROR: Invalid call. Nonexistent function 'consume_move' in base 'Nil'.

   at: MoveExecutionService.execute_move (res://Gameplay/map/move_execution_service.gd:8)

   GDScript backtrace (most recent call first):

	   [0] execute_move (res://Gameplay/map/move_execution_service.gd:8)

	   [1] test_execute_move_consumes_points_and_updates_behavior (res://tests/test_move_services.gd:33)

	   [2] _execute_test_case (res://addons/gdUnit4/src/core/_TestCase.gd:93)

	   [3] execute (res://addons/gdUnit4/src/core/_TestCase.gd:38)

	   [4] _execute (res://addons/gdUnit4/src/core/execution/stages/single/GdUnitTestCaseSingleTestStage.gd:10)

	   [5] execute (res://addons/gdUnit4/src/core/execution/stages/IGdUnitExecutionStage.gd:19)

	   [6] _execute (res://addons/gdUnit4/src/core/execution/stages/single/GdUnitTestCaseSingleExecutionStage.gd:17)

	   [7] execute (res://addons/gdUnit4/src/core/execution/stages/IGdUnitExecutionStage.gd:19)

	   [8] _execute (res://addons/gdUnit4/src/core/execution/stages/GdUnitTestCaseExecutionStage.gd:24)

	   [9] execute (res://addons/gdUnit4/src/core/execution/stages/IGdUnitExecutionStage.gd:19)

	   [10] _execute (res://addons/gdUnit4/src/core/execution/stages/GdUnitTestSuiteExecutionStage.gd:31)

	   [11] execute (res://addons/gdUnit4/src/core/execution/stages/IGdUnitExecutionStage.gd:19)

	   [12] _execute (res://addons/gdUnit4/src/core/execution/stages/GdUnitTestCaseExecutionStage.gd:31)

	   [13] error_monitor_stop (res://addons/gdUnit4/src/core/execution/GdUnitExecutionContext.gd:128)

	   [14] scan (res://addons/gdUnit4/src/monitor/GodotGdErrorMonitor.gd:48)

SCRIPT ERROR: Invalid access to property or key 'last_coord' on a base object of type 'Nil'.

   at: test_execute_move_consumes_points_and_updates_behavior (res://tests/test_move_services.gd:36)

   GDScript backtrace (most recent call first):

	   [0] test_execute_move_consumes_points_and_updates_behavior (res://tests/test_move_services.gd:36)

	   [1] _execute_test_case (res://addons/gdUnit4/src/core/_TestCase.gd:93)

	   [2] execute (res://addons/gdUnit4/src/core/_TestCase.gd:38)

	   [3] _execute (res://addons/gdUnit4/src/core/execution/stages/single/GdUnitTestCaseSingleTestStage.gd:10)

	   [4] execute (res://addons/gdUnit4/src/core/execution/stages/IGdUnitExecutionStage.gd:19)

	   [5] _execute (res://addons/gdUnit4/src/core/execution/stages/single/GdUnitTestCaseSingleExecutionStage.gd:17)

	   [6] execute (res://addons/gdUnit4/src/core/execution/stages/IGdUnitExecutionStage.gd:19)

	   [7] _execute (res://addons/gdUnit4/src/core/execution/stages/GdUnitTestCaseExecutionStage.gd:24)

	   [8] execute (res://addons/gdUnit4/src/core/execution/stages/IGdUnitExecutionStage.gd:19)

	   [9] _execute (res://addons/gdUnit4/src/core/execution/stages/GdUnitTestSuiteExecutionStage.gd:31)

	   [10] execute (res://addons/gdUnit4/src/core/execution/stages/IGdUnitExecutionStage.gd:19)

	   [11] _execute (res://addons/gdUnit4/src/core/execution/stages/GdUnitTestCaseExecutionStage.gd:31)

	   [12] error_monitor_stop (res://addons/gdUnit4/src/core/execution/GdUnitExecutionContext.gd:128)

	   [13] scan (res://addons/gdUnit4/src/monitor/GodotGdErrorMonitor.gd:48)

SCRIPT ERROR: Invalid call. Nonexistent function 'get_tentative_path' in base 'Nil'.

   at: MoveExecutionService.finalize_tentative_move (res://Gameplay/map/move_execution_service.gd:18)

   GDScript backtrace (most recent call first):

	   [0] finalize_tentative_move (res://Gameplay/map/move_execution_service.gd:18)

	   [1] test_finalize_tentative_move_commits_unit (res://tests/test_move_services.gd:44)

	   [2] _execute_test_case (res://addons/gdUnit4/src/core/_TestCase.gd:93)

	   [3] execute (res://addons/gdUnit4/src/core/_TestCase.gd:38)

	   [4] _execute (res://addons/gdUnit4/src/core/execution/stages/single/GdUnitTestCaseSingleTestStage.gd:10)

	   [5] execute (res://addons/gdUnit4/src/core/execution/stages/IGdUnitExecutionStage.gd:19)

	   [6] _execute (res://addons/gdUnit4/src/core/execution/stages/single/GdUnitTestCaseSingleExecutionStage.gd:17)

	   [7] execute (res://addons/gdUnit4/src/core/execution/stages/IGdUnitExecutionStage.gd:19)

	   [8] _execute (res://addons/gdUnit4/src/core/execution/stages/GdUnitTestCaseExecutionStage.gd:24)

	   [9] execute (res://addons/gdUnit4/src/core/execution/stages/IGdUnitExecutionStage.gd:19)

	   [10] _execute (res://addons/gdUnit4/src/core/execution/stages/GdUnitTestSuiteExecutionStage.gd:31)

	   [11] execute (res://addons/gdUnit4/src/core/execution/stages/IGdUnitExecutionStage.gd:19)

	   [12] _execute (res://addons/gdUnit4/src/core/execution/stages/GdUnitTestCaseExecutionStage.gd:31)

	   [13] error_monitor_stop (res://addons/gdUnit4/src/core/execution/GdUnitExecutionContext.gd:128)

	   [14] scan (res://addons/gdUnit4/src/monitor/GodotGdErrorMonitor.gd:48)

SCRIPT ERROR: Invalid call. Nonexistent function 'has_move_available' in base 'Nil'.

   at: MoveExecutionService.evaluate_post_move (res://Gameplay/map/move_execution_service.gd:51)

   GDScript backtrace (most recent call first):

	   [0] evaluate_post_move (res://Gameplay/map/move_execution_service.gd:51)

	   [1] test_evaluate_post_move_flags_completion_without_actions (res://tests/test_move_services.gd:56)

	   [2] _execute_test_case (res://addons/gdUnit4/src/core/_TestCase.gd:93)

	   [3] execute (res://addons/gdUnit4/src/core/_TestCase.gd:38)

	   [4] _execute (res://addons/gdUnit4/src/core/execution/stages/single/GdUnitTestCaseSingleTestStage.gd:10)

	   [5] execute (res://addons/gdUnit4/src/core/execution/stages/IGdUnitExecutionStage.gd:19)

	   [6] _execute (res://addons/gdUnit4/src/core/execution/stages/single/GdUnitTestCaseSingleExecutionStage.gd:17)

	   [7] execute (res://addons/gdUnit4/src/core/execution/stages/IGdUnitExecutionStage.gd:19)

	   [8] _execute (res://addons/gdUnit4/src/core/execution/stages/GdUnitTestCaseExecutionStage.gd:24)

	   [9] execute (res://addons/gdUnit4/src/core/execution/stages/IGdUnitExecutionStage.gd:19)

	   [10] _execute (res://addons/gdUnit4/src/core/execution/stages/GdUnitTestSuiteExecutionStage.gd:31)

	   [11] execute (res://addons/gdUnit4/src/core/execution/stages/IGdUnitExecutionStage.gd:19)

	   [12] _execute (res://addons/gdUnit4/src/core/execution/stages/GdUnitTestCaseExecutionStage.gd:31)

	   [13] error_monitor_stop (res://addons/gdUnit4/src/core/execution/GdUnitExecutionContext.gd:128)

	   [14] scan (res://addons/gdUnit4/src/monitor/GodotGdErrorMonitor.gd:48)

SCRIPT ERROR: Invalid access to property or key 'complete_turn' on a base object of type 'Dictionary'.

   at: test_evaluate_post_move_flags_completion_without_actions (res://tests/test_move_services.gd:57)

   GDScript backtrace (most recent call first):

	   [0] test_evaluate_post_move_flags_completion_without_actions (res://tests/test_move_services.gd:57)

	   [1] _execute_test_case (res://addons/gdUnit4/src/core/_TestCase.gd:93)

	   [2] execute (res://addons/gdUnit4/src/core/_TestCase.gd:38)

	   [3] _execute (res://addons/gdUnit4/src/core/execution/stages/single/GdUnitTestCaseSingleTestStage.gd:10)

	   [4] execute (res://addons/gdUnit4/src/core/execution/stages/IGdUnitExecutionStage.gd:19)

	   [5] _execute (res://addons/gdUnit4/src/core/execution/stages/single/GdUnitTestCaseSingleExecutionStage.gd:17)

	   [6] execute (res://addons/gdUnit4/src/core/execution/stages/IGdUnitExecutionStage.gd:19)

	   [7] _execute (res://addons/gdUnit4/src/core/execution/stages/GdUnitTestCaseExecutionStage.gd:24)

	   [8] execute (res://addons/gdUnit4/src/core/execution/stages/IGdUnitExecutionStage.gd:19)

	   [9] _execute (res://addons/gdUnit4/src/core/execution/stages/GdUnitTestSuiteExecutionStage.gd:31)

	   [10] execute (res://addons/gdUnit4/src/core/execution/stages/IGdUnitExecutionStage.gd:19)

	   [11] _execute (res://addons/gdUnit4/src/core/execution/stages/GdUnitTestCaseExecutionStage.gd:31)

	   [12] error_monitor_stop (res://addons/gdUnit4/src/core/execution/GdUnitExecutionContext.gd:128)

	   [13] scan (res://addons/gdUnit4/src/monitor/GodotGdErrorMonitor.gd:48)

WARNING: Stage '' has no mandatory tasks in ALL_REQUIRED mode. It may never advance automatically.

   at: push_warning (core/variant/variant_utility.cpp:1034)

   GDScript backtrace (most recent call first):

	   [0] start_stage (res://Gameplay/narrative/task/stage.gd:59)

	   [1] _transition_to_stage (res://Gameplay/narrative/task/objective.gd:69)

	   [2] start_objective (res://Gameplay/narrative/task/objective.gd:39)

	   [3] test_start_objective_uses_starting_stage_when_set (res://tests/test_objective.gd:63)

	   [4] _execute_test_case (res://addons/gdUnit4/src/core/_TestCase.gd:93)

	   [5] execute (res://addons/gdUnit4/src/core/_TestCase.gd:38)

	   [6] _execute (res://addons/gdUnit4/src/core/execution/stages/single/GdUnitTestCaseSingleTestStage.gd:10)

	   [7] execute (res://addons/gdUnit4/src/core/execution/stages/IGdUnitExecutionStage.gd:19)

	   [8] _execute (res://addons/gdUnit4/src/core/execution/stages/single/GdUnitTestCaseSingleExecutionStage.gd:17)

	   [9] execute (res://addons/gdUnit4/src/core/execution/stages/IGdUnitExecutionStage.gd:19)

	   [10] _execute (res://addons/gdUnit4/src/core/execution/stages/GdUnitTestCaseExecutionStage.gd:24)

	   [11] execute (res://addons/gdUnit4/src/core/execution/stages/IGdUnitExecutionStage.gd:19)

	   [12] _execute (res://addons/gdUnit4/src/core/execution/stages/GdUnitTestSuiteExecutionStage.gd:31)

	   [13] execute (res://addons/gdUnit4/src/core/execution/stages/IGdUnitExecutionStage.gd:19)

	   [14] _execute (res://addons/gdUnit4/src/core/execution/stages/GdUnitTestCaseExecutionStage.gd:31)

	   [15] error_monitor_stop (res://addons/gdUnit4/src/core/execution/GdUnitExecutionContext.gd:128)

	   [16] scan (res://addons/gdUnit4/src/monitor/GodotGdErrorMonitor.gd:48)

WARNING: Stage '' has no mandatory tasks in ALL_REQUIRED mode. It may never advance automatically.

   at: push_warning (core/variant/variant_utility.cpp:1034)

   GDScript backtrace (most recent call first):

	   [0] start_stage (res://Gameplay/narrative/task/stage.gd:59)

	   [1] _transition_to_stage (res://Gameplay/narrative/task/objective.gd:69)

	   [2] start_objective (res://Gameplay/narrative/task/objective.gd:39)

	   [3] test_start_objective_stage_with_no_tasks_completes_immediately (res://tests/test_objective.gd:76)

	   [4] _execute_test_case (res://addons/gdUnit4/src/core/_TestCase.gd:93)

	   [5] execute (res://addons/gdUnit4/src/core/_TestCase.gd:38)

	   [6] _execute (res://addons/gdUnit4/src/core/execution/stages/single/GdUnitTestCaseSingleTestStage.gd:10)

	   [7] execute (res://addons/gdUnit4/src/core/execution/stages/IGdUnitExecutionStage.gd:19)

	   [8] _execute (res://addons/gdUnit4/src/core/execution/stages/single/GdUnitTestCaseSingleExecutionStage.gd:17)

	   [9] execute (res://addons/gdUnit4/src/core/execution/stages/IGdUnitExecutionStage.gd:19)

	   [10] _execute (res://addons/gdUnit4/src/core/execution/stages/GdUnitTestCaseExecutionStage.gd:24)

	   [11] execute (res://addons/gdUnit4/src/core/execution/stages/IGdUnitExecutionStage.gd:19)

	   [12] _execute (res://addons/gdUnit4/src/core/execution/stages/GdUnitTestSuiteExecutionStage.gd:31)

	   [13] execute (res://addons/gdUnit4/src/core/execution/stages/IGdUnitExecutionStage.gd:19)

	   [14] _execute (res://addons/gdUnit4/src/core/execution/stages/GdUnitTestCaseExecutionStage.gd:31)

	   [15] error_monitor_stop (res://addons/gdUnit4/src/core/execution/GdUnitExecutionContext.gd:128)

	   [16] scan (res://addons/gdUnit4/src/monitor/GodotGdErrorMonitor.gd:48)

WARNING: [ActionsPanel] No unit selected.

   at: push_warning (core/variant/variant_utility.cpp:1034)

   GDScript backtrace (most recent call first):

	   [0] _handle_invalid_states (res://GUI/actions_panel.gd:93)

	   [1] update_actions (res://GUI/actions_panel.gd:75)

	   [2] _on_unit_manager_selection_changed (res://GUI/HUD/hud_controller.gd:266)

	   [3] _update_initial_state (res://GUI/HUD/hud_controller.gd:124)

WARNING: [ActionsPanel] No unit selected.

   at: push_warning (core/variant/variant_utility.cpp:1034)

   GDScript backtrace (most recent call first):

	   [0] _handle_invalid_states (res://GUI/actions_panel.gd:93)

	   [1] update_actions (res://GUI/actions_panel.gd:75)

	   [2] _on_unit_manager_selection_changed (res://GUI/HUD/hud_controller.gd:266)

	   [3] _update_initial_state (res://GUI/HUD/hud_controller.gd:124)

WARNING: This control can't grab focus. Use set_focus_mode() and set_focus_behavior_recursive() to allow a control to get focus.

   at: grab_focus (scene/gui/control.cpp:2365)

   GDScript backtrace (most recent call first):

	   [0] _on_controls_back (res://Menus/pause_handler.gd:130)

	   [1] test_pause_menus_process_during_tree_pause (res://tests/test_pause_workflow.gd:59)

	   [2] simulate_frames (res://addons/gdUnit4/src/core/GdUnitSceneRunnerImpl.gd:416)

WARNING: [ActionsPanel] No unit selected.

   at: push_warning (core/variant/variant_utility.cpp:1034)

   GDScript backtrace (most recent call first):

	   [0] _handle_invalid_states (res://GUI/actions_panel.gd:93)

	   [1] update_actions (res://GUI/actions_panel.gd:75)

	   [2] _on_unit_manager_selection_changed (res://GUI/HUD/hud_controller.gd:266)

	   [3] _update_initial_state (res://GUI/HUD/hud_controller.gd:124)

WARNING: This control can't grab focus. Use set_focus_mode() and set_focus_behavior_recursive() to allow a control to get focus.

   at: grab_focus (scene/gui/control.cpp:2365)

   GDScript backtrace (most recent call first):

	   [0] _on_controls_back (res://Menus/pause_handler.gd:130)

	   [1] test_pause_controls_reset_defaults (res://tests/test_pause_workflow.gd:84)

	   [2] simulate_frames (res://addons/gdUnit4/src/core/GdUnitSceneRunnerImpl.gd:416)

WARNING: [ActionsPanel] No unit selected.

   at: push_warning (core/variant/variant_utility.cpp:1034)

   GDScript backtrace (most recent call first):

	   [0] _handle_invalid_states (res://GUI/actions_panel.gd:93)

	   [1] update_actions (res://GUI/actions_panel.gd:75)

	   [2] _on_unit_manager_selection_changed (res://GUI/HUD/hud_controller.gd:266)

	   [3] _update_initial_state (res://GUI/HUD/hud_controller.gd:124)

WARNING: This control can't grab focus. Use set_focus_mode() and set_focus_behavior_recursive() to allow a control to get focus.

   at: grab_focus (scene/gui/control.cpp:2365)

   GDScript backtrace (most recent call first):

	   [0] _on_settings_back (res://Menus/pause_handler.gd:146)

	   [1] test_pause_volume_and_mute_controls (res://tests/test_pause_workflow.gd:119)

	   [2] simulate_frames (res://addons/gdUnit4/src/core/GdUnitSceneRunnerImpl.gd:416)

WARNING: [ActionsPanel] No unit selected.

   at: push_warning (core/variant/variant_utility.cpp:1034)

   GDScript backtrace (most recent call first):

	   [0] _handle_invalid_states (res://GUI/actions_panel.gd:93)

	   [1] update_actions (res://GUI/actions_panel.gd:75)

	   [2] _on_unit_manager_selection_changed (res://GUI/HUD/hud_controller.gd:266)

	   [3] _update_initial_state (res://GUI/HUD/hud_controller.gd:124)

WARNING: [ActionsPanel] No unit selected.

   at: push_warning (core/variant/variant_utility.cpp:1034)

   GDScript backtrace (most recent call first):

	   [0] _handle_invalid_states (res://GUI/actions_panel.gd:93)

	   [1] update_actions (res://GUI/actions_panel.gd:75)

	   [2] _on_unit_manager_selection_changed (res://GUI/HUD/hud_controller.gd:266)

	   [3] _update_initial_state (res://GUI/HUD/hud_controller.gd:124)

WARNING: [ActionsPanel] No unit selected.

   at: push_warning (core/variant/variant_utility.cpp:1034)

   GDScript backtrace (most recent call first):

	   [0] _handle_invalid_states (res://GUI/actions_panel.gd:93)

	   [1] update_actions (res://GUI/actions_panel.gd:75)

	   [2] _on_unit_manager_selection_changed (res://GUI/HUD/hud_controller.gd:266)

	   [3] _update_initial_state (res://GUI/HUD/hud_controller.gd:124)

SCRIPT ERROR: Invalid call. Nonexistent function 'add_item' in base 'Resource (InventoryComponent)'.

   at: test_unit_death_handler_drops_quest_item_on_hard_difficulty (res://tests/test_quest_flow.gd:32)

   GDScript backtrace (most recent call first):

	   [0] test_unit_death_handler_drops_quest_item_on_hard_difficulty (res://tests/test_quest_flow.gd:32)

	   [1] _execute_test_case (res://addons/gdUnit4/src/core/_TestCase.gd:93)

	   [2] execute (res://addons/gdUnit4/src/core/_TestCase.gd:38)

	   [3] _execute (res://addons/gdUnit4/src/core/execution/stages/single/GdUnitTestCaseSingleTestStage.gd:10)

	   [4] execute (res://addons/gdUnit4/src/core/execution/stages/IGdUnitExecutionStage.gd:19)

	   [5] _execute (res://addons/gdUnit4/src/core/execution/stages/single/GdUnitTestCaseSingleExecutionStage.gd:17)

	   [6] execute (res://addons/gdUnit4/src/core/execution/stages/IGdUnitExecutionStage.gd:19)

	   [7] _execute (res://addons/gdUnit4/src/core/execution/stages/GdUnitTestCaseExecutionStage.gd:24)

	   [8] execute (res://addons/gdUnit4/src/core/execution/stages/IGdUnitExecutionStage.gd:19)

	   [9] _execute (res://addons/gdUnit4/src/core/execution/stages/GdUnitTestSuiteExecutionStage.gd:31)

	   [10] execute (res://addons/gdUnit4/src/core/execution/stages/IGdUnitExecutionStage.gd:19)

	   [11] execute (res://addons/gdUnit4/src/core/execution/GdUnitTestSuiteExecutor.gd:23)

WARNING: res://Resources/rosters/default_player_roster.tres:12 - ext_resource, invalid UID: uid://ccunxsy076vyo - using text path instead: res://Resources/items/bronze_gusto.tres

   at: load (scene/resources/resource_format_text.cpp:500)

   GDScript backtrace (most recent call first):

	   [0] _load_player_roster_resource (res://Gameplay/roster/roster_loader.gd:52)

	   [1] load_player_roster (res://Gameplay/roster/roster_loader.gd:21)

	   [2] test_load_player_roster_falls_back_when_empty (res://tests/test_roster_loader.gd:16)

	   [3] _execute_test_case (res://addons/gdUnit4/src/core/_TestCase.gd:93)

	   [4] execute (res://addons/gdUnit4/src/core/_TestCase.gd:38)

	   [5] _execute (res://addons/gdUnit4/src/core/execution/stages/single/GdUnitTestCaseSingleTestStage.gd:10)

	   [6] execute (res://addons/gdUnit4/src/core/execution/stages/IGdUnitExecutionStage.gd:19)

	   [7] _execute (res://addons/gdUnit4/src/core/execution/stages/single/GdUnitTestCaseSingleExecutionStage.gd:17)

	   [8] execute (res://addons/gdUnit4/src/core/execution/stages/IGdUnitExecutionStage.gd:19)

	   [9] _execute (res://addons/gdUnit4/src/core/execution/stages/GdUnitTestCaseExecutionStage.gd:24)

	   [10] execute (res://addons/gdUnit4/src/core/execution/stages/IGdUnitExecutionStage.gd:19)

	   [11] _execute (res://addons/gdUnit4/src/core/execution/stages/GdUnitTestSuiteExecutionStage.gd:31)

	   [12] execute (res://addons/gdUnit4/src/core/execution/stages/IGdUnitExecutionStage.gd:19)

	   [13] _execute (res://addons/gdUnit4/src/core/execution/stages/GdUnitTestCaseExecutionStage.gd:31)

	   [14] error_monitor_stop (res://addons/gdUnit4/src/core/execution/GdUnitExecutionContext.gd:128)

	   [15] scan (res://addons/gdUnit4/src/monitor/GodotGdErrorMonitor.gd:48)

WARNING: res://Resources/rosters/default_player_roster.tres:13 - ext_resource, invalid UID: uid://cqj18x12t70v8 - using text path instead: res://Resources/items/bronze_focus.tres

   at: load (scene/resources/resource_format_text.cpp:500)

   GDScript backtrace (most recent call first):

	   [0] _load_player_roster_resource (res://Gameplay/roster/roster_loader.gd:52)

	   [1] load_player_roster (res://Gameplay/roster/roster_loader.gd:21)

	   [2] test_load_player_roster_falls_back_when_empty (res://tests/test_roster_loader.gd:16)

	   [3] _execute_test_case (res://addons/gdUnit4/src/core/_TestCase.gd:93)

	   [4] execute (res://addons/gdUnit4/src/core/_TestCase.gd:38)

	   [5] _execute (res://addons/gdUnit4/src/core/execution/stages/single/GdUnitTestCaseSingleTestStage.gd:10)

	   [6] execute (res://addons/gdUnit4/src/core/execution/stages/IGdUnitExecutionStage.gd:19)

	   [7] _execute (res://addons/gdUnit4/src/core/execution/stages/single/GdUnitTestCaseSingleExecutionStage.gd:17)

	   [8] execute (res://addons/gdUnit4/src/core/execution/stages/IGdUnitExecutionStage.gd:19)

	   [9] _execute (res://addons/gdUnit4/src/core/execution/stages/GdUnitTestCaseExecutionStage.gd:24)

	   [10] execute (res://addons/gdUnit4/src/core/execution/stages/IGdUnitExecutionStage.gd:19)

	   [11] _execute (res://addons/gdUnit4/src/core/execution/stages/GdUnitTestSuiteExecutionStage.gd:31)

	   [12] execute (res://addons/gdUnit4/src/core/execution/stages/IGdUnitExecutionStage.gd:19)

	   [13] _execute (res://addons/gdUnit4/src/core/execution/stages/GdUnitTestCaseExecutionStage.gd:31)

	   [14] error_monitor_stop (res://addons/gdUnit4/src/core/execution/GdUnitExecutionContext.gd:128)

	   [15] scan (res://addons/gdUnit4/src/monitor/GodotGdErrorMonitor.gd:48)

WARNING: res://Resources/rosters/default_player_roster.tres:14 - ext_resource, invalid UID: uid://cqj18x12t70v9 - using text path instead: res://Resources/items/bronze_shine.tres

   at: load (scene/resources/resource_format_text.cpp:500)

   GDScript backtrace (most recent call first):

	   [0] _load_player_roster_resource (res://Gameplay/roster/roster_loader.gd:52)

	   [1] load_player_roster (res://Gameplay/roster/roster_loader.gd:21)

	   [2] test_load_player_roster_falls_back_when_empty (res://tests/test_roster_loader.gd:16)

	   [3] _execute_test_case (res://addons/gdUnit4/src/core/_TestCase.gd:93)

	   [4] execute (res://addons/gdUnit4/src/core/_TestCase.gd:38)

	   [5] _execute (res://addons/gdUnit4/src/core/execution/stages/single/GdUnitTestCaseSingleTestStage.gd:10)

	   [6] execute (res://addons/gdUnit4/src/core/execution/stages/IGdUnitExecutionStage.gd:19)

	   [7] _execute (res://addons/gdUnit4/src/core/execution/stages/single/GdUnitTestCaseSingleExecutionStage.gd:17)

	   [8] execute (res://addons/gdUnit4/src/core/execution/stages/IGdUnitExecutionStage.gd:19)

	   [9] _execute (res://addons/gdUnit4/src/core/execution/stages/GdUnitTestCaseExecutionStage.gd:24)

	   [10] execute (res://addons/gdUnit4/src/core/execution/stages/IGdUnitExecutionStage.gd:19)

	   [11] _execute (res://addons/gdUnit4/src/core/execution/stages/GdUnitTestSuiteExecutionStage.gd:31)

	   [12] execute (res://addons/gdUnit4/src/core/execution/stages/IGdUnitExecutionStage.gd:19)

	   [13] _execute (res://addons/gdUnit4/src/core/execution/stages/GdUnitTestCaseExecutionStage.gd:31)

	   [14] error_monitor_stop (res://addons/gdUnit4/src/core/execution/GdUnitExecutionContext.gd:128)

	   [15] scan (res://addons/gdUnit4/src/monitor/GodotGdErrorMonitor.gd:48)

WARNING: res://Resources/rosters/default_player_roster.tres:12 - ext_resource, invalid UID: uid://ccunxsy076vyo - using text path instead: res://Resources/items/bronze_gusto.tres

   at: load (scene/resources/resource_format_text.cpp:500)

   GDScript backtrace (most recent call first):

	   [0] _load_player_roster_resource (res://Gameplay/roster/roster_loader.gd:52)

	   [1] load_player_roster (res://Gameplay/roster/roster_loader.gd:21)

	   [2] test_load_player_roster_uses_default_resource_when_missing (res://tests/test_roster_loader.gd:24)

	   [3] _execute_test_case (res://addons/gdUnit4/src/core/_TestCase.gd:93)

	   [4] execute (res://addons/gdUnit4/src/core/_TestCase.gd:38)

	   [5] _execute (res://addons/gdUnit4/src/core/execution/stages/single/GdUnitTestCaseSingleTestStage.gd:10)

	   [6] execute (res://addons/gdUnit4/src/core/execution/stages/IGdUnitExecutionStage.gd:19)

	   [7] _execute (res://addons/gdUnit4/src/core/execution/stages/single/GdUnitTestCaseSingleExecutionStage.gd:17)

	   [8] execute (res://addons/gdUnit4/src/core/execution/stages/IGdUnitExecutionStage.gd:19)

	   [9] _execute (res://addons/gdUnit4/src/core/execution/stages/GdUnitTestCaseExecutionStage.gd:24)

	   [10] execute (res://addons/gdUnit4/src/core/execution/stages/IGdUnitExecutionStage.gd:19)

	   [11] _execute (res://addons/gdUnit4/src/core/execution/stages/GdUnitTestSuiteExecutionStage.gd:31)

	   [12] execute (res://addons/gdUnit4/src/core/execution/stages/IGdUnitExecutionStage.gd:19)

	   [13] _execute (res://addons/gdUnit4/src/core/execution/stages/GdUnitTestCaseExecutionStage.gd:31)

	   [14] error_monitor_stop (res://addons/gdUnit4/src/core/execution/GdUnitExecutionContext.gd:128)

	   [15] scan (res://addons/gdUnit4/src/monitor/GodotGdErrorMonitor.gd:48)

WARNING: res://Resources/rosters/default_player_roster.tres:13 - ext_resource, invalid UID: uid://cqj18x12t70v8 - using text path instead: res://Resources/items/bronze_focus.tres

   at: load (scene/resources/resource_format_text.cpp:500)

   GDScript backtrace (most recent call first):

	   [0] _load_player_roster_resource (res://Gameplay/roster/roster_loader.gd:52)

	   [1] load_player_roster (res://Gameplay/roster/roster_loader.gd:21)

	   [2] test_load_player_roster_uses_default_resource_when_missing (res://tests/test_roster_loader.gd:24)

	   [3] _execute_test_case (res://addons/gdUnit4/src/core/_TestCase.gd:93)

	   [4] execute (res://addons/gdUnit4/src/core/_TestCase.gd:38)

	   [5] _execute (res://addons/gdUnit4/src/core/execution/stages/single/GdUnitTestCaseSingleTestStage.gd:10)

	   [6] execute (res://addons/gdUnit4/src/core/execution/stages/IGdUnitExecutionStage.gd:19)

	   [7] _execute (res://addons/gdUnit4/src/core/execution/stages/single/GdUnitTestCaseSingleExecutionStage.gd:17)

	   [8] execute (res://addons/gdUnit4/src/core/execution/stages/IGdUnitExecutionStage.gd:19)

	   [9] _execute (res://addons/gdUnit4/src/core/execution/stages/GdUnitTestCaseExecutionStage.gd:24)

	   [10] execute (res://addons/gdUnit4/src/core/execution/stages/IGdUnitExecutionStage.gd:19)

	   [11] _execute (res://addons/gdUnit4/src/core/execution/stages/GdUnitTestSuiteExecutionStage.gd:31)

	   [12] execute (res://addons/gdUnit4/src/core/execution/stages/IGdUnitExecutionStage.gd:19)

	   [13] _execute (res://addons/gdUnit4/src/core/execution/stages/GdUnitTestCaseExecutionStage.gd:31)

	   [14] error_monitor_stop (res://addons/gdUnit4/src/core/execution/GdUnitExecutionContext.gd:128)

	   [15] scan (res://addons/gdUnit4/src/monitor/GodotGdErrorMonitor.gd:48)

WARNING: res://Resources/rosters/default_player_roster.tres:14 - ext_resource, invalid UID: uid://cqj18x12t70v9 - using text path instead: res://Resources/items/bronze_shine.tres

   at: load (scene/resources/resource_format_text.cpp:500)

   GDScript backtrace (most recent call first):

	   [0] _load_player_roster_resource (res://Gameplay/roster/roster_loader.gd:52)

	   [1] load_player_roster (res://Gameplay/roster/roster_loader.gd:21)

	   [2] test_load_player_roster_uses_default_resource_when_missing (res://tests/test_roster_loader.gd:24)

	   [3] _execute_test_case (res://addons/gdUnit4/src/core/_TestCase.gd:93)

	   [4] execute (res://addons/gdUnit4/src/core/_TestCase.gd:38)

	   [5] _execute (res://addons/gdUnit4/src/core/execution/stages/single/GdUnitTestCaseSingleTestStage.gd:10)

	   [6] execute (res://addons/gdUnit4/src/core/execution/stages/IGdUnitExecutionStage.gd:19)

	   [7] _execute (res://addons/gdUnit4/src/core/execution/stages/single/GdUnitTestCaseSingleExecutionStage.gd:17)

	   [8] execute (res://addons/gdUnit4/src/core/execution/stages/IGdUnitExecutionStage.gd:19)

	   [9] _execute (res://addons/gdUnit4/src/core/execution/stages/GdUnitTestCaseExecutionStage.gd:24)

	   [10] execute (res://addons/gdUnit4/src/core/execution/stages/IGdUnitExecutionStage.gd:19)

	   [11] _execute (res://addons/gdUnit4/src/core/execution/stages/GdUnitTestSuiteExecutionStage.gd:31)

	   [12] execute (res://addons/gdUnit4/src/core/execution/stages/IGdUnitExecutionStage.gd:19)

	   [13] _execute (res://addons/gdUnit4/src/core/execution/stages/GdUnitTestCaseExecutionStage.gd:31)

	   [14] error_monitor_stop (res://addons/gdUnit4/src/core/execution/GdUnitExecutionContext.gd:128)

	   [15] scan (res://addons/gdUnit4/src/monitor/GodotGdErrorMonitor.gd:48)

[RosterLoader] Error: Default default_enemy_roster.tres not found at res://Resources/rosters/default_enemy_roster.tres

[RosterLoader] Error: Default default_enemy_roster.tres not found at res://Resources/rosters/default_enemy_roster.tres

[RosterLoader] Error: Default default_neutral_roster.tres not found at res://Resources/rosters/default_neutral_roster.tres

[RosterLoader] Error: Default default_neutral_roster.tres not found at res://Resources/rosters/default_neutral_roster.tres

[RosterLoader] Error: Default player roster not found at res://missing_default_roster.tres

SCRIPT ERROR: Invalid call. Nonexistent function 'id' in base 'Nil'.

   at: GdUnitTestCaseSingleExecutionStage._execute (res://addons/gdUnit4/src/core/execution/stages/single/GdUnitTestCaseSingleExecutionStage.gd:28)

   GDScript backtrace (most recent call first):

	   [0] _execute (res://addons/gdUnit4/src/core/execution/stages/single/GdUnitTestCaseSingleExecutionStage.gd:28)

	   [1] execute (res://addons/gdUnit4/src/core/execution/stages/IGdUnitExecutionStage.gd:19)

	   [2] _execute (res://addons/gdUnit4/src/core/execution/stages/GdUnitTestCaseAfterStage.gd:22)

	   [3] error_monitor_stop (res://addons/gdUnit4/src/core/execution/GdUnitExecutionContext.gd:128)

	   [4] scan (res://addons/gdUnit4/src/monitor/GodotGdErrorMonitor.gd:48)

SCRIPT ERROR: Invalid call. Nonexistent function 'is_interupted' in base 'previously freed'.

   at: GdUnitTestSuiteExecutionStage._execute (res://addons/gdUnit4/src/core/execution/stages/GdUnitTestSuiteExecutionStage.gd:35)

   GDScript backtrace (most recent call first):

	   [0] _execute (res://addons/gdUnit4/src/core/execution/stages/GdUnitTestSuiteExecutionStage.gd:35)

	   [1] execute (res://addons/gdUnit4/src/core/execution/stages/IGdUnitExecutionStage.gd:19)

	   [2] _execute (res://addons/gdUnit4/src/core/execution/stages/GdUnitTestCaseExecutionStage.gd:30)

	   [3] error_monitor_stop (res://addons/gdUnit4/src/core/execution/GdUnitExecutionContext.gd:130)

	   [4] scan (res://addons/gdUnit4/src/monitor/GodotGdErrorMonitor.gd:48)

ERROR: Can't use get_node() with absolute paths from outside the active scene tree.

   at: get_node_or_null (scene/main/node.cpp:1898)

   GDScript backtrace (most recent call first):

	   [0] _get_journal_manager (res://Autoloads/save_manager.gd:320)

	   [1] create_game_memento (res://Autoloads/save_manager.gd:152)

	   [2] _save_data (res://Autoloads/save_manager.gd:137)

	   [3] set_hometown_skit_shown (res://Autoloads/save_manager.gd:91)

	   [4] test_set_and_get_hometown_skit_shown (res://tests/test_save_manager_extended.gd:10)

	   [5] _execute_test_case (res://addons/gdUnit4/src/core/_TestCase.gd:93)

	   [6] execute (res://addons/gdUnit4/src/core/_TestCase.gd:38)

	   [7] _execute (res://addons/gdUnit4/src/core/execution/stages/single/GdUnitTestCaseSingleTestStage.gd:10)

	   [8] execute (res://addons/gdUnit4/src/core/execution/stages/IGdUnitExecutionStage.gd:19)

	   [9] _execute (res://addons/gdUnit4/src/core/execution/stages/single/GdUnitTestCaseSingleExecutionStage.gd:17)

	   [10] execute (res://addons/gdUnit4/src/core/execution/stages/IGdUnitExecutionStage.gd:19)

	   [11] _execute (res://addons/gdUnit4/src/core/execution/stages/GdUnitTestCaseExecutionStage.gd:24)

	   [12] execute (res://addons/gdUnit4/src/core/execution/stages/IGdUnitExecutionStage.gd:19)

	   [13] _execute (res://addons/gdUnit4/src/core/execution/stages/GdUnitTestSuiteExecutionStage.gd:31)

	   [14] execute (res://addons/gdUnit4/src/core/execution/stages/IGdUnitExecutionStage.gd:19)

	   [15] execute (res://addons/gdUnit4/src/core/execution/GdUnitTestSuiteExecutor.gd:23)

WARNING: SaveManager: JournalManager not found in /root.

   at: push_warning (core/variant/variant_utility.cpp:1034)

   GDScript backtrace (most recent call first):

	   [0] _get_journal_manager (res://Autoloads/save_manager.gd:322)

	   [1] create_game_memento (res://Autoloads/save_manager.gd:152)

	   [2] _save_data (res://Autoloads/save_manager.gd:137)

	   [3] set_hometown_skit_shown (res://Autoloads/save_manager.gd:91)

	   [4] test_set_and_get_hometown_skit_shown (res://tests/test_save_manager_extended.gd:10)

	   [5] _execute_test_case (res://addons/gdUnit4/src/core/_TestCase.gd:93)

	   [6] execute (res://addons/gdUnit4/src/core/_TestCase.gd:38)

	   [7] _execute (res://addons/gdUnit4/src/core/execution/stages/single/GdUnitTestCaseSingleTestStage.gd:10)

	   [8] execute (res://addons/gdUnit4/src/core/execution/stages/IGdUnitExecutionStage.gd:19)

	   [9] _execute (res://addons/gdUnit4/src/core/execution/stages/single/GdUnitTestCaseSingleExecutionStage.gd:17)

	   [10] execute (res://addons/gdUnit4/src/core/execution/stages/IGdUnitExecutionStage.gd:19)

	   [11] _execute (res://addons/gdUnit4/src/core/execution/stages/GdUnitTestCaseExecutionStage.gd:24)

	   [12] execute (res://addons/gdUnit4/src/core/execution/stages/IGdUnitExecutionStage.gd:19)

	   [13] _execute (res://addons/gdUnit4/src/core/execution/stages/GdUnitTestSuiteExecutionStage.gd:31)

	   [14] execute (res://addons/gdUnit4/src/core/execution/stages/IGdUnitExecutionStage.gd:19)

	   [15] execute (res://addons/gdUnit4/src/core/execution/GdUnitTestSuiteExecutor.gd:23)

ERROR: Can't use get_node() with absolute paths from outside the active scene tree.

   at: get_node_or_null (scene/main/node.cpp:1898)

   GDScript backtrace (most recent call first):

	   [0] _get_achievement_manager (res://Autoloads/save_manager.gd:326)

	   [1] create_game_memento (res://Autoloads/save_manager.gd:156)

	   [2] _save_data (res://Autoloads/save_manager.gd:137)

	   [3] set_hometown_skit_shown (res://Autoloads/save_manager.gd:91)

	   [4] test_set_and_get_hometown_skit_shown (res://tests/test_save_manager_extended.gd:10)

	   [5] _execute_test_case (res://addons/gdUnit4/src/core/_TestCase.gd:93)

	   [6] execute (res://addons/gdUnit4/src/core/_TestCase.gd:38)

	   [7] _execute (res://addons/gdUnit4/src/core/execution/stages/single/GdUnitTestCaseSingleTestStage.gd:10)

	   [8] execute (res://addons/gdUnit4/src/core/execution/stages/IGdUnitExecutionStage.gd:19)

	   [9] _execute (res://addons/gdUnit4/src/core/execution/stages/single/GdUnitTestCaseSingleExecutionStage.gd:17)

	   [10] execute (res://addons/gdUnit4/src/core/execution/stages/IGdUnitExecutionStage.gd:19)

	   [11] _execute (res://addons/gdUnit4/src/core/execution/stages/GdUnitTestCaseExecutionStage.gd:24)

	   [12] execute (res://addons/gdUnit4/src/core/execution/stages/IGdUnitExecutionStage.gd:19)

	   [13] _execute (res://addons/gdUnit4/src/core/execution/stages/GdUnitTestSuiteExecutionStage.gd:31)

	   [14] execute (res://addons/gdUnit4/src/core/execution/stages/IGdUnitExecutionStage.gd:19)

	   [15] execute (res://addons/gdUnit4/src/core/execution/GdUnitTestSuiteExecutor.gd:23)

WARNING: SaveManager: AchievementManager not found in /root.

   at: push_warning (core/variant/variant_utility.cpp:1034)

   GDScript backtrace (most recent call first):

	   [0] _get_achievement_manager (res://Autoloads/save_manager.gd:328)

	   [1] create_game_memento (res://Autoloads/save_manager.gd:156)

	   [2] _save_data (res://Autoloads/save_manager.gd:137)

	   [3] set_hometown_skit_shown (res://Autoloads/save_manager.gd:91)

	   [4] test_set_and_get_hometown_skit_shown (res://tests/test_save_manager_extended.gd:10)

	   [5] _execute_test_case (res://addons/gdUnit4/src/core/_TestCase.gd:93)

	   [6] execute (res://addons/gdUnit4/src/core/_TestCase.gd:38)

	   [7] _execute (res://addons/gdUnit4/src/core/execution/stages/single/GdUnitTestCaseSingleTestStage.gd:10)

	   [8] execute (res://addons/gdUnit4/src/core/execution/stages/IGdUnitExecutionStage.gd:19)

	   [9] _execute (res://addons/gdUnit4/src/core/execution/stages/single/GdUnitTestCaseSingleExecutionStage.gd:17)

	   [10] execute (res://addons/gdUnit4/src/core/execution/stages/IGdUnitExecutionStage.gd:19)

	   [11] _execute (res://addons/gdUnit4/src/core/execution/stages/GdUnitTestCaseExecutionStage.gd:24)

	   [12] execute (res://addons/gdUnit4/src/core/execution/stages/IGdUnitExecutionStage.gd:19)

	   [13] _execute (res://addons/gdUnit4/src/core/execution/stages/GdUnitTestSuiteExecutionStage.gd:31)

	   [14] execute (res://addons/gdUnit4/src/core/execution/stages/IGdUnitExecutionStage.gd:19)

	   [15] execute (res://addons/gdUnit4/src/core/execution/GdUnitTestSuiteExecutor.gd:23)

ERROR: Can't use get_node() with absolute paths from outside the active scene tree.

   at: get_node_or_null (scene/main/node.cpp:1898)

   GDScript backtrace (most recent call first):

	   [0] create_game_memento (res://Autoloads/save_manager.gd:165)

	   [1] _save_data (res://Autoloads/save_manager.gd:137)

	   [2] set_hometown_skit_shown (res://Autoloads/save_manager.gd:91)

	   [3] test_set_and_get_hometown_skit_shown (res://tests/test_save_manager_extended.gd:10)

	   [4] _execute_test_case (res://addons/gdUnit4/src/core/_TestCase.gd:93)

	   [5] execute (res://addons/gdUnit4/src/core/_TestCase.gd:38)

	   [6] _execute (res://addons/gdUnit4/src/core/execution/stages/single/GdUnitTestCaseSingleTestStage.gd:10)

	   [7] execute (res://addons/gdUnit4/src/core/execution/stages/IGdUnitExecutionStage.gd:19)

	   [8] _execute (res://addons/gdUnit4/src/core/execution/stages/single/GdUnitTestCaseSingleExecutionStage.gd:17)

	   [9] execute (res://addons/gdUnit4/src/core/execution/stages/IGdUnitExecutionStage.gd:19)

	   [10] _execute (res://addons/gdUnit4/src/core/execution/stages/GdUnitTestCaseExecutionStage.gd:24)

	   [11] execute (res://addons/gdUnit4/src/core/execution/stages/IGdUnitExecutionStage.gd:19)

	   [12] _execute (res://addons/gdUnit4/src/core/execution/stages/GdUnitTestSuiteExecutionStage.gd:31)

	   [13] execute (res://addons/gdUnit4/src/core/execution/stages/IGdUnitExecutionStage.gd:19)

	   [14] execute (res://addons/gdUnit4/src/core/execution/GdUnitTestSuiteExecutor.gd:23)

ERROR: Can't use get_node() with absolute paths from outside the active scene tree.

   at: get_node_or_null (scene/main/node.cpp:1898)

   GDScript backtrace (most recent call first):

	   [0] _get_journal_manager (res://Autoloads/save_manager.gd:320)

	   [1] create_game_memento (res://Autoloads/save_manager.gd:152)

	   [2] _save_data (res://Autoloads/save_manager.gd:137)

	   [3] set_leader_unit_name (res://Autoloads/save_manager.gd:110)

	   [4] test_set_and_get_leader_unit_name (res://tests/test_save_manager_extended.gd:19)

	   [5] _execute_test_case (res://addons/gdUnit4/src/core/_TestCase.gd:93)

	   [6] execute (res://addons/gdUnit4/src/core/_TestCase.gd:38)

	   [7] _execute (res://addons/gdUnit4/src/core/execution/stages/single/GdUnitTestCaseSingleTestStage.gd:10)

	   [8] execute (res://addons/gdUnit4/src/core/execution/stages/IGdUnitExecutionStage.gd:19)

	   [9] _execute (res://addons/gdUnit4/src/core/execution/stages/single/GdUnitTestCaseSingleExecutionStage.gd:17)

	   [10] execute (res://addons/gdUnit4/src/core/execution/stages/IGdUnitExecutionStage.gd:19)

	   [11] _execute (res://addons/gdUnit4/src/core/execution/stages/GdUnitTestCaseExecutionStage.gd:24)

	   [12] execute (res://addons/gdUnit4/src/core/execution/stages/IGdUnitExecutionStage.gd:19)

	   [13] _execute (res://addons/gdUnit4/src/core/execution/stages/GdUnitTestSuiteExecutionStage.gd:31)

	   [14] execute (res://addons/gdUnit4/src/core/execution/stages/IGdUnitExecutionStage.gd:19)

	   [15] _execute (res://addons/gdUnit4/src/core/execution/stages/GdUnitTestCaseExecutionStage.gd:31)

	   [16] error_monitor_stop (res://addons/gdUnit4/src/core/execution/GdUnitExecutionContext.gd:128)

	   [17] scan (res://addons/gdUnit4/src/monitor/GodotGdErrorMonitor.gd:48)

WARNING: SaveManager: JournalManager not found in /root.

   at: push_warning (core/variant/variant_utility.cpp:1034)

   GDScript backtrace (most recent call first):

	   [0] _get_journal_manager (res://Autoloads/save_manager.gd:322)

	   [1] create_game_memento (res://Autoloads/save_manager.gd:152)

	   [2] _save_data (res://Autoloads/save_manager.gd:137)

	   [3] set_leader_unit_name (res://Autoloads/save_manager.gd:110)

	   [4] test_set_and_get_leader_unit_name (res://tests/test_save_manager_extended.gd:19)

	   [5] _execute_test_case (res://addons/gdUnit4/src/core/_TestCase.gd:93)

	   [6] execute (res://addons/gdUnit4/src/core/_TestCase.gd:38)

	   [7] _execute (res://addons/gdUnit4/src/core/execution/stages/single/GdUnitTestCaseSingleTestStage.gd:10)

	   [8] execute (res://addons/gdUnit4/src/core/execution/stages/IGdUnitExecutionStage.gd:19)

	   [9] _execute (res://addons/gdUnit4/src/core/execution/stages/single/GdUnitTestCaseSingleExecutionStage.gd:17)

	   [10] execute (res://addons/gdUnit4/src/core/execution/stages/IGdUnitExecutionStage.gd:19)

	   [11] _execute (res://addons/gdUnit4/src/core/execution/stages/GdUnitTestCaseExecutionStage.gd:24)

	   [12] execute (res://addons/gdUnit4/src/core/execution/stages/IGdUnitExecutionStage.gd:19)

	   [13] _execute (res://addons/gdUnit4/src/core/execution/stages/GdUnitTestSuiteExecutionStage.gd:31)

	   [14] execute (res://addons/gdUnit4/src/core/execution/stages/IGdUnitExecutionStage.gd:19)

	   [15] _execute (res://addons/gdUnit4/src/core/execution/stages/GdUnitTestCaseExecutionStage.gd:31)

	   [16] error_monitor_stop (res://addons/gdUnit4/src/core/execution/GdUnitExecutionContext.gd:128)

	   [17] scan (res://addons/gdUnit4/src/monitor/GodotGdErrorMonitor.gd:48)

ERROR: Can't use get_node() with absolute paths from outside the active scene tree.

   at: get_node_or_null (scene/main/node.cpp:1898)

   GDScript backtrace (most recent call first):

	   [0] _get_achievement_manager (res://Autoloads/save_manager.gd:326)

	   [1] create_game_memento (res://Autoloads/save_manager.gd:156)

	   [2] _save_data (res://Autoloads/save_manager.gd:137)

	   [3] set_leader_unit_name (res://Autoloads/save_manager.gd:110)

	   [4] test_set_and_get_leader_unit_name (res://tests/test_save_manager_extended.gd:19)

	   [5] _execute_test_case (res://addons/gdUnit4/src/core/_TestCase.gd:93)

	   [6] execute (res://addons/gdUnit4/src/core/_TestCase.gd:38)

	   [7] _execute (res://addons/gdUnit4/src/core/execution/stages/single/GdUnitTestCaseSingleTestStage.gd:10)

	   [8] execute (res://addons/gdUnit4/src/core/execution/stages/IGdUnitExecutionStage.gd:19)

	   [9] _execute (res://addons/gdUnit4/src/core/execution/stages/single/GdUnitTestCaseSingleExecutionStage.gd:17)

	   [10] execute (res://addons/gdUnit4/src/core/execution/stages/IGdUnitExecutionStage.gd:19)

	   [11] _execute (res://addons/gdUnit4/src/core/execution/stages/GdUnitTestCaseExecutionStage.gd:24)

	   [12] execute (res://addons/gdUnit4/src/core/execution/stages/IGdUnitExecutionStage.gd:19)

	   [13] _execute (res://addons/gdUnit4/src/core/execution/stages/GdUnitTestSuiteExecutionStage.gd:31)

	   [14] execute (res://addons/gdUnit4/src/core/execution/stages/IGdUnitExecutionStage.gd:19)

	   [15] _execute (res://addons/gdUnit4/src/core/execution/stages/GdUnitTestCaseExecutionStage.gd:31)

	   [16] error_monitor_stop (res://addons/gdUnit4/src/core/execution/GdUnitExecutionContext.gd:128)

	   [17] scan (res://addons/gdUnit4/src/monitor/GodotGdErrorMonitor.gd:48)

WARNING: SaveManager: AchievementManager not found in /root.

   at: push_warning (core/variant/variant_utility.cpp:1034)

   GDScript backtrace (most recent call first):

	   [0] _get_achievement_manager (res://Autoloads/save_manager.gd:328)

	   [1] create_game_memento (res://Autoloads/save_manager.gd:156)

	   [2] _save_data (res://Autoloads/save_manager.gd:137)

	   [3] set_leader_unit_name (res://Autoloads/save_manager.gd:110)

	   [4] test_set_and_get_leader_unit_name (res://tests/test_save_manager_extended.gd:19)

	   [5] _execute_test_case (res://addons/gdUnit4/src/core/_TestCase.gd:93)

	   [6] execute (res://addons/gdUnit4/src/core/_TestCase.gd:38)

	   [7] _execute (res://addons/gdUnit4/src/core/execution/stages/single/GdUnitTestCaseSingleTestStage.gd:10)

	   [8] execute (res://addons/gdUnit4/src/core/execution/stages/IGdUnitExecutionStage.gd:19)

	   [9] _execute (res://addons/gdUnit4/src/core/execution/stages/single/GdUnitTestCaseSingleExecutionStage.gd:17)

	   [10] execute (res://addons/gdUnit4/src/core/execution/stages/IGdUnitExecutionStage.gd:19)

	   [11] _execute (res://addons/gdUnit4/src/core/execution/stages/GdUnitTestCaseExecutionStage.gd:24)

	   [12] execute (res://addons/gdUnit4/src/core/execution/stages/IGdUnitExecutionStage.gd:19)

	   [13] _execute (res://addons/gdUnit4/src/core/execution/stages/GdUnitTestSuiteExecutionStage.gd:31)

	   [14] execute (res://addons/gdUnit4/src/core/execution/stages/IGdUnitExecutionStage.gd:19)

	   [15] _execute (res://addons/gdUnit4/src/core/execution/stages/GdUnitTestCaseExecutionStage.gd:31)

	   [16] error_monitor_stop (res://addons/gdUnit4/src/core/execution/GdUnitExecutionContext.gd:128)

	   [17] scan (res://addons/gdUnit4/src/monitor/GodotGdErrorMonitor.gd:48)

ERROR: Can't use get_node() with absolute paths from outside the active scene tree.

   at: get_node_or_null (scene/main/node.cpp:1898)

   GDScript backtrace (most recent call first):

	   [0] create_game_memento (res://Autoloads/save_manager.gd:165)

	   [1] _save_data (res://Autoloads/save_manager.gd:137)

	   [2] set_leader_unit_name (res://Autoloads/save_manager.gd:110)

	   [3] test_set_and_get_leader_unit_name (res://tests/test_save_manager_extended.gd:19)

	   [4] _execute_test_case (res://addons/gdUnit4/src/core/_TestCase.gd:93)

	   [5] execute (res://addons/gdUnit4/src/core/_TestCase.gd:38)

	   [6] _execute (res://addons/gdUnit4/src/core/execution/stages/single/GdUnitTestCaseSingleTestStage.gd:10)

	   [7] execute (res://addons/gdUnit4/src/core/execution/stages/IGdUnitExecutionStage.gd:19)

	   [8] _execute (res://addons/gdUnit4/src/core/execution/stages/single/GdUnitTestCaseSingleExecutionStage.gd:17)

	   [9] execute (res://addons/gdUnit4/src/core/execution/stages/IGdUnitExecutionStage.gd:19)

	   [10] _execute (res://addons/gdUnit4/src/core/execution/stages/GdUnitTestCaseExecutionStage.gd:24)

	   [11] execute (res://addons/gdUnit4/src/core/execution/stages/IGdUnitExecutionStage.gd:19)

	   [12] _execute (res://addons/gdUnit4/src/core/execution/stages/GdUnitTestSuiteExecutionStage.gd:31)

	   [13] execute (res://addons/gdUnit4/src/core/execution/stages/IGdUnitExecutionStage.gd:19)

	   [14] _execute (res://addons/gdUnit4/src/core/execution/stages/GdUnitTestCaseExecutionStage.gd:31)

	   [15] error_monitor_stop (res://addons/gdUnit4/src/core/execution/GdUnitExecutionContext.gd:128)

	   [16] scan (res://addons/gdUnit4/src/monitor/GodotGdErrorMonitor.gd:48)

ERROR: Can't use get_node() with absolute paths from outside the active scene tree.

   at: get_node_or_null (scene/main/node.cpp:1898)

   GDScript backtrace (most recent call first):

	   [0] _get_journal_manager (res://Autoloads/save_manager.gd:320)

	   [1] create_game_memento (res://Autoloads/save_manager.gd:152)

	   [2] _save_data (res://Autoloads/save_manager.gd:137)

	   [3] set_value (res://Autoloads/save_manager.gd:58)

	   [4] test_create_and_restore_game_memento (res://tests/test_save_manager_extended.gd:27)

	   [5] _execute_test_case (res://addons/gdUnit4/src/core/_TestCase.gd:93)

	   [6] execute (res://addons/gdUnit4/src/core/_TestCase.gd:38)

	   [7] _execute (res://addons/gdUnit4/src/core/execution/stages/single/GdUnitTestCaseSingleTestStage.gd:10)

	   [8] execute (res://addons/gdUnit4/src/core/execution/stages/IGdUnitExecutionStage.gd:19)

	   [9] _execute (res://addons/gdUnit4/src/core/execution/stages/single/GdUnitTestCaseSingleExecutionStage.gd:17)

	   [10] execute (res://addons/gdUnit4/src/core/execution/stages/IGdUnitExecutionStage.gd:19)

	   [11] _execute (res://addons/gdUnit4/src/core/execution/stages/GdUnitTestCaseExecutionStage.gd:24)

	   [12] execute (res://addons/gdUnit4/src/core/execution/stages/IGdUnitExecutionStage.gd:19)

	   [13] _execute (res://addons/gdUnit4/src/core/execution/stages/GdUnitTestSuiteExecutionStage.gd:31)

	   [14] execute (res://addons/gdUnit4/src/core/execution/stages/IGdUnitExecutionStage.gd:19)

	   [15] _execute (res://addons/gdUnit4/src/core/execution/stages/GdUnitTestCaseExecutionStage.gd:31)

	   [16] error_monitor_stop (res://addons/gdUnit4/src/core/execution/GdUnitExecutionContext.gd:128)

	   [17] scan (res://addons/gdUnit4/src/monitor/GodotGdErrorMonitor.gd:48)

WARNING: SaveManager: JournalManager not found in /root.

   at: push_warning (core/variant/variant_utility.cpp:1034)

   GDScript backtrace (most recent call first):

	   [0] _get_journal_manager (res://Autoloads/save_manager.gd:322)

	   [1] create_game_memento (res://Autoloads/save_manager.gd:152)

	   [2] _save_data (res://Autoloads/save_manager.gd:137)

	   [3] set_value (res://Autoloads/save_manager.gd:58)

	   [4] test_create_and_restore_game_memento (res://tests/test_save_manager_extended.gd:27)

	   [5] _execute_test_case (res://addons/gdUnit4/src/core/_TestCase.gd:93)

	   [6] execute (res://addons/gdUnit4/src/core/_TestCase.gd:38)

	   [7] _execute (res://addons/gdUnit4/src/core/execution/stages/single/GdUnitTestCaseSingleTestStage.gd:10)

	   [8] execute (res://addons/gdUnit4/src/core/execution/stages/IGdUnitExecutionStage.gd:19)

	   [9] _execute (res://addons/gdUnit4/src/core/execution/stages/single/GdUnitTestCaseSingleExecutionStage.gd:17)

	   [10] execute (res://addons/gdUnit4/src/core/execution/stages/IGdUnitExecutionStage.gd:19)

	   [11] _execute (res://addons/gdUnit4/src/core/execution/stages/GdUnitTestCaseExecutionStage.gd:24)

	   [12] execute (res://addons/gdUnit4/src/core/execution/stages/IGdUnitExecutionStage.gd:19)

	   [13] _execute (res://addons/gdUnit4/src/core/execution/stages/GdUnitTestSuiteExecutionStage.gd:31)

	   [14] execute (res://addons/gdUnit4/src/core/execution/stages/IGdUnitExecutionStage.gd:19)

	   [15] _execute (res://addons/gdUnit4/src/core/execution/stages/GdUnitTestCaseExecutionStage.gd:31)

	   [16] error_monitor_stop (res://addons/gdUnit4/src/core/execution/GdUnitExecutionContext.gd:128)

	   [17] scan (res://addons/gdUnit4/src/monitor/GodotGdErrorMonitor.gd:48)

ERROR: Can't use get_node() with absolute paths from outside the active scene tree.

   at: get_node_or_null (scene/main/node.cpp:1898)

   GDScript backtrace (most recent call first):

	   [0] _get_achievement_manager (res://Autoloads/save_manager.gd:326)

	   [1] create_game_memento (res://Autoloads/save_manager.gd:156)

	   [2] _save_data (res://Autoloads/save_manager.gd:137)

	   [3] set_value (res://Autoloads/save_manager.gd:58)

	   [4] test_create_and_restore_game_memento (res://tests/test_save_manager_extended.gd:27)

	   [5] _execute_test_case (res://addons/gdUnit4/src/core/_TestCase.gd:93)

	   [6] execute (res://addons/gdUnit4/src/core/_TestCase.gd:38)

	   [7] _execute (res://addons/gdUnit4/src/core/execution/stages/single/GdUnitTestCaseSingleTestStage.gd:10)

	   [8] execute (res://addons/gdUnit4/src/core/execution/stages/IGdUnitExecutionStage.gd:19)

	   [9] _execute (res://addons/gdUnit4/src/core/execution/stages/single/GdUnitTestCaseSingleExecutionStage.gd:17)

	   [10] execute (res://addons/gdUnit4/src/core/execution/stages/IGdUnitExecutionStage.gd:19)

	   [11] _execute (res://addons/gdUnit4/src/core/execution/stages/GdUnitTestCaseExecutionStage.gd:24)

	   [12] execute (res://addons/gdUnit4/src/core/execution/stages/IGdUnitExecutionStage.gd:19)

	   [13] _execute (res://addons/gdUnit4/src/core/execution/stages/GdUnitTestSuiteExecutionStage.gd:31)

	   [14] execute (res://addons/gdUnit4/src/core/execution/stages/IGdUnitExecutionStage.gd:19)

	   [15] _execute (res://addons/gdUnit4/src/core/execution/stages/GdUnitTestCaseExecutionStage.gd:31)

	   [16] error_monitor_stop (res://addons/gdUnit4/src/core/execution/GdUnitExecutionContext.gd:128)

	   [17] scan (res://addons/gdUnit4/src/monitor/GodotGdErrorMonitor.gd:48)

WARNING: SaveManager: AchievementManager not found in /root.

   at: push_warning (core/variant/variant_utility.cpp:1034)

   GDScript backtrace (most recent call first):

	   [0] _get_achievement_manager (res://Autoloads/save_manager.gd:328)

	   [1] create_game_memento (res://Autoloads/save_manager.gd:156)

	   [2] _save_data (res://Autoloads/save_manager.gd:137)

	   [3] set_value (res://Autoloads/save_manager.gd:58)

	   [4] test_create_and_restore_game_memento (res://tests/test_save_manager_extended.gd:27)

	   [5] _execute_test_case (res://addons/gdUnit4/src/core/_TestCase.gd:93)

	   [6] execute (res://addons/gdUnit4/src/core/_TestCase.gd:38)

	   [7] _execute (res://addons/gdUnit4/src/core/execution/stages/single/GdUnitTestCaseSingleTestStage.gd:10)

	   [8] execute (res://addons/gdUnit4/src/core/execution/stages/IGdUnitExecutionStage.gd:19)

	   [9] _execute (res://addons/gdUnit4/src/core/execution/stages/single/GdUnitTestCaseSingleExecutionStage.gd:17)

	   [10] execute (res://addons/gdUnit4/src/core/execution/stages/IGdUnitExecutionStage.gd:19)

	   [11] _execute (res://addons/gdUnit4/src/core/execution/stages/GdUnitTestCaseExecutionStage.gd:24)

	   [12] execute (res://addons/gdUnit4/src/core/execution/stages/IGdUnitExecutionStage.gd:19)

	   [13] _execute (res://addons/gdUnit4/src/core/execution/stages/GdUnitTestSuiteExecutionStage.gd:31)

	   [14] execute (res://addons/gdUnit4/src/core/execution/stages/IGdUnitExecutionStage.gd:19)

	   [15] _execute (res://addons/gdUnit4/src/core/execution/stages/GdUnitTestCaseExecutionStage.gd:31)

	   [16] error_monitor_stop (res://addons/gdUnit4/src/core/execution/GdUnitExecutionContext.gd:128)

	   [17] scan (res://addons/gdUnit4/src/monitor/GodotGdErrorMonitor.gd:48)

ERROR: Can't use get_node() with absolute paths from outside the active scene tree.

   at: get_node_or_null (scene/main/node.cpp:1898)

   GDScript backtrace (most recent call first):

	   [0] create_game_memento (res://Autoloads/save_manager.gd:165)

	   [1] _save_data (res://Autoloads/save_manager.gd:137)

	   [2] set_value (res://Autoloads/save_manager.gd:58)

	   [3] test_create_and_restore_game_memento (res://tests/test_save_manager_extended.gd:27)

	   [4] _execute_test_case (res://addons/gdUnit4/src/core/_TestCase.gd:93)

	   [5] execute (res://addons/gdUnit4/src/core/_TestCase.gd:38)

	   [6] _execute (res://addons/gdUnit4/src/core/execution/stages/single/GdUnitTestCaseSingleTestStage.gd:10)

	   [7] execute (res://addons/gdUnit4/src/core/execution/stages/IGdUnitExecutionStage.gd:19)

	   [8] _execute (res://addons/gdUnit4/src/core/execution/stages/single/GdUnitTestCaseSingleExecutionStage.gd:17)

	   [9] execute (res://addons/gdUnit4/src/core/execution/stages/IGdUnitExecutionStage.gd:19)

	   [10] _execute (res://addons/gdUnit4/src/core/execution/stages/GdUnitTestCaseExecutionStage.gd:24)

	   [11] execute (res://addons/gdUnit4/src/core/execution/stages/IGdUnitExecutionStage.gd:19)

	   [12] _execute (res://addons/gdUnit4/src/core/execution/stages/GdUnitTestSuiteExecutionStage.gd:31)

	   [13] execute (res://addons/gdUnit4/src/core/execution/stages/IGdUnitExecutionStage.gd:19)

	   [14] _execute (res://addons/gdUnit4/src/core/execution/stages/GdUnitTestCaseExecutionStage.gd:31)

	   [15] error_monitor_stop (res://addons/gdUnit4/src/core/execution/GdUnitExecutionContext.gd:128)

	   [16] scan (res://addons/gdUnit4/src/monitor/GodotGdErrorMonitor.gd:48)

ERROR: Can't use get_node() with absolute paths from outside the active scene tree.

   at: get_node_or_null (scene/main/node.cpp:1898)

   GDScript backtrace (most recent call first):

	   [0] _get_journal_manager (res://Autoloads/save_manager.gd:320)

	   [1] create_game_memento (res://Autoloads/save_manager.gd:152)

	   [2] test_create_and_restore_game_memento (res://tests/test_save_manager_extended.gd:29)

	   [3] _execute_test_case (res://addons/gdUnit4/src/core/_TestCase.gd:93)

	   [4] execute (res://addons/gdUnit4/src/core/_TestCase.gd:38)

	   [5] _execute (res://addons/gdUnit4/src/core/execution/stages/single/GdUnitTestCaseSingleTestStage.gd:10)

	   [6] execute (res://addons/gdUnit4/src/core/execution/stages/IGdUnitExecutionStage.gd:19)

	   [7] _execute (res://addons/gdUnit4/src/core/execution/stages/single/GdUnitTestCaseSingleExecutionStage.gd:17)

	   [8] execute (res://addons/gdUnit4/src/core/execution/stages/IGdUnitExecutionStage.gd:19)

	   [9] _execute (res://addons/gdUnit4/src/core/execution/stages/GdUnitTestCaseExecutionStage.gd:24)

	   [10] execute (res://addons/gdUnit4/src/core/execution/stages/IGdUnitExecutionStage.gd:19)

	   [11] _execute (res://addons/gdUnit4/src/core/execution/stages/GdUnitTestSuiteExecutionStage.gd:31)

	   [12] execute (res://addons/gdUnit4/src/core/execution/stages/IGdUnitExecutionStage.gd:19)

	   [13] _execute (res://addons/gdUnit4/src/core/execution/stages/GdUnitTestCaseExecutionStage.gd:31)

	   [14] error_monitor_stop (res://addons/gdUnit4/src/core/execution/GdUnitExecutionContext.gd:128)

	   [15] scan (res://addons/gdUnit4/src/monitor/GodotGdErrorMonitor.gd:48)

WARNING: SaveManager: JournalManager not found in /root.

   at: push_warning (core/variant/variant_utility.cpp:1034)

   GDScript backtrace (most recent call first):

	   [0] _get_journal_manager (res://Autoloads/save_manager.gd:322)

	   [1] create_game_memento (res://Autoloads/save_manager.gd:152)

	   [2] test_create_and_restore_game_memento (res://tests/test_save_manager_extended.gd:29)

	   [3] _execute_test_case (res://addons/gdUnit4/src/core/_TestCase.gd:93)

	   [4] execute (res://addons/gdUnit4/src/core/_TestCase.gd:38)

	   [5] _execute (res://addons/gdUnit4/src/core/execution/stages/single/GdUnitTestCaseSingleTestStage.gd:10)

	   [6] execute (res://addons/gdUnit4/src/core/execution/stages/IGdUnitExecutionStage.gd:19)

	   [7] _execute (res://addons/gdUnit4/src/core/execution/stages/single/GdUnitTestCaseSingleExecutionStage.gd:17)

	   [8] execute (res://addons/gdUnit4/src/core/execution/stages/IGdUnitExecutionStage.gd:19)

	   [9] _execute (res://addons/gdUnit4/src/core/execution/stages/GdUnitTestCaseExecutionStage.gd:24)

	   [10] execute (res://addons/gdUnit4/src/core/execution/stages/IGdUnitExecutionStage.gd:19)

	   [11] _execute (res://addons/gdUnit4/src/core/execution/stages/GdUnitTestSuiteExecutionStage.gd:31)

	   [12] execute (res://addons/gdUnit4/src/core/execution/stages/IGdUnitExecutionStage.gd:19)

	   [13] _execute (res://addons/gdUnit4/src/core/execution/stages/GdUnitTestCaseExecutionStage.gd:31)

	   [14] error_monitor_stop (res://addons/gdUnit4/src/core/execution/GdUnitExecutionContext.gd:128)

	   [15] scan (res://addons/gdUnit4/src/monitor/GodotGdErrorMonitor.gd:48)

ERROR: Can't use get_node() with absolute paths from outside the active scene tree.

   at: get_node_or_null (scene/main/node.cpp:1898)

   GDScript backtrace (most recent call first):

	   [0] _get_achievement_manager (res://Autoloads/save_manager.gd:326)

	   [1] create_game_memento (res://Autoloads/save_manager.gd:156)

	   [2] test_create_and_restore_game_memento (res://tests/test_save_manager_extended.gd:29)

	   [3] _execute_test_case (res://addons/gdUnit4/src/core/_TestCase.gd:93)

	   [4] execute (res://addons/gdUnit4/src/core/_TestCase.gd:38)

	   [5] _execute (res://addons/gdUnit4/src/core/execution/stages/single/GdUnitTestCaseSingleTestStage.gd:10)

	   [6] execute (res://addons/gdUnit4/src/core/execution/stages/IGdUnitExecutionStage.gd:19)

	   [7] _execute (res://addons/gdUnit4/src/core/execution/stages/single/GdUnitTestCaseSingleExecutionStage.gd:17)

	   [8] execute (res://addons/gdUnit4/src/core/execution/stages/IGdUnitExecutionStage.gd:19)

	   [9] _execute (res://addons/gdUnit4/src/core/execution/stages/GdUnitTestCaseExecutionStage.gd:24)

	   [10] execute (res://addons/gdUnit4/src/core/execution/stages/IGdUnitExecutionStage.gd:19)

	   [11] _execute (res://addons/gdUnit4/src/core/execution/stages/GdUnitTestSuiteExecutionStage.gd:31)

	   [12] execute (res://addons/gdUnit4/src/core/execution/stages/IGdUnitExecutionStage.gd:19)

	   [13] _execute (res://addons/gdUnit4/src/core/execution/stages/GdUnitTestCaseExecutionStage.gd:31)

	   [14] error_monitor_stop (res://addons/gdUnit4/src/core/execution/GdUnitExecutionContext.gd:128)

	   [15] scan (res://addons/gdUnit4/src/monitor/GodotGdErrorMonitor.gd:48)

WARNING: SaveManager: AchievementManager not found in /root.

   at: push_warning (core/variant/variant_utility.cpp:1034)

   GDScript backtrace (most recent call first):

	   [0] _get_achievement_manager (res://Autoloads/save_manager.gd:328)

	   [1] create_game_memento (res://Autoloads/save_manager.gd:156)

	   [2] test_create_and_restore_game_memento (res://tests/test_save_manager_extended.gd:29)

	   [3] _execute_test_case (res://addons/gdUnit4/src/core/_TestCase.gd:93)

	   [4] execute (res://addons/gdUnit4/src/core/_TestCase.gd:38)

	   [5] _execute (res://addons/gdUnit4/src/core/execution/stages/single/GdUnitTestCaseSingleTestStage.gd:10)

	   [6] execute (res://addons/gdUnit4/src/core/execution/stages/IGdUnitExecutionStage.gd:19)

	   [7] _execute (res://addons/gdUnit4/src/core/execution/stages/single/GdUnitTestCaseSingleExecutionStage.gd:17)

	   [8] execute (res://addons/gdUnit4/src/core/execution/stages/IGdUnitExecutionStage.gd:19)

	   [9] _execute (res://addons/gdUnit4/src/core/execution/stages/GdUnitTestCaseExecutionStage.gd:24)

	   [10] execute (res://addons/gdUnit4/src/core/execution/stages/IGdUnitExecutionStage.gd:19)

	   [11] _execute (res://addons/gdUnit4/src/core/execution/stages/GdUnitTestSuiteExecutionStage.gd:31)

	   [12] execute (res://addons/gdUnit4/src/core/execution/stages/IGdUnitExecutionStage.gd:19)

	   [13] _execute (res://addons/gdUnit4/src/core/execution/stages/GdUnitTestCaseExecutionStage.gd:31)

	   [14] error_monitor_stop (res://addons/gdUnit4/src/core/execution/GdUnitExecutionContext.gd:128)

	   [15] scan (res://addons/gdUnit4/src/monitor/GodotGdErrorMonitor.gd:48)

ERROR: Can't use get_node() with absolute paths from outside the active scene tree.

   at: get_node_or_null (scene/main/node.cpp:1898)

   GDScript backtrace (most recent call first):

	   [0] create_game_memento (res://Autoloads/save_manager.gd:165)

	   [1] test_create_and_restore_game_memento (res://tests/test_save_manager_extended.gd:29)

	   [2] _execute_test_case (res://addons/gdUnit4/src/core/_TestCase.gd:93)

	   [3] execute (res://addons/gdUnit4/src/core/_TestCase.gd:38)

	   [4] _execute (res://addons/gdUnit4/src/core/execution/stages/single/GdUnitTestCaseSingleTestStage.gd:10)

	   [5] execute (res://addons/gdUnit4/src/core/execution/stages/IGdUnitExecutionStage.gd:19)

	   [6] _execute (res://addons/gdUnit4/src/core/execution/stages/single/GdUnitTestCaseSingleExecutionStage.gd:17)

	   [7] execute (res://addons/gdUnit4/src/core/execution/stages/IGdUnitExecutionStage.gd:19)

	   [8] _execute (res://addons/gdUnit4/src/core/execution/stages/GdUnitTestCaseExecutionStage.gd:24)

	   [9] execute (res://addons/gdUnit4/src/core/execution/stages/IGdUnitExecutionStage.gd:19)

	   [10] _execute (res://addons/gdUnit4/src/core/execution/stages/GdUnitTestSuiteExecutionStage.gd:31)

	   [11] execute (res://addons/gdUnit4/src/core/execution/stages/IGdUnitExecutionStage.gd:19)

	   [12] _execute (res://addons/gdUnit4/src/core/execution/stages/GdUnitTestCaseExecutionStage.gd:31)

	   [13] error_monitor_stop (res://addons/gdUnit4/src/core/execution/GdUnitExecutionContext.gd:128)

	   [14] scan (res://addons/gdUnit4/src/monitor/GodotGdErrorMonitor.gd:48)

ERROR: Can't use get_node() with absolute paths from outside the active scene tree.

   at: get_node_or_null (scene/main/node.cpp:1898)

   GDScript backtrace (most recent call first):

	   [0] _get_journal_manager (res://Autoloads/save_manager.gd:320)

	   [1] create_game_memento (res://Autoloads/save_manager.gd:152)

	   [2] _save_data (res://Autoloads/save_manager.gd:137)

	   [3] set_value (res://Autoloads/save_manager.gd:58)

	   [4] test_create_and_restore_game_memento (res://tests/test_save_manager_extended.gd:34)

	   [5] _execute_test_case (res://addons/gdUnit4/src/core/_TestCase.gd:93)

	   [6] execute (res://addons/gdUnit4/src/core/_TestCase.gd:38)

	   [7] _execute (res://addons/gdUnit4/src/core/execution/stages/single/GdUnitTestCaseSingleTestStage.gd:10)

	   [8] execute (res://addons/gdUnit4/src/core/execution/stages/IGdUnitExecutionStage.gd:19)

	   [9] _execute (res://addons/gdUnit4/src/core/execution/stages/single/GdUnitTestCaseSingleExecutionStage.gd:17)

	   [10] execute (res://addons/gdUnit4/src/core/execution/stages/IGdUnitExecutionStage.gd:19)

	   [11] _execute (res://addons/gdUnit4/src/core/execution/stages/GdUnitTestCaseExecutionStage.gd:24)

	   [12] execute (res://addons/gdUnit4/src/core/execution/stages/IGdUnitExecutionStage.gd:19)

	   [13] _execute (res://addons/gdUnit4/src/core/execution/stages/GdUnitTestSuiteExecutionStage.gd:31)

	   [14] execute (res://addons/gdUnit4/src/core/execution/stages/IGdUnitExecutionStage.gd:19)

	   [15] _execute (res://addons/gdUnit4/src/core/execution/stages/GdUnitTestCaseExecutionStage.gd:31)

	   [16] error_monitor_stop (res://addons/gdUnit4/src/core/execution/GdUnitExecutionContext.gd:128)

	   [17] scan (res://addons/gdUnit4/src/monitor/GodotGdErrorMonitor.gd:48)

WARNING: SaveManager: JournalManager not found in /root.

   at: push_warning (core/variant/variant_utility.cpp:1034)

   GDScript backtrace (most recent call first):

	   [0] _get_journal_manager (res://Autoloads/save_manager.gd:322)

	   [1] create_game_memento (res://Autoloads/save_manager.gd:152)

	   [2] _save_data (res://Autoloads/save_manager.gd:137)

	   [3] set_value (res://Autoloads/save_manager.gd:58)

	   [4] test_create_and_restore_game_memento (res://tests/test_save_manager_extended.gd:34)

	   [5] _execute_test_case (res://addons/gdUnit4/src/core/_TestCase.gd:93)

	   [6] execute (res://addons/gdUnit4/src/core/_TestCase.gd:38)

	   [7] _execute (res://addons/gdUnit4/src/core/execution/stages/single/GdUnitTestCaseSingleTestStage.gd:10)

	   [8] execute (res://addons/gdUnit4/src/core/execution/stages/IGdUnitExecutionStage.gd:19)

	   [9] _execute (res://addons/gdUnit4/src/core/execution/stages/single/GdUnitTestCaseSingleExecutionStage.gd:17)

	   [10] execute (res://addons/gdUnit4/src/core/execution/stages/IGdUnitExecutionStage.gd:19)

	   [11] _execute (res://addons/gdUnit4/src/core/execution/stages/GdUnitTestCaseExecutionStage.gd:24)

	   [12] execute (res://addons/gdUnit4/src/core/execution/stages/IGdUnitExecutionStage.gd:19)

	   [13] _execute (res://addons/gdUnit4/src/core/execution/stages/GdUnitTestSuiteExecutionStage.gd:31)

	   [14] execute (res://addons/gdUnit4/src/core/execution/stages/IGdUnitExecutionStage.gd:19)

	   [15] _execute (res://addons/gdUnit4/src/core/execution/stages/GdUnitTestCaseExecutionStage.gd:31)

	   [16] error_monitor_stop (res://addons/gdUnit4/src/core/execution/GdUnitExecutionContext.gd:128)

	   [17] scan (res://addons/gdUnit4/src/monitor/GodotGdErrorMonitor.gd:48)

ERROR: Can't use get_node() with absolute paths from outside the active scene tree.

   at: get_node_or_null (scene/main/node.cpp:1898)

   GDScript backtrace (most recent call first):

	   [0] _get_achievement_manager (res://Autoloads/save_manager.gd:326)

	   [1] create_game_memento (res://Autoloads/save_manager.gd:156)

	   [2] _save_data (res://Autoloads/save_manager.gd:137)

	   [3] set_value (res://Autoloads/save_manager.gd:58)

	   [4] test_create_and_restore_game_memento (res://tests/test_save_manager_extended.gd:34)

	   [5] _execute_test_case (res://addons/gdUnit4/src/core/_TestCase.gd:93)

	   [6] execute (res://addons/gdUnit4/src/core/_TestCase.gd:38)

	   [7] _execute (res://addons/gdUnit4/src/core/execution/stages/single/GdUnitTestCaseSingleTestStage.gd:10)

	   [8] execute (res://addons/gdUnit4/src/core/execution/stages/IGdUnitExecutionStage.gd:19)

	   [9] _execute (res://addons/gdUnit4/src/core/execution/stages/single/GdUnitTestCaseSingleExecutionStage.gd:17)

	   [10] execute (res://addons/gdUnit4/src/core/execution/stages/IGdUnitExecutionStage.gd:19)

	   [11] _execute (res://addons/gdUnit4/src/core/execution/stages/GdUnitTestCaseExecutionStage.gd:24)

	   [12] execute (res://addons/gdUnit4/src/core/execution/stages/IGdUnitExecutionStage.gd:19)

	   [13] _execute (res://addons/gdUnit4/src/core/execution/stages/GdUnitTestSuiteExecutionStage.gd:31)

	   [14] execute (res://addons/gdUnit4/src/core/execution/stages/IGdUnitExecutionStage.gd:19)

	   [15] _execute (res://addons/gdUnit4/src/core/execution/stages/GdUnitTestCaseExecutionStage.gd:31)

	   [16] error_monitor_stop (res://addons/gdUnit4/src/core/execution/GdUnitExecutionContext.gd:128)

	   [17] scan (res://addons/gdUnit4/src/monitor/GodotGdErrorMonitor.gd:48)

WARNING: SaveManager: AchievementManager not found in /root.

   at: push_warning (core/variant/variant_utility.cpp:1034)

   GDScript backtrace (most recent call first):

	   [0] _get_achievement_manager (res://Autoloads/save_manager.gd:328)

	   [1] create_game_memento (res://Autoloads/save_manager.gd:156)

	   [2] _save_data (res://Autoloads/save_manager.gd:137)

	   [3] set_value (res://Autoloads/save_manager.gd:58)

	   [4] test_create_and_restore_game_memento (res://tests/test_save_manager_extended.gd:34)

	   [5] _execute_test_case (res://addons/gdUnit4/src/core/_TestCase.gd:93)

	   [6] execute (res://addons/gdUnit4/src/core/_TestCase.gd:38)

	   [7] _execute (res://addons/gdUnit4/src/core/execution/stages/single/GdUnitTestCaseSingleTestStage.gd:10)

	   [8] execute (res://addons/gdUnit4/src/core/execution/stages/IGdUnitExecutionStage.gd:19)

	   [9] _execute (res://addons/gdUnit4/src/core/execution/stages/single/GdUnitTestCaseSingleExecutionStage.gd:17)

	   [10] execute (res://addons/gdUnit4/src/core/execution/stages/IGdUnitExecutionStage.gd:19)

	   [11] _execute (res://addons/gdUnit4/src/core/execution/stages/GdUnitTestCaseExecutionStage.gd:24)

	   [12] execute (res://addons/gdUnit4/src/core/execution/stages/IGdUnitExecutionStage.gd:19)

	   [13] _execute (res://addons/gdUnit4/src/core/execution/stages/GdUnitTestSuiteExecutionStage.gd:31)

	   [14] execute (res://addons/gdUnit4/src/core/execution/stages/IGdUnitExecutionStage.gd:19)

	   [15] _execute (res://addons/gdUnit4/src/core/execution/stages/GdUnitTestCaseExecutionStage.gd:31)

	   [16] error_monitor_stop (res://addons/gdUnit4/src/core/execution/GdUnitExecutionContext.gd:128)

	   [17] scan (res://addons/gdUnit4/src/monitor/GodotGdErrorMonitor.gd:48)

ERROR: Can't use get_node() with absolute paths from outside the active scene tree.

   at: get_node_or_null (scene/main/node.cpp:1898)

   GDScript backtrace (most recent call first):

	   [0] create_game_memento (res://Autoloads/save_manager.gd:165)

	   [1] _save_data (res://Autoloads/save_manager.gd:137)

	   [2] set_value (res://Autoloads/save_manager.gd:58)

	   [3] test_create_and_restore_game_memento (res://tests/test_save_manager_extended.gd:34)

	   [4] _execute_test_case (res://addons/gdUnit4/src/core/_TestCase.gd:93)

	   [5] execute (res://addons/gdUnit4/src/core/_TestCase.gd:38)

	   [6] _execute (res://addons/gdUnit4/src/core/execution/stages/single/GdUnitTestCaseSingleTestStage.gd:10)

	   [7] execute (res://addons/gdUnit4/src/core/execution/stages/IGdUnitExecutionStage.gd:19)

	   [8] _execute (res://addons/gdUnit4/src/core/execution/stages/single/GdUnitTestCaseSingleExecutionStage.gd:17)

	   [9] execute (res://addons/gdUnit4/src/core/execution/stages/IGdUnitExecutionStage.gd:19)

	   [10] _execute (res://addons/gdUnit4/src/core/execution/stages/GdUnitTestCaseExecutionStage.gd:24)

	   [11] execute (res://addons/gdUnit4/src/core/execution/stages/IGdUnitExecutionStage.gd:19)

	   [12] _execute (res://addons/gdUnit4/src/core/execution/stages/GdUnitTestSuiteExecutionStage.gd:31)

	   [13] execute (res://addons/gdUnit4/src/core/execution/stages/IGdUnitExecutionStage.gd:19)

	   [14] _execute (res://addons/gdUnit4/src/core/execution/stages/GdUnitTestCaseExecutionStage.gd:31)

	   [15] error_monitor_stop (res://addons/gdUnit4/src/core/execution/GdUnitExecutionContext.gd:128)

	   [16] scan (res://addons/gdUnit4/src/monitor/GodotGdErrorMonitor.gd:48)

ERROR: Can't use get_node() with absolute paths from outside the active scene tree.

   at: get_node_or_null (scene/main/node.cpp:1898)

   GDScript backtrace (most recent call first):

	   [0] _get_journal_manager (res://Autoloads/save_manager.gd:320)

	   [1] create_game_memento (res://Autoloads/save_manager.gd:152)

	   [2] _save_data (res://Autoloads/save_manager.gd:137)

	   [3] set_value (res://Autoloads/save_manager.gd:58)

	   [4] test_undo_and_redo_state (res://tests/test_save_manager_extended.gd:43)

	   [5] _execute_test_case (res://addons/gdUnit4/src/core/_TestCase.gd:93)

	   [6] execute (res://addons/gdUnit4/src/core/_TestCase.gd:38)

	   [7] _execute (res://addons/gdUnit4/src/core/execution/stages/single/GdUnitTestCaseSingleTestStage.gd:10)

	   [8] execute (res://addons/gdUnit4/src/core/execution/stages/IGdUnitExecutionStage.gd:19)

	   [9] _execute (res://addons/gdUnit4/src/core/execution/stages/single/GdUnitTestCaseSingleExecutionStage.gd:17)

	   [10] execute (res://addons/gdUnit4/src/core/execution/stages/IGdUnitExecutionStage.gd:19)

	   [11] _execute (res://addons/gdUnit4/src/core/execution/stages/GdUnitTestCaseExecutionStage.gd:24)

	   [12] execute (res://addons/gdUnit4/src/core/execution/stages/IGdUnitExecutionStage.gd:19)

	   [13] _execute (res://addons/gdUnit4/src/core/execution/stages/GdUnitTestSuiteExecutionStage.gd:31)

	   [14] execute (res://addons/gdUnit4/src/core/execution/stages/IGdUnitExecutionStage.gd:19)

	   [15] _execute (res://addons/gdUnit4/src/core/execution/stages/GdUnitTestCaseExecutionStage.gd:31)

	   [16] error_monitor_stop (res://addons/gdUnit4/src/core/execution/GdUnitExecutionContext.gd:128)

	   [17] scan (res://addons/gdUnit4/src/monitor/GodotGdErrorMonitor.gd:48)

WARNING: SaveManager: JournalManager not found in /root.

   at: push_warning (core/variant/variant_utility.cpp:1034)

   GDScript backtrace (most recent call first):

	   [0] _get_journal_manager (res://Autoloads/save_manager.gd:322)

	   [1] create_game_memento (res://Autoloads/save_manager.gd:152)

	   [2] _save_data (res://Autoloads/save_manager.gd:137)

	   [3] set_value (res://Autoloads/save_manager.gd:58)

	   [4] test_undo_and_redo_state (res://tests/test_save_manager_extended.gd:43)

	   [5] _execute_test_case (res://addons/gdUnit4/src/core/_TestCase.gd:93)

	   [6] execute (res://addons/gdUnit4/src/core/_TestCase.gd:38)

	   [7] _execute (res://addons/gdUnit4/src/core/execution/stages/single/GdUnitTestCaseSingleTestStage.gd:10)

	   [8] execute (res://addons/gdUnit4/src/core/execution/stages/IGdUnitExecutionStage.gd:19)

	   [9] _execute (res://addons/gdUnit4/src/core/execution/stages/single/GdUnitTestCaseSingleExecutionStage.gd:17)

	   [10] execute (res://addons/gdUnit4/src/core/execution/stages/IGdUnitExecutionStage.gd:19)

	   [11] _execute (res://addons/gdUnit4/src/core/execution/stages/GdUnitTestCaseExecutionStage.gd:24)

	   [12] execute (res://addons/gdUnit4/src/core/execution/stages/IGdUnitExecutionStage.gd:19)

	   [13] _execute (res://addons/gdUnit4/src/core/execution/stages/GdUnitTestSuiteExecutionStage.gd:31)

	   [14] execute (res://addons/gdUnit4/src/core/execution/stages/IGdUnitExecutionStage.gd:19)

	   [15] _execute (res://addons/gdUnit4/src/core/execution/stages/GdUnitTestCaseExecutionStage.gd:31)

	   [16] error_monitor_stop (res://addons/gdUnit4/src/core/execution/GdUnitExecutionContext.gd:128)

	   [17] scan (res://addons/gdUnit4/src/monitor/GodotGdErrorMonitor.gd:48)

ERROR: Can't use get_node() with absolute paths from outside the active scene tree.

   at: get_node_or_null (scene/main/node.cpp:1898)

   GDScript backtrace (most recent call first):

	   [0] _get_achievement_manager (res://Autoloads/save_manager.gd:326)

	   [1] create_game_memento (res://Autoloads/save_manager.gd:156)

	   [2] _save_data (res://Autoloads/save_manager.gd:137)

	   [3] set_value (res://Autoloads/save_manager.gd:58)

	   [4] test_undo_and_redo_state (res://tests/test_save_manager_extended.gd:43)

	   [5] _execute_test_case (res://addons/gdUnit4/src/core/_TestCase.gd:93)

	   [6] execute (res://addons/gdUnit4/src/core/_TestCase.gd:38)

	   [7] _execute (res://addons/gdUnit4/src/core/execution/stages/single/GdUnitTestCaseSingleTestStage.gd:10)

	   [8] execute (res://addons/gdUnit4/src/core/execution/stages/IGdUnitExecutionStage.gd:19)

	   [9] _execute (res://addons/gdUnit4/src/core/execution/stages/single/GdUnitTestCaseSingleExecutionStage.gd:17)

	   [10] execute (res://addons/gdUnit4/src/core/execution/stages/IGdUnitExecutionStage.gd:19)

	   [11] _execute (res://addons/gdUnit4/src/core/execution/stages/GdUnitTestCaseExecutionStage.gd:24)

	   [12] execute (res://addons/gdUnit4/src/core/execution/stages/IGdUnitExecutionStage.gd:19)

	   [13] _execute (res://addons/gdUnit4/src/core/execution/stages/GdUnitTestSuiteExecutionStage.gd:31)

	   [14] execute (res://addons/gdUnit4/src/core/execution/stages/IGdUnitExecutionStage.gd:19)

	   [15] _execute (res://addons/gdUnit4/src/core/execution/stages/GdUnitTestCaseExecutionStage.gd:31)

	   [16] error_monitor_stop (res://addons/gdUnit4/src/core/execution/GdUnitExecutionContext.gd:128)

	   [17] scan (res://addons/gdUnit4/src/monitor/GodotGdErrorMonitor.gd:48)

WARNING: SaveManager: AchievementManager not found in /root.

   at: push_warning (core/variant/variant_utility.cpp:1034)

   GDScript backtrace (most recent call first):

	   [0] _get_achievement_manager (res://Autoloads/save_manager.gd:328)

	   [1] create_game_memento (res://Autoloads/save_manager.gd:156)

	   [2] _save_data (res://Autoloads/save_manager.gd:137)

	   [3] set_value (res://Autoloads/save_manager.gd:58)

	   [4] test_undo_and_redo_state (res://tests/test_save_manager_extended.gd:43)

	   [5] _execute_test_case (res://addons/gdUnit4/src/core/_TestCase.gd:93)

	   [6] execute (res://addons/gdUnit4/src/core/_TestCase.gd:38)

	   [7] _execute (res://addons/gdUnit4/src/core/execution/stages/single/GdUnitTestCaseSingleTestStage.gd:10)

	   [8] execute (res://addons/gdUnit4/src/core/execution/stages/IGdUnitExecutionStage.gd:19)

	   [9] _execute (res://addons/gdUnit4/src/core/execution/stages/single/GdUnitTestCaseSingleExecutionStage.gd:17)

	   [10] execute (res://addons/gdUnit4/src/core/execution/stages/IGdUnitExecutionStage.gd:19)

	   [11] _execute (res://addons/gdUnit4/src/core/execution/stages/GdUnitTestCaseExecutionStage.gd:24)

	   [12] execute (res://addons/gdUnit4/src/core/execution/stages/IGdUnitExecutionStage.gd:19)

	   [13] _execute (res://addons/gdUnit4/src/core/execution/stages/GdUnitTestSuiteExecutionStage.gd:31)

	   [14] execute (res://addons/gdUnit4/src/core/execution/stages/IGdUnitExecutionStage.gd:19)

	   [15] _execute (res://addons/gdUnit4/src/core/execution/stages/GdUnitTestCaseExecutionStage.gd:31)

	   [16] error_monitor_stop (res://addons/gdUnit4/src/core/execution/GdUnitExecutionContext.gd:128)

	   [17] scan (res://addons/gdUnit4/src/monitor/GodotGdErrorMonitor.gd:48)

ERROR: Can't use get_node() with absolute paths from outside the active scene tree.

   at: get_node_or_null (scene/main/node.cpp:1898)

   GDScript backtrace (most recent call first):

	   [0] create_game_memento (res://Autoloads/save_manager.gd:165)

	   [1] _save_data (res://Autoloads/save_manager.gd:137)

	   [2] set_value (res://Autoloads/save_manager.gd:58)

	   [3] test_undo_and_redo_state (res://tests/test_save_manager_extended.gd:43)

	   [4] _execute_test_case (res://addons/gdUnit4/src/core/_TestCase.gd:93)

	   [5] execute (res://addons/gdUnit4/src/core/_TestCase.gd:38)

	   [6] _execute (res://addons/gdUnit4/src/core/execution/stages/single/GdUnitTestCaseSingleTestStage.gd:10)

	   [7] execute (res://addons/gdUnit4/src/core/execution/stages/IGdUnitExecutionStage.gd:19)

	   [8] _execute (res://addons/gdUnit4/src/core/execution/stages/single/GdUnitTestCaseSingleExecutionStage.gd:17)

	   [9] execute (res://addons/gdUnit4/src/core/execution/stages/IGdUnitExecutionStage.gd:19)

	   [10] _execute (res://addons/gdUnit4/src/core/execution/stages/GdUnitTestCaseExecutionStage.gd:24)

	   [11] execute (res://addons/gdUnit4/src/core/execution/stages/IGdUnitExecutionStage.gd:19)

	   [12] _execute (res://addons/gdUnit4/src/core/execution/stages/GdUnitTestSuiteExecutionStage.gd:31)

	   [13] execute (res://addons/gdUnit4/src/core/execution/stages/IGdUnitExecutionStage.gd:19)

	   [14] _execute (res://addons/gdUnit4/src/core/execution/stages/GdUnitTestCaseExecutionStage.gd:31)

	   [15] error_monitor_stop (res://addons/gdUnit4/src/core/execution/GdUnitExecutionContext.gd:128)

	   [16] scan (res://addons/gdUnit4/src/monitor/GodotGdErrorMonitor.gd:48)

ERROR: Can't use get_node() with absolute paths from outside the active scene tree.

   at: get_node_or_null (scene/main/node.cpp:1898)

   GDScript backtrace (most recent call first):

	   [0] _get_journal_manager (res://Autoloads/save_manager.gd:320)

	   [1] create_game_memento (res://Autoloads/save_manager.gd:152)

	   [2] save_current_state_for_undo (res://Autoloads/save_manager.gd:283)

	   [3] test_undo_and_redo_state (res://tests/test_save_manager_extended.gd:44)

	   [4] _execute_test_case (res://addons/gdUnit4/src/core/_TestCase.gd:93)

	   [5] execute (res://addons/gdUnit4/src/core/_TestCase.gd:38)

	   [6] _execute (res://addons/gdUnit4/src/core/execution/stages/single/GdUnitTestCaseSingleTestStage.gd:10)

	   [7] execute (res://addons/gdUnit4/src/core/execution/stages/IGdUnitExecutionStage.gd:19)

	   [8] _execute (res://addons/gdUnit4/src/core/execution/stages/single/GdUnitTestCaseSingleExecutionStage.gd:17)

	   [9] execute (res://addons/gdUnit4/src/core/execution/stages/IGdUnitExecutionStage.gd:19)

	   [10] _execute (res://addons/gdUnit4/src/core/execution/stages/GdUnitTestCaseExecutionStage.gd:24)

	   [11] execute (res://addons/gdUnit4/src/core/execution/stages/IGdUnitExecutionStage.gd:19)

	   [12] _execute (res://addons/gdUnit4/src/core/execution/stages/GdUnitTestSuiteExecutionStage.gd:31)

	   [13] execute (res://addons/gdUnit4/src/core/execution/stages/IGdUnitExecutionStage.gd:19)

	   [14] _execute (res://addons/gdUnit4/src/core/execution/stages/GdUnitTestCaseExecutionStage.gd:31)

	   [15] error_monitor_stop (res://addons/gdUnit4/src/core/execution/GdUnitExecutionContext.gd:128)

	   [16] scan (res://addons/gdUnit4/src/monitor/GodotGdErrorMonitor.gd:48)

WARNING: SaveManager: JournalManager not found in /root.

   at: push_warning (core/variant/variant_utility.cpp:1034)

   GDScript backtrace (most recent call first):

	   [0] _get_journal_manager (res://Autoloads/save_manager.gd:322)

	   [1] create_game_memento (res://Autoloads/save_manager.gd:152)

	   [2] save_current_state_for_undo (res://Autoloads/save_manager.gd:283)

	   [3] test_undo_and_redo_state (res://tests/test_save_manager_extended.gd:44)

	   [4] _execute_test_case (res://addons/gdUnit4/src/core/_TestCase.gd:93)

	   [5] execute (res://addons/gdUnit4/src/core/_TestCase.gd:38)

	   [6] _execute (res://addons/gdUnit4/src/core/execution/stages/single/GdUnitTestCaseSingleTestStage.gd:10)

	   [7] execute (res://addons/gdUnit4/src/core/execution/stages/IGdUnitExecutionStage.gd:19)

	   [8] _execute (res://addons/gdUnit4/src/core/execution/stages/single/GdUnitTestCaseSingleExecutionStage.gd:17)

	   [9] execute (res://addons/gdUnit4/src/core/execution/stages/IGdUnitExecutionStage.gd:19)

	   [10] _execute (res://addons/gdUnit4/src/core/execution/stages/GdUnitTestCaseExecutionStage.gd:24)

	   [11] execute (res://addons/gdUnit4/src/core/execution/stages/IGdUnitExecutionStage.gd:19)

	   [12] _execute (res://addons/gdUnit4/src/core/execution/stages/GdUnitTestSuiteExecutionStage.gd:31)

	   [13] execute (res://addons/gdUnit4/src/core/execution/stages/IGdUnitExecutionStage.gd:19)

	   [14] _execute (res://addons/gdUnit4/src/core/execution/stages/GdUnitTestCaseExecutionStage.gd:31)

	   [15] error_monitor_stop (res://addons/gdUnit4/src/core/execution/GdUnitExecutionContext.gd:128)

	   [16] scan (res://addons/gdUnit4/src/monitor/GodotGdErrorMonitor.gd:48)

ERROR: Can't use get_node() with absolute paths from outside the active scene tree.

   at: get_node_or_null (scene/main/node.cpp:1898)

   GDScript backtrace (most recent call first):

	   [0] _get_achievement_manager (res://Autoloads/save_manager.gd:326)

	   [1] create_game_memento (res://Autoloads/save_manager.gd:156)

	   [2] save_current_state_for_undo (res://Autoloads/save_manager.gd:283)

	   [3] test_undo_and_redo_state (res://tests/test_save_manager_extended.gd:44)

	   [4] _execute_test_case (res://addons/gdUnit4/src/core/_TestCase.gd:93)

	   [5] execute (res://addons/gdUnit4/src/core/_TestCase.gd:38)

	   [6] _execute (res://addons/gdUnit4/src/core/execution/stages/single/GdUnitTestCaseSingleTestStage.gd:10)

	   [7] execute (res://addons/gdUnit4/src/core/execution/stages/IGdUnitExecutionStage.gd:19)

	   [8] _execute (res://addons/gdUnit4/src/core/execution/stages/single/GdUnitTestCaseSingleExecutionStage.gd:17)

	   [9] execute (res://addons/gdUnit4/src/core/execution/stages/IGdUnitExecutionStage.gd:19)

	   [10] _execute (res://addons/gdUnit4/src/core/execution/stages/GdUnitTestCaseExecutionStage.gd:24)

	   [11] execute (res://addons/gdUnit4/src/core/execution/stages/IGdUnitExecutionStage.gd:19)

	   [12] _execute (res://addons/gdUnit4/src/core/execution/stages/GdUnitTestSuiteExecutionStage.gd:31)

	   [13] execute (res://addons/gdUnit4/src/core/execution/stages/IGdUnitExecutionStage.gd:19)

	   [14] _execute (res://addons/gdUnit4/src/core/execution/stages/GdUnitTestCaseExecutionStage.gd:31)

	   [15] error_monitor_stop (res://addons/gdUnit4/src/core/execution/GdUnitExecutionContext.gd:128)

	   [16] scan (res://addons/gdUnit4/src/monitor/GodotGdErrorMonitor.gd:48)

WARNING: SaveManager: AchievementManager not found in /root.

   at: push_warning (core/variant/variant_utility.cpp:1034)

   GDScript backtrace (most recent call first):

	   [0] _get_achievement_manager (res://Autoloads/save_manager.gd:328)

	   [1] create_game_memento (res://Autoloads/save_manager.gd:156)

	   [2] save_current_state_for_undo (res://Autoloads/save_manager.gd:283)

	   [3] test_undo_and_redo_state (res://tests/test_save_manager_extended.gd:44)

	   [4] _execute_test_case (res://addons/gdUnit4/src/core/_TestCase.gd:93)

	   [5] execute (res://addons/gdUnit4/src/core/_TestCase.gd:38)

	   [6] _execute (res://addons/gdUnit4/src/core/execution/stages/single/GdUnitTestCaseSingleTestStage.gd:10)

	   [7] execute (res://addons/gdUnit4/src/core/execution/stages/IGdUnitExecutionStage.gd:19)

	   [8] _execute (res://addons/gdUnit4/src/core/execution/stages/single/GdUnitTestCaseSingleExecutionStage.gd:17)

	   [9] execute (res://addons/gdUnit4/src/core/execution/stages/IGdUnitExecutionStage.gd:19)

	   [10] _execute (res://addons/gdUnit4/src/core/execution/stages/GdUnitTestCaseExecutionStage.gd:24)

	   [11] execute (res://addons/gdUnit4/src/core/execution/stages/IGdUnitExecutionStage.gd:19)

	   [12] _execute (res://addons/gdUnit4/src/core/execution/stages/GdUnitTestSuiteExecutionStage.gd:31)

	   [13] execute (res://addons/gdUnit4/src/core/execution/stages/IGdUnitExecutionStage.gd:19)

	   [14] _execute (res://addons/gdUnit4/src/core/execution/stages/GdUnitTestCaseExecutionStage.gd:31)

	   [15] error_monitor_stop (res://addons/gdUnit4/src/core/execution/GdUnitExecutionContext.gd:128)

	   [16] scan (res://addons/gdUnit4/src/monitor/GodotGdErrorMonitor.gd:48)

ERROR: Can't use get_node() with absolute paths from outside the active scene tree.

   at: get_node_or_null (scene/main/node.cpp:1898)

   GDScript backtrace (most recent call first):

	   [0] create_game_memento (res://Autoloads/save_manager.gd:165)

	   [1] save_current_state_for_undo (res://Autoloads/save_manager.gd:283)

	   [2] test_undo_and_redo_state (res://tests/test_save_manager_extended.gd:44)

	   [3] _execute_test_case (res://addons/gdUnit4/src/core/_TestCase.gd:93)

	   [4] execute (res://addons/gdUnit4/src/core/_TestCase.gd:38)

	   [5] _execute (res://addons/gdUnit4/src/core/execution/stages/single/GdUnitTestCaseSingleTestStage.gd:10)

	   [6] execute (res://addons/gdUnit4/src/core/execution/stages/IGdUnitExecutionStage.gd:19)

	   [7] _execute (res://addons/gdUnit4/src/core/execution/stages/single/GdUnitTestCaseSingleExecutionStage.gd:17)

	   [8] execute (res://addons/gdUnit4/src/core/execution/stages/IGdUnitExecutionStage.gd:19)

	   [9] _execute (res://addons/gdUnit4/src/core/execution/stages/GdUnitTestCaseExecutionStage.gd:24)

	   [10] execute (res://addons/gdUnit4/src/core/execution/stages/IGdUnitExecutionStage.gd:19)

	   [11] _execute (res://addons/gdUnit4/src/core/execution/stages/GdUnitTestSuiteExecutionStage.gd:31)

	   [12] execute (res://addons/gdUnit4/src/core/execution/stages/IGdUnitExecutionStage.gd:19)

	   [13] _execute (res://addons/gdUnit4/src/core/execution/stages/GdUnitTestCaseExecutionStage.gd:31)

	   [14] error_monitor_stop (res://addons/gdUnit4/src/core/execution/GdUnitExecutionContext.gd:128)

	   [15] scan (res://addons/gdUnit4/src/monitor/GodotGdErrorMonitor.gd:48)

ERROR: Can't use get_node() with absolute paths from outside the active scene tree.

   at: get_node_or_null (scene/main/node.cpp:1898)

   GDScript backtrace (most recent call first):

	   [0] _get_journal_manager (res://Autoloads/save_manager.gd:320)

	   [1] create_game_memento (res://Autoloads/save_manager.gd:152)

	   [2] _save_data (res://Autoloads/save_manager.gd:137)

	   [3] save_current_state_for_undo (res://Autoloads/save_manager.gd:297)

	   [4] test_undo_and_redo_state (res://tests/test_save_manager_extended.gd:44)

	   [5] _execute_test_case (res://addons/gdUnit4/src/core/_TestCase.gd:93)

	   [6] execute (res://addons/gdUnit4/src/core/_TestCase.gd:38)

	   [7] _execute (res://addons/gdUnit4/src/core/execution/stages/single/GdUnitTestCaseSingleTestStage.gd:10)

	   [8] execute (res://addons/gdUnit4/src/core/execution/stages/IGdUnitExecutionStage.gd:19)

	   [9] _execute (res://addons/gdUnit4/src/core/execution/stages/single/GdUnitTestCaseSingleExecutionStage.gd:17)

	   [10] execute (res://addons/gdUnit4/src/core/execution/stages/IGdUnitExecutionStage.gd:19)

	   [11] _execute (res://addons/gdUnit4/src/core/execution/stages/GdUnitTestCaseExecutionStage.gd:24)

	   [12] execute (res://addons/gdUnit4/src/core/execution/stages/IGdUnitExecutionStage.gd:19)

	   [13] _execute (res://addons/gdUnit4/src/core/execution/stages/GdUnitTestSuiteExecutionStage.gd:31)

	   [14] execute (res://addons/gdUnit4/src/core/execution/stages/IGdUnitExecutionStage.gd:19)

	   [15] _execute (res://addons/gdUnit4/src/core/execution/stages/GdUnitTestCaseExecutionStage.gd:31)

	   [16] error_monitor_stop (res://addons/gdUnit4/src/core/execution/GdUnitExecutionContext.gd:128)

	   [17] scan (res://addons/gdUnit4/src/monitor/GodotGdErrorMonitor.gd:48)

WARNING: SaveManager: JournalManager not found in /root.

   at: push_warning (core/variant/variant_utility.cpp:1034)

   GDScript backtrace (most recent call first):

	   [0] _get_journal_manager (res://Autoloads/save_manager.gd:322)

	   [1] create_game_memento (res://Autoloads/save_manager.gd:152)

	   [2] _save_data (res://Autoloads/save_manager.gd:137)

	   [3] save_current_state_for_undo (res://Autoloads/save_manager.gd:297)

	   [4] test_undo_and_redo_state (res://tests/test_save_manager_extended.gd:44)

	   [5] _execute_test_case (res://addons/gdUnit4/src/core/_TestCase.gd:93)

	   [6] execute (res://addons/gdUnit4/src/core/_TestCase.gd:38)

	   [7] _execute (res://addons/gdUnit4/src/core/execution/stages/single/GdUnitTestCaseSingleTestStage.gd:10)

	   [8] execute (res://addons/gdUnit4/src/core/execution/stages/IGdUnitExecutionStage.gd:19)

	   [9] _execute (res://addons/gdUnit4/src/core/execution/stages/single/GdUnitTestCaseSingleExecutionStage.gd:17)

	   [10] execute (res://addons/gdUnit4/src/core/execution/stages/IGdUnitExecutionStage.gd:19)

	   [11] _execute (res://addons/gdUnit4/src/core/execution/stages/GdUnitTestCaseExecutionStage.gd:24)

	   [12] execute (res://addons/gdUnit4/src/core/execution/stages/IGdUnitExecutionStage.gd:19)

	   [13] _execute (res://addons/gdUnit4/src/core/execution/stages/GdUnitTestSuiteExecutionStage.gd:31)

	   [14] execute (res://addons/gdUnit4/src/core/execution/stages/IGdUnitExecutionStage.gd:19)

	   [15] _execute (res://addons/gdUnit4/src/core/execution/stages/GdUnitTestCaseExecutionStage.gd:31)

	   [16] error_monitor_stop (res://addons/gdUnit4/src/core/execution/GdUnitExecutionContext.gd:128)

	   [17] scan (res://addons/gdUnit4/src/monitor/GodotGdErrorMonitor.gd:48)

ERROR: Can't use get_node() with absolute paths from outside the active scene tree.

   at: get_node_or_null (scene/main/node.cpp:1898)

   GDScript backtrace (most recent call first):

	   [0] _get_achievement_manager (res://Autoloads/save_manager.gd:326)

	   [1] create_game_memento (res://Autoloads/save_manager.gd:156)

	   [2] _save_data (res://Autoloads/save_manager.gd:137)

	   [3] save_current_state_for_undo (res://Autoloads/save_manager.gd:297)

	   [4] test_undo_and_redo_state (res://tests/test_save_manager_extended.gd:44)

	   [5] _execute_test_case (res://addons/gdUnit4/src/core/_TestCase.gd:93)

	   [6] execute (res://addons/gdUnit4/src/core/_TestCase.gd:38)

	   [7] _execute (res://addons/gdUnit4/src/core/execution/stages/single/GdUnitTestCaseSingleTestStage.gd:10)

	   [8] execute (res://addons/gdUnit4/src/core/execution/stages/IGdUnitExecutionStage.gd:19)

	   [9] _execute (res://addons/gdUnit4/src/core/execution/stages/single/GdUnitTestCaseSingleExecutionStage.gd:17)

	   [10] execute (res://addons/gdUnit4/src/core/execution/stages/IGdUnitExecutionStage.gd:19)

	   [11] _execute (res://addons/gdUnit4/src/core/execution/stages/GdUnitTestCaseExecutionStage.gd:24)

	   [12] execute (res://addons/gdUnit4/src/core/execution/stages/IGdUnitExecutionStage.gd:19)

	   [13] _execute (res://addons/gdUnit4/src/core/execution/stages/GdUnitTestSuiteExecutionStage.gd:31)

	   [14] execute (res://addons/gdUnit4/src/core/execution/stages/IGdUnitExecutionStage.gd:19)

	   [15] _execute (res://addons/gdUnit4/src/core/execution/stages/GdUnitTestCaseExecutionStage.gd:31)

	   [16] error_monitor_stop (res://addons/gdUnit4/src/core/execution/GdUnitExecutionContext.gd:128)

	   [17] scan (res://addons/gdUnit4/src/monitor/GodotGdErrorMonitor.gd:48)

WARNING: SaveManager: AchievementManager not found in /root.

   at: push_warning (core/variant/variant_utility.cpp:1034)

   GDScript backtrace (most recent call first):

	   [0] _get_achievement_manager (res://Autoloads/save_manager.gd:328)

	   [1] create_game_memento (res://Autoloads/save_manager.gd:156)

	   [2] _save_data (res://Autoloads/save_manager.gd:137)

	   [3] save_current_state_for_undo (res://Autoloads/save_manager.gd:297)

	   [4] test_undo_and_redo_state (res://tests/test_save_manager_extended.gd:44)

	   [5] _execute_test_case (res://addons/gdUnit4/src/core/_TestCase.gd:93)

	   [6] execute (res://addons/gdUnit4/src/core/_TestCase.gd:38)

	   [7] _execute (res://addons/gdUnit4/src/core/execution/stages/single/GdUnitTestCaseSingleTestStage.gd:10)

	   [8] execute (res://addons/gdUnit4/src/core/execution/stages/IGdUnitExecutionStage.gd:19)

	   [9] _execute (res://addons/gdUnit4/src/core/execution/stages/single/GdUnitTestCaseSingleExecutionStage.gd:17)

	   [10] execute (res://addons/gdUnit4/src/core/execution/stages/IGdUnitExecutionStage.gd:19)

	   [11] _execute (res://addons/gdUnit4/src/core/execution/stages/GdUnitTestCaseExecutionStage.gd:24)

	   [12] execute (res://addons/gdUnit4/src/core/execution/stages/IGdUnitExecutionStage.gd:19)

	   [13] _execute (res://addons/gdUnit4/src/core/execution/stages/GdUnitTestSuiteExecutionStage.gd:31)

	   [14] execute (res://addons/gdUnit4/src/core/execution/stages/IGdUnitExecutionStage.gd:19)

	   [15] _execute (res://addons/gdUnit4/src/core/execution/stages/GdUnitTestCaseExecutionStage.gd:31)

	   [16] error_monitor_stop (res://addons/gdUnit4/src/core/execution/GdUnitExecutionContext.gd:128)

	   [17] scan (res://addons/gdUnit4/src/monitor/GodotGdErrorMonitor.gd:48)

ERROR: Can't use get_node() with absolute paths from outside the active scene tree.

   at: get_node_or_null (scene/main/node.cpp:1898)

   GDScript backtrace (most recent call first):

	   [0] create_game_memento (res://Autoloads/save_manager.gd:165)

	   [1] _save_data (res://Autoloads/save_manager.gd:137)

	   [2] save_current_state_for_undo (res://Autoloads/save_manager.gd:297)

	   [3] test_undo_and_redo_state (res://tests/test_save_manager_extended.gd:44)

	   [4] _execute_test_case (res://addons/gdUnit4/src/core/_TestCase.gd:93)

	   [5] execute (res://addons/gdUnit4/src/core/_TestCase.gd:38)

	   [6] _execute (res://addons/gdUnit4/src/core/execution/stages/single/GdUnitTestCaseSingleTestStage.gd:10)

	   [7] execute (res://addons/gdUnit4/src/core/execution/stages/IGdUnitExecutionStage.gd:19)

	   [8] _execute (res://addons/gdUnit4/src/core/execution/stages/single/GdUnitTestCaseSingleExecutionStage.gd:17)

	   [9] execute (res://addons/gdUnit4/src/core/execution/stages/IGdUnitExecutionStage.gd:19)

	   [10] _execute (res://addons/gdUnit4/src/core/execution/stages/GdUnitTestCaseExecutionStage.gd:24)

	   [11] execute (res://addons/gdUnit4/src/core/execution/stages/IGdUnitExecutionStage.gd:19)

	   [12] _execute (res://addons/gdUnit4/src/core/execution/stages/GdUnitTestSuiteExecutionStage.gd:31)

	   [13] execute (res://addons/gdUnit4/src/core/execution/stages/IGdUnitExecutionStage.gd:19)

	   [14] _execute (res://addons/gdUnit4/src/core/execution/stages/GdUnitTestCaseExecutionStage.gd:31)

	   [15] error_monitor_stop (res://addons/gdUnit4/src/core/execution/GdUnitExecutionContext.gd:128)

	   [16] scan (res://addons/gdUnit4/src/monitor/GodotGdErrorMonitor.gd:48)

ERROR: Can't use get_node() with absolute paths from outside the active scene tree.

   at: get_node_or_null (scene/main/node.cpp:1898)

   GDScript backtrace (most recent call first):

	   [0] _get_journal_manager (res://Autoloads/save_manager.gd:320)

	   [1] create_game_memento (res://Autoloads/save_manager.gd:152)

	   [2] _save_data (res://Autoloads/save_manager.gd:137)

	   [3] set_value (res://Autoloads/save_manager.gd:58)

	   [4] test_undo_and_redo_state (res://tests/test_save_manager_extended.gd:46)

	   [5] _execute_test_case (res://addons/gdUnit4/src/core/_TestCase.gd:93)

	   [6] execute (res://addons/gdUnit4/src/core/_TestCase.gd:38)

	   [7] _execute (res://addons/gdUnit4/src/core/execution/stages/single/GdUnitTestCaseSingleTestStage.gd:10)

	   [8] execute (res://addons/gdUnit4/src/core/execution/stages/IGdUnitExecutionStage.gd:19)

	   [9] _execute (res://addons/gdUnit4/src/core/execution/stages/single/GdUnitTestCaseSingleExecutionStage.gd:17)

	   [10] execute (res://addons/gdUnit4/src/core/execution/stages/IGdUnitExecutionStage.gd:19)

	   [11] _execute (res://addons/gdUnit4/src/core/execution/stages/GdUnitTestCaseExecutionStage.gd:24)

	   [12] execute (res://addons/gdUnit4/src/core/execution/stages/IGdUnitExecutionStage.gd:19)

	   [13] _execute (res://addons/gdUnit4/src/core/execution/stages/GdUnitTestSuiteExecutionStage.gd:31)

	   [14] execute (res://addons/gdUnit4/src/core/execution/stages/IGdUnitExecutionStage.gd:19)

	   [15] _execute (res://addons/gdUnit4/src/core/execution/stages/GdUnitTestCaseExecutionStage.gd:31)

	   [16] error_monitor_stop (res://addons/gdUnit4/src/core/execution/GdUnitExecutionContext.gd:128)

	   [17] scan (res://addons/gdUnit4/src/monitor/GodotGdErrorMonitor.gd:48)

WARNING: SaveManager: JournalManager not found in /root.

   at: push_warning (core/variant/variant_utility.cpp:1034)

   GDScript backtrace (most recent call first):

	   [0] _get_journal_manager (res://Autoloads/save_manager.gd:322)

	   [1] create_game_memento (res://Autoloads/save_manager.gd:152)

	   [2] _save_data (res://Autoloads/save_manager.gd:137)

	   [3] set_value (res://Autoloads/save_manager.gd:58)

	   [4] test_undo_and_redo_state (res://tests/test_save_manager_extended.gd:46)

	   [5] _execute_test_case (res://addons/gdUnit4/src/core/_TestCase.gd:93)

	   [6] execute (res://addons/gdUnit4/src/core/_TestCase.gd:38)

	   [7] _execute (res://addons/gdUnit4/src/core/execution/stages/single/GdUnitTestCaseSingleTestStage.gd:10)

	   [8] execute (res://addons/gdUnit4/src/core/execution/stages/IGdUnitExecutionStage.gd:19)

	   [9] _execute (res://addons/gdUnit4/src/core/execution/stages/single/GdUnitTestCaseSingleExecutionStage.gd:17)

	   [10] execute (res://addons/gdUnit4/src/core/execution/stages/IGdUnitExecutionStage.gd:19)

	   [11] _execute (res://addons/gdUnit4/src/core/execution/stages/GdUnitTestCaseExecutionStage.gd:24)

	   [12] execute (res://addons/gdUnit4/src/core/execution/stages/IGdUnitExecutionStage.gd:19)

	   [13] _execute (res://addons/gdUnit4/src/core/execution/stages/GdUnitTestSuiteExecutionStage.gd:31)

	   [14] execute (res://addons/gdUnit4/src/core/execution/stages/IGdUnitExecutionStage.gd:19)

	   [15] _execute (res://addons/gdUnit4/src/core/execution/stages/GdUnitTestCaseExecutionStage.gd:31)

	   [16] error_monitor_stop (res://addons/gdUnit4/src/core/execution/GdUnitExecutionContext.gd:128)

	   [17] scan (res://addons/gdUnit4/src/monitor/GodotGdErrorMonitor.gd:48)

ERROR: Can't use get_node() with absolute paths from outside the active scene tree.

   at: get_node_or_null (scene/main/node.cpp:1898)

   GDScript backtrace (most recent call first):

	   [0] _get_achievement_manager (res://Autoloads/save_manager.gd:326)

	   [1] create_game_memento (res://Autoloads/save_manager.gd:156)

	   [2] _save_data (res://Autoloads/save_manager.gd:137)

	   [3] set_value (res://Autoloads/save_manager.gd:58)

	   [4] test_undo_and_redo_state (res://tests/test_save_manager_extended.gd:46)

	   [5] _execute_test_case (res://addons/gdUnit4/src/core/_TestCase.gd:93)

	   [6] execute (res://addons/gdUnit4/src/core/_TestCase.gd:38)

	   [7] _execute (res://addons/gdUnit4/src/core/execution/stages/single/GdUnitTestCaseSingleTestStage.gd:10)

	   [8] execute (res://addons/gdUnit4/src/core/execution/stages/IGdUnitExecutionStage.gd:19)

	   [9] _execute (res://addons/gdUnit4/src/core/execution/stages/single/GdUnitTestCaseSingleExecutionStage.gd:17)

	   [10] execute (res://addons/gdUnit4/src/core/execution/stages/IGdUnitExecutionStage.gd:19)

	   [11] _execute (res://addons/gdUnit4/src/core/execution/stages/GdUnitTestCaseExecutionStage.gd:24)

	   [12] execute (res://addons/gdUnit4/src/core/execution/stages/IGdUnitExecutionStage.gd:19)

	   [13] _execute (res://addons/gdUnit4/src/core/execution/stages/GdUnitTestSuiteExecutionStage.gd:31)

	   [14] execute (res://addons/gdUnit4/src/core/execution/stages/IGdUnitExecutionStage.gd:19)

	   [15] _execute (res://addons/gdUnit4/src/core/execution/stages/GdUnitTestCaseExecutionStage.gd:31)

	   [16] error_monitor_stop (res://addons/gdUnit4/src/core/execution/GdUnitExecutionContext.gd:128)

	   [17] scan (res://addons/gdUnit4/src/monitor/GodotGdErrorMonitor.gd:48)

WARNING: SaveManager: AchievementManager not found in /root.

   at: push_warning (core/variant/variant_utility.cpp:1034)

   GDScript backtrace (most recent call first):

	   [0] _get_achievement_manager (res://Autoloads/save_manager.gd:328)

	   [1] create_game_memento (res://Autoloads/save_manager.gd:156)

	   [2] _save_data (res://Autoloads/save_manager.gd:137)

	   [3] set_value (res://Autoloads/save_manager.gd:58)

	   [4] test_undo_and_redo_state (res://tests/test_save_manager_extended.gd:46)

	   [5] _execute_test_case (res://addons/gdUnit4/src/core/_TestCase.gd:93)

	   [6] execute (res://addons/gdUnit4/src/core/_TestCase.gd:38)

	   [7] _execute (res://addons/gdUnit4/src/core/execution/stages/single/GdUnitTestCaseSingleTestStage.gd:10)

	   [8] execute (res://addons/gdUnit4/src/core/execution/stages/IGdUnitExecutionStage.gd:19)

	   [9] _execute (res://addons/gdUnit4/src/core/execution/stages/single/GdUnitTestCaseSingleExecutionStage.gd:17)

	   [10] execute (res://addons/gdUnit4/src/core/execution/stages/IGdUnitExecutionStage.gd:19)

	   [11] _execute (res://addons/gdUnit4/src/core/execution/stages/GdUnitTestCaseExecutionStage.gd:24)

	   [12] execute (res://addons/gdUnit4/src/core/execution/stages/IGdUnitExecutionStage.gd:19)

	   [13] _execute (res://addons/gdUnit4/src/core/execution/stages/GdUnitTestSuiteExecutionStage.gd:31)

	   [14] execute (res://addons/gdUnit4/src/core/execution/stages/IGdUnitExecutionStage.gd:19)

	   [15] _execute (res://addons/gdUnit4/src/core/execution/stages/GdUnitTestCaseExecutionStage.gd:31)

	   [16] error_monitor_stop (res://addons/gdUnit4/src/core/execution/GdUnitExecutionContext.gd:128)

	   [17] scan (res://addons/gdUnit4/src/monitor/GodotGdErrorMonitor.gd:48)

ERROR: Can't use get_node() with absolute paths from outside the active scene tree.

   at: get_node_or_null (scene/main/node.cpp:1898)

   GDScript backtrace (most recent call first):

	   [0] create_game_memento (res://Autoloads/save_manager.gd:165)

	   [1] _save_data (res://Autoloads/save_manager.gd:137)

	   [2] set_value (res://Autoloads/save_manager.gd:58)

	   [3] test_undo_and_redo_state (res://tests/test_save_manager_extended.gd:46)

	   [4] _execute_test_case (res://addons/gdUnit4/src/core/_TestCase.gd:93)

	   [5] execute (res://addons/gdUnit4/src/core/_TestCase.gd:38)

	   [6] _execute (res://addons/gdUnit4/src/core/execution/stages/single/GdUnitTestCaseSingleTestStage.gd:10)

	   [7] execute (res://addons/gdUnit4/src/core/execution/stages/IGdUnitExecutionStage.gd:19)

	   [8] _execute (res://addons/gdUnit4/src/core/execution/stages/single/GdUnitTestCaseSingleExecutionStage.gd:17)

	   [9] execute (res://addons/gdUnit4/src/core/execution/stages/IGdUnitExecutionStage.gd:19)

	   [10] _execute (res://addons/gdUnit4/src/core/execution/stages/GdUnitTestCaseExecutionStage.gd:24)

	   [11] execute (res://addons/gdUnit4/src/core/execution/stages/IGdUnitExecutionStage.gd:19)

	   [12] _execute (res://addons/gdUnit4/src/core/execution/stages/GdUnitTestSuiteExecutionStage.gd:31)

	   [13] execute (res://addons/gdUnit4/src/core/execution/stages/IGdUnitExecutionStage.gd:19)

	   [14] _execute (res://addons/gdUnit4/src/core/execution/stages/GdUnitTestCaseExecutionStage.gd:31)

	   [15] error_monitor_stop (res://addons/gdUnit4/src/core/execution/GdUnitExecutionContext.gd:128)

	   [16] scan (res://addons/gdUnit4/src/monitor/GodotGdErrorMonitor.gd:48)

ERROR: Can't use get_node() with absolute paths from outside the active scene tree.

   at: get_node_or_null (scene/main/node.cpp:1898)

   GDScript backtrace (most recent call first):

	   [0] _get_journal_manager (res://Autoloads/save_manager.gd:320)

	   [1] create_game_memento (res://Autoloads/save_manager.gd:152)

	   [2] save_current_state_for_undo (res://Autoloads/save_manager.gd:283)

	   [3] test_undo_and_redo_state (res://tests/test_save_manager_extended.gd:47)

	   [4] _execute_test_case (res://addons/gdUnit4/src/core/_TestCase.gd:93)

	   [5] execute (res://addons/gdUnit4/src/core/_TestCase.gd:38)

	   [6] _execute (res://addons/gdUnit4/src/core/execution/stages/single/GdUnitTestCaseSingleTestStage.gd:10)

	   [7] execute (res://addons/gdUnit4/src/core/execution/stages/IGdUnitExecutionStage.gd:19)

	   [8] _execute (res://addons/gdUnit4/src/core/execution/stages/single/GdUnitTestCaseSingleExecutionStage.gd:17)

	   [9] execute (res://addons/gdUnit4/src/core/execution/stages/IGdUnitExecutionStage.gd:19)

	   [10] _execute (res://addons/gdUnit4/src/core/execution/stages/GdUnitTestCaseExecutionStage.gd:24)

	   [11] execute (res://addons/gdUnit4/src/core/execution/stages/IGdUnitExecutionStage.gd:19)

	   [12] _execute (res://addons/gdUnit4/src/core/execution/stages/GdUnitTestSuiteExecutionStage.gd:31)

	   [13] execute (res://addons/gdUnit4/src/core/execution/stages/IGdUnitExecutionStage.gd:19)

	   [14] _execute (res://addons/gdUnit4/src/core/execution/stages/GdUnitTestCaseExecutionStage.gd:31)

	   [15] error_monitor_stop (res://addons/gdUnit4/src/core/execution/GdUnitExecutionContext.gd:128)

	   [16] scan (res://addons/gdUnit4/src/monitor/GodotGdErrorMonitor.gd:48)

WARNING: SaveManager: JournalManager not found in /root.

   at: push_warning (core/variant/variant_utility.cpp:1034)

   GDScript backtrace (most recent call first):

	   [0] _get_journal_manager (res://Autoloads/save_manager.gd:322)

	   [1] create_game_memento (res://Autoloads/save_manager.gd:152)

	   [2] save_current_state_for_undo (res://Autoloads/save_manager.gd:283)

	   [3] test_undo_and_redo_state (res://tests/test_save_manager_extended.gd:47)

	   [4] _execute_test_case (res://addons/gdUnit4/src/core/_TestCase.gd:93)

	   [5] execute (res://addons/gdUnit4/src/core/_TestCase.gd:38)

	   [6] _execute (res://addons/gdUnit4/src/core/execution/stages/single/GdUnitTestCaseSingleTestStage.gd:10)

	   [7] execute (res://addons/gdUnit4/src/core/execution/stages/IGdUnitExecutionStage.gd:19)

	   [8] _execute (res://addons/gdUnit4/src/core/execution/stages/single/GdUnitTestCaseSingleExecutionStage.gd:17)

	   [9] execute (res://addons/gdUnit4/src/core/execution/stages/IGdUnitExecutionStage.gd:19)

	   [10] _execute (res://addons/gdUnit4/src/core/execution/stages/GdUnitTestCaseExecutionStage.gd:24)

	   [11] execute (res://addons/gdUnit4/src/core/execution/stages/IGdUnitExecutionStage.gd:19)

	   [12] _execute (res://addons/gdUnit4/src/core/execution/stages/GdUnitTestSuiteExecutionStage.gd:31)

	   [13] execute (res://addons/gdUnit4/src/core/execution/stages/IGdUnitExecutionStage.gd:19)

	   [14] _execute (res://addons/gdUnit4/src/core/execution/stages/GdUnitTestCaseExecutionStage.gd:31)

	   [15] error_monitor_stop (res://addons/gdUnit4/src/core/execution/GdUnitExecutionContext.gd:128)

	   [16] scan (res://addons/gdUnit4/src/monitor/GodotGdErrorMonitor.gd:48)

ERROR: Can't use get_node() with absolute paths from outside the active scene tree.

   at: get_node_or_null (scene/main/node.cpp:1898)

   GDScript backtrace (most recent call first):

	   [0] _get_achievement_manager (res://Autoloads/save_manager.gd:326)

	   [1] create_game_memento (res://Autoloads/save_manager.gd:156)

	   [2] save_current_state_for_undo (res://Autoloads/save_manager.gd:283)

	   [3] test_undo_and_redo_state (res://tests/test_save_manager_extended.gd:47)

	   [4] _execute_test_case (res://addons/gdUnit4/src/core/_TestCase.gd:93)

	   [5] execute (res://addons/gdUnit4/src/core/_TestCase.gd:38)

	   [6] _execute (res://addons/gdUnit4/src/core/execution/stages/single/GdUnitTestCaseSingleTestStage.gd:10)

	   [7] execute (res://addons/gdUnit4/src/core/execution/stages/IGdUnitExecutionStage.gd:19)

	   [8] _execute (res://addons/gdUnit4/src/core/execution/stages/single/GdUnitTestCaseSingleExecutionStage.gd:17)

	   [9] execute (res://addons/gdUnit4/src/core/execution/stages/IGdUnitExecutionStage.gd:19)

	   [10] _execute (res://addons/gdUnit4/src/core/execution/stages/GdUnitTestCaseExecutionStage.gd:24)

	   [11] execute (res://addons/gdUnit4/src/core/execution/stages/IGdUnitExecutionStage.gd:19)

	   [12] _execute (res://addons/gdUnit4/src/core/execution/stages/GdUnitTestSuiteExecutionStage.gd:31)

	   [13] execute (res://addons/gdUnit4/src/core/execution/stages/IGdUnitExecutionStage.gd:19)

	   [14] _execute (res://addons/gdUnit4/src/core/execution/stages/GdUnitTestCaseExecutionStage.gd:31)

	   [15] error_monitor_stop (res://addons/gdUnit4/src/core/execution/GdUnitExecutionContext.gd:128)

	   [16] scan (res://addons/gdUnit4/src/monitor/GodotGdErrorMonitor.gd:48)

WARNING: SaveManager: AchievementManager not found in /root.

   at: push_warning (core/variant/variant_utility.cpp:1034)

   GDScript backtrace (most recent call first):

	   [0] _get_achievement_manager (res://Autoloads/save_manager.gd:328)

	   [1] create_game_memento (res://Autoloads/save_manager.gd:156)

	   [2] save_current_state_for_undo (res://Autoloads/save_manager.gd:283)

	   [3] test_undo_and_redo_state (res://tests/test_save_manager_extended.gd:47)

	   [4] _execute_test_case (res://addons/gdUnit4/src/core/_TestCase.gd:93)

	   [5] execute (res://addons/gdUnit4/src/core/_TestCase.gd:38)

	   [6] _execute (res://addons/gdUnit4/src/core/execution/stages/single/GdUnitTestCaseSingleTestStage.gd:10)

	   [7] execute (res://addons/gdUnit4/src/core/execution/stages/IGdUnitExecutionStage.gd:19)

	   [8] _execute (res://addons/gdUnit4/src/core/execution/stages/single/GdUnitTestCaseSingleExecutionStage.gd:17)

	   [9] execute (res://addons/gdUnit4/src/core/execution/stages/IGdUnitExecutionStage.gd:19)

	   [10] _execute (res://addons/gdUnit4/src/core/execution/stages/GdUnitTestCaseExecutionStage.gd:24)

	   [11] execute (res://addons/gdUnit4/src/core/execution/stages/IGdUnitExecutionStage.gd:19)

	   [12] _execute (res://addons/gdUnit4/src/core/execution/stages/GdUnitTestSuiteExecutionStage.gd:31)

	   [13] execute (res://addons/gdUnit4/src/core/execution/stages/IGdUnitExecutionStage.gd:19)

	   [14] _execute (res://addons/gdUnit4/src/core/execution/stages/GdUnitTestCaseExecutionStage.gd:31)

	   [15] error_monitor_stop (res://addons/gdUnit4/src/core/execution/GdUnitExecutionContext.gd:128)

	   [16] scan (res://addons/gdUnit4/src/monitor/GodotGdErrorMonitor.gd:48)

ERROR: Can't use get_node() with absolute paths from outside the active scene tree.

   at: get_node_or_null (scene/main/node.cpp:1898)

   GDScript backtrace (most recent call first):

	   [0] create_game_memento (res://Autoloads/save_manager.gd:165)

	   [1] save_current_state_for_undo (res://Autoloads/save_manager.gd:283)

	   [2] test_undo_and_redo_state (res://tests/test_save_manager_extended.gd:47)

	   [3] _execute_test_case (res://addons/gdUnit4/src/core/_TestCase.gd:93)

	   [4] execute (res://addons/gdUnit4/src/core/_TestCase.gd:38)

	   [5] _execute (res://addons/gdUnit4/src/core/execution/stages/single/GdUnitTestCaseSingleTestStage.gd:10)

	   [6] execute (res://addons/gdUnit4/src/core/execution/stages/IGdUnitExecutionStage.gd:19)

	   [7] _execute (res://addons/gdUnit4/src/core/execution/stages/single/GdUnitTestCaseSingleExecutionStage.gd:17)

	   [8] execute (res://addons/gdUnit4/src/core/execution/stages/IGdUnitExecutionStage.gd:19)

	   [9] _execute (res://addons/gdUnit4/src/core/execution/stages/GdUnitTestCaseExecutionStage.gd:24)

	   [10] execute (res://addons/gdUnit4/src/core/execution/stages/IGdUnitExecutionStage.gd:19)

	   [11] _execute (res://addons/gdUnit4/src/core/execution/stages/GdUnitTestSuiteExecutionStage.gd:31)

	   [12] execute (res://addons/gdUnit4/src/core/execution/stages/IGdUnitExecutionStage.gd:19)

	   [13] _execute (res://addons/gdUnit4/src/core/execution/stages/GdUnitTestCaseExecutionStage.gd:31)

	   [14] error_monitor_stop (res://addons/gdUnit4/src/core/execution/GdUnitExecutionContext.gd:128)

	   [15] scan (res://addons/gdUnit4/src/monitor/GodotGdErrorMonitor.gd:48)

ERROR: Can't use get_node() with absolute paths from outside the active scene tree.

   at: get_node_or_null (scene/main/node.cpp:1898)

   GDScript backtrace (most recent call first):

	   [0] _get_journal_manager (res://Autoloads/save_manager.gd:320)

	   [1] create_game_memento (res://Autoloads/save_manager.gd:152)

	   [2] _save_data (res://Autoloads/save_manager.gd:137)

	   [3] save_current_state_for_undo (res://Autoloads/save_manager.gd:297)

	   [4] test_undo_and_redo_state (res://tests/test_save_manager_extended.gd:47)

	   [5] _execute_test_case (res://addons/gdUnit4/src/core/_TestCase.gd:93)

	   [6] execute (res://addons/gdUnit4/src/core/_TestCase.gd:38)

	   [7] _execute (res://addons/gdUnit4/src/core/execution/stages/single/GdUnitTestCaseSingleTestStage.gd:10)

	   [8] execute (res://addons/gdUnit4/src/core/execution/stages/IGdUnitExecutionStage.gd:19)

	   [9] _execute (res://addons/gdUnit4/src/core/execution/stages/single/GdUnitTestCaseSingleExecutionStage.gd:17)

	   [10] execute (res://addons/gdUnit4/src/core/execution/stages/IGdUnitExecutionStage.gd:19)

	   [11] _execute (res://addons/gdUnit4/src/core/execution/stages/GdUnitTestCaseExecutionStage.gd:24)

	   [12] execute (res://addons/gdUnit4/src/core/execution/stages/IGdUnitExecutionStage.gd:19)

	   [13] _execute (res://addons/gdUnit4/src/core/execution/stages/GdUnitTestSuiteExecutionStage.gd:31)

	   [14] execute (res://addons/gdUnit4/src/core/execution/stages/IGdUnitExecutionStage.gd:19)

	   [15] _execute (res://addons/gdUnit4/src/core/execution/stages/GdUnitTestCaseExecutionStage.gd:31)

	   [16] error_monitor_stop (res://addons/gdUnit4/src/core/execution/GdUnitExecutionContext.gd:128)

	   [17] scan (res://addons/gdUnit4/src/monitor/GodotGdErrorMonitor.gd:48)

WARNING: SaveManager: JournalManager not found in /root.

   at: push_warning (core/variant/variant_utility.cpp:1034)

   GDScript backtrace (most recent call first):

	   [0] _get_journal_manager (res://Autoloads/save_manager.gd:322)

	   [1] create_game_memento (res://Autoloads/save_manager.gd:152)

	   [2] _save_data (res://Autoloads/save_manager.gd:137)

	   [3] save_current_state_for_undo (res://Autoloads/save_manager.gd:297)

	   [4] test_undo_and_redo_state (res://tests/test_save_manager_extended.gd:47)

	   [5] _execute_test_case (res://addons/gdUnit4/src/core/_TestCase.gd:93)

	   [6] execute (res://addons/gdUnit4/src/core/_TestCase.gd:38)

	   [7] _execute (res://addons/gdUnit4/src/core/execution/stages/single/GdUnitTestCaseSingleTestStage.gd:10)

	   [8] execute (res://addons/gdUnit4/src/core/execution/stages/IGdUnitExecutionStage.gd:19)

	   [9] _execute (res://addons/gdUnit4/src/core/execution/stages/single/GdUnitTestCaseSingleExecutionStage.gd:17)

	   [10] execute (res://addons/gdUnit4/src/core/execution/stages/IGdUnitExecutionStage.gd:19)

	   [11] _execute (res://addons/gdUnit4/src/core/execution/stages/GdUnitTestCaseExecutionStage.gd:24)

	   [12] execute (res://addons/gdUnit4/src/core/execution/stages/IGdUnitExecutionStage.gd:19)

	   [13] _execute (res://addons/gdUnit4/src/core/execution/stages/GdUnitTestSuiteExecutionStage.gd:31)

	   [14] execute (res://addons/gdUnit4/src/core/execution/stages/IGdUnitExecutionStage.gd:19)

	   [15] _execute (res://addons/gdUnit4/src/core/execution/stages/GdUnitTestCaseExecutionStage.gd:31)

	   [16] error_monitor_stop (res://addons/gdUnit4/src/core/execution/GdUnitExecutionContext.gd:128)

	   [17] scan (res://addons/gdUnit4/src/monitor/GodotGdErrorMonitor.gd:48)

ERROR: Can't use get_node() with absolute paths from outside the active scene tree.

   at: get_node_or_null (scene/main/node.cpp:1898)

   GDScript backtrace (most recent call first):

	   [0] _get_achievement_manager (res://Autoloads/save_manager.gd:326)

	   [1] create_game_memento (res://Autoloads/save_manager.gd:156)

	   [2] _save_data (res://Autoloads/save_manager.gd:137)

	   [3] save_current_state_for_undo (res://Autoloads/save_manager.gd:297)

	   [4] test_undo_and_redo_state (res://tests/test_save_manager_extended.gd:47)

	   [5] _execute_test_case (res://addons/gdUnit4/src/core/_TestCase.gd:93)

	   [6] execute (res://addons/gdUnit4/src/core/_TestCase.gd:38)

	   [7] _execute (res://addons/gdUnit4/src/core/execution/stages/single/GdUnitTestCaseSingleTestStage.gd:10)

	   [8] execute (res://addons/gdUnit4/src/core/execution/stages/IGdUnitExecutionStage.gd:19)

	   [9] _execute (res://addons/gdUnit4/src/core/execution/stages/single/GdUnitTestCaseSingleExecutionStage.gd:17)

	   [10] execute (res://addons/gdUnit4/src/core/execution/stages/IGdUnitExecutionStage.gd:19)

	   [11] _execute (res://addons/gdUnit4/src/core/execution/stages/GdUnitTestCaseExecutionStage.gd:24)

	   [12] execute (res://addons/gdUnit4/src/core/execution/stages/IGdUnitExecutionStage.gd:19)

	   [13] _execute (res://addons/gdUnit4/src/core/execution/stages/GdUnitTestSuiteExecutionStage.gd:31)

	   [14] execute (res://addons/gdUnit4/src/core/execution/stages/IGdUnitExecutionStage.gd:19)

	   [15] _execute (res://addons/gdUnit4/src/core/execution/stages/GdUnitTestCaseExecutionStage.gd:31)

	   [16] error_monitor_stop (res://addons/gdUnit4/src/core/execution/GdUnitExecutionContext.gd:128)

	   [17] scan (res://addons/gdUnit4/src/monitor/GodotGdErrorMonitor.gd:48)

WARNING: SaveManager: AchievementManager not found in /root.

   at: push_warning (core/variant/variant_utility.cpp:1034)

   GDScript backtrace (most recent call first):

	   [0] _get_achievement_manager (res://Autoloads/save_manager.gd:328)

	   [1] create_game_memento (res://Autoloads/save_manager.gd:156)

	   [2] _save_data (res://Autoloads/save_manager.gd:137)

	   [3] save_current_state_for_undo (res://Autoloads/save_manager.gd:297)

	   [4] test_undo_and_redo_state (res://tests/test_save_manager_extended.gd:47)

	   [5] _execute_test_case (res://addons/gdUnit4/src/core/_TestCase.gd:93)

	   [6] execute (res://addons/gdUnit4/src/core/_TestCase.gd:38)

	   [7] _execute (res://addons/gdUnit4/src/core/execution/stages/single/GdUnitTestCaseSingleTestStage.gd:10)

	   [8] execute (res://addons/gdUnit4/src/core/execution/stages/IGdUnitExecutionStage.gd:19)

	   [9] _execute (res://addons/gdUnit4/src/core/execution/stages/single/GdUnitTestCaseSingleExecutionStage.gd:17)

	   [10] execute (res://addons/gdUnit4/src/core/execution/stages/IGdUnitExecutionStage.gd:19)

	   [11] _execute (res://addons/gdUnit4/src/core/execution/stages/GdUnitTestCaseExecutionStage.gd:24)

	   [12] execute (res://addons/gdUnit4/src/core/execution/stages/IGdUnitExecutionStage.gd:19)

	   [13] _execute (res://addons/gdUnit4/src/core/execution/stages/GdUnitTestSuiteExecutionStage.gd:31)

	   [14] execute (res://addons/gdUnit4/src/core/execution/stages/IGdUnitExecutionStage.gd:19)

	   [15] _execute (res://addons/gdUnit4/src/core/execution/stages/GdUnitTestCaseExecutionStage.gd:31)

	   [16] error_monitor_stop (res://addons/gdUnit4/src/core/execution/GdUnitExecutionContext.gd:128)

	   [17] scan (res://addons/gdUnit4/src/monitor/GodotGdErrorMonitor.gd:48)

ERROR: Can't use get_node() with absolute paths from outside the active scene tree.

   at: get_node_or_null (scene/main/node.cpp:1898)

   GDScript backtrace (most recent call first):

	   [0] create_game_memento (res://Autoloads/save_manager.gd:165)

	   [1] _save_data (res://Autoloads/save_manager.gd:137)

	   [2] save_current_state_for_undo (res://Autoloads/save_manager.gd:297)

	   [3] test_undo_and_redo_state (res://tests/test_save_manager_extended.gd:47)

	   [4] _execute_test_case (res://addons/gdUnit4/src/core/_TestCase.gd:93)

	   [5] execute (res://addons/gdUnit4/src/core/_TestCase.gd:38)

	   [6] _execute (res://addons/gdUnit4/src/core/execution/stages/single/GdUnitTestCaseSingleTestStage.gd:10)

	   [7] execute (res://addons/gdUnit4/src/core/execution/stages/IGdUnitExecutionStage.gd:19)

	   [8] _execute (res://addons/gdUnit4/src/core/execution/stages/single/GdUnitTestCaseSingleExecutionStage.gd:17)

	   [9] execute (res://addons/gdUnit4/src/core/execution/stages/IGdUnitExecutionStage.gd:19)

	   [10] _execute (res://addons/gdUnit4/src/core/execution/stages/GdUnitTestCaseExecutionStage.gd:24)

	   [11] execute (res://addons/gdUnit4/src/core/execution/stages/IGdUnitExecutionStage.gd:19)

	   [12] _execute (res://addons/gdUnit4/src/core/execution/stages/GdUnitTestSuiteExecutionStage.gd:31)

	   [13] execute (res://addons/gdUnit4/src/core/execution/stages/IGdUnitExecutionStage.gd:19)

	   [14] _execute (res://addons/gdUnit4/src/core/execution/stages/GdUnitTestCaseExecutionStage.gd:31)

	   [15] error_monitor_stop (res://addons/gdUnit4/src/core/execution/GdUnitExecutionContext.gd:128)

	   [16] scan (res://addons/gdUnit4/src/monitor/GodotGdErrorMonitor.gd:48)

ERROR: Can't use get_node() with absolute paths from outside the active scene tree.

   at: get_node_or_null (scene/main/node.cpp:1898)

   GDScript backtrace (most recent call first):

	   [0] _get_journal_manager (res://Autoloads/save_manager.gd:320)

	   [1] create_game_memento (res://Autoloads/save_manager.gd:152)

	   [2] _save_data (res://Autoloads/save_manager.gd:137)

	   [3] set_value (res://Autoloads/save_manager.gd:58)

	   [4] save_roster (res://Autoloads/save_manager.gd:69)

	   [5] test_save_and_load_roster (res://tests/test_save_manager_extended.gd:68)

	   [6] _execute_test_case (res://addons/gdUnit4/src/core/_TestCase.gd:93)

	   [7] execute (res://addons/gdUnit4/src/core/_TestCase.gd:38)

	   [8] _execute (res://addons/gdUnit4/src/core/execution/stages/single/GdUnitTestCaseSingleTestStage.gd:10)

	   [9] execute (res://addons/gdUnit4/src/core/execution/stages/IGdUnitExecutionStage.gd:19)

	   [10] _execute (res://addons/gdUnit4/src/core/execution/stages/single/GdUnitTestCaseSingleExecutionStage.gd:17)

	   [11] execute (res://addons/gdUnit4/src/core/execution/stages/IGdUnitExecutionStage.gd:19)

	   [12] _execute (res://addons/gdUnit4/src/core/execution/stages/GdUnitTestCaseExecutionStage.gd:24)

	   [13] execute (res://addons/gdUnit4/src/core/execution/stages/IGdUnitExecutionStage.gd:19)

	   [14] _execute (res://addons/gdUnit4/src/core/execution/stages/GdUnitTestSuiteExecutionStage.gd:31)

	   [15] execute (res://addons/gdUnit4/src/core/execution/stages/IGdUnitExecutionStage.gd:19)

	   [16] _execute (res://addons/gdUnit4/src/core/execution/stages/GdUnitTestCaseExecutionStage.gd:31)

	   [17] error_monitor_stop (res://addons/gdUnit4/src/core/execution/GdUnitExecutionContext.gd:128)

	   [18] scan (res://addons/gdUnit4/src/monitor/GodotGdErrorMonitor.gd:48)

WARNING: SaveManager: JournalManager not found in /root.

   at: push_warning (core/variant/variant_utility.cpp:1034)

   GDScript backtrace (most recent call first):

	   [0] _get_journal_manager (res://Autoloads/save_manager.gd:322)

	   [1] create_game_memento (res://Autoloads/save_manager.gd:152)

	   [2] _save_data (res://Autoloads/save_manager.gd:137)

	   [3] set_value (res://Autoloads/save_manager.gd:58)

	   [4] save_roster (res://Autoloads/save_manager.gd:69)

	   [5] test_save_and_load_roster (res://tests/test_save_manager_extended.gd:68)

	   [6] _execute_test_case (res://addons/gdUnit4/src/core/_TestCase.gd:93)

	   [7] execute (res://addons/gdUnit4/src/core/_TestCase.gd:38)

	   [8] _execute (res://addons/gdUnit4/src/core/execution/stages/single/GdUnitTestCaseSingleTestStage.gd:10)

	   [9] execute (res://addons/gdUnit4/src/core/execution/stages/IGdUnitExecutionStage.gd:19)

	   [10] _execute (res://addons/gdUnit4/src/core/execution/stages/single/GdUnitTestCaseSingleExecutionStage.gd:17)

	   [11] execute (res://addons/gdUnit4/src/core/execution/stages/IGdUnitExecutionStage.gd:19)

	   [12] _execute (res://addons/gdUnit4/src/core/execution/stages/GdUnitTestCaseExecutionStage.gd:24)

	   [13] execute (res://addons/gdUnit4/src/core/execution/stages/IGdUnitExecutionStage.gd:19)

	   [14] _execute (res://addons/gdUnit4/src/core/execution/stages/GdUnitTestSuiteExecutionStage.gd:31)

	   [15] execute (res://addons/gdUnit4/src/core/execution/stages/IGdUnitExecutionStage.gd:19)

	   [16] _execute (res://addons/gdUnit4/src/core/execution/stages/GdUnitTestCaseExecutionStage.gd:31)

	   [17] error_monitor_stop (res://addons/gdUnit4/src/core/execution/GdUnitExecutionContext.gd:128)

	   [18] scan (res://addons/gdUnit4/src/monitor/GodotGdErrorMonitor.gd:48)

ERROR: Can't use get_node() with absolute paths from outside the active scene tree.

   at: get_node_or_null (scene/main/node.cpp:1898)

   GDScript backtrace (most recent call first):

	   [0] _get_achievement_manager (res://Autoloads/save_manager.gd:326)

	   [1] create_game_memento (res://Autoloads/save_manager.gd:156)

	   [2] _save_data (res://Autoloads/save_manager.gd:137)

	   [3] set_value (res://Autoloads/save_manager.gd:58)

	   [4] save_roster (res://Autoloads/save_manager.gd:69)

	   [5] test_save_and_load_roster (res://tests/test_save_manager_extended.gd:68)

	   [6] _execute_test_case (res://addons/gdUnit4/src/core/_TestCase.gd:93)

	   [7] execute (res://addons/gdUnit4/src/core/_TestCase.gd:38)

	   [8] _execute (res://addons/gdUnit4/src/core/execution/stages/single/GdUnitTestCaseSingleTestStage.gd:10)

	   [9] execute (res://addons/gdUnit4/src/core/execution/stages/IGdUnitExecutionStage.gd:19)

	   [10] _execute (res://addons/gdUnit4/src/core/execution/stages/single/GdUnitTestCaseSingleExecutionStage.gd:17)

	   [11] execute (res://addons/gdUnit4/src/core/execution/stages/IGdUnitExecutionStage.gd:19)

	   [12] _execute (res://addons/gdUnit4/src/core/execution/stages/GdUnitTestCaseExecutionStage.gd:24)

	   [13] execute (res://addons/gdUnit4/src/core/execution/stages/IGdUnitExecutionStage.gd:19)

	   [14] _execute (res://addons/gdUnit4/src/core/execution/stages/GdUnitTestSuiteExecutionStage.gd:31)

	   [15] execute (res://addons/gdUnit4/src/core/execution/stages/IGdUnitExecutionStage.gd:19)

	   [16] _execute (res://addons/gdUnit4/src/core/execution/stages/GdUnitTestCaseExecutionStage.gd:31)

	   [17] error_monitor_stop (res://addons/gdUnit4/src/core/execution/GdUnitExecutionContext.gd:128)

	   [18] scan (res://addons/gdUnit4/src/monitor/GodotGdErrorMonitor.gd:48)

WARNING: SaveManager: AchievementManager not found in /root.

   at: push_warning (core/variant/variant_utility.cpp:1034)

   GDScript backtrace (most recent call first):

	   [0] _get_achievement_manager (res://Autoloads/save_manager.gd:328)

	   [1] create_game_memento (res://Autoloads/save_manager.gd:156)

	   [2] _save_data (res://Autoloads/save_manager.gd:137)

	   [3] set_value (res://Autoloads/save_manager.gd:58)

	   [4] save_roster (res://Autoloads/save_manager.gd:69)

	   [5] test_save_and_load_roster (res://tests/test_save_manager_extended.gd:68)

	   [6] _execute_test_case (res://addons/gdUnit4/src/core/_TestCase.gd:93)

	   [7] execute (res://addons/gdUnit4/src/core/_TestCase.gd:38)

	   [8] _execute (res://addons/gdUnit4/src/core/execution/stages/single/GdUnitTestCaseSingleTestStage.gd:10)

	   [9] execute (res://addons/gdUnit4/src/core/execution/stages/IGdUnitExecutionStage.gd:19)

	   [10] _execute (res://addons/gdUnit4/src/core/execution/stages/single/GdUnitTestCaseSingleExecutionStage.gd:17)

	   [11] execute (res://addons/gdUnit4/src/core/execution/stages/IGdUnitExecutionStage.gd:19)

	   [12] _execute (res://addons/gdUnit4/src/core/execution/stages/GdUnitTestCaseExecutionStage.gd:24)

	   [13] execute (res://addons/gdUnit4/src/core/execution/stages/IGdUnitExecutionStage.gd:19)

	   [14] _execute (res://addons/gdUnit4/src/core/execution/stages/GdUnitTestSuiteExecutionStage.gd:31)

	   [15] execute (res://addons/gdUnit4/src/core/execution/stages/IGdUnitExecutionStage.gd:19)

	   [16] _execute (res://addons/gdUnit4/src/core/execution/stages/GdUnitTestCaseExecutionStage.gd:31)

	   [17] error_monitor_stop (res://addons/gdUnit4/src/core/execution/GdUnitExecutionContext.gd:128)

	   [18] scan (res://addons/gdUnit4/src/monitor/GodotGdErrorMonitor.gd:48)

ERROR: Can't use get_node() with absolute paths from outside the active scene tree.

   at: get_node_or_null (scene/main/node.cpp:1898)

   GDScript backtrace (most recent call first):

	   [0] create_game_memento (res://Autoloads/save_manager.gd:165)

	   [1] _save_data (res://Autoloads/save_manager.gd:137)

	   [2] set_value (res://Autoloads/save_manager.gd:58)

	   [3] save_roster (res://Autoloads/save_manager.gd:69)

	   [4] test_save_and_load_roster (res://tests/test_save_manager_extended.gd:68)

	   [5] _execute_test_case (res://addons/gdUnit4/src/core/_TestCase.gd:93)

	   [6] execute (res://addons/gdUnit4/src/core/_TestCase.gd:38)

	   [7] _execute (res://addons/gdUnit4/src/core/execution/stages/single/GdUnitTestCaseSingleTestStage.gd:10)

	   [8] execute (res://addons/gdUnit4/src/core/execution/stages/IGdUnitExecutionStage.gd:19)

	   [9] _execute (res://addons/gdUnit4/src/core/execution/stages/single/GdUnitTestCaseSingleExecutionStage.gd:17)

	   [10] execute (res://addons/gdUnit4/src/core/execution/stages/IGdUnitExecutionStage.gd:19)

	   [11] _execute (res://addons/gdUnit4/src/core/execution/stages/GdUnitTestCaseExecutionStage.gd:24)

	   [12] execute (res://addons/gdUnit4/src/core/execution/stages/IGdUnitExecutionStage.gd:19)

	   [13] _execute (res://addons/gdUnit4/src/core/execution/stages/GdUnitTestSuiteExecutionStage.gd:31)

	   [14] execute (res://addons/gdUnit4/src/core/execution/stages/IGdUnitExecutionStage.gd:19)

	   [15] _execute (res://addons/gdUnit4/src/core/execution/stages/GdUnitTestCaseExecutionStage.gd:31)

	   [16] error_monitor_stop (res://addons/gdUnit4/src/core/execution/GdUnitExecutionContext.gd:128)

	   [17] scan (res://addons/gdUnit4/src/monitor/GodotGdErrorMonitor.gd:48)

ERROR: Can't use get_node() with absolute paths from outside the active scene tree.

   at: get_node_or_null (scene/main/node.cpp:1898)

   GDScript backtrace (most recent call first):

	   [0] activate (res://Gameplay/skills/weather_change_skill.gd:7)

	   [1] test_weather_skill_activate_fails_if_manager_null (res://tests/test_skills_extended.gd:37)

	   [2] _execute_test_case (res://addons/gdUnit4/src/core/_TestCase.gd:93)

	   [3] execute (res://addons/gdUnit4/src/core/_TestCase.gd:38)

	   [4] _execute (res://addons/gdUnit4/src/core/execution/stages/single/GdUnitTestCaseSingleTestStage.gd:10)

	   [5] execute (res://addons/gdUnit4/src/core/execution/stages/IGdUnitExecutionStage.gd:19)

	   [6] _execute (res://addons/gdUnit4/src/core/execution/stages/single/GdUnitTestCaseSingleExecutionStage.gd:17)

	   [7] execute (res://addons/gdUnit4/src/core/execution/stages/IGdUnitExecutionStage.gd:19)

	   [8] _execute (res://addons/gdUnit4/src/core/execution/stages/GdUnitTestCaseExecutionStage.gd:24)

	   [9] execute (res://addons/gdUnit4/src/core/execution/stages/IGdUnitExecutionStage.gd:19)

	   [10] _execute (res://addons/gdUnit4/src/core/execution/stages/GdUnitTestSuiteExecutionStage.gd:31)

	   [11] execute (res://addons/gdUnit4/src/core/execution/stages/IGdUnitExecutionStage.gd:19)

	   [12] _execute (res://addons/gdUnit4/src/core/execution/stages/GdUnitTestCaseExecutionStage.gd:31)

	   [13] error_monitor_stop (res://addons/gdUnit4/src/core/execution/GdUnitExecutionContext.gd:128)

	   [14] scan (res://addons/gdUnit4/src/monitor/GodotGdErrorMonitor.gd:48)

ERROR: Error constructing a GDScriptInstance: 'RefCounted(game_command_context.gd)::_init': Cannot convert argument 10 from Object to Object

   at: _create_instance (modules/gdscript/gdscript.cpp:200)

   GDScript backtrace (most recent call first):

	   [0] _create_context (res://tests/test_talk_to_unit_command.gd:16)

	   [1] test_execute_invokes_service_with_payload (res://tests/test_talk_to_unit_command.gd:43)

	   [2] _execute_test_case (res://addons/gdUnit4/src/core/_TestCase.gd:93)

	   [3] execute (res://addons/gdUnit4/src/core/_TestCase.gd:38)

	   [4] _execute (res://addons/gdUnit4/src/core/execution/stages/single/GdUnitTestCaseSingleTestStage.gd:10)

	   [5] execute (res://addons/gdUnit4/src/core/execution/stages/IGdUnitExecutionStage.gd:19)

	   [6] _execute (res://addons/gdUnit4/src/core/execution/stages/single/GdUnitTestCaseSingleExecutionStage.gd:17)

	   [7] execute (res://addons/gdUnit4/src/core/execution/stages/IGdUnitExecutionStage.gd:19)

	   [8] _execute (res://addons/gdUnit4/src/core/execution/stages/GdUnitTestCaseExecutionStage.gd:24)

	   [9] execute (res://addons/gdUnit4/src/core/execution/stages/IGdUnitExecutionStage.gd:19)

	   [10] _execute (res://addons/gdUnit4/src/core/execution/stages/GdUnitTestSuiteExecutionStage.gd:31)

	   [11] execute (res://addons/gdUnit4/src/core/execution/stages/IGdUnitExecutionStage.gd:19)

	   [12] _execute (res://addons/gdUnit4/src/core/execution/stages/GdUnitTestCaseExecutionStage.gd:31)

	   [13] error_monitor_stop (res://addons/gdUnit4/src/core/execution/GdUnitExecutionContext.gd:128)

	   [14] scan (res://addons/gdUnit4/src/monitor/GodotGdErrorMonitor.gd:48)

SCRIPT ERROR: Invalid type in function 'new' in base 'GDScript'. The Object-derived class of argument 10 (RefCounted (MockDialogueService)) is not a subclass of the expected argument class.

   at: _create_context (res://tests/test_talk_to_unit_command.gd:16)

   GDScript backtrace (most recent call first):

	   [0] _create_context (res://tests/test_talk_to_unit_command.gd:16)

	   [1] test_execute_invokes_service_with_payload (res://tests/test_talk_to_unit_command.gd:43)

	   [2] _execute_test_case (res://addons/gdUnit4/src/core/_TestCase.gd:93)

	   [3] execute (res://addons/gdUnit4/src/core/_TestCase.gd:38)

	   [4] _execute (res://addons/gdUnit4/src/core/execution/stages/single/GdUnitTestCaseSingleTestStage.gd:10)

	   [5] execute (res://addons/gdUnit4/src/core/execution/stages/IGdUnitExecutionStage.gd:19)

	   [6] _execute (res://addons/gdUnit4/src/core/execution/stages/single/GdUnitTestCaseSingleExecutionStage.gd:17)

	   [7] execute (res://addons/gdUnit4/src/core/execution/stages/IGdUnitExecutionStage.gd:19)

	   [8] _execute (res://addons/gdUnit4/src/core/execution/stages/GdUnitTestCaseExecutionStage.gd:24)

	   [9] execute (res://addons/gdUnit4/src/core/execution/stages/IGdUnitExecutionStage.gd:19)

	   [10] _execute (res://addons/gdUnit4/src/core/execution/stages/GdUnitTestSuiteExecutionStage.gd:31)

	   [11] execute (res://addons/gdUnit4/src/core/execution/stages/IGdUnitExecutionStage.gd:19)

	   [12] _execute (res://addons/gdUnit4/src/core/execution/stages/GdUnitTestCaseExecutionStage.gd:31)

	   [13] error_monitor_stop (res://addons/gdUnit4/src/core/execution/GdUnitExecutionContext.gd:128)

	   [14] scan (res://addons/gdUnit4/src/monitor/GodotGdErrorMonitor.gd:48)

SCRIPT ERROR: Invalid call. Nonexistent function 'get_global_rect' in base 'Sprite2D'.

   at: Target.is_pixel_inside (res://Gameplay/targets/target.gd:108)

   GDScript backtrace (most recent call first):

	   [0] is_pixel_inside (res://Gameplay/targets/target.gd:108)

	   [1] test_target_is_pixel_inside_with_sprite (res://tests/test_target_and_loot_extended.gd:27)

	   [2] _execute_test_case (res://addons/gdUnit4/src/core/_TestCase.gd:93)

	   [3] execute (res://addons/gdUnit4/src/core/_TestCase.gd:38)

	   [4] _execute (res://addons/gdUnit4/src/core/execution/stages/single/GdUnitTestCaseSingleTestStage.gd:10)

	   [5] execute (res://addons/gdUnit4/src/core/execution/stages/IGdUnitExecutionStage.gd:19)

	   [6] _execute (res://addons/gdUnit4/src/core/execution/stages/single/GdUnitTestCaseSingleExecutionStage.gd:17)

	   [7] execute (res://addons/gdUnit4/src/core/execution/stages/IGdUnitExecutionStage.gd:19)

	   [8] _execute (res://addons/gdUnit4/src/core/execution/stages/GdUnitTestCaseExecutionStage.gd:24)

	   [9] execute (res://addons/gdUnit4/src/core/execution/stages/IGdUnitExecutionStage.gd:19)

	   [10] _execute (res://addons/gdUnit4/src/core/execution/stages/GdUnitTestSuiteExecutionStage.gd:31)

	   [11] execute (res://addons/gdUnit4/src/core/execution/stages/IGdUnitExecutionStage.gd:19)

	   [12] _execute (res://addons/gdUnit4/src/core/execution/stages/GdUnitTestCaseExecutionStage.gd:31)

	   [13] error_monitor_stop (res://addons/gdUnit4/src/core/execution/GdUnitExecutionContext.gd:128)

	   [14] scan (res://addons/gdUnit4/src/monitor/GodotGdErrorMonitor.gd:48)

SCRIPT ERROR: Invalid call. Nonexistent function 'push_back' in base 'Nil'.

   at: GdUnitExecutionContext.add_report (res://addons/gdUnit4/src/core/execution/GdUnitExecutionContext.gd:142)

   GDScript backtrace (most recent call first):

	   [0] add_report (res://addons/gdUnit4/src/core/execution/GdUnitExecutionContext.gd:142)

	   [1] send_report (res://addons/gdUnit4/src/asserts/GdAssertReports.gd:54)

	   [2] report_error (res://addons/gdUnit4/src/asserts/GdAssertReports.gd:26)

	   [3] report_error (res://addons/gdUnit4/src/asserts/GdUnitSignalAssertImpl.gd:45)

	   [4] _wail_until_signal (res://addons/gdUnit4/src/asserts/GdUnitSignalAssertImpl.gd:139)

SCRIPT ERROR: Invalid call. Nonexistent function 'can_be_worked_on_by' in base 'Node2D (Location)'.

   at: test_location_interaction_respects_external_coord (res://tests/test_target_grid_coords.gd:34)

   GDScript backtrace (most recent call first):

	   [0] test_location_interaction_respects_external_coord (res://tests/test_target_grid_coords.gd:34)

	   [1] _execute_test_case (res://addons/gdUnit4/src/core/_TestCase.gd:93)

	   [2] execute (res://addons/gdUnit4/src/core/_TestCase.gd:38)

	   [3] _execute (res://addons/gdUnit4/src/core/execution/stages/single/GdUnitTestCaseSingleTestStage.gd:10)

	   [4] execute (res://addons/gdUnit4/src/core/execution/stages/IGdUnitExecutionStage.gd:19)

	   [5] _execute (res://addons/gdUnit4/src/core/execution/stages/single/GdUnitTestCaseSingleExecutionStage.gd:17)

	   [6] execute (res://addons/gdUnit4/src/core/execution/stages/IGdUnitExecutionStage.gd:19)

	   [7] _execute (res://addons/gdUnit4/src/core/execution/stages/GdUnitTestCaseExecutionStage.gd:24)

	   [8] execute (res://addons/gdUnit4/src/core/execution/stages/IGdUnitExecutionStage.gd:19)

	   [9] _execute (res://addons/gdUnit4/src/core/execution/stages/GdUnitTestSuiteExecutionStage.gd:31)

	   [10] execute (res://addons/gdUnit4/src/core/execution/stages/IGdUnitExecutionStage.gd:19)

	   [11] _execute (res://addons/gdUnit4/src/core/execution/stages/GdUnitTestCaseExecutionStage.gd:31)

	   [12] error_monitor_stop (res://addons/gdUnit4/src/core/execution/GdUnitExecutionContext.gd:128)

	   [13] scan (res://addons/gdUnit4/src/monitor/GodotGdErrorMonitor.gd:48)

SCRIPT ERROR: Trying to assign a non-object value to a variable of type 'game_state.gd'.

   at: test_task_controller_finish_setup (res://tests/test_task_controller_extended_2.gd:23)

   GDScript backtrace (most recent call first):

	   [0] test_task_controller_finish_setup (res://tests/test_task_controller_extended_2.gd:23)

	   [1] _execute_test_case (res://addons/gdUnit4/src/core/_TestCase.gd:93)

	   [2] execute (res://addons/gdUnit4/src/core/_TestCase.gd:38)

	   [3] _execute (res://addons/gdUnit4/src/core/execution/stages/single/GdUnitTestCaseSingleTestStage.gd:10)

	   [4] execute (res://addons/gdUnit4/src/core/execution/stages/IGdUnitExecutionStage.gd:19)

	   [5] _execute (res://addons/gdUnit4/src/core/execution/stages/single/GdUnitTestCaseSingleExecutionStage.gd:17)

	   [6] execute (res://addons/gdUnit4/src/core/execution/stages/IGdUnitExecutionStage.gd:19)

	   [7] _execute (res://addons/gdUnit4/src/core/execution/stages/GdUnitTestCaseExecutionStage.gd:24)

	   [8] execute (res://addons/gdUnit4/src/core/execution/stages/IGdUnitExecutionStage.gd:19)

	   [9] _execute (res://addons/gdUnit4/src/core/execution/stages/GdUnitTestSuiteExecutionStage.gd:31)

	   [10] execute (res://addons/gdUnit4/src/core/execution/stages/IGdUnitExecutionStage.gd:19)

	   [11] execute (res://addons/gdUnit4/src/core/execution/GdUnitTestSuiteExecutor.gd:23)

SCRIPT ERROR: Trying to assign a non-object value to a variable of type 'game_state.gd'.

   at: test_task_controller_bootstrap_and_activate (res://tests/test_task_controller_extended_2.gd:33)

   GDScript backtrace (most recent call first):

	   [0] test_task_controller_bootstrap_and_activate (res://tests/test_task_controller_extended_2.gd:33)

	   [1] _execute_test_case (res://addons/gdUnit4/src/core/_TestCase.gd:93)

	   [2] execute (res://addons/gdUnit4/src/core/_TestCase.gd:38)

	   [3] _execute (res://addons/gdUnit4/src/core/execution/stages/single/GdUnitTestCaseSingleTestStage.gd:10)

	   [4] execute (res://addons/gdUnit4/src/core/execution/stages/IGdUnitExecutionStage.gd:19)

	   [5] _execute (res://addons/gdUnit4/src/core/execution/stages/single/GdUnitTestCaseSingleExecutionStage.gd:17)

	   [6] execute (res://addons/gdUnit4/src/core/execution/stages/IGdUnitExecutionStage.gd:19)

	   [7] _execute (res://addons/gdUnit4/src/core/execution/stages/GdUnitTestCaseExecutionStage.gd:24)

	   [8] execute (res://addons/gdUnit4/src/core/execution/stages/IGdUnitExecutionStage.gd:19)

	   [9] _execute (res://addons/gdUnit4/src/core/execution/stages/GdUnitTestSuiteExecutionStage.gd:31)

	   [10] execute (res://addons/gdUnit4/src/core/execution/stages/IGdUnitExecutionStage.gd:19)

	   [11] _execute (res://addons/gdUnit4/src/core/execution/stages/GdUnitTestCaseExecutionStage.gd:31)

	   [12] error_monitor_stop (res://addons/gdUnit4/src/core/execution/GdUnitExecutionContext.gd:128)

	   [13] scan (res://addons/gdUnit4/src/monitor/GodotGdErrorMonitor.gd:48)

SCRIPT ERROR: Invalid call. Nonexistent function 'get_player_units' in base 'Nil'.

   at: TaskController.check_objective_conditions (res://Gameplay/narrative/task/task_controller.gd:219)

   GDScript backtrace (most recent call first):

	   [0] check_objective_conditions (res://Gameplay/narrative/task/task_controller.gd:219)

	   [1] on_task_completed (res://Gameplay/narrative/task/task_controller.gd:123)

	   [2] test_task_controller_on_task_completed (res://tests/test_task_controller_extended_2.gd:44)

	   [3] _execute_test_case (res://addons/gdUnit4/src/core/_TestCase.gd:93)

	   [4] execute (res://addons/gdUnit4/src/core/_TestCase.gd:38)

	   [5] _execute (res://addons/gdUnit4/src/core/execution/stages/single/GdUnitTestCaseSingleTestStage.gd:10)

	   [6] execute (res://addons/gdUnit4/src/core/execution/stages/IGdUnitExecutionStage.gd:19)

	   [7] _execute (res://addons/gdUnit4/src/core/execution/stages/single/GdUnitTestCaseSingleExecutionStage.gd:17)

	   [8] execute (res://addons/gdUnit4/src/core/execution/stages/IGdUnitExecutionStage.gd:19)

	   [9] _execute (res://addons/gdUnit4/src/core/execution/stages/GdUnitTestCaseExecutionStage.gd:24)

	   [10] execute (res://addons/gdUnit4/src/core/execution/stages/IGdUnitExecutionStage.gd:19)

	   [11] _execute (res://addons/gdUnit4/src/core/execution/stages/GdUnitTestSuiteExecutionStage.gd:31)

	   [12] execute (res://addons/gdUnit4/src/core/execution/stages/IGdUnitExecutionStage.gd:19)

	   [13] _execute (res://addons/gdUnit4/src/core/execution/stages/GdUnitTestCaseExecutionStage.gd:31)

	   [14] error_monitor_stop (res://addons/gdUnit4/src/core/execution/GdUnitExecutionContext.gd:128)

	   [15] scan (res://addons/gdUnit4/src/monitor/GodotGdErrorMonitor.gd:48)

SCRIPT ERROR: Trying to assign a non-object value to a variable of type 'game_state.gd'.

   at: test_task_controller_is_narrative_blocking (res://tests/test_task_controller_extended_2.gd:51)

   GDScript backtrace (most recent call first):

	   [0] test_task_controller_is_narrative_blocking (res://tests/test_task_controller_extended_2.gd:51)

	   [1] _execute_test_case (res://addons/gdUnit4/src/core/_TestCase.gd:93)

	   [2] execute (res://addons/gdUnit4/src/core/_TestCase.gd:38)

	   [3] _execute (res://addons/gdUnit4/src/core/execution/stages/single/GdUnitTestCaseSingleTestStage.gd:10)

	   [4] execute (res://addons/gdUnit4/src/core/execution/stages/IGdUnitExecutionStage.gd:19)

	   [5] _execute (res://addons/gdUnit4/src/core/execution/stages/single/GdUnitTestCaseSingleExecutionStage.gd:17)

	   [6] execute (res://addons/gdUnit4/src/core/execution/stages/IGdUnitExecutionStage.gd:19)

	   [7] _execute (res://addons/gdUnit4/src/core/execution/stages/GdUnitTestCaseExecutionStage.gd:24)

	   [8] execute (res://addons/gdUnit4/src/core/execution/stages/IGdUnitExecutionStage.gd:19)

	   [9] _execute (res://addons/gdUnit4/src/core/execution/stages/GdUnitTestSuiteExecutionStage.gd:31)

	   [10] execute (res://addons/gdUnit4/src/core/execution/stages/IGdUnitExecutionStage.gd:19)

	   [11] _execute (res://addons/gdUnit4/src/core/execution/stages/GdUnitTestCaseExecutionStage.gd:31)

	   [12] error_monitor_stop (res://addons/gdUnit4/src/core/execution/GdUnitExecutionContext.gd:128)

	   [13] scan (res://addons/gdUnit4/src/monitor/GodotGdErrorMonitor.gd:48)

SCRIPT ERROR: Invalid assignment of property or key 'active_tasks' with value of type 'Array' on a base object of type 'Resource (Stage)'.

   at: test_task_dialogue_handler_queue_task_dialogues (res://tests/test_task_dialogue_handler_extended_2.gd:13)

   GDScript backtrace (most recent call first):

	   [0] test_task_dialogue_handler_queue_task_dialogues (res://tests/test_task_dialogue_handler_extended_2.gd:13)

	   [1] _execute_test_case (res://addons/gdUnit4/src/core/_TestCase.gd:93)

	   [2] execute (res://addons/gdUnit4/src/core/_TestCase.gd:38)

	   [3] _execute (res://addons/gdUnit4/src/core/execution/stages/single/GdUnitTestCaseSingleTestStage.gd:10)

	   [4] execute (res://addons/gdUnit4/src/core/execution/stages/IGdUnitExecutionStage.gd:19)

	   [5] _execute (res://addons/gdUnit4/src/core/execution/stages/single/GdUnitTestCaseSingleExecutionStage.gd:17)

	   [6] execute (res://addons/gdUnit4/src/core/execution/stages/IGdUnitExecutionStage.gd:19)

	   [7] _execute (res://addons/gdUnit4/src/core/execution/stages/GdUnitTestCaseExecutionStage.gd:24)

	   [8] execute (res://addons/gdUnit4/src/core/execution/stages/IGdUnitExecutionStage.gd:19)

	   [9] _execute (res://addons/gdUnit4/src/core/execution/stages/GdUnitTestSuiteExecutionStage.gd:31)

	   [10] execute (res://addons/gdUnit4/src/core/execution/stages/IGdUnitExecutionStage.gd:19)

	   [11] execute (res://addons/gdUnit4/src/core/execution/GdUnitTestSuiteExecutor.gd:23)

SCRIPT ERROR: Invalid assignment of property or key '_dialogue_queue' with value of type 'Array' on a base object of type 'Object (TaskDialogueHandler)'.

   at: test_task_dialogue_handler_get_queue_contents (res://tests/test_task_dialogue_handler_extended_2.gd:29)

   GDScript backtrace (most recent call first):

	   [0] test_task_dialogue_handler_get_queue_contents (res://tests/test_task_dialogue_handler_extended_2.gd:29)

	   [1] _execute_test_case (res://addons/gdUnit4/src/core/_TestCase.gd:93)

	   [2] execute (res://addons/gdUnit4/src/core/_TestCase.gd:38)

	   [3] _execute (res://addons/gdUnit4/src/core/execution/stages/single/GdUnitTestCaseSingleTestStage.gd:10)

	   [4] execute (res://addons/gdUnit4/src/core/execution/stages/IGdUnitExecutionStage.gd:19)

	   [5] _execute (res://addons/gdUnit4/src/core/execution/stages/single/GdUnitTestCaseSingleExecutionStage.gd:17)

	   [6] execute (res://addons/gdUnit4/src/core/execution/stages/IGdUnitExecutionStage.gd:19)

	   [7] _execute (res://addons/gdUnit4/src/core/execution/stages/GdUnitTestCaseExecutionStage.gd:24)

	   [8] execute (res://addons/gdUnit4/src/core/execution/stages/IGdUnitExecutionStage.gd:19)

	   [9] _execute (res://addons/gdUnit4/src/core/execution/stages/GdUnitTestSuiteExecutionStage.gd:31)

	   [10] execute (res://addons/gdUnit4/src/core/execution/stages/IGdUnitExecutionStage.gd:19)

	   [11] _execute (res://addons/gdUnit4/src/core/execution/stages/GdUnitTestCaseExecutionStage.gd:31)

	   [12] error_monitor_stop (res://addons/gdUnit4/src/core/execution/GdUnitExecutionContext.gd:128)

	   [13] scan (res://addons/gdUnit4/src/monitor/GodotGdErrorMonitor.gd:48)

SCRIPT ERROR: Invalid assignment of property or key 'id' with value of type 'String' on a base object of type 'Resource (Objective)'.

   at: test_task_manager_prepare_objective (res://tests/test_task_methods.gd:25)

   GDScript backtrace (most recent call first):

	   [0] test_task_manager_prepare_objective (res://tests/test_task_methods.gd:25)

	   [1] _execute_test_case (res://addons/gdUnit4/src/core/_TestCase.gd:93)

	   [2] execute (res://addons/gdUnit4/src/core/_TestCase.gd:38)

	   [3] _execute (res://addons/gdUnit4/src/core/execution/stages/single/GdUnitTestCaseSingleTestStage.gd:10)

	   [4] execute (res://addons/gdUnit4/src/core/execution/stages/IGdUnitExecutionStage.gd:19)

	   [5] _execute (res://addons/gdUnit4/src/core/execution/stages/single/GdUnitTestCaseSingleExecutionStage.gd:17)

	   [6] execute (res://addons/gdUnit4/src/core/execution/stages/IGdUnitExecutionStage.gd:19)

	   [7] _execute (res://addons/gdUnit4/src/core/execution/stages/GdUnitTestCaseExecutionStage.gd:24)

	   [8] execute (res://addons/gdUnit4/src/core/execution/stages/IGdUnitExecutionStage.gd:19)

	   [9] _execute (res://addons/gdUnit4/src/core/execution/stages/GdUnitTestSuiteExecutionStage.gd:31)

	   [10] execute (res://addons/gdUnit4/src/core/execution/stages/IGdUnitExecutionStage.gd:19)

	   [11] _execute (res://addons/gdUnit4/src/core/execution/stages/GdUnitTestCaseExecutionStage.gd:31)

	   [12] error_monitor_stop (res://addons/gdUnit4/src/core/execution/GdUnitExecutionContext.gd:128)

	   [13] scan (res://addons/gdUnit4/src/monitor/GodotGdErrorMonitor.gd:48)

SCRIPT ERROR: Invalid assignment of property or key 'active_tasks' with value of type 'Array' on a base object of type 'Resource (Stage)'.

   at: test_task_manager_debug_complete (res://tests/test_task_methods.gd:39)

   GDScript backtrace (most recent call first):

	   [0] test_task_manager_debug_complete (res://tests/test_task_methods.gd:39)

	   [1] _execute_test_case (res://addons/gdUnit4/src/core/_TestCase.gd:93)

	   [2] execute (res://addons/gdUnit4/src/core/_TestCase.gd:38)

	   [3] _execute (res://addons/gdUnit4/src/core/execution/stages/single/GdUnitTestCaseSingleTestStage.gd:10)

	   [4] execute (res://addons/gdUnit4/src/core/execution/stages/IGdUnitExecutionStage.gd:19)

	   [5] _execute (res://addons/gdUnit4/src/core/execution/stages/single/GdUnitTestCaseSingleExecutionStage.gd:17)

	   [6] execute (res://addons/gdUnit4/src/core/execution/stages/IGdUnitExecutionStage.gd:19)

	   [7] _execute (res://addons/gdUnit4/src/core/execution/stages/GdUnitTestCaseExecutionStage.gd:24)

	   [8] execute (res://addons/gdUnit4/src/core/execution/stages/IGdUnitExecutionStage.gd:19)

	   [9] _execute (res://addons/gdUnit4/src/core/execution/stages/GdUnitTestSuiteExecutionStage.gd:31)

	   [10] execute (res://addons/gdUnit4/src/core/execution/stages/IGdUnitExecutionStage.gd:19)

	   [11] _execute (res://addons/gdUnit4/src/core/execution/stages/GdUnitTestCaseExecutionStage.gd:31)

	   [12] error_monitor_stop (res://addons/gdUnit4/src/core/execution/GdUnitExecutionContext.gd:128)

	   [13] scan (res://addons/gdUnit4/src/monitor/GodotGdErrorMonitor.gd:48)

SCRIPT ERROR: Invalid call. Nonexistent function 'id' in base 'Nil'.

   at: GdUnitTestCaseSingleExecutionStage._execute (res://addons/gdUnit4/src/core/execution/stages/single/GdUnitTestCaseSingleExecutionStage.gd:28)

   GDScript backtrace (most recent call first):

	   [0] _execute (res://addons/gdUnit4/src/core/execution/stages/single/GdUnitTestCaseSingleExecutionStage.gd:28)

	   [1] execute (res://addons/gdUnit4/src/core/execution/stages/IGdUnitExecutionStage.gd:19)

	   [2] _execute (res://addons/gdUnit4/src/core/execution/stages/GdUnitTestCaseAfterStage.gd:22)

	   [3] error_monitor_stop (res://addons/gdUnit4/src/core/execution/GdUnitExecutionContext.gd:128)

	   [4] scan (res://addons/gdUnit4/src/monitor/GodotGdErrorMonitor.gd:48)

SCRIPT ERROR: Invalid call. Nonexistent function 'is_interupted' in base 'previously freed'.

   at: GdUnitTestSuiteExecutionStage._execute (res://addons/gdUnit4/src/core/execution/stages/GdUnitTestSuiteExecutionStage.gd:35)

   GDScript backtrace (most recent call first):

	   [0] _execute (res://addons/gdUnit4/src/core/execution/stages/GdUnitTestSuiteExecutionStage.gd:35)

	   [1] execute (res://addons/gdUnit4/src/core/execution/stages/IGdUnitExecutionStage.gd:19)

	   [2] _execute (res://addons/gdUnit4/src/core/execution/stages/GdUnitTestCaseExecutionStage.gd:30)

	   [3] error_monitor_stop (res://addons/gdUnit4/src/core/execution/GdUnitExecutionContext.gd:130)

	   [4] scan (res://addons/gdUnit4/src/monitor/GodotGdErrorMonitor.gd:48)

SCRIPT ERROR: Invalid type in function 'maybe_run_turn' in base 'RefCounted (AutoBattleService)'. The Object-derived class of argument 1 (previously freed) is not a subclass of the expected argument class.

   at: AutoBattleService._try_select_alternate_unit (res://Gameplay/turn/auto_battle_service.gd:176)

   GDScript backtrace (most recent call first):

	   [0] _try_select_alternate_unit (res://Gameplay/turn/auto_battle_service.gd:176)

	   [1] _process_auto_turn (res://Gameplay/turn/auto_battle_service.gd:138)

SCRIPT ERROR: Out of bounds get index '0' (on base: 'Array[Unit]')

   at: test_auto_battle_switches_to_other_unit_when_one_is_stuck (res://tests/test_turn_controller.gd:201)

   GDScript backtrace (most recent call first):

	   [0] test_auto_battle_switches_to_other_unit_when_one_is_stuck (res://tests/test_turn_controller.gd:201)

ERROR: Parameter "data.tree" is null.

   at: get_tree (scene/main/node.h:549)

   GDScript backtrace (most recent call first):

	   [0] set_enabled (res://Gameplay/turn/auto_battle_service.gd:68)

	   [1] set_player_auto_battle_enabled (res://Gameplay/turn/turn_controller.gd:285)

	   [2] test_restore_memento_rehydrates_auto_battle_state (res://tests/test_turn_controller.gd:274)

	   [3] _execute_test_case (res://addons/gdUnit4/src/core/_TestCase.gd:93)

	   [4] execute (res://addons/gdUnit4/src/core/_TestCase.gd:38)

	   [5] _execute (res://addons/gdUnit4/src/core/execution/stages/single/GdUnitTestCaseSingleTestStage.gd:10)

	   [6] execute (res://addons/gdUnit4/src/core/execution/stages/IGdUnitExecutionStage.gd:19)

	   [7] _execute (res://addons/gdUnit4/src/core/execution/stages/single/GdUnitTestCaseSingleExecutionStage.gd:17)

	   [8] execute (res://addons/gdUnit4/src/core/execution/stages/IGdUnitExecutionStage.gd:19)

	   [9] _execute (res://addons/gdUnit4/src/core/execution/stages/GdUnitTestCaseExecutionStage.gd:24)

	   [10] execute (res://addons/gdUnit4/src/core/execution/stages/IGdUnitExecutionStage.gd:19)

	   [11] _execute (res://addons/gdUnit4/src/core/execution/stages/GdUnitTestSuiteExecutionStage.gd:31)

	   [12] execute (res://addons/gdUnit4/src/core/execution/stages/IGdUnitExecutionStage.gd:19)

	   [13] _execute (res://addons/gdUnit4/src/core/execution/stages/GdUnitTestCaseExecutionStage.gd:31)

	   [14] error_monitor_stop (res://addons/gdUnit4/src/core/execution/GdUnitExecutionContext.gd:128)

	   [15] scan (res://addons/gdUnit4/src/monitor/GodotGdErrorMonitor.gd:48)

ERROR: Parameter "data.tree" is null.

   at: get_tree (scene/main/node.h:549)

   GDScript backtrace (most recent call first):

	   [0] set_enabled (res://Gameplay/turn/auto_battle_service.gd:68)

	   [1] restore_from_memento (res://Gameplay/turn/turn_controller.gd:335)

	   [2] test_restore_memento_rehydrates_auto_battle_state (res://tests/test_turn_controller.gd:284)

	   [3] _execute_test_case (res://addons/gdUnit4/src/core/_TestCase.gd:93)

	   [4] execute (res://addons/gdUnit4/src/core/_TestCase.gd:38)

	   [5] _execute (res://addons/gdUnit4/src/core/execution/stages/single/GdUnitTestCaseSingleTestStage.gd:10)

	   [6] execute (res://addons/gdUnit4/src/core/execution/stages/IGdUnitExecutionStage.gd:19)

	   [7] _execute (res://addons/gdUnit4/src/core/execution/stages/single/GdUnitTestCaseSingleExecutionStage.gd:17)

	   [8] execute (res://addons/gdUnit4/src/core/execution/stages/IGdUnitExecutionStage.gd:19)

	   [9] _execute (res://addons/gdUnit4/src/core/execution/stages/GdUnitTestCaseExecutionStage.gd:24)

	   [10] execute (res://addons/gdUnit4/src/core/execution/stages/IGdUnitExecutionStage.gd:19)

	   [11] _execute (res://addons/gdUnit4/src/core/execution/stages/GdUnitTestSuiteExecutionStage.gd:31)

	   [12] execute (res://addons/gdUnit4/src/core/execution/stages/IGdUnitExecutionStage.gd:19)

	   [13] _execute (res://addons/gdUnit4/src/core/execution/stages/GdUnitTestCaseExecutionStage.gd:31)

	   [14] error_monitor_stop (res://addons/gdUnit4/src/core/execution/GdUnitExecutionContext.gd:128)

	   [15] scan (res://addons/gdUnit4/src/monitor/GodotGdErrorMonitor.gd:48)

SCRIPT ERROR: Invalid call. Nonexistent function 'id' in base 'Nil'.

   at: GdUnitTestCaseSingleExecutionStage._execute (res://addons/gdUnit4/src/core/execution/stages/single/GdUnitTestCaseSingleExecutionStage.gd:28)

   GDScript backtrace (most recent call first):

	   [0] _execute (res://addons/gdUnit4/src/core/execution/stages/single/GdUnitTestCaseSingleExecutionStage.gd:28)

	   [1] execute (res://addons/gdUnit4/src/core/execution/stages/IGdUnitExecutionStage.gd:19)

	   [2] _execute (res://addons/gdUnit4/src/core/execution/stages/GdUnitTestCaseAfterStage.gd:22)

	   [3] error_monitor_stop (res://addons/gdUnit4/src/core/execution/GdUnitExecutionContext.gd:128)

	   [4] scan (res://addons/gdUnit4/src/monitor/GodotGdErrorMonitor.gd:48)

SCRIPT ERROR: Invalid call. Nonexistent function 'is_interupted' in base 'previously freed'.

   at: GdUnitTestSuiteExecutionStage._execute (res://addons/gdUnit4/src/core/execution/stages/GdUnitTestSuiteExecutionStage.gd:35)

   GDScript backtrace (most recent call first):

	   [0] _execute (res://addons/gdUnit4/src/core/execution/stages/GdUnitTestSuiteExecutionStage.gd:35)

	   [1] execute (res://addons/gdUnit4/src/core/execution/stages/IGdUnitExecutionStage.gd:19)

	   [2] _execute (res://addons/gdUnit4/src/core/execution/stages/GdUnitTestCaseExecutionStage.gd:30)

	   [3] error_monitor_stop (res://addons/gdUnit4/src/core/execution/GdUnitExecutionContext.gd:130)

	   [4] scan (res://addons/gdUnit4/src/monitor/GodotGdErrorMonitor.gd:48)

SCRIPT ERROR: Invalid call. Nonexistent function 'move_unit' in base 'Node (UnitManager)'.

   at: test_get_coord_by_unit (res://tests/test_unit_manager_spatial.gd:24)

   GDScript backtrace (most recent call first):

	   [0] test_get_coord_by_unit (res://tests/test_unit_manager_spatial.gd:24)

	   [1] _execute_test_case (res://addons/gdUnit4/src/core/_TestCase.gd:93)

	   [2] execute (res://addons/gdUnit4/src/core/_TestCase.gd:38)

	   [3] _execute (res://addons/gdUnit4/src/core/execution/stages/single/GdUnitTestCaseSingleTestStage.gd:10)

	   [4] execute (res://addons/gdUnit4/src/core/execution/stages/IGdUnitExecutionStage.gd:19)

	   [5] _execute (res://addons/gdUnit4/src/core/execution/stages/single/GdUnitTestCaseSingleExecutionStage.gd:17)

	   [6] execute (res://addons/gdUnit4/src/core/execution/stages/IGdUnitExecutionStage.gd:19)

	   [7] _execute (res://addons/gdUnit4/src/core/execution/stages/GdUnitTestCaseExecutionStage.gd:24)

	   [8] execute (res://addons/gdUnit4/src/core/execution/stages/IGdUnitExecutionStage.gd:19)

	   [9] _execute (res://addons/gdUnit4/src/core/execution/stages/GdUnitTestSuiteExecutionStage.gd:31)

	   [10] execute (res://addons/gdUnit4/src/core/execution/stages/IGdUnitExecutionStage.gd:19)

	   [11] execute (res://addons/gdUnit4/src/core/execution/GdUnitTestSuiteExecutor.gd:23)

SCRIPT ERROR: Invalid call. Nonexistent function 'id' in base 'Nil'.

   at: GdUnitTestCaseSingleExecutionStage._execute (res://addons/gdUnit4/src/core/execution/stages/single/GdUnitTestCaseSingleExecutionStage.gd:28)

   GDScript backtrace (most recent call first):

	   [0] _execute (res://addons/gdUnit4/src/core/execution/stages/single/GdUnitTestCaseSingleExecutionStage.gd:28)

	   [1] execute (res://addons/gdUnit4/src/core/execution/stages/IGdUnitExecutionStage.gd:19)

	   [2] _execute (res://addons/gdUnit4/src/core/execution/stages/GdUnitTestCaseAfterStage.gd:22)

	   [3] error_monitor_stop (res://addons/gdUnit4/src/core/execution/GdUnitExecutionContext.gd:128)

	   [4] scan (res://addons/gdUnit4/src/monitor/GodotGdErrorMonitor.gd:48)

SCRIPT ERROR: Invalid call. Nonexistent function 'is_interupted' in base 'previously freed'.

   at: GdUnitTestSuiteExecutionStage._execute (res://addons/gdUnit4/src/core/execution/stages/GdUnitTestSuiteExecutionStage.gd:35)

   GDScript backtrace (most recent call first):

	   [0] _execute (res://addons/gdUnit4/src/core/execution/stages/GdUnitTestSuiteExecutionStage.gd:35)

	   [1] execute (res://addons/gdUnit4/src/core/execution/stages/IGdUnitExecutionStage.gd:19)

	   [2] _execute (res://addons/gdUnit4/src/core/execution/stages/GdUnitTestCaseExecutionStage.gd:30)

	   [3] error_monitor_stop (res://addons/gdUnit4/src/core/execution/GdUnitExecutionContext.gd:130)

	   [4] scan (res://addons/gdUnit4/src/monitor/GodotGdErrorMonitor.gd:48)

SCRIPT ERROR: Invalid call. Nonexistent function 'get_value' in base 'previously freed'.

   at: is_hard_mode (res://Autoloads/weather_manager.gd:28)

   GDScript backtrace (most recent call first):

	   [0] is_hard_mode (res://Autoloads/weather_manager.gd:28)

	   [1] test_is_hard_mode_without_game_config (res://tests/test_weather_manager.gd:22)

	   [2] _execute_test_case (res://addons/gdUnit4/src/core/_TestCase.gd:93)

	   [3] execute (res://addons/gdUnit4/src/core/_TestCase.gd:38)

	   [4] _execute (res://addons/gdUnit4/src/core/execution/stages/single/GdUnitTestCaseSingleTestStage.gd:10)

	   [5] execute (res://addons/gdUnit4/src/core/execution/stages/IGdUnitExecutionStage.gd:19)

	   [6] _execute (res://addons/gdUnit4/src/core/execution/stages/single/GdUnitTestCaseSingleExecutionStage.gd:17)

	   [7] execute (res://addons/gdUnit4/src/core/execution/stages/IGdUnitExecutionStage.gd:19)

	   [8] _execute (res://addons/gdUnit4/src/core/execution/stages/GdUnitTestCaseExecutionStage.gd:24)

	   [9] execute (res://addons/gdUnit4/src/core/execution/stages/IGdUnitExecutionStage.gd:19)

	   [10] _execute (res://addons/gdUnit4/src/core/execution/stages/GdUnitTestSuiteExecutionStage.gd:31)

	   [11] execute (res://addons/gdUnit4/src/core/execution/stages/IGdUnitExecutionStage.gd:19)

	   [12] execute (res://addons/gdUnit4/src/core/execution/GdUnitTestSuiteExecutor.gd:23)

SCRIPT ERROR: Invalid call. Nonexistent function 'id' in base 'Nil'.

   at: GdUnitTestCaseSingleExecutionStage._execute (res://addons/gdUnit4/src/core/execution/stages/single/GdUnitTestCaseSingleExecutionStage.gd:28)

   GDScript backtrace (most recent call first):

	   [0] _execute (res://addons/gdUnit4/src/core/execution/stages/single/GdUnitTestCaseSingleExecutionStage.gd:28)

	   [1] execute (res://addons/gdUnit4/src/core/execution/stages/IGdUnitExecutionStage.gd:19)

	   [2] _execute (res://addons/gdUnit4/src/core/execution/stages/GdUnitTestCaseAfterStage.gd:22)

	   [3] error_monitor_stop (res://addons/gdUnit4/src/core/execution/GdUnitExecutionContext.gd:130)

	   [4] scan (res://addons/gdUnit4/src/monitor/GodotGdErrorMonitor.gd:48)

SCRIPT ERROR: Invalid call. Nonexistent function 'is_interupted' in base 'previously freed'.

   at: GdUnitTestSuiteExecutionStage._execute (res://addons/gdUnit4/src/core/execution/stages/GdUnitTestSuiteExecutionStage.gd:35)

   GDScript backtrace (most recent call first):

	   [0] _execute (res://addons/gdUnit4/src/core/execution/stages/GdUnitTestSuiteExecutionStage.gd:35)

	   [1] execute (res://addons/gdUnit4/src/core/execution/stages/IGdUnitExecutionStage.gd:19)

	   [2] _execute (res://addons/gdUnit4/src/core/execution/stages/GdUnitTestCaseExecutionStage.gd:30)

	   [3] error_monitor_stop (res://addons/gdUnit4/src/core/execution/GdUnitExecutionContext.gd:130)

	   [4] scan (res://addons/gdUnit4/src/monitor/GodotGdErrorMonitor.gd:48)

SCRIPT ERROR: Invalid call. Nonexistent function 'get_value' in base 'previously freed'.

   at: is_hard_mode (res://Autoloads/weather_manager.gd:28)

   GDScript backtrace (most recent call first):

	   [0] is_hard_mode (res://Autoloads/weather_manager.gd:28)

	   [1] get_weather_info (res://Autoloads/weather_manager.gd:218)

	   [2] apply_weather_effects (res://Autoloads/weather_manager.gd:260)

	   [3] restore_from_memento (res://Autoloads/weather_manager.gd:147)

	   [4] test_weather_checkpoint_restores_pressures_and_channeling (res://tests/test_weather_manager_checkpoint.gd:26)

	   [5] _execute_test_case (res://addons/gdUnit4/src/core/_TestCase.gd:93)

	   [6] execute (res://addons/gdUnit4/src/core/_TestCase.gd:38)

	   [7] _execute (res://addons/gdUnit4/src/core/execution/stages/single/GdUnitTestCaseSingleTestStage.gd:10)

	   [8] execute (res://addons/gdUnit4/src/core/execution/stages/IGdUnitExecutionStage.gd:19)

	   [9] _execute (res://addons/gdUnit4/src/core/execution/stages/single/GdUnitTestCaseSingleExecutionStage.gd:17)

	   [10] execute (res://addons/gdUnit4/src/core/execution/stages/IGdUnitExecutionStage.gd:19)

	   [11] _execute (res://addons/gdUnit4/src/core/execution/stages/GdUnitTestCaseExecutionStage.gd:24)

	   [12] execute (res://addons/gdUnit4/src/core/execution/stages/IGdUnitExecutionStage.gd:19)

	   [13] _execute (res://addons/gdUnit4/src/core/execution/stages/GdUnitTestSuiteExecutionStage.gd:31)

	   [14] execute (res://addons/gdUnit4/src/core/execution/stages/IGdUnitExecutionStage.gd:19)

	   [15] execute (res://addons/gdUnit4/src/core/execution/GdUnitTestSuiteExecutor.gd:23)

SCRIPT ERROR: Invalid call. Nonexistent function 'get_value' in base 'previously freed'.

   at: is_hard_mode (res://Autoloads/weather_manager.gd:28)

   GDScript backtrace (most recent call first):

	   [0] is_hard_mode (res://Autoloads/weather_manager.gd:28)

	   [1] get_weather_info (res://Autoloads/weather_manager.gd:218)

	   [2] get_current_weather_attribute (res://Autoloads/weather_manager.gd:271)

	   [3] apply_weather_effects (res://Autoloads/weather_manager.gd:263)

	   [4] restore_from_memento (res://Autoloads/weather_manager.gd:147)

	   [5] test_weather_checkpoint_restores_pressures_and_channeling (res://tests/test_weather_manager_checkpoint.gd:26)

	   [6] _execute_test_case (res://addons/gdUnit4/src/core/_TestCase.gd:93)

	   [7] execute (res://addons/gdUnit4/src/core/_TestCase.gd:38)

	   [8] _execute (res://addons/gdUnit4/src/core/execution/stages/single/GdUnitTestCaseSingleTestStage.gd:10)

	   [9] execute (res://addons/gdUnit4/src/core/execution/stages/IGdUnitExecutionStage.gd:19)

	   [10] _execute (res://addons/gdUnit4/src/core/execution/stages/single/GdUnitTestCaseSingleExecutionStage.gd:17)

	   [11] execute (res://addons/gdUnit4/src/core/execution/stages/IGdUnitExecutionStage.gd:19)

	   [12] _execute (res://addons/gdUnit4/src/core/execution/stages/GdUnitTestCaseExecutionStage.gd:24)

	   [13] execute (res://addons/gdUnit4/src/core/execution/stages/IGdUnitExecutionStage.gd:19)

	   [14] _execute (res://addons/gdUnit4/src/core/execution/stages/GdUnitTestSuiteExecutionStage.gd:31)

	   [15] execute (res://addons/gdUnit4/src/core/execution/stages/IGdUnitExecutionStage.gd:19)

	   [16] execute (res://addons/gdUnit4/src/core/execution/GdUnitTestSuiteExecutor.gd:23)

WARNING: 3 RIDs of type "Canvas" were leaked.

   at: _free_rids (servers/rendering/renderer_canvas_cull.cpp:2692)

WARNING: 1145 RIDs of type "CanvasItem" were leaked.

   at: _free_rids (servers/rendering/renderer_canvas_cull.cpp:2692)

ERROR: 10 RID allocations of type 'PN13RendererDummy14TextureStorage12DummyTextureE' were leaked at exit.

ERROR: 68 RID allocations of type 'PN18TextServerAdvanced22ShapedTextDataAdvancedE' were leaked at exit.

ERROR: 1 RID allocations of type 'PN18TextServerAdvanced12FontAdvancedE' were leaked at exit.

WARNING: ObjectDB instances leaked at exit (run with --verbose for details).

   at: cleanup (core/object/object.cpp:2641)

ERROR: 168 resources still in use at exit (run with --verbose for details).

   at: clear (core/io/resource.cpp:810)


? TESTS FAILED: 136 failures, 0 errors
Report: C:\Users\grant\Documents\github\hex\reports\report_1646

Failing tests:
  - test_roster_equipment_persistence
  - test_unit_move_request_emits_target_position
  - test_warning_flash_uses_style_metadata
  - test_feedback_float_uses_offset_and_fade
  - test_property_animation_invokes_callback
  - test_click_to_move_single_hex
  - test_click_to_move_multi_hex_path
  - test_game_command_context_get_field_returns_tilemap
  - test_game_command_context_get_selected_unit_index_returns_int
  - test_connectivity_failure_with_ring
  - test_append_dialogue_actions_adds_talk_entry
  - test_start_dialogue_consumes_action_and_sets_flag
  - test_trigger_group_marks_all_seen
  - test_leader_placeholder_matches_active_leader
  - test_partner_initiation_allows_reverse_start
  - test_dialogue_action_trigger_at_coord
  - test_is_trigger_available
  - test_collect_partner_and_initiator_indices
  - test_build_dialogue_action
  - test_validate_paths_checks_directory_paths
  - test_primary_action_moves_unit
  - test_gameplay_scene_builds_locations
  - test_interact_location_triggers_task_manager
  - test_gameplay_set_unit_controlled_by_player_updates_unit_manager_and_roster
  - test_game_session_handle_pause_state_changed
  - test_game_session_disable_gameplay
  - test_grid_tile_size_is_96x96
  - test_grid_visuals_methods
  - test_action_panel_focus_first_button
  - test_action_panel_update_actions_missing_unit
  - test_combat_preview_panel_show_forecast
  - test_journal_ui_find_item
  - test_task_list_item
  - test_lists_panels_empty
  - test_morale_panel_update_morale_display
  - test_sort_skits_does_not_mutate_original_array
  - test_weather_panel_update_compass
  - test_hud_hover_service_process_hover
  - test_hud_controller_handle_actions_updated
  - test_hud_on_command_executed_emits_refresh_on_success
  - test_set_auto_battle_state_updates_button_and_panel
  - test_auto_battle_button_emits_toggle_signal
  - test_hud_signal_connector_connect_all
  - test_safe_zone_mode_hides_combat_panels
  - test_safe_zone_mode_restores_panels_when_disabled
  - test_calculate_faction_turn_counts
  - test_command_success_helper_detects_status
  - test_run_input_command_returns_null_without_controller
  - test_resolve_tentative_move_confirms_command
  - test_execute_attack_and_support_commands_route_payloads
  - test_execute_loot_skill_and_talk_commands
  - test_dialogue_action_mirrors_primary_bindings
  - test_move_action_command_requests_mapped_direction_tentative
  - test_selection_cycle_command_cycles_units_even_when_turn_locked
  - test_wait_command_respects_location_and_turn_state
  - test_wait_command_blocks_actions_and_updates_ui
  - test_execute_command_skips_lock_for_cancel_move
  - test_execute_command_locks_after_confirm_move
  - test_undo_emits_when_auto_battle_unlocked
  - test_duplicate_instance_preserves_values_without_regenerating_uuid
  - test_unlock_coupled_entry_creates_and_unlocks
  - test_apply_moves_location_from_impassable_tile
  - test_apply_relocates_overlapping_player_start
  - test_build_context_exposes_helpers
  - test_repair_locations_updates_report
  - test_repair_player_starts_handles_overlap
  - test_repair_neutral_starts_updates_entries
  - test_apply_respects_enemy_spawns_from_start_rows
  - test_repair_task_metadata_handles_missing_params
  - test_spawn_player_units_exhausts_roster
  - test_spawn_unit_resets_player_willpower_to_max
  - test_spawn_unit_does_not_change_enemy_willpower
  - test_logs_when_location_on_impassable_tile
  - test_build_resets_loot_manager_before_spawning
  - test_hometown_neutral_roster_skips_by_unit_name
  - test_should_skip_neutral_spawn_by_hometown_coord
  - test_hometown_spawns_player_leader_unit
  - test_build_environment
  - test_handle_selected_unit_move_emits_once_exit
  - test_handle_selected_unit_move_ignores_non_hometown_or_coord
  - test_apply_hometown_rules_toggle_free_roam_for_player_unit
  - test_apply_rows_populates_spawns_and_entries
  - test_get_text_returns_spanish_value
  - test_get_text_handles_region_variants
  - test_enemy_fallback_translates
  - test_location_action_provider_append_location_action
  - test_location_service_explore_location
  - test_location_service_visit_location
  - test_location_service_get_all_locations_data
  - test_checkpoint_manager_history_and_redo
  - test_map_controller_build_grid
  - test_task_stage_spawner_methods
  - test_morale_panel_initial_state
  - test_morale_panel_updates_on_willpower_change
  - test_morale_panel_player_retreat_trigger
  - test_morale_panel_enemy_retreat_trigger
  - test_morale_panel_neutral_ratio_and_signal
  - test_level_manager_gameplay_handles_player_retreat
  - test_level_manager_gameplay_handles_enemy_retreat
  - test_level_manager_gameplay_handles_neutral_retreat
  - test_level_manager_gameplay_handles_location_failure_signal
  - test_compute_limits_by_cost
  - test_find_path_prefers_non_threatened_hexes
  - test_find_path_avoids_blocked_hexes
  - test_cancel_tentative_move_for_index_clears_pending_move
  - test_validate_direction_move_accepts_open_hex
  - test_validate_coordinate_move_includes_path_cost
  - test_execute_move_consumes_points_and_updates_behavior
  - test_finalize_tentative_move_commits_unit
  - test_evaluate_post_move_flags_completion_without_actions
  - test_threat_warning_service_detects_threat
  - test_threat_warning_service_acknowledge_and_reset
  - test_neutral_persuasion_changes_loyalty
  - test_rally_spreads_loyalty_to_targets
  - test_quit_request_disables_gameplay_processing
  - test_get_units_returns_array
  - test_update_roster_empty
  - test_update_roster_with_units
  - test_update_roster_multiple_units
  - test_update_roster_handles_null_units
  - test_set_remaining_location_titles_tracks_value
  - test_unit_death_handler_drops_quest_item_on_hard_difficulty
  - test_task_round_changed_attribution
  - test_entry_to_scene_restores_memento
  - test_execute_invokes_service_with_payload
  - test_get_grid_location_no_grid
  - test_target_is_pixel_inside_with_sprite
  - test_loot_manager_remove_loot_cleans_up_loot
  - test_target_returns_external_grid_coord
  - test_distance_to_target_uses_external_coords
  - test_location_interaction_respects_external_coord
  - test_task_controller_finish_setup
  - test_task_controller_bootstrap_and_activate
  - test_task_controller_on_task_completed
  - test_task_controller_is_narrative_blocking
  - test_task_dialogue_handler_queue_task_dialogues
  - test_task_dialogue_handler_get_queue_contents
  - test_target_filters_match_multiple_event_types
  - test_register_loot_does_not_double_connect_signal
  - test_final_visit_interaction
  - test_final_convince_interaction
  - test_task_manager_prepare_objective
  - test_task_manager_debug_complete
  - test_task_controller_receives_round_changed
  - test_handle_event_pickup_type
  - test_load_from_rows_defaults_unknown_codes_to_grass
  - test_out_of_bounds_returns_null_terrain
  - test_get_neighbors_respects_offset_axis
  - test_apply_to_unit_enforces_effects
  - test_get_current_unit_index
  - test_get_round
  - test_player_auto_control_lock_clears_after_ai_turn
  - test_auto_battle_switches_to_other_unit_when_one_is_stuck
  - test_auto_battle_disables_after_exhausting_all_units
  - test_rebuild_turn_roster_handles_player_only_units
  - test_rebuild_turn_roster_handles_player_and_neutral_only
  - test_player_turn_starts_first_round
  - test_turn_queue_alternates_player_and_enemy
  - test_enemy_turn_calculation
  - test_get_current_round_with_controller
  - test_get_current_unit_index_with_controller
  - test_get_current_side_without_controller
  - test_inventory_component_applies_item_modifiers
  - test_remove_unit
  - test_get_selected_unit
  - test_get_unit_index_by_iterating
  - test_remove_unit_adjusts_selection
  - test_remove_unit_from_middle
  - test_get_unit_index
  - test_unit_manager_get_selected_sprite
  - test_unit_manager_set_coord
  - test_get_coord_by_unit
  - test_add_unit_emits_spawn_signal
  - test_movement_range_cache_invalidates_on_changes
  - test_set_free_roam_mode_prevents_action_and_move_consumption
  - test_weather_checkpoint_restores_pressures_and_channeling
Deleting 1 old report folder(s), keeping latest 10.
Deleted: C:\Users\grant\Documents\github\hex\reports\report_1636
